SHEETS: ['Description', 'TowerGeo', 'Flange', 'Door', '线缆孔尺寸', '顶法兰']

===== SHEET: TowerGeo  dims: A1:N288  max_row: 288  max_col: 14
r  1: 段数 | 标高(下）(m) | dbottom（mm）
外径 | 标高(上)(m) | dtop（mm）
外径 | 壁厚(mm) | 疲劳Detail category
标高(下)焊缝对应值 |  |  |  |  |  | 认证参考板材等级 | 
r  2: 1 | 0.65 | 5013 | 0.8400000000000001 | 5013 | 63 |  |  |  |  |  |  |  | 
r  3: 2 | 0.8400000000000001 | 5013 | 3.52 | 5013 | 63 |  |  |  |  |  |  | Q355C | 
r  4: 3 | 3.52 | 5013 | 6.32 | 5013 | 63 |  |  |  |  |  |  | Q355C | 
r  5: 4 | 6.32 | 5003 | 8.56 | 5003 | 53 |  |  |  |  |  |  | Q355C | 
r  6: 5 | 8.56 | 4998 | 10.61 | 4998 | 48 |  |  |  |  |  |  | Q355C | 
r  7: 6 | 10.61 | 4995 | 12.79 | 4995 | 45 |  |  |  |  |  |  | Q355C | 
r  8: 7 | 12.79 | 4990 | 14.675 | 4990 | 40 |  |  |  |  |  |  | Q355C | 
r  9: 8 | 14.675 | 4990 | 14.89 | 4990 | 40 |  |  |  |  |  |  |  | 
r 10: 9 | 14.89 | 4990 | 15.105 | 4990 | 40 |  |  |  |  |  |  |  | 
r 11: 10 | 15.105 | 4990 | 17.69 | 4990 | 40 |  |  |  |  |  |  | Q355C | 
r 12: 11 | 17.69 | 4990 | 20.49 | 4990 | 40 |  |  |  |  |  |  | Q355C | 
r 13: 12 | 20.49 | 4990 | 23.29 | 4990 | 40 |  |  |  |  |  |  | Q355C | 
r 14: 13 | 23.29 | 4990 | 26.09 | 4990 | 40 |  |  |  |  |  |  | Q355C | 
r 15: 14 | 26.09 | 4990 | 28.89 | 4990 | 40 |  |  |  |  |  |  | Q355C | 
r 16: 15 | 28.89 | 4986 | 31.57 | 4986 | 36 |  |  |  |  |  |  | Q355C | 
r 17: 16 | 31.57 | 4982 | 33.195 | 4982 | 32 |  |  |  |  |  |  | Q355C | 
r 18: 17 | 33.195 | 4982 | 33.37 | 4982 | 32 |  |  |  |  |  |  |  | 
r 19: 18 | 33.37 | 4982 | 33.54499999999999 | 4982 | 32 |  |  |  |  |  |  |  | 
r 20: 19 | 33.54499999999999 | 4982 | 36.17000000000002 | 4982 | 32 |  |  |  |  |  |  | Q355C | 
r 21: 20 | 36.17000000000002 | 4982 | 38.97000000000002 | 4982 | 32 |  |  |  |  |  |  | Q355C | 
r 22: 21 | 38.97000000000002 | 4982 | 41.77000000000001 | 4982 | 32 |  |  |  |  |  |  | Q355C | 
r 23: 22 | 41.77000000000001 | 4980 | 44.57 | 4980 | 30 |  |  |  |  |  |  | Q355C | 
r 24: 23 | 44.57 | 4976 | 47.37 | 4976 | 26 |  |  |  |  |  |  | Q355C | 
r 25: 24 | 47.37 | 4974.3 | 50.16999999999999 | 4974.3 | 24.3 |  |  |  |  |  |  | Q355C | 
r 26: 27 | 50.16999999999999 | 4973.6 | 52.825 | 4973.6 | 23.6 |  |  |  |  |  |  | Q355C | 
r 27: 28 | 52.825 | 4973 | 52.96999999999998 | 4973 | 23 |  |  |  |  |  |  |  | 
r 28: 29 | 52.96999999999998 | 4973 | 53.115 | 4973 | 23 |  |  |  |  |  |  |  | 
r 29: 30 | 53.115 | 4973 | 55.76999999999998 | 4973 | 23 |  |  |  |  |  |  | Q355C | 
r 30: 31 | 55.76999999999998 | 4972 | 58.56999999999998 | 4972 | 22 |  |  |  |  |  |  | Q355C | 
r 31: 32 | 58.56999999999998 | 4971.6 | 61.36999999999997 | 4971.6 | 21.6 |  |  |  |  |  |  | Q355C | 
r 32: 33 | 61.36999999999997 | 4971 | 64.16999999999997 | 4971 | 21 |  |  |  |  |  |  | Q355C | 
r 33: 34 | 64.16999999999997 | 4971 | 66.96999999999997 | 4971 | 21 |  |  |  |  |  |  | Q355C | 
r 34: 35 | 66.96999999999997 | 4970.6 | 69.76999999999997 | 4970.6 | 20.6 |  |  |  |  |  |  | Q355C | 
r 35: 36 | 69.76999999999997 | 4970 | 72.56999999999996 | 4970 | 20 |  |  |  |  |  |  | Q355C | 
r 36: 37 | 72.56999999999996 | 4969.299999999999 | 75.36999999999996 | 4969.299999999999 | 19.3 |  |  |  |  |  |  | Q355C | 
r 37: 38 | 75.36999999999996 | 4968.6 | 77.77 | 4968.6 | 18.6 |  |  |  |  |  |  | Q355C | 
r 38: 39 | 77.77 | 4968.6 | 77.88999999999996 | 4968.6 | 18.6 |  |  |  |  |  |  |  | 
r 39: 40 | 77.88999999999996 | 4968.6 | 78.01 | 4968.6 | 18.6 |  |  |  |  |  |  |  | 
r 40: 41 | 78.01 | 4968.6 | 80.68999999999997 | 4913.700000000001 | 18.6 |  |  |  |  |  |  | Q355C | 
r 41: 42 | 80.68999999999997 | 4913.1 | 83.48999999999997 | 4855.8 | 18 |  |  |  |  |  |  | Q355C | 
r 42: 43 | 83.48999999999997 | 4855.400000000001 | 86.28999999999996 | 4798 | 17.6 |  |  |  |  |  |  | Q355C | 
r 43: 44 | 86.28999999999996 | 4798 | 89.08999999999996 | 4740.599999999999 | 17.6 |  |  |  |  |  |  | Q355C | 
r 44: 45 | 89.08999999999996 | 4740 | 91.88999999999996 | 4682.7 | 17 |  |  |  |  |  |  | Q355C | 
r 45: 46 | 91.88999999999996 | 4682.299999999999 | 94.68999999999996 | 4624.900000000001 | 16.6 |  |  |  |  |  |  | Q355C | 
r 46: 47 | 94.68999999999996 | 4624.3 | 97.48999999999995 | 4567 | 16 |  |  |  |  |  |  | Q355C | 
r 47: 48 | 97.48999999999995 | 4566.6 | 100.2899999999999 | 4509.2 | 15.6 |  |  |  |  |  |  | Q355C | 
r 48: 49 | 100.2899999999999 | 4508.9 | 102.42 | 4465.3 | 15.3 |  |  |  |  |  |  | Q355C | 
r 49: 50 | 102.42 | 4465.3 | 102.53 | 4465.3 | 15.3 |  |  |  |  |  |  |  | 
r 50: 51 | 102.53 | 4465.3 | 102.64 | 4465.3 | 15.3 |  |  |  |  |  |  |  | 
r 51: 52 | 102.64 | 4465 | 105.23 | 4398.5 | 15 |  |  |  |  |  |  | Q355C | 
r 52: 53 | 105.23 | 4398.5 | 107.9 | 4330 | 15 |  |  |  |  |  |  | Q355C | 
r 53: 54 | 107.9 | 4330 | 110.57 | 4261.499999999999 | 15 |  |  |  |  |  |  | Q355C | 
r 54: 55 | 110.57 | 4261.499999999999 | 113.24 | 4192.999999999999 | 15 |  |  |  |  |  |  | Q355C | 
r 55: 56 | 113.24 | 4192.599999999999 | 115.81 | 4126.7 | 14.6 |  |  |  |  |  |  | Q355C | 
r 56: 57 | 115.81 | 4126.099999999999 | 118.17 | 4065.5 | 14 |  |  |  |  |  |  | Q355C | 
r 57: 58 | 118.17 | 4065.5 | 120.87 | 3996.2000000000003 | 14 |  |  |  |  |  |  | Q355C | 
r 58: 59 | 120.87 | 3996.2000000000003 | 123.57 | 3927 | 14 |  |  |  |  |  |  | Q355C | 
r 59: 60 | 123.57 | 3928 | 126.265 | 3858.8 | 15 |  |  |  |  |  |  | Q355C | 
r 60: 61 | 126.265 | 3881.8 | 127.115 | 3860 | 38 |  |  |  |  |  |  | Q355C | 
r 61: 62 | 127.115 | 3860 | 127.23 | 3860 | 38 |  |  |  |  |  |  |  | 
r 62: 63 | 127.23 | 3860 | 127.53 | 3860 | 38 |  |  |  |  |  |  |  | 
r 63:  |  |  |  |  |  |  |  |  |  |  |  |  | 
r 64:  |  |  |  |  |  |  |  |  |  |  |  |  | 
r 65:  |  |  |  |  |  |  |  |  |  |  |  |  | 
r 66:  |  |  |  |  |  |  |  |  |  |  |  |  | 
r 67:  |  |  |  |  |  |  |  |  |  |  |  |  | 
r 68:  |  |  |  |  |  |  |  |  |  |  |  |  | 
r 69:  |  |  |  |  |  |  |  |  |  |  |  |  | 
r 70:  |  |  |  |  |  |  |  |  |  |  |  |  | 
r 71:  |  |  |  |  |  |  |  |  |  |  |  |  | 
r 72:  |  |  |  |  |  |  |  |  |  |  |  |  | 
r 73:  |  |  |  |  |  |  |  |  |  |  |  |  | 
r 74:  |  |  |  |  |  |  |  |  |  |  |  |  | 
r 75:  |  |  |  |  |  |  |  |  |  |  |  |  | 
r 76:  |  |  |  |  |  |  |  |  |  |  |  |  | 
r 77:  |  |  |  |  |  |  |  |  |  |  |  |  | 
r 78:  |  |  |  |  |  |  |  |  |  |  |  |  | 
r 79:  |  |  |  |  |  |  |  |  |  |  |  |  | 
r 80:  |  |  |  |  |  |  |  |  |  |  |  |  | 
r 81:  |  |  |  |  |  |  |  |  |  |  |  |  | 
r 82:  |  |  |  |  |  |  |  |  |  |  |  |  | 
r 83:  |  |  |  |  |  |  |  |  |  |  |  |  | 
r 84:  |  |  |  |  |  |  |  |  |  |  |  |  | 
r 85:  |  |  |  |  |  |  |  |  |  |  |  |  | 
r 86:  |  |  |  |  |  |  |  |  |  |  |  |  | 
r 87:  |  |  |  |  |  |  |  |  |  |  |  |  | 
r 88:  |  |  |  |  |  |  |  |  |  |  |  |  | 
r 89:  |  |  |  |  |  |  |  |  |  |  |  |  | 
r 90:  |  |  |  |  |  |  |  |  |  |  |  |  | 
r 91:  |  |  |  |  |  |  |  |  |  |  |  |  | 
r 92:  |  |  |  |  |  |  |  |  |  |  |  |  | 
r 93:  |  |  |  |  |  |  |  |  |  |  |  |  | 
r 94:  |  |  |  |  |  |  |  |  |  |  |  |  | 
r 95:  |  |  |  |  |  |  |  |  |  |  |  |  | 
r 96:  |  |  |  |  |  |  |  |  |  |  |  |  | 
r 97:  |  |  |  |  |  |  |  |  |  |  |  |  | 
r 98:  |  |  |  |  |  |  |  |  |  |  |  |  | 
r 99:  |  |  |  |  |  |  |  |  |  |  |  |  | 
r100:  |  |  |  |  |  |  |  |  |  |  |  |  | 
r101:  |  |  |  |  |  |  |  |  |  |  |  |  | 
r102:  |  |  |  |  |  |  |  |  |  |  |  |  | 
r103:  |  |  |  |  |  |  |  |  |  |  |  |  | 
r104:  |  |  |  |  |  |  |  |  |  |  |  |  | 
r105:  |  |  |  |  |  |  |  |  |  |  |  |  | 
r106:  |  |  |  |  |  |  |  |  |  |  |  |  | 
r107:  |  |  |  |  |  |  |  |  |  |  |  |  | 
r108:  |  |  |  |  |  |  |  |  |  |  |  |  | 
r109:  |  |  |  |  |  |  |  |  |  |  |  |  | 
r110:  |  |  |  |  |  |  |  |  |  |  |  |  | 
r111:  |  |  |  |  |  |  |  |  |  |  |  |  | 
r112:  |  |  |  |  |  |  |  |  |  |  |  |  | 
r113:  |  |  |  |  |  |  |  |  |  |  |  |  | 
r114:  |  |  |  |  |  |  |  |  |  |  |  |  | 
r115:  |  |  |  |  |  |  |  |  |  |  |  |  | 
r116:  |  |  |  |  |  |  |  |  |  |  |  |  | 
r117:  |  |  |  |  |  |  |  |  |  |  |  |  | 
r118:  |  |  |  |  |  |  |  |  |  |  |  |  | 
r119:  |  |  |  |  |  |  |  |  |  |  |  |  | 
r120:  |  |  |  |  |  |  |  |  |  |  |  |  | 
r121:  |  |  |  |  |  |  |  |  |  |  |  |  | 
r122:  |  |  |  |  |  |  |  |  |  |  |  |  | 
r123:  |  |  |  |  |  |  |  |  |  |  |  |  | 
r124:  |  |  |  |  |  |  |  |  |  |  |  |  | 
r125:  |  |  |  |  |  |  |  |  |  |  |  |  | 
r126:  |  |  |  |  |  |  |  |  |  |  |  |  | 
r127:  |  |  |  |  |  |  |  |  |  |  |  |  | 
r128:  |  |  |  |  |  |  |  |  |  |  |  |  | 
r129:  |  |  |  |  |  |  |  |  |  |  |  |  | 
r130:  |  |  |  |  |  |  |  |  |  |  |  |  | 
r131:  |  |  |  |  |  |  |  |  |  |  |  |  | 
r132:  |  |  |  |  |  |  |  |  |  |  |  |  | 
r133:  |  |  |  |  |  |  |  |  |  |  |  |  | 
r134:  |  |  |  |  |  |  |  |  |  |  |  |  | 
r135:  |  |  |  |  |  |  |  |  |  |  |  |  | 
r136:  |  |  |  |  |  |  |  |  |  |  |  |  | 
r137:  |  |  |  |  |  |  |  |  |  |  |  |  | 
r138:  |  |  |  |  |  |  |  |  |  |  |  |  | 
r139:  |  |  |  |  |  |  |  |  |  |  |  |  | 
r140:  |  |  |  |  |  |  |  |  |  |  |  |  | 
r141:  |  |  |  |  |  |  |  |  |  |  |  |  | 
r142:  |  |  |  |  |  |  |  |  |  |  |  |  | 
r143:  |  |  |  |  |  |  |  |  |  |  |  |  | 
r144:  |  |  |  |  |  |  |  |  |  |  |  |  | 
r145:  |  |  |  |  |  |  |  |  |  |  |  |  | 
r146:  |  |  |  |  |  |  |  |  |  |  |  |  | 
r147:  |  |  |  |  |  |  |  |  |  |  |  |  | 
r148:  |  |  |  |  |  |  |  |  |  |  |  |  | 
r149:  |  |  |  |  |  |  |  |  |  |  |  |  | 
r150:  |  |  |  |  |  |  |  |  |  |  |  |  | 
r151:  |  |  |  |  |  |  |  |  |  |  |  |  | 
r152:  |  |  |  |  |  |  |  |  |  |  |  |  | 
r153:  |  |  |  |  |  |  |  |  |  |  |  |  | 
r154:  |  |  |  |  |  |  |  |  |  |  |  |  | 
r155:  |  |  |  |  |  |  |  |  |  |  |  |  | 
r156:  |  |  |  |  |  |  |  |  |  |  |  |  | 
r157:  |  |  |  |  |  |  |  |  |  |  |  |  | 
r158:  |  |  |  |  |  |  |  |  |  |  |  |  | 
r159:  |  |  |  |  |  |  |  |  |  |  |  |  | 
r160:  |  |  |  |  |  |  |  |  |  |  |  |  | 
r161:  |  |  |  |  |  |  |  |  |  |  |  |  | 
r162:  |  |  |  |  |  |  |  |  |  |  |  |  | 
r163:  |  |  |  |  |  |  |  |  |  |  |  |  | 
r164:  |  |  |  |  |  |  |  |  |  |  |  |  | 
r165:  |  |  |  |  |  |  |  |  |  |  |  |  | 
r166:  |  |  |  |  |  |  |  |  |  |  |  |  | 
r167:  |  |  |  |  |  |  |  |  |  |  |  |  | 
r168:  |  |  |  |  |  |  |  |  |  |  |  |  | 
r169:  |  |  |  |  |  |  |  |  |  |  |  |  | 
r170:  |  |  |  |  |  |  |  |  |  |  |  |  | 
r171:  |  |  |  |  |  |  |  |  |  |  |  |  | 
r172:  |  |  |  |  |  |  |  |  |  |  |  |  | 
r173:  |  |  |  |  |  |  |  |  |  |  |  |  | 
r174:  |  |  |  |  |  |  |  |  |  |  |  |  | 
r175:  |  |  |  |  |  |  |  |  |  |  |  |  | 
r176:  |  |  |  |  |  |  |  |  |  |  |  |  | 
r177:  |  |  |  |  |  |  |  |  |  |  |  |  | 
r178:  |  |  |  |  |  |  |  |  |  |  |  |  | 
r179:  |  |  |  |  |  |  |  |  |  |  |  |  | 
r180:  |  |  |  |  |  |  |  |  |  |  |  |  | 
r181:  |  |  |  |  |  |  |  |  |  |  |  |  | 
r182:  |  |  |  |  |  |  |  |  |  |  |  |  | 
r183:  |  |  |  |  |  |  |  |  |  |  |  |  | 
r184:  |  |  |  |  |  |  |  |  |  |  |  |  | 
r185:  |  |  |  |  |  |  |  |  |  |  |  |  | 
r186:  |  |  |  |  |  |  |  |  |  |  |  |  | 
r187:  |  |  |  |  |  |  |  |  |  |  |  |  | 
r188:  |  |  |  |  |  |  |  |  |  |  |  |  | 
r189:  |  |  |  |  |  |  |  |  |  |  |  |  | 
r190:  |  |  |  |  |  |  |  |  |  |  |  |  | 
r191:  |  |  |  |  |  |  |  |  |  |  |  |  | 
r192:  |  |  |  |  |  |  |  |  |  |  |  |  | 
r193:  |  |  |  |  |  |  |  |  |  |  |  |  | 
r194:  |  |  |  |  |  |  |  |  |  |  |  |  | 
r195:  |  |  |  |  |  |  |  |  |  |  |  |  | 
r196:  |  |  |  |  |  |  |  |  |  |  |  |  | 
r197:  |  |  |  |  |  |  |  |  |  |  |  |  | 
r198:  |  |  |  |  |  |  |  |  |  |  |  |  | 
r199:  |  |  |  |  |  |  |  |  |  |  |  |  | 
r200:  |  |  |  |  |  |  |  |  |  |  |  |  | 
r201:  |  |  |  |  |  |  |  |  |  |  |  |  | 
r202:  |  |  |  |  |  |  |  |  |  |  |  |  | 
r203:  |  |  |  |  |  |  |  |  |  |  |  |  | 
r204:  |  |  |  |  |  |  |  |  |  |  |  |  | 
r205:  |  |  |  |  |  |  |  |  |  |  |  |  | 
r206:  |  |  |  |  |  |  |  |  |  |  |  |  | 
r207:  |  |  |  |  |  |  |  |  |  |  |  |  | 
r208:  |  |  |  |  |  |  |  |  |  |  |  |  | 
r209:  |  |  |  |  |  |  |  |  |  |  |  |  | 
r210:  |  |  |  |  |  |  |  |  |  |  |  |  | 
r211:  |  |  |  |  |  |  |  |  |  |  |  |  | 
r212:  |  |  |  |  |  |  |  |  |  |  |  |  | 
r213:  |  |  |  |  |  |  |  |  |  |  |  |  | 
r214:  |  |  |  |  |  |  |  |  |  |  |  |  | 
r215:  |  |  |  |  |  |  |  |  |  |  |  |  | 
r216:  |  |  |  |  |  |  |  |  |  |  |  |  | 
r217:  |  |  |  |  |  |  |  |  |  |  |  |  | 
r218:  |  |  |  |  |  |  |  |  |  |  |  |  | 
r219:  |  |  |  |  |  |  |  |  |  |  |  |  | 
r220:  |  |  |  |  |  |  |  |  |  |  |  |  | 
r221:  |  |  |  |  |  |  |  |  |  |  |  |  | 
r222:  |  |  |  |  |  |  |  |  |  |  |  |  | 
r223:  |  |  |  |  |  |  |  |  |  |  |  |  | 
r224:  |  |  |  |  |  |  |  |  |  |  |  |  | 
r225:  |  |  |  |  |  |  |  |  |  |  |  |  | 
r226:  |  |  |  |  |  |  |  |  |  |  |  |  | 
r227:  |  |  |  |  |  |  |  |  |  |  |  |  | 
r228:  |  |  |  |  |  |  |  |  |  |  |  |  | 
r229:  |  |  |  |  |  |  |  |  |  |  |  |  | 
r230:  |  |  |  |  |  |  |  |  |  |  |  |  | 
r231:  |  |  |  |  |  |  |  |  |  |  |  |  | 
r232:  |  |  |  |  |  |  |  |  |  |  |  |  | 
r233:  |  |  |  |  |  |  |  |  |  |  |  |  | 
r234:  |  |  |  |  |  |  |  |  |  |  |  |  | 
r235:  |  |  |  |  |  |  |  |  |  |  |  |  | 
r236:  |  |  |  |  |  |  |  |  |  |  |  |  | 
r237:  |  |  |  |  |  |  |  |  |  |  |  |  | 
r238:  |  |  |  |  |  |  |  |  |  |  |  |  | 
r239:  |  |  |  |  |  |  |  |  |  |  |  |  | 
r240:  |  |  |  |  |  |  |  |  |  |  |  |  | 
r241:  |  |  |  |  |  |  |  |  |  |  |  |  | 
r242:  |  |  |  |  |  |  |  |  |  |  |  |  | 
r243:  |  |  |  |  |  |  |  |  |  |  |  |  | 
r244:  |  |  |  |  |  |  |  |  |  |  |  |  | 
r245:  |  |  |  |  |  |  |  |  |  |  |  |  | 
r246:  |  |  |  |  |  |  |  |  |  |  |  |  | 
r247:  |  |  |  |  |  |  |  |  |  |  |  |  | 
r248:  |  |  |  |  |  |  |  |  |  |  |  |  | 
r249:  |  |  |  |  |  |  |  |  |  |  |  |  | 
r250:  |  |  |  |  |  |  |  |  |  |  |  |  | 
r251:  |  |  |  |  |  |  |  |  |  |  |  |  | 
r252:  |  |  |  |  |  |  |  |  |  |  |  |  | 
r253:  |  |  |  |  |  |  |  |  |  |  |  |  | 
r254:  |  |  |  |  |  |  |  |  |  |  |  |  | 
r255:  |  |  |  |  |  |  |  |  |  |  |  |  | 
r256:  |  |  |  |  |  |  |  |  |  |  |  |  | 
r257:  |  |  |  |  |  |  |  |  |  |  |  |  | 
r258:  |  |  |  |  |  |  |  |  |  |  |  |  | 
r259:  |  |  |  |  |  |  |  |  |  |  |  |  | 
r260:  |  |  |  |  |  |  |  |  |  |  |  |  | 
r261:  |  |  |  |  |  |  |  |  |  |  |  |  | 
r262:  |  |  |  |  |  |  |  |  |  |  |  |  | 
r263:  |  |  |  |  |  |  |  |  |  |  |  |  | 
r264:  |  |  |  |  |  |  |  |  |  |  |  |  | 
r265:  |  |  |  |  |  |  |  |  |  |  |  |  | 
r266:  |  |  |  |  |  |  |  |  |  |  |  |  | 
r267:  |  |  |  |  |  |  |  |  |  |  |  |  | 
r268:  |  |  |  |  |  |  |  |  |  |  |  |  | 
r269:  |  |  |  |  |  |  |  |  |  |  |  |  | 
r270:  |  |  |  |  |  |  |  |  |  |  |  |  | 
r271:  |  |  |  |  |  |  |  |  |  |  |  |  | 
r272:  |  |  |  |  |  |  |  |  |  |  |  |  | 
r273:  |  |  |  |  |  |  |  |  |  |  |  |  | 
r274:  |  |  |  |  |  |  |  |  |  |  |  |  | 
r275:  |  |  |  |  |  |  |  |  |  |  |  |  | 
r276:  |  |  |  |  |  |  |  |  |  |  |  |  | 
r277:  |  |  |  |  |  |  |  |  |  |  |  |  | 
r278:  |  |  |  |  |  |  |  |  |  |  |  |  | 
r279:  |  |  |  |  |  |  |  |  |  |  |  |  | 
r280:  |  |  |  |  |  |  |  |  |  |  |  |  | 
r281:  |  |  |  |  |  |  |  |  |  |  |  |  | 
r282:  |  |  |  |  |  |  |  |  |  |  |  |  | 
r283:  |  |  |  |  |  |  |  |  |  |  |  |  | 
r284:  |  |  |  |  |  |  |  |  |  |  |  |  | 
r285:  |  |  |  |  |  |  |  |  |  |  |  |  | 
r286:  |  |  |  |  |  |  |  |  |  |  |  |  | 
r287:  |  |  |  |  |  |  |  |  |  |  |  |  | 
r288:  |  |  |  |  |  |  |  |  |  |  |  |  | 

===== SHEET: Flange  dims: A1:Q18  max_row: 18  max_col: 17
r  1: 标高 | 外径 | 内径(mm) | 螺栓分度园直径(mm) | 法兰厚度(mm) | 颈厚 | 颈高 | 螺栓公称直径 | 螺栓孔直径 | 螺栓数 | 圆角（mm） | 法兰类型 | 螺栓等级 | T型法兰外径 | T型法兰外圈分度圆 | 锚栓设计预紧力 | 椭圆长半轴比短半轴
r  2: (m) | da(mm) | di(mm) | dm(mm) | tfl(mm) | s(mm) | h(mm) | —— | dhole(mm) | n | r | —— | —— | Da_outerr(mm) | Dm_outer(mm) | KN | 
r  3: 0.65 | 5013 | 4540 | 4725 | 120 | 63 | 70 | 48 | 54 | 192 | 20 | T | 10.9 | 5360 | 5175 | 730 | 1.5
r  4: 14.89 | 4990 | 4402 | 4748 | 175 | 40 | 40 | 64 | 67 | 114 | 10 | L | 10.9 |  |  |  | 
r  5: 33.37 | 4982 | 4449 | 4772 | 140 | 32 | 35 | 56 | 59 | 120 | 10 | L | 10.9 |  |  |  | 
r  6: 52.97 | 4973 | 4580 | 4812 | 115 | 23 | 30 | 42 | 45 | 176 | 10 | L | 10.9 |  |  |  | 
r  7: 77.89 | 4968.6 | 4555 | 4816 | 90 | 18.6 | 30 | 42 | 45 | 120 | 10 | L | 10.9 |  |  |  | 
r  8: 102.53 | 4465.3 | 4083 | 4332 | 80 | 15.3 | 30 | 36 | 39 | 124 | 10 | L | 10.9 |  |  |  | 
r  9: 127.53 | 3860 | 3523 | 3650 | 300 | 38 | 115 | 36 | 39 | 112 |  | L | 10.9 |  |  |  | 
r 10:  |  |  |  |  |  |  |  |  |  |  |  |  |  |  |  | 
r 11:  |  |  |  |  |  |  |  |  |  |  |  |  |  |  |  | 
r 12:  |  |  |  |  |  |  |  |  |  |  |  |  |  |  |  | 
r 13:  |  |  |  |  |  |  |  |  |  |  |  |  |  |  |  | 
r 14:  |  |  |  |  |  |  |  |  |  |  |  |  |  |  |  | 
r 15:  |  |  |  |  |  |  |  |  |  |  |  |  |  |  |  | 
r 16:  |  |  |  |  |  |  |  |  |  |  |  |  |  |  |  | 
r 17:  |  |  |  |  |  |  |  |  |  |  |  |  |  |  |  | 
r 18:  |  |  |  |  |  |  |  |  | V12-6X-tfl=300-s=38 |  |  |  |  |  |  | 
