##########################################################################################
布局表 SHEETS: ['下段', '中间段', '顶段', '长线槽与直爬梯库', '第N段平台', '起始马鞍顶平台', '马鞍托架', 'Sheet1']

===== [布局表] SHEET: 下段  dims:A1:H32  max_row:32 max_col:8
r  1: 骨架参数
r  2: 参数 | 设计值（手输） | 参考值 | 说明
r  3: 混凝土面（H_BOTTOM2CONCRETE） | 120 | 120 | 至下法兰底面的距离
r  4: 爬梯位置(H_LADDER_TOP) | -100 | 主设布局提供 | 顶段距离上法兰顶面，凸出为正，凹为负
r  5: 爬梯长度（L_LADDER） | 26320 | 主设布局提供 | 物料号和长度可参考长线槽与直爬梯库，必须是280的整数倍
r  6: 电缆线槽长度（L_TRAY） | 11800 | 主设布局提供 | 电缆托架上的电缆线槽
r  7: 顶平台位置（H_PLAT2FL） | 1200 | 1200-1350 | 顶平台距上法兰端面距离 |  |  | 普通门框模板 | 60.03.02333
r  8: 电缆夹板位置（H_CLAMP2TOP） | 1000 | 1000 | 顶平台上电缆夹板，距上法兰端面的距离 |  |  | 加强板门框模板 | 60.03.01950
r  9: 升降机起始平台位置（H_PLAT_INITIAL） | 8000 | 主设布局提供 | 起始平台绝对高度
r 10: 电梯漏电保护支架位（H_SUPPORT2INITIAL） | 1500 | 1500 | 至升降机起始平台
r 11: 动力电缆桥架位置（H_BRIDGE_POWER） | 6450 | 6450 | 至底法兰下端面
r 12: 底平台位置（H_PLAT_CONTROL） | 1928 | 1928 | 底平台绝对高度
r 13: 平台围边位置（H_SURROUNDING_EDGE） | 4 | 4 | 至底平台
r 14: 入口梯耳板高度（H_LUG） | 1788 | 1788 | 至底法兰下端面,加强板门框与普通门框不同，注意！
r 15: 灭火器支架位置（H_FE2CONTROL） | 380 | 380 | 距底平台距离
r 16: 衣帽挂钩位置（H_HOOK2CONTROL） | 1600 | 1600 | 距底平台距离
r 17: 灯位置_顶平台下(H_LIGHT2PLATFORM) | 3450 | 3450 | 至顶平台
r 18: 灯位置_底平台下(H_LIGHT2CONTROL_DOWN) | 1000 | 1000 | 至底平台
r 19: 灯位置_底平台上（高灯）
（H_LIGHT_CONTROL_UP_H） | 5560 | 5560 | 至底平台
r 20: 灯位置_底平台上（底灯）
（H_LIGHT_CONTROL_UP_L） | 5200 | 5200 | 至底平台
r 21: 灯位置_升降机起始平台上（H_LIGHT2INITIAL） | 2750 | 2750 | 至升降机起始平台
r 22: 电缆线槽一长度（L_TRAY_I_VERTICAL） | 4400 | 4600 | 底平台上线槽
r 23: 电缆线槽一位置（H_TRAY_I_DOWN） | 300 | 300 | 至底平台距离
r 24: 电缆线槽一最下固定装置位置（H_FIX_I） | 830 | 830 | 至底平台距离
r 25: 电缆线槽二长度（L_TRAY_II_VERTICAL） | 4400 | 4600 | 底平台上线槽
r 26: 电缆线槽二位置（H_TRAY_II_DOWN） | 300 | 300 | 至底平台距离
r 27: 电缆线槽二最下固定装置位置（DI_FIX_II） | 830 | 830 | 至底平台距离
r 28: 吊耳位置（H_CONVERTER_BEAM） | 7150 | 7150 | 至底法兰下端面距离
r 29: 顶平台LX | 1090 | 1090 | 推荐平台物料代码用
r 30: 顶平台LY | 150 | 150 | 推荐平台物料代码用
r 31: 升降机起始平台LX | 1090 | 1090 | 推荐平台物料代码用
r 32: 升降机起始平台LY | 150 | 150 | 推荐平台物料代码用

===== [布局表] SHEET: 中间段  dims:A1:G14  max_row:14 max_col:7
r  1: 骨架参数 | 第二段 | 第三段 | 第四段 | 第五段 | 第六段
r  2: 参数 | 设计值（手输） | 设计值（手输） | 设计值（手输） | 设计值（手输） | 设计值（手输） | 说明
r  3: 平台位置（H_platform） | 1250 | 1250 | 1250 | 1250 | 1250 | 顶平台和顶法兰间的距离
r  4: 爬梯支撑长度(L_LADDER_1) | 865 | 865 | 865 | 865 | 865
r  5: 爬梯支撑宽度 (W_LADDER_1) | 910 | 910 | 910 | 910 | 910
r  6: 机型
（Model) | V12 | V12 | V12 | V12 | V12 | V12: 电缆托架长度420 /右侧电缆托架安装弦长800 /左侧电缆托架安装弦长800
V15: 电缆托架长度420 /右侧电缆托架安装弦长800 /左侧电缆托架安装弦长800
V17: 电缆托架长度800 /右侧电缆托架安装弦长650 /左侧电缆托架安装弦长650
V19: 电缆托架长度560 /右侧电缆托架安装弦长650 /左侧电缆托架安装弦长650
r  7: 电缆线夹是否隔开 | False | False | False | False | False | 选择题（国内一般隔开，国外不隔开）
r  8: 下灯位置（H_LIGHT2FL） | 2250 | 2250 | 2250 | 2250 | 2250 | 需要与电气部门确定照明灯位置
r  9: 上灯位置（H_LIGHT2PLATFORM） | 3250 | 3250 | 3250 | 3250 | 3250 | 需要与电气部门确定照明灯位置
r 10: 安全锚点安装高度 (H_AP） | 420 | 420 | 420 | 420 | 420
r 11: 下端防雷螺柱安装角度
（B_B_A） | 10 | 10 | 10 | 10 | 10 | 逆时针为正
r 12: 上端防雷螺柱安装角度
（B_T_A） | 10 | 10 | 10 | 10 | 10 | 逆时针为正
r 13: 扶持高度
H_SUPPORT | 10790 | 11000 | 7990 | 12190 | 10375 | 注：扶持高度为扶持中心线到下法兰底表面的高度
r 14: 踏棍宽度
（W_Rung） | 85 | 85 | 85 | 85 | 85

===== [布局表] SHEET: 顶段  dims:A1:D26  max_row:26 max_col:4
r  1: 骨架参数
r  2: 参数 | 设计值（手输） | 参考值 | 说明
r  3: 顶平台位置（H_PLAT_TOP） | 1500 | 1500 | 至顶法兰上端面
r  4: 马鞍平台位置（H_PLAT_ROLLER） | 10000 | 10000 | 至顶法兰上端面
r  5: 马鞍托架位置（H_ROLLER） | 2150 | 2150 | 至马鞍平台
r  6: 升降机吊梁位置（H_BEAM_LEFT） | 3800 | 主设布局提供 | 至马鞍(升降机达到)平台
r  7: 爬梯位置(H_LADDER_TOP) | -100 | 主设布局提供 | 顶段距离上法兰顶面，凸出为正，凹为负
r  8: 灯位置_顶平台上(H_LIGHT2TP_UP) | 500 | 600 | 至顶平台
r  9: 灯位置_顶平台下(H_LIGHT2TP_DOWN) | 3000 | 2750 | 至顶平台
r 10: 灯位置_马鞍平台上
（H_LIGHT2RP_UP） | 3000 | 3000 | 至马鞍平台
r 11: 灯位置_马鞍平台下
（H_LIGHT2RP_DOWN） | 3000 | 3000 | 至马鞍平台
r 12: 下灯位置（H_LIGHT2FL） | 2250 | 2500 | 至下法兰下端面
r 13: 电缆线槽一位置（H_TRAY_I） | 1400 | 1400 | 至马鞍平台（上）
r 14: 电缆线槽二位置（H_TRAY_II） | 500 | 500 | 至顶法兰上端面
r 15: 电缆夹板一位置
（H_CLAMP_RP_I） | 200 | 200 | 至马鞍平台(马鞍平台上方第一个)
r 16: 防雷接地耳板位置（H_GL） | 150 | 主设布局提供 | 至马鞍托架（下）
r 17: 电缆护套梁一位置
（H_BEAM_I） | 2800 | 2800 | 至马鞍平台（靠近马鞍）
r 18: 电缆护套梁二位置(下)
（H_BEAM_II_I） | 2800 | 1850 | 至电缆护套梁一
r 19: 电缆护套梁二位置（上）
（H_BEAM_II_II） | 1850 | 1850 | 至电缆护套梁二（下）
r 20: 电缆托架长度L: | 200 | 200 | 保证动力电缆过法兰处余量大于50
r 21: 电缆隔环位置_常规(H_RING) | 300 | 300 | 默认为300
r 22: 电缆隔环位置_马鞍之下
(H_RING_ROLLER) | 1000 | 1000 | 默认为1000
r 23: XXX(保留行) | 0 | 0 | 保留行，待用
r 24: 爬梯长度（L_LADDER） | 21840 | 主设布局提供 | 物料号和长度可参考长线槽与直爬梯库，必须是280的整数倍
r 25: 马鞍平台L_CENTER2LEFT | 1150 | 1030 | 推荐平台物料代码用
r 26: 马鞍平台α | 0 | 0 | 推荐平台物料代码用

===== [布局表] SHEET: 长线槽与直爬梯库  dims:A1:K132  max_row:132 max_col:11
r  1: 电缆线槽库 |  |  |  | 直爬梯库
r  2: 序号 | 物料号 | 长度值 | 完整名称 | 物料号 | 长度值 | 完整名称
r  3: 1 | 60.10.28356 | 7200 | 电缆线槽 L=7200 | 60.10.16569 | 560 | 直爬梯及其附件 L=560
r  4: 2 | 60.10.23427 | 7400 | 电缆线槽 L=7400 | 60.10.16580 | 840 | 直爬梯及其附件 L=840
r  5: 3 | 60.10.23426 | 7600 | 电缆线槽 L=7600 | 60.10.21507 | 1020 | 直爬梯及其附件 L=1020
r  6: 4 | 60.10.23428 | 7800 | 电缆线槽 L=7800 | 60.10.26857 | 1960 | 直爬梯及其附件 L=1960
r  7: 5 | 60.10.23297 | 10000 | 电缆线槽 L=10000 | 60.10.16465 | 1120 | 直爬梯及其附件 L=1120
r  8: 6 | 60.10.23298 | 10200 | 电缆线槽 L=10200 | 60.10.26863 | 2240 | 直爬梯及其附件 L=2240
r  9: 7 | 60.10.23299 | 10400 | 电缆线槽 L=10400 | 60.10.16474 | 3640 | 直爬梯及其附件 L=3640
r 10: 8 | 60.10.23300 | 10600 | 电缆线槽 L=10600 | 60.10.16475 | 3920 | 直爬梯及其附件 L=3920
r 11: 9 | 60.10.23301 | 10800 | 电缆线槽 L=10800 | 60.10.16564 | 4200 | 直爬梯及其附件 L=4200
r 12: 10 | 60.10.23303 | 11000 | 电缆线槽 L=11000 | 60.10.16565 | 4480 | 直爬梯及其附件 L=4480
r 13: 11 | 60.10.23306  | 11200 | 电缆线槽 L=11200 | 60.10.16566 | 4760 | 直爬梯及其附件 L=4760
r 14: 12 | 60.10.23146 | 11400 | 电缆线槽 L=11400 | 60.10.16567 | 5040 | 直爬梯及其附件 L=5040
r 15: 13 | 60.10.23304 | 11600 | 电缆线槽 L=11600 | 60.10.16568 | 5320 | 直爬梯及其附件 L=5320
r 16: 14 | 60.10.23305 | 11800 | 电缆线槽 L=11800 | 60.10.16570 | 5600 | 直爬梯及其附件 L=5600
r 17: 15 | 60.10.23302 | 12000 | 电缆线槽 L=12000 | 60.10.16571 | 5880 | 直爬梯及其附件 L=5880
r 18: 16 | 60.10.23309 | 12200 | 电缆线槽 L=12200 | 60.10.16572 | 6160 | 直爬梯及其附件 L=6160
r 19: 17 | 60.10.23308 | 12400 | 电缆线槽 L=12400 | 60.10.16573 | 6440 | 直爬梯及其附件 L=6440
r 20: 18 | 60.10.23307 | 12600 | 电缆线槽 L=12600 | 60.10.16574 | 6720 | 直爬梯及其附件 L=6720
r 21: 19 | 60.10.23311 | 12800 | 电缆线槽 L=12800 | 60.10.16575 | 7000 | 直爬梯及其附件 L=7000
r 22: 20 | 60.10.23310 | 13000 | 电缆线槽 L=13000 | 60.10.16576 | 7280 | 直爬梯及其附件 L=7280
r 23: 21 | 60.10.23315 | 13200 | 电缆线槽 L=13200 | 60.10.16577 | 7560 | 直爬梯及其附件 L=7560
r 24: 22 | 60.10.23314 | 13400 | 电缆线槽 L=13400 | 60.10.16578 | 7840 | 直爬梯及其附件 L=7840
r 25: 23 | 60.10.23313 | 13600 | 电缆线槽 L=13600 | 60.10.16579 | 8120 | 直爬梯及其附件 L=8120
r 26: 24 | 60.10.23312 | 13800 | 电缆线槽 L=13800 | 60.10.16581 | 8400 | 直爬梯及其附件 L=8400
r 27: 25 | 60.10.23316 | 14000 | 电缆线槽 L=14000 | 60.10.16582 | 8680 | 直爬梯及其附件 L=8680
r 28: 26 | 60.10.23319 | 14200 | 电缆线槽 L=14200 | 60.10.16583 | 8960 | 直爬梯及其附件 L=8960
r 29: 27 | 60.10.23320 | 14400 | 电缆线槽 L=14400 | 60.10.16584 | 9240 | 直爬梯及其附件 L=9240
r 30: 28 | 60.10.23318 | 14600 | 电缆线槽 L=14600 | 60.10.16585 | 9520 | 直爬梯及其附件 L=9520
r 31: 29 | 60.10.23317 | 14800 | 电缆线槽 L=14800 | 60.10.16586 | 9800 | 直爬梯及其附件 L=9800
r 32: 30 | 60.10.23325 | 15000 | 电缆线槽 L=15000 | 60.10.16433 | 10080 | 直爬梯及其附件 L=10080
r 33: 31 | 60.10.23322 | 15200 | 电缆线槽 L=15200 | 60.10.16434 | 10360 | 直爬梯及其附件 L=10360
r 34: 32 | 60.10.23321 | 15400 | 电缆线槽 L=15400 | 60.10.16435 | 10640 | 直爬梯及其附件 L=10640
r 35: 33 | 60.10.23323  | 15600 | 电缆线槽 L=15600 | 60.10.16464 | 10920 | 直爬梯及其附件 L=10920
r 36: 34 | 60.10.23324 | 15800 | 电缆线槽 L=15800 | 60.10.16466 | 11200 | 直爬梯及其附件 L=11200
r 37: 35 | 60.10.23329 | 16000 | 电缆线槽 L=16000 | 60.10.16467 | 11480 | 直爬梯及其附件 L=11480
r 38: 36 | 60.10.23328 | 16200 | 电缆线槽 L=16200 | 60.10.16468 | 11760 | 直爬梯及其附件 L=11760
r 39: 37 | 60.10.23330 | 16400 | 电缆线槽 L=16400 | 60.10.16469 | 12040 | 直爬梯及其附件 L=12040
r 40: 38 | 60.10.23327 | 16600 | 电缆线槽 L=16600 | 60.10.16470 | 12320 | 直爬梯及其附件 L=12320
r 41: 39 | 60.10.23326  | 16800 | 电缆线槽 L=16800 | 60.10.19511 | 12880 | 直爬梯及其附件 L=12880
r 42: 40 | 60.10.23332 | 17000 | 电缆线槽 L=17000 | 60.10.16649 | 13160 | 直爬梯及其附件 L=13160
r 43: 41 | 60.10.23334 | 17200 | 电缆线槽 L=17200 | 60.10.26864 | 13440 | 直爬梯及其附件 L=13440
r 44: 42 | 60.10.23331 | 17400 | 电缆线槽 L=17400 | 60.10.25703 | 14000 | 直爬梯及其附件 L=14000
r 45: 43 | 60.10.23335 | 17600 | 电缆线槽 L=17600 | 60.10.16650 | 14280 | 直爬梯及其附件 L=14280
r 46: 44 | 60.10.23333 | 17800 | 电缆线槽 L=17800 | 60.10.22900 | 15120 | 直爬梯及其附件 L=15120
r 47: 45 | 60.10.23336  | 18000 | 电缆线槽 L=18000 | 60.10.17304 | 15400 | 直爬梯及其附件 L=15400
r 48: 46 | 60.10.23337 | 18200 | 电缆线槽 L=18200 | 60.10.23677 | 15680 | 直爬梯及其附件 L=15680
r 49: 47 | 60.10.23340 | 18400 | 电缆线槽 L=18400 | 60.10.18450 | 15960 | 直爬梯及其附件 L=15960
r 50: 48 | 60.10.23338 | 18600 | 电缆线槽 L=18600 | 60.10.20923 | 16520 | 直爬梯及其附件 L=16520
r 51: 49 | 60.10.23339 | 18800 | 电缆线槽 L=18800 | 60.10.22907 | 16800 | 直爬梯及其附件 L=16800
r 52: 50 | 60.10.23341 | 19000 | 电缆线槽 L=19000 | 60.10.17964 | 17080 | 直爬梯及其附件 L=17080
r 53: 51 | 60.10.23342 | 19200 | 电缆线槽 L=19200 | 60.10.20924 | 17640 | 直爬梯及其附件 L=17640
r 54: 52 | 60.10.23122 | 19400 | 电缆线槽 L=19400 | 60.10.19473 | 17920 | 直爬梯及其附件 L=17920
r 55: 53 | 60.10.23343 | 19600 | 电缆线槽 L=19600 | 60.10.16651 | 18200 | 直爬梯及其附件 L=18200
r 56: 54 | 60.10.23344 | 19800 | 电缆线槽 L=19800 | 60.10.16652 | 18480 | 直爬梯及其附件 L=18480
r 57: 55 | 60.10.23345 | 20000 | 电缆线槽 L=20000 | 60.10.20626 | 18760 | 直爬梯及其附件 L=18760
r 58: 56 | 60.10.23351 | 20200 | 电缆线槽 L=20200 | 60.10.19402 | 19040 | 直爬梯及其附件 L=19040
r 59: 57 | 60.10.23346 | 20400 | 电缆线槽 L=20400 | 60.10.23246 | 19320 | 直爬梯及其附件 L=19320
r 60: 58 | 60.10.23347 | 20600 | 电缆线槽 L=20600 | 60.10.22903 | 19600 | 直爬梯及其附件 L=19600

===== [布局表] SHEET: 第N段平台  dims:A1:AI24  max_row:24 max_col:35
r  1: 第一段平台库 |  |  |  |  |  | 第二段平台库 |  |  |  |  |  | 第三段平台库
r  2: 序号 | 物料号 | 所在处塔筒内径 | LX | LY |  | 序号 | 物料号 | 所在处塔筒内径 | LX | LY |  | 序号 | 物料号
r  3: 1 | 60.10.24792 | 4238 | 1090 | 150 |  | 1 | 60.10.26520 | 3992 | 1130 | 50 |  | 1 | 60.10.22416
r  4: 2 | 60.10.27896 | 4239 | 1090 | 150 |  | 2 | 60.10.30198 | 4080 | 1050 | 0 |  | 2 | 60.10.28438
r  5: 3 | 60.03.02064 | 4240 | 1090 | 150 |  | 3 | 60.10.30198 | 4080 | 1090 | 0 |  | 3 | 60.05.00825
r  6: 4 | 60.10.24546 | 4244 | 1090 | 150 |  | 4 | 60.10.23441 | 4244 | 1090 | 150 |  | 4 | 60.10.24527
r  7: 5 | 60.10.24546 | 4244 | 1090 | 150 |  | 5 | 60.04.00691 | 4250 | 1090 | 150 |  | 5 | 60.10.24527
r  8: 6 | 60.10.26449 | 4246 | 1090 | 150 |  | 6 | 60.10.24518 | 4250 | 1100 | 165 |  | 6 | 60.10.26668
r  9: 7 | 60.10.30591 | 4249 | 1090 | 150 |  | 7 | 60.10.22658 | 4251 | 1090 | 150 |  | 7 | 60.10.22663
r 10: 8 | 60.10.24263 | 4259 | 1090 | 150 |  | 8 | 60.04.00745 | 4253 | 1090 | 150 |  | 8 | 60.10.30552
r 11: 9 | 60.10.31387 | 4260 | 1090 | 100 |  | 9 | 60.10.26658 | 4255 | 1090 | 150 |  | 9 | 60.10.28424
r 12: 10 | 60.10.23128 | 4261 | 1100 | 150 |  | 10 | 60.10.24719 | 4255 | 1100 | 165 |  | 10 | 60.10.25805
r 13: 11 | 60.10.20321 | 4263 | 1050 | 150 |  | 11 | 60.10.25789 | 4257 | 1090 | 150 |  | 11 | 60.10.28160
r 14: 12 | 60.10.30938 | 4263 | 1070 | 150 |  | 12 | 60.10.30562 | 4259 | 1090 | 150 |  | 12 | 60.10.28160
r 15: 13 | 60.10.23627 | 4263 | 1050 | 150 |  | 13 | 60.04.00575 | 4260 | 1090 | 150 |  | 13 | 60.10.24581
r 16: 14 | 60.10.31387 | 4264 | 1090 | 150 |  | 14 | 60.10.26722 | 4260 | 1090 | 100 |  | 14 | 60.10.31038
r 17: 15 | 60.10.30252 | 4463 | 1050 | 100 |  | 15 | 60.10.24531 | 4269 | 1090 | 100 |  | 15 | 60.10.19960
r 18:  |  |  |  |  |  | 16 | 60.10.30896 | 4270 | 1090 | 150 |  | 16 | 60.10.24522
r 19:  |  |  |  |  |  | 17 | 60.10.23774 | 4271 | 1090 | 150
r 20:  |  |  |  |  |  | 18 | 60.10.20313 | 4271 | 1050 | 150
r 21:  |  |  |  |  |  | 19 | 60.10.30527 | 4271 | 1060 | 150
r 22:  |  |  |  |  |  | 20 | 60.10.23774 | 4271 | 1090 | 150
r 23:  |  |  |  |  |  | 21 | 60.10.24511 | 4454 | 1050 | 240
r 24:  |  |  |  |  |  | 22 | 60.10.24511 | 4454 | 1050 | 240

===== [布局表] SHEET: 起始马鞍顶平台  dims:A1:V17  max_row:17 max_col:22
r  1: 升降机起始平台库（钢塔） |  |  |  |  |  | 升降机起始平台库（柔塔） |  |  |  |  |  | 马鞍平台库
r  2: 序号 | 物料号 | 所在处塔筒内径 | LX | LY |  | 序号 | 物料号 | 所在处塔筒内径 | LX | LY |  | 序号 | 物料号
r  3: 1 | 60.10.25934 | 4242 | 1090 | 150 |  | 1 | 60.10.35970 | 4230 | 1090 | 150 |  | 1 | 60.10.30031
r  4: 2 | 60.10.31936 | 4252 | 1090 | 150 |  | 2 | 60.10.32892 | 4245 | 1090 | 150 |  | 2 | 60.10.30807
r  5: 3 | 60.10.22808 | 4254 | 1100 | 150 |  |  |  |  |  |  |  | 3 | 60.10.23181
r  6: 4 | 60.10.26742 | 4258 | 1100 | 100 |  |  |  |  |  |  |  | 4 | 60.10.25858
r  7: 5 | 60.10.34613 | 4258 | 1090 | 150 |  |  |  |  |  |  |  | 5 | 60.10.19833
r  8: 6 | 60.10.28140 | 4259 | 1090 | 150 |  |  |  |  |  |  |  | 6 | 60.10.23933
r  9: 7 | 60.10.30215 | 4458 | 1050 | 100 |  |  |  |  |  |  |  | 7 | 60.10.26713
r 10:  |  |  |  |  |  |  |  |  |  |  |  | 8 | 60.10.26907
r 11:  |  |  |  |  |  |  |  |  |  |  |  | 9 | 60.10.28378
r 12:  |  |  |  |  |  |  |  |  |  |  |  | 10 | 60.10.24618
r 13:  |  |  |  |  |  |  |  |  |  |  |  | 11 | 60.10.28075
r 14:  |  |  |  |  |  |  |  |  |  |  |  | 12 | 60.10.28056
r 15:  |  |  |  |  |  |  |  |  |  |  |  | 13 | 60.10.23537
r 16:  |  |  |  |  |  |  |  |  |  |  |  | 14 | 60.10.23576
r 17:  |  |  |  |  |  |  |  |  |  |  |  | 15 | 60.10.24489

===== [布局表] SHEET: 马鞍托架  dims:A1:S30  max_row:30 max_col:19
r  1: 马鞍托架库 |  |  |  |  | 电缆护套梁一库 |  |  |  |  | 电缆护套梁二库
r  2: 序号 | 物料号 | 所在处塔筒内径 | 名称 |  | 序号 | 物料号 | 所在处塔筒内径 | 名称 |  | 序号 | 物料号 | 所在处塔筒内径 | 名称
r  3: 1 | 60.10.32587 | 3342.4 | 马鞍托架 α=23.9 |  | 1 | 60.10.32293 | 3334 | 电缆护套梁一 L=3059 α=71.8 |  | 1 | 60.10.32288 | 3301 | 电缆护套梁二 L=3023 α=71.6
r  4: 2 | 60.10.31641 | 3352 | 马鞍托架 α=23.9 |  | 2 | 60.10.32582 | 3334.8 | 电缆护套梁一 L=3060 α=71.8 |  | 2 | 60.10.32571 | 3301.6 | 电缆护套梁二 L=3024 α=71.6
r  5: 3 | 60.10.30027 | 3394 | 马鞍托架 α=23.5 |  | 3 | 60.10.31632 | 3346 | 电缆护套梁一 L=3071,α=71.79 |  | 3 | 60.10.31619 | 3308 | 电缆护套梁二 L=3031 α=71.7
r  6: 4 | 60.10.23984 | 3506.6 | 马鞍托架 α=22.8 |  | 4 | 60.10.30022 | 3382 | 电缆护套梁一L=3109,α=72.1 |  | 4 | 60.10.33212 | 3324 | 电缆护套梁二 L=3048 α=71.8
r  7: 5 | 60.10.36011 | 3509.3 | 马鞍托架 α=22.7 |  | 5 | 60.10.27567 | 3429 | 电缆护套梁一 L=3158,α=72.4 |  | 5 | 60.10.30009 | 3330 | 电缆护套梁二 L=3054,α=71.8
r  8: 6 | 60.10.26993 | 3550 | 马鞍托架 α=22.5 |  | 6 | 60.10.23184 | 3436 | 电缆护套梁一L=3165 α=72.4 |  | 6 | 60.10.23193 | 3338 | 电缆护套梁二L=3057 α=71.8
r  9: 7 | 60.10.22598 | 3559 | 马鞍托架 α=22.4 |  | 7 | 60.10.36014 | 3489 | 电缆护套梁一 L=3220 α=72.7 |  | 7 | 60.10.27558 | 3358 | 电缆护套梁二 L=3083,α=72
r 10: 8 | 60.10.28391 | 3564 | 马鞍托架 α=22.4 |  | 8 | 60.10.26551 | 3492 | 电缆护套梁一 L=3223, α=72.7 |  | 8 | 60.10.23950 | 3367 | 电缆护套梁二 L=3093 α=72
r 11: 9 | 60.10.27519 | 3600.8 | 马鞍托架 α=22.1 |  | 9 | 60.10.23966 | 3499 | 电缆护套梁一 L=3230, α=72.7 |  | 9 | 60.10.23190 | 3389 | 电缆护套梁二L=3116  α=72.1
r 12: 10 | 60.10.19938 | 3603 | 马鞍托架 α=22.1 |  | 10 | 60.10.26999 | 3524 | 电缆护套梁一 L=3256 α=72.9 |  | 10 | 60.10.22628 | 3391 | 电缆护套梁二L=3118 α=71.8
r 13: 11 | 60.10.23488 | 3608.4 | 马鞍托架 α=22.1 |  | 11 | 60.10.34998 | 3524 | 电缆护套梁一 L=3256 α=72.9 |  | 11 | 60.10.36019 | 3391.5 | 电缆护套梁二 L=3119 α= 72.1
r 14: 12 | 60.10.30968 | 3609.3 | 马鞍托架 α=22.1 |  | 12 | 60.10.28395 | 3537 | 电缆护套梁一 L=3270 α=72.9 |  | 12 | 60.10.26560 | 3394 | 电缆护套梁二 L=3121,α=72.2
r 15: 13 | 60.10.32969 | 3670 | 马鞍托架 α=21.7 |  | 13 | 60.10.22611 | 3552 | 电缆护套梁一L=3285 α=72.4 |  | 13 | 60.10.23499 | 3397 | 电缆护套梁二 L=3124 α=72.2
r 16: 14 | 60.10.24687 | 3678 | 马鞍托架 α=21.7 |  | 14 | 60.10.23515 | 3577 | 电缆护套梁一 L=3311 α=73.1 |  | 14 | 60.10.24770 | 3403 | 电缆护套梁二 L=3131 α=72.2
r 17:  |  |  |  |  | 15 | 60.10.19898 | 3579 | 电缆护套梁一，L=3313，α=73.1 |  | 15 | 60.10.19902 | 3411 | 电缆护套梁二L=3139，α=72.3
r 18:  |  |  |  |  | 16 | 60.10.30573 | 3580.4 | 电缆护套梁一 L=3315 α=73.1 |  | 16 | 60.10.27004 | 3414 | 电缆护套梁二 L=3142 α=72.3
r 19:  |  |  |  |  | 17 | 60.10.33431 | 3587 | 电缆护套梁一 L=3322 α=73.2 |  | 17 | 60.10.34995 | 3418 | 电缆护套梁二 L=3146 α=72.3
r 20:  |  |  |  |  | 18 | 60.10.24566 | 3641 | 电缆护套梁一 L=3377 α=73.4 |  | 18 | 60.10.28400 | 3422 | 电缆护套梁二 L=3151 α=72.3
r 21:  |  |  |  |  | 19 | 60.10.32964 | 3646 | 电缆护套梁一L=3383,α=73.5 |  | 19 | 60.10.24555 | 3432 | 电缆护套梁二 L=3160 α=72.4
r 22:  |  |  |  |  |  |  |  |  |  | 20 | 60.10.23958 | 3437 | 电缆护套梁二 L=3166,α=72.4
r 23:  |  |  |  |  |  |  |  |  |  | 21 | 60.10.32243 | 3443.6 | 电缆护套梁二 L=3173 а=72.4
r 24:  |  |  |  |  |  |  |  |  |  | 22 | 60.10.30972 | 3444 | 电缆护套梁二 L=3174 α= 72.4
r 25:  |  |  |  |  |  |  |  |  |  | 23 | 60.10.26970 | 3447 | 电缆护套梁二 L=3177 α= 72.5
r 26:  |  |  |  |  |  |  |  |  |  | 24 | 60.10.33436 | 3454 | 电缆护套梁二 L=3184 α= 72.5
r 27:  |  |  |  |  |  |  |  |  |  | 25 | 60.10.22620 | 3477 | 电缆护套梁二L=3208  α=72.1
r 28:  |  |  |  |  |  |  |  |  |  | 26 | 60.10.32954 | 3487 | 电缆护套梁二 L=3219,α=72.7
r 29:  |  |  |  |  |  |  |  |  |  | 27 | 60.10.23507 | 3488 | 电缆护套梁二 L=3220 α= 72.7
r 30:  |  |  |  |  |  |  |  |  |  | 28 | 60.10.24560 | 3537 | 电缆护套梁二 L=3270 α=72.9

===== [布局表] SHEET: Sheet1  dims:A1:D28  max_row:28 max_col:4
r  1: 60.10.32288 | 3301 | 电缆护套梁二 L=3023 α=71.6
r  2: 60.10.32571 | 3301.6 | 电缆护套梁二 L=3024 α=71.6
r  3: 60.10.31619 | 3308 | 电缆护套梁二 L=3031 α=71.7
r  4: 60.10.33212 | 3324 | 电缆护套梁二 L=3048 α=71.8
r  5: 60.10.30009 | 3330 | 电缆护套梁二 L=3054,α=71.8
r  6: 60.10.23193 | 3338 | 电缆护套梁二L=3057 α=71.8
r  7: 60.10.27558 | 3358 | 电缆护套梁二 L=3083,α=72
r  8: 60.10.23950 | 3367 | 电缆护套梁二 L=3093 α=72
r  9: 60.10.23190 | 3389 | 电缆护套梁二L=3116  α=72.1
r 10: 60.10.22628 | 3391 | 电缆护套梁二L=3118 α=71.8
r 11: 60.10.36019 | 3391.5 | 电缆护套梁二 L=3119 α= 72.1
r 12: 60.10.26560 | 3394 | 电缆护套梁二 L=3121,α=72.2
r 13: 60.10.23499 | 3397 | 电缆护套梁二 L=3124 α=72.2
r 14: 60.10.24770 | 3403 | 电缆护套梁二 L=3131 α=72.2
r 15: 60.10.19902 | 3411 | 电缆护套梁二，L=3139，α=72.3°
r 16: 60.10.27004 | 3414 | 电缆护套梁二 L=3142 α=72.3
r 17: 60.10.34995 | 3418 | 电缆护套梁二 L=3146 α=72.3
r 18: 60.10.28400 | 3422 | 电缆护套梁二 L=3151 α=72.3
r 19: 60.10.24555 | 3432 | 电缆护套梁二 L=3160 α=72.4
r 20: 60.10.23958 | 3437 | 电缆护套梁二 L=3166,α=72.4
r 21: 60.10.32243 | 3443.6 | 电缆护套梁二 L=3173 а=72.4
r 22: 60.10.30972 | 3444 | 电缆护套梁二 L=3174 α= 72.4
r 23: 60.10.26970 | 3447 | 电缆护套梁二 L=3177 α= 72.5
r 24: 60.10.33436 | 3454 | 电缆护套梁二 L=3184 α= 72.5
r 25: 60.10.22620 | 3477 | 电缆护套梁二L=3208  α=72.1
r 26: 60.10.32954 | 3487 | 电缆护套梁二 L=3219,α=72.7
r 27: 60.10.23507 | 3488 | 电缆护套梁二 L=3220 α= 72.7
r 28: 60.10.24560 | 3537 | 电缆护套梁二 L=3270 α=72.9
##########################################################################################
主体表 SHEETS: ['Description', 'TowerGeo', 'Flange', 'Door', '线缆孔尺寸', '顶法兰']

===== [主体表] SHEET: Description  dims:A1:M231  max_row:231 max_col:13
r  1: 机组信息 | 叶轮直径(m) | 功率(MW) | 叶片 | 风区 | 顶法兰 | 项目名称 | 备注 | 主体重量预估/吨 | 产品代码
r  2:  | 182 | 7.5 |  | S | V12 | SERITI_南非_Ummbila_Gamma_Ⅳ_187.5MW | 中对齐+附件DC90 | 434 | V12 | -30 | 31571 | 2025-10-31 09:01:18.015754
r  4: 1、此模板作为常规钢塔架设计数据格式模板；
r  5: 2、数据的更改均应与相关工程师沟通后进行更改并做好记录；
r  6: 3、一键出图程序开发均基于此基本数据进行，对于格式的更改需同相关工程师沟通；
r  7: 2017.1.4
r  8: 4、增加了对焊缝疲劳Detail category值要求；
r  9: 5、增加了法兰螺栓等级；
r 10: 6、增加机组信息说明；
r 11: 7、T型法兰增加两列（非特殊T型法兰可不填写）；
r 12: 8、数据要求：数据单元格中的数据为标准数据，不能有有空格、符号、单位等；
r 13: 9、塔架主体数据增加了焊缝中间对齐的数据表格。
r 14: 2017.9.20
r 15: 10、增加了一种门洞方案,本项目用哪种门洞方案，请在相应的表格内填写参数。
r 16: 2017.11.6
r 17: 11、第二种门洞方案中将门洞固定尺寸改为参数。
r 18: 2017.11.13
r 19: 12、修改局部加强门洞方案
r 20: 2017.12.12
r 21: 13、在说明中选择顶法兰后即可在法兰中更新顶法兰图片，更新后，之前模板作废
r 22: 14、说明中增加项目名称、备注（是否终板或仅供招标参考等）
r 23: 2018.4.02
r 24: 15、数字区域格式规定为数字，之前模板作废。
r 25: 2018.05.01
r 26: 16、锚栓增加设计预紧力一栏，之前模板作废
r 27: 2018.7.5
r 28: 17、door中增加基础环信息，如果没有基础环，请删除参数值
r 29: 18、模板中增加2MW-顶法兰脖子厚度为20的
r 30: 19、门框加强版后面增加三列，改为通用加强版模板
r 31: 20、法兰脖子高度为必填项（包括顶法兰），之前模板作废
r 32: 21、说明中增加了主体重量
r 33: 2020.2.19
r 34: 22、增加了bladed数据sheet表

===== [主体表] SHEET: TowerGeo  dims:A1:N288  max_row:288 max_col:14
r  1: 段数 | 标高(下）(m) | dbottom（mm）
外径 | 标高(上)(m) | dtop（mm）
外径 | 壁厚(mm) | 疲劳Detail category
标高(下)焊缝对应值 |  |  |  |  |  | 认证参考板材等级
r  2: 1 | 0.65 | 5013 | 0.8400000000000001 | 5013 | 63
r  3: 2 | 0.8400000000000001 | 5013 | 3.52 | 5013 | 63 |  |  |  |  |  |  | Q355C
r  4: 3 | 3.52 | 5013 | 6.32 | 5013 | 63 |  |  |  |  |  |  | Q355C
r  5: 4 | 6.32 | 5003 | 8.56 | 5003 | 53 |  |  |  |  |  |  | Q355C
r  6: 5 | 8.56 | 4998 | 10.61 | 4998 | 48 |  |  |  |  |  |  | Q355C
r  7: 6 | 10.61 | 4995 | 12.79 | 4995 | 45 |  |  |  |  |  |  | Q355C
r  8: 7 | 12.79 | 4990 | 14.675 | 4990 | 40 |  |  |  |  |  |  | Q355C
r  9: 8 | 14.675 | 4990 | 14.89 | 4990 | 40
r 10: 9 | 14.89 | 4990 | 15.105 | 4990 | 40
r 11: 10 | 15.105 | 4990 | 17.69 | 4990 | 40 |  |  |  |  |  |  | Q355C
r 12: 11 | 17.69 | 4990 | 20.49 | 4990 | 40 |  |  |  |  |  |  | Q355C
r 13: 12 | 20.49 | 4990 | 23.29 | 4990 | 40 |  |  |  |  |  |  | Q355C
r 14: 13 | 23.29 | 4990 | 26.09 | 4990 | 40 |  |  |  |  |  |  | Q355C
r 15: 14 | 26.09 | 4990 | 28.89 | 4990 | 40 |  |  |  |  |  |  | Q355C
r 16: 15 | 28.89 | 4986 | 31.57 | 4986 | 36 |  |  |  |  |  |  | Q355C
r 17: 16 | 31.57 | 4982 | 33.195 | 4982 | 32 |  |  |  |  |  |  | Q355C
r 18: 17 | 33.195 | 4982 | 33.37 | 4982 | 32
r 19: 18 | 33.37 | 4982 | 33.54499999999999 | 4982 | 32
r 20: 19 | 33.54499999999999 | 4982 | 36.17000000000002 | 4982 | 32 |  |  |  |  |  |  | Q355C
r 21: 20 | 36.17000000000002 | 4982 | 38.97000000000002 | 4982 | 32 |  |  |  |  |  |  | Q355C
r 22: 21 | 38.97000000000002 | 4982 | 41.77000000000001 | 4982 | 32 |  |  |  |  |  |  | Q355C
r 23: 22 | 41.77000000000001 | 4980 | 44.57 | 4980 | 30 |  |  |  |  |  |  | Q355C
r 24: 23 | 44.57 | 4976 | 47.37 | 4976 | 26 |  |  |  |  |  |  | Q355C
r 25: 24 | 47.37 | 4974.3 | 50.16999999999999 | 4974.3 | 24.3 |  |  |  |  |  |  | Q355C
r 26: 27 | 50.16999999999999 | 4973.6 | 52.825 | 4973.6 | 23.6 |  |  |  |  |  |  | Q355C
r 27: 28 | 52.825 | 4973 | 52.96999999999998 | 4973 | 23
r 28: 29 | 52.96999999999998 | 4973 | 53.115 | 4973 | 23
r 29: 30 | 53.115 | 4973 | 55.76999999999998 | 4973 | 23 |  |  |  |  |  |  | Q355C
r 30: 31 | 55.76999999999998 | 4972 | 58.56999999999998 | 4972 | 22 |  |  |  |  |  |  | Q355C
r 31: 32 | 58.56999999999998 | 4971.6 | 61.36999999999997 | 4971.6 | 21.6 |  |  |  |  |  |  | Q355C
r 32: 33 | 61.36999999999997 | 4971 | 64.16999999999997 | 4971 | 21 |  |  |  |  |  |  | Q355C
r 33: 34 | 64.16999999999997 | 4971 | 66.96999999999997 | 4971 | 21 |  |  |  |  |  |  | Q355C
r 34: 35 | 66.96999999999997 | 4970.6 | 69.76999999999997 | 4970.6 | 20.6 |  |  |  |  |  |  | Q355C
r 35: 36 | 69.76999999999997 | 4970 | 72.56999999999996 | 4970 | 20 |  |  |  |  |  |  | Q355C
r 36: 37 | 72.56999999999996 | 4969.299999999999 | 75.36999999999996 | 4969.299999999999 | 19.3 |  |  |  |  |  |  | Q355C
r 37: 38 | 75.36999999999996 | 4968.6 | 77.77 | 4968.6 | 18.6 |  |  |  |  |  |  | Q355C
r 38: 39 | 77.77 | 4968.6 | 77.88999999999996 | 4968.6 | 18.6
r 39: 40 | 77.88999999999996 | 4968.6 | 78.01 | 4968.6 | 18.6
r 40: 41 | 78.01 | 4968.6 | 80.68999999999997 | 4913.700000000001 | 18.6 |  |  |  |  |  |  | Q355C
r 41: 42 | 80.68999999999997 | 4913.1 | 83.48999999999997 | 4855.8 | 18 |  |  |  |  |  |  | Q355C
r 42: 43 | 83.48999999999997 | 4855.400000000001 | 86.28999999999996 | 4798 | 17.6 |  |  |  |  |  |  | Q355C
r 43: 44 | 86.28999999999996 | 4798 | 89.08999999999996 | 4740.599999999999 | 17.6 |  |  |  |  |  |  | Q355C
r 44: 45 | 89.08999999999996 | 4740 | 91.88999999999996 | 4682.7 | 17 |  |  |  |  |  |  | Q355C
r 45: 46 | 91.88999999999996 | 4682.299999999999 | 94.68999999999996 | 4624.900000000001 | 16.6 |  |  |  |  |  |  | Q355C
r 46: 47 | 94.68999999999996 | 4624.3 | 97.48999999999995 | 4567 | 16 |  |  |  |  |  |  | Q355C
r 47: 48 | 97.48999999999995 | 4566.6 | 100.2899999999999 | 4509.2 | 15.6 |  |  |  |  |  |  | Q355C
r 48: 49 | 100.2899999999999 | 4508.9 | 102.42 | 4465.3 | 15.3 |  |  |  |  |  |  | Q355C
r 49: 50 | 102.42 | 4465.3 | 102.53 | 4465.3 | 15.3
r 50: 51 | 102.53 | 4465.3 | 102.64 | 4465.3 | 15.3
r 51: 52 | 102.64 | 4465 | 105.23 | 4398.5 | 15 |  |  |  |  |  |  | Q355C
r 52: 53 | 105.23 | 4398.5 | 107.9 | 4330 | 15 |  |  |  |  |  |  | Q355C
r 53: 54 | 107.9 | 4330 | 110.57 | 4261.499999999999 | 15 |  |  |  |  |  |  | Q355C
r 54: 55 | 110.57 | 4261.499999999999 | 113.24 | 4192.999999999999 | 15 |  |  |  |  |  |  | Q355C
r 55: 56 | 113.24 | 4192.599999999999 | 115.81 | 4126.7 | 14.6 |  |  |  |  |  |  | Q355C
r 56: 57 | 115.81 | 4126.099999999999 | 118.17 | 4065.5 | 14 |  |  |  |  |  |  | Q355C
r 57: 58 | 118.17 | 4065.5 | 120.87 | 3996.2000000000003 | 14 |  |  |  |  |  |  | Q355C
r 58: 59 | 120.87 | 3996.2000000000003 | 123.57 | 3927 | 14 |  |  |  |  |  |  | Q355C
r 59: 60 | 123.57 | 3928 | 126.265 | 3858.8 | 15 |  |  |  |  |  |  | Q355C
r 60: 61 | 126.265 | 3881.8 | 127.115 | 3860 | 38 |  |  |  |  |  |  | Q355C

===== [主体表] SHEET: Flange  dims:A1:Q18  max_row:18 max_col:17
r  1: 标高 | 外径 | 内径(mm) | 螺栓分度园直径(mm) | 法兰厚度(mm) | 颈厚 | 颈高 | 螺栓公称直径 | 螺栓孔直径 | 螺栓数 | 圆角（mm） | 法兰类型 | 螺栓等级 | T型法兰外径
r  2: (m) | da(mm) | di(mm) | dm(mm) | tfl(mm) | s(mm) | h(mm) | —— | dhole(mm) | n | r | —— | —— | Da_outerr(mm)
r  3: 0.65 | 5013 | 4540 | 4725 | 120 | 63 | 70 | 48 | 54 | 192 | 20 | T | 10.9 | 5360
r  4: 14.89 | 4990 | 4402 | 4748 | 175 | 40 | 40 | 64 | 67 | 114 | 10 | L | 10.9
r  5: 33.37 | 4982 | 4449 | 4772 | 140 | 32 | 35 | 56 | 59 | 120 | 10 | L | 10.9
r  6: 52.97 | 4973 | 4580 | 4812 | 115 | 23 | 30 | 42 | 45 | 176 | 10 | L | 10.9
r  7: 77.89 | 4968.6 | 4555 | 4816 | 90 | 18.6 | 30 | 42 | 45 | 120 | 10 | L | 10.9
r  8: 102.53 | 4465.3 | 4083 | 4332 | 80 | 15.3 | 30 | 36 | 39 | 124 | 10 | L | 10.9
r  9: 127.53 | 3860 | 3523 | 3650 | 300 | 38 | 115 | 36 | 39 | 112 |  | L | 10.9
r 18:  |  |  |  |  |  |  |  |  | V12-6X-tfl=300-s=38

===== [主体表] SHEET: Door  dims:A1:T22  max_row:22 max_col:20
r  1: 门框位置 | 塔筒外径 | 塔筒壁厚 | 高度 | 宽度 | 直边长度 | 门框厚度 | 门框宽度 | 塔筒外漏出 | 门框弧形 | 门框对焊位置 | 加强门洞 | 门框位置 | 塔筒外径
r  2: H（mm） | D(mm) | t(mm) | h1（mm） | b1(mm) | h2（mm） | bst（mm) | hst（mm） | L（mm） | 椭圆/圆 | 直边/顶部 |  | H（mm） | D(mm)
r  3: 3130 | 5013 | 63 | 3160 | 1000 | 1100 | 80 | 260 | 59 | 椭圆
r  5: 基础环顶法兰
r  6: tf | 厚度（mm）
r  7: hf | 颈部高度（mm）
r  8: ts | 颈厚（mm）
r  9: 壁厚变化处：基础环顶法兰焊缝处
r 10: da_e | 外径（mm）
r 11: ts_e | 环体壁厚（mm）
r 12: 椭圆孔
r 13: n_cy | 椭圆孔个数
r 14: a_cy | 椭圆长半轴（mm）
r 15: b_cy | 椭圆短半轴（mm）
r 16: h_cy | 椭圆孔中心至顶法兰距离（mm）
r 17: 基础环底法兰
r 18: da_base | 底法兰外径（mm）
r 19: di_base | 底法兰内径（mm）
r 20: tf_base | 底法兰厚度（mm）
r 21: 基础环总信息
r 22: h_total | 基础环总高度（mm）

===== [主体表] SHEET: 线缆孔尺寸  dims:A1:M3  max_row:3 max_col:13
r  1: 线缆孔中心距离底法兰下表面高度 | 与门洞相对位置（逆时针为正，顺时针为负） | 塔筒外径 | 塔筒壁厚 | 线缆孔长轴 | 线缆孔短轴 | 线缆孔加强环厚度 | 线缆孔加强环宽度 | 塔筒外漏出 | 线缆孔弧形 | 个数 | 板材 | 备注
r  2: （mm） | ° | (mm) | (mm) | （mm） | (mm) | （mm) | （mm） | （mm） | 椭圆/圆
r  3: 1200 | 90 | 5013 | 63 | 1080 | 660 | 63 | 235 | 85 | 椭圆 | 1 | 同门框

===== [主体表] SHEET: 顶法兰  dims:A1:B17  max_row:17 max_col:2
r  1: 2MW
r  2: 2.5MW
r  3: 3.0MW
r  4: 3MWS
r  5: 2.X
r  6: 2MW-20
r  7: 6MWS
