法兰标高: [0.65, 14.89, 33.37, 52.97, 77.89, 102.53, 127.53]
中段 = 第2..5段 (法兰区间 14.89→33.37→52.97→77.89→102.53)

==========================================================================
第2段 范围 14.890→33.370（段高 18480）
  B列行(r#, 标高下): [(10, 14.89), (11, 15.105), (12, 17.69), (13, 20.49), (14, 23.29), (15, 26.09), (16, 28.89), (17, 31.57), (18, 33.195)]
  B列→相对段底 (焊缝): [0, 215, 2800, 5600, 8400, 11200, 14000, 16680, 18305]
  含段顶后          : [0, 215, 2800, 5600, 8400, 11200, 14000, 16680, 18305, 18480]
  引擎焊缝现值      : [215, 2800, 5600, 8400, 11200, 14000, 16680, 18305, 18480]
  一致(B列+段顶)    : False
==========================================================================
第3段 范围 33.370→52.970（段高 19600）
  B列行(r#, 标高下): [(19, 33.37), (20, 33.54499999999999), (21, 36.17000000000002), (22, 38.97000000000002), (23, 41.77000000000001), (24, 44.57), (25, 47.37), (26, 50.16999999999999), (27, 52.825)]
  B列→相对段底 (焊缝): [0, 175, 2800, 5600, 8400, 11200, 14000, 16800, 19455]
  含段顶后          : [0, 175, 2800, 5600, 8400, 11200, 14000, 16800, 19455, 19600]
  引擎焊缝现值      : [175, 2800, 5600, 8400, 11200, 14000, 16800, 19455, 19600]
  一致(B列+段顶)    : False
==========================================================================
第4段 范围 52.970→77.890（段高 24920）
  B列行(r#, 标高下): [(28, 52.96999999999998), (29, 53.115), (30, 55.76999999999998), (31, 58.56999999999998), (32, 61.36999999999997), (33, 64.16999999999997), (34, 66.96999999999997), (35, 69.76999999999997), (36, 72.56999999999996), (37, 75.36999999999996), (38, 77.77)]
  B列→相对段底 (焊缝): [0, 145, 2800, 5600, 8400, 11200, 14000, 16800, 19600, 22400, 24800]
  含段顶后          : [0, 145, 2800, 5600, 8400, 11200, 14000, 16800, 19600, 22400, 24800, 24920]
  引擎焊缝现值      : [145, 2800, 5600, 8400, 11200, 14000, 16800, 19600, 22400, 24800, 24920]
  一致(B列+段顶)    : False
==========================================================================
第5段 范围 77.890→102.530（段高 24640）
  B列行(r#, 标高下): [(39, 77.88999999999996), (40, 78.01), (41, 80.68999999999997), (42, 83.48999999999997), (43, 86.28999999999996), (44, 89.08999999999996), (45, 91.88999999999996), (46, 94.68999999999996), (47, 97.48999999999995), (48, 100.2899999999999), (49, 102.42)]
  B列→相对段底 (焊缝): [0, 120, 2800, 5600, 8400, 11200, 14000, 16800, 19600, 22400, 24530]
  含段顶后          : [0, 120, 2800, 5600, 8400, 11200, 14000, 16800, 19600, 22400, 24530, 24640]
  引擎焊缝现值      : [120, 2800, 5600, 8400, 11200, 14000, 16800, 19600, 22400, 24530, 24640]
  一致(B列+段顶)    : False
