Flange 标高: [0.65, 14.89, 33.37, 52.97, 77.89, 102.53, 127.53]  段数: 6

逐段筒节（含贴法兰短节）：
  第1段 0.65→14.89  8节 高=[190.0, 2680.0, 2800.0, 2240.0, 2050.0, 2180.0, 1885.0, 215.0] 段高=14240
  第2段 14.89→33.37  9节 高=[215.0, 2585.0, 2800.0, 2800.0, 2800.0, 2800.0, 2680.0, 1625.0, 175.0] 段高=18480
  第3段 33.37→52.96999999999998  9节 高=[175.0, 2625.0, 2800.0, 2800.0, 2800.0, 2800.0, 2800.0, 2655.0, 145.0] 段高=19600
  第4段 52.96999999999998→77.88999999999996  11节 高=[145.0, 2655.0, 2800.0, 2800.0, 2800.0, 2800.0, 2800.0, 2800.0, 2800.0, 2400.0, 120.0] 段高=24920
  第5段 77.88999999999996→102.53  11节 高=[120.0, 2680.0, 2800.0, 2800.0, 2800.0, 2800.0, 2800.0, 2800.0, 2800.0, 2130.0, 110.0] 段高=24640
  第6段 102.53→127.53  13节 高=[110.0, 2590.0, 2670.0, 2670.0, 2670.0, 2570.0, 2360.0, 2700.0, 2700.0, 2695.0, 850.0, 115.0, 300.0] 段高=25000

中段 = [2, 3, 4, 5]

##############################################################################
基准A：含贴法兰短节（引擎现值）
  第2段 base=14.89 secH=18480 焊缝=[215, 2800, 5600, 8400, 11200, 14000, 16680, 18305, 18480]
      {1680,1960} → n=0 无解
      {1400,1680,1960} → n=9 位置=[980, 2380, 4340, 6300, 7980, 9940, 11620, 13580, 15540] 增量=[980, 1400, 1960, 1960, 1680, 1960, 1680, 1960, 1960] 末组到平台=1690 最小净距=377.5
  第3段 base=33.37 secH=19600 焊缝=[175, 2800, 5600, 8400, 11200, 14000, 16800, 19455, 19600]
      {1680,1960} → n=0 无解
      {1400,1680,1960} → n=0 无解
  第4段 base=52.96999999999998 secH=24920 焊缝=[145, 2800, 5600, 8400, 11200, 14000, 16800, 19600, 22400, 24800, 24920]
      {1680,1960} → n=0 无解
      {1400,1680,1960} → n=13 位置=[980, 2380, 4340, 6300, 7980, 9940, 11620, 13580, 15260, 17220, 18620, 20020, 21980] 增量=[980, 1400, 1960, 1960, 1680, 1960, 1680, 1960, 1680, 1960, 1400, 1400, 1960] 末组到平台=1690 最小净距=377.5
  第5段 base=77.88999999999996 secH=24640 焊缝=[120, 2800, 5600, 8400, 11200, 14000, 16800, 19600, 22400, 24530, 24640]
      {1680,1960} → n=0 无解
      {1400,1680,1960} → n=13 位置=[980, 2380, 4340, 6300, 7980, 9940, 11620, 13580, 15260, 17220, 18620, 20020, 21980] 增量=[980, 1400, 1960, 1960, 1680, 1960, 1680, 1960, 1680, 1960, 1400, 1400, 1960] 末组到平台=1410 最小净距=377.5

##############################################################################
基准B：剔除贴法兰短节
  第2段 base=15.105 secH=18090 焊缝=[2585, 5385, 8185, 10985, 13785, 16465, 18090]
      {1680,1960} → n=9 位置=[980, 2940, 4620, 6300, 7980, 9660, 11620, 13580, 15260] 增量=[980, 1960, 1680, 1680, 1680, 1680, 1960, 1960, 1680] 末组到平台=1580 最小净距=162.5
      {1400,1680,1960} → n=9 位置=[980, 2940, 4900, 6860, 8820, 10220, 11620, 13580, 15260] 增量=[980, 1960, 1960, 1960, 1960, 1400, 1400, 1960, 1680] 末组到平台=1580 最小净距=162.5
  第3段 base=33.54499999999999 secH=19280 焊缝=[2625, 5425, 8225, 11025, 13825, 16625, 19280]
      {1680,1960} → n=9 位置=[980, 2940, 4900, 6860, 8820, 10780, 12740, 14700, 16380] 增量=[980, 1960, 1960, 1960, 1960, 1960, 1960, 1960, 1680] 末组到平台=1650 最小净距=202.5
      {1400,1680,1960} → n=9 位置=[980, 2940, 4900, 6860, 8820, 10780, 12740, 14700, 16380] 增量=[980, 1960, 1960, 1960, 1960, 1960, 1960, 1960, 1680] 末组到平台=1650 最小净距=202.5
  第4段 base=53.115 secH=24655 焊缝=[2655, 5455, 8255, 11055, 13855, 16655, 19455, 22255, 24655]
      {1680,1960} → n=12 位置=[980, 2940, 4900, 6860, 8820, 10780, 12740, 14700, 16380, 18340, 20300, 21980] 增量=[980, 1960, 1960, 1960, 1960, 1960, 1960, 1960, 1680, 1960, 1960, 1680] 末组到平台=1425 最小净距=232.5
      {1400,1680,1960} → n=12 位置=[980, 2940, 4900, 6860, 8820, 10780, 12740, 14700, 16380, 18340, 20300, 21980] 增量=[980, 1960, 1960, 1960, 1960, 1960, 1960, 1960, 1680, 1960, 1960, 1680] 末组到平台=1425 最小净距=232.5
  第5段 base=78.01 secH=24410 焊缝=[2680, 5480, 8280, 11080, 13880, 16680, 19480, 22280, 24410]
      {1680,1960} → n=12 位置=[980, 2940, 4900, 6860, 8540, 10500, 12460, 14420, 16100, 18060, 20020, 21700] 增量=[980, 1960, 1960, 1960, 1680, 1960, 1960, 1960, 1680, 1960, 1960, 1680] 末组到平台=1460 最小净距=217.5
      {1400,1680,1960} → n=12 位置=[980, 2940, 4900, 6860, 8820, 10780, 12740, 14700, 16380, 18340, 20300, 21700] 增量=[980, 1960, 1960, 1960, 1960, 1960, 1960, 1960, 1680, 1960, 1960, 1400] 末组到平台=1460 最小净距=217.5
