======================================================================
中段第1段(第2段)  secH=18480  platH=17230
  welds=[215, 2800, 5600, 8400, 11200, 14000, 16680, 18305, 18480]
  平台下终止带 lastToPlatform∈[1400.0,1960.0] ⇒ 末组 h∈[15270.0,15830.0]
  [候选{1680,1960}(引擎现值)] 可行布局数=0  违规布局数=126
    第2组尝试：h2=2660(+1680) 净距=-315  h2=2940(+1960) 净距=-315  
  [候选{1400,1680,1960}] 可行布局数=0  违规布局数=5854
    第2组尝试：h2=2380(+1400) 净距=-35  h2=2660(+1680) 净距=-315  h2=2940(+1960) 净距=-315  
======================================================================
中段第2段(第3段)  secH=19600  platH=18350
  welds=[175, 2800, 5600, 8400, 11200, 14000, 16800, 19455, 19600]
  平台下终止带 lastToPlatform∈[1400.0,1960.0] ⇒ 末组 h∈[16390.0,16950.0]
  [候选{1680,1960}(引擎现值)] 可行布局数=0  违规布局数=121
    第2组尝试：h2=2660(+1680) 净距=-315  h2=2940(+1960) 净距=-315  
  [候选{1400,1680,1960}] 可行布局数=0  违规布局数=11526
    第2组尝试：h2=2380(+1400) 净距=-35  h2=2660(+1680) 净距=-315  h2=2940(+1960) 净距=-315  
======================================================================
中段第3段(第4段)  secH=24920  platH=23670
  welds=[145, 2800, 5600, 8400, 11200, 14000, 16800, 19600, 22400, 24800, 24920]
  平台下终止带 lastToPlatform∈[1400.0,1960.0] ⇒ 末组 h∈[21710.0,22270.0]
  [候选{1680,1960}(引擎现值)] 可行布局数=0  违规布局数=781
    第2组尝试：h2=2660(+1680) 净距=-315  h2=2940(+1960) 净距=-315  
  [候选{1400,1680,1960}] 可行布局数=0  违规布局数=399090
    第2组尝试：h2=2380(+1400) 净距=-35  h2=2660(+1680) 净距=-315  h2=2940(+1960) 净距=-315  
======================================================================
中段第4段(第5段)  secH=24640  platH=23390
  welds=[120, 2800, 5600, 8400, 11200, 14000, 16800, 19600, 22400, 24530, 24640]
  平台下终止带 lastToPlatform∈[1400.0,1960.0] ⇒ 末组 h∈[21430.0,21990.0]
  [候选{1680,1960}(引擎现值)] 可行布局数=0  违规布局数=506
    第2组尝试：h2=2660(+1680) 净距=-315  h2=2940(+1960) 净距=-315  
  [候选{1400,1680,1960}] 可行布局数=0  违规布局数=328800
    第2组尝试：h2=2380(+1400) 净距=-35  h2=2660(+1680) 净距=-315  h2=2940(+1960) 净距=-315  

======================================================================
灯布置（逐螺柱 |灯位±250 − w| > 100，首灯∈[2600,3000]，间距首选 10000、≥5000）
  中段第1段(第2段): 首灯=2660.0  灯位=[2660.0, 12660.0]
  中段第2段(第3段): 首灯=2660.0  灯位=[2660.0, 12660.0]
  中段第3段(第4段): 首灯=2660.0  灯位=[2660.0, 12660.0, 22540.0]
  中段第4段(第5段): 首灯=2660.0  灯位=[2660.0, 12660.0, 22540.0]
