################################################################################
边缘偏移 off=42.5（新口径 W_Rung/2）  候选=[1680, 1960]
判据: |h-w| - 42.5 > 100.0  ⇒ |h-w| > 142.5
  中段第1段(第2段): 无解 (n=0)
  中段第2段(第3段): 无解 (n=0)
  中段第3段(第4段): 无解 (n=0)
  中段第4段(第5段): 无解 (n=0)

################################################################################
边缘偏移 off=455.0（旧口径 W_LADDER_I/2）  候选=[1680, 1960]
判据: |h-w| - 455.0 > 100.0  ⇒ |h-w| > 555.0
  中段第1段(第2段): 无解 (n=0)
  中段第2段(第3段): 无解 (n=0)
  中段第3段(第4段): 无解 (n=0)
  中段第4段(第5段): 无解 (n=0)

################################################################################
边缘偏移 off=42.5（新口径 W_Rung/2）  候选=[1400, 1680, 1960]
判据: |h-w| - 42.5 > 100.0  ⇒ |h-w| > 142.5
  中段第1段(第2段): n=9 位置=[980, 2380, 4340, 6300, 7980, 9940, 11620, 13580, 15540] 增量=[980, 1400, 1960, 1960, 1680, 1960, 1680, 1960, 1960] 末组到平台=1690 最小边缘净距=377.5
  中段第2段(第3段): 无解 (n=0)
  中段第3段(第4段): n=13 位置=[980, 2380, 4340, 6300, 7980, 9940, 11620, 13580, 15260, 17220, 18620, 20020, 21980] 增量=[980, 1400, 1960, 1960, 1680, 1960, 1680, 1960, 1680, 1960, 1400, 1400, 1960] 末组到平台=1690 最小边缘净距=377.5
  中段第4段(第5段): n=13 位置=[980, 2380, 4340, 6300, 7980, 9940, 11620, 13580, 15260, 17220, 18620, 20020, 21980] 增量=[980, 1400, 1960, 1960, 1680, 1960, 1680, 1960, 1680, 1960, 1400, 1400, 1960] 末组到平台=1410 最小边缘净距=377.5

################################################################################
第2段 焊缝=2800 附近，附件网格位置(≡140 mod 280) 的边缘净距 off=42.5:
   h= 1260 (980+1×280)  |h-2800|= 1540  净距=1497.5  OK
   h= 1540 (980+2×280)  |h-2800|= 1260  净距=1217.5  OK
   h= 1820 (980+3×280)  |h-2800|=  980  净距= 937.5  OK
   h= 2100 (980+4×280)  |h-2800|=  700  净距= 657.5  OK
   h= 2380 (980+5×280)  |h-2800|=  420  净距= 377.5  OK
   h= 2660 (980+6×280)  |h-2800|=  140  净距=  97.5  冲突
   h= 2940 (980+7×280)  |h-2800|=  140  净距=  97.5  冲突
   h= 3220 (980+8×280)  |h-2800|=  420  净距= 377.5  OK
   h= 3500 (980+9×280)  |h-2800|=  700  净距= 657.5  OK
   h= 3780 (980+10×280)  |h-2800|=  980  净距= 937.5  OK
   h= 4060 (980+11×280)  |h-2800|= 1260  净距=1217.5  OK
################################################################################
第2段 焊缝=2800 附近，附件网格位置(≡140 mod 280) 的边缘净距 off=455.0:
   h= 1260 (980+1×280)  |h-2800|= 1540  净距=1085.0  OK
   h= 1540 (980+2×280)  |h-2800|= 1260  净距= 805.0  OK
   h= 1820 (980+3×280)  |h-2800|=  980  净距= 525.0  OK
   h= 2100 (980+4×280)  |h-2800|=  700  净距= 245.0  OK
   h= 2380 (980+5×280)  |h-2800|=  420  净距= -35.0  冲突
   h= 2660 (980+6×280)  |h-2800|=  140  净距=-315.0  冲突
   h= 2940 (980+7×280)  |h-2800|=  140  净距=-315.0  冲突
   h= 3220 (980+8×280)  |h-2800|=  420  净距= -35.0  冲突
   h= 3500 (980+9×280)  |h-2800|=  700  净距= 245.0  OK
   h= 3780 (980+10×280)  |h-2800|=  980  净距= 525.0  OK
   h= 4060 (980+11×280)  |h-2800|= 1260  净距= 805.0  OK
