[INFO] 已加载配置: D:\work\Ontology\TraditionalChineseMedicineOntologyBasedonReasonerMiniBOxTBoxABox\OntologyMachine\EnvPrepare\scripts\startup-config.properties
       JAVA_HOME = C:\Program Files\Java\jdk-26.0.1
       MYSQL_SRV_NAME = MySQL80
       ONTOP_HOME = D:\work\Ontology\ontop-cli-5.5.0
       CAMUNDA_HOME = D:\work\Ontology\c8run-8.9.6
       RABBITMQ_HOME = D:\work\Ontology\rabbitmq_server-4.3.4
       ONTOP_PROPERTIES = D:\work\Ontology\TraditionalChineseMedicineOntologyBasedonReasonerMiniBOxTBoxABox\ontology\database\fangji-yaowu.properties
       ONTOP_MAPPING = D:\work\Ontology\TraditionalChineseMedicineOntologyBasedonReasonerMiniBOxTBoxABox\ontology\database\fangji-yaowu.obda
       ONTOLOGY_FILE = D:\work\Ontology\TraditionalChineseMedicineOntologyBasedonReasonerMiniBOxTBoxABox\ontology\tcm-all.owl
       ONTOLOGY_CATALOG = D:\work\Ontology\TraditionalChineseMedicineOntologyBasedonReasonerMiniBOxTBoxABox\ontology\catalog-v001.xml
[INFO] 统一日志目录: D:\work\Ontology\TraditionalChineseMedicineOntologyBasedonReasonerMiniBOxTBoxABox\OntologyMachine\EnvPrepare\scripts\logs
==================================================
 🚀 开始初始化本体环境服务 
==================================================
[STOP] Camunda: 执行 c8run.exe stop ...
       ✅ Camunda 停止指令已发送
[STOP] Ontop: 查找并终止进程树 ...
       正在终止 Ontop 进程树 PID=24268 ...
       ✅ Ontop 已完全停止
[STOP] RabbitMQ: 查找并终止 Erlang 节点 ...
       正在终止 PID=15336 (erl.exe) ...
       ✅ RabbitMQ 已完全停止，端口 25672 已释放
[START] MySQL: 检查 Windows 服务 'MySQL80' 状态 ...
       ℹ️  MySQL80 已在运行中，跳过启动
[START] RabbitMQ: D:\work\Ontology\rabbitmq_server-4.3.4\sbin\rabbitmq-server.bat
       ✅ RabbitMQ 已启动 (PID=19688)
       📄 日志输出: D:\work\Ontology\TraditionalChineseMedicineOntologyBasedonReasonerMiniBOxTBoxABox\OntologyMachine\EnvPrepare\scripts\logs\rabbitmq.log
       📎 Properties: file:///D:/work/Ontology/TraditionalChineseMedicineOntologyBasedonReasonerMiniBOxTBoxABox/ontology/database/fangji-yaowu.properties
       📎 Mapping:    file:///D:/work/Ontology/TraditionalChineseMedicineOntologyBasedonReasonerMiniBOxTBoxABox/ontology/database/fangji-yaowu.obda
       📎 Ontology:   file:///D:/work/Ontology/TraditionalChineseMedicineOntologyBasedonReasonerMiniBOxTBoxABox/ontology/tcm-all.owl
       📎 Catalog:    D:\work\Ontology\TraditionalChineseMedicineOntologyBasedonReasonerMiniBOxTBoxABox\ontology\catalog-v001.xml
[START] Ontop: D:\work\Ontology\ontop-cli-5.5.0\ontop.bat endpoint --properties file:///D:/work/Ontology/TraditionalChineseMedicineOntologyBasedonReasonerMiniBOxTBoxABox/ontology/database/fangji-yaowu.properties --xml-catalog D:\work\Ontology\TraditionalChineseMedicineOntologyBasedonReasonerMiniBOxTBoxABox\ontology\catalog-v001.xml -m file:///D:/work/Ontology/TraditionalChineseMedicineOntologyBasedonReasonerMiniBOxTBoxABox/ontology/database/fangji-yaowu.obda -t file:///D:/work/Ontology/TraditionalChineseMedicineOntologyBasedonReasonerMiniBOxTBoxABox/ontology/tcm-all.owl
       ✅ Ontop 已启动 (PID=28460)
       📄 日志输出: D:\work\Ontology\TraditionalChineseMedicineOntologyBasedonReasonerMiniBOxTBoxABox\OntologyMachine\EnvPrepare\scripts\logs\ontop.log
[START] Camunda: D:\work\Ontology\c8run-8.9.6\c8run.exe start --port 9080
       ✅ Camunda 已启动 (PID=28224)

==================================================
 ✅ 所有服务已启动。
 📂 统一日志目录: D:\work\Ontology\TraditionalChineseMedicineOntologyBasedonReasonerMiniBOxTBoxABox\OntologyMachine\EnvPrepare\scripts\logs
 ⏹️  按 Ctrl+C 停止所有服务并退出。
==================================================

