
╔══════════════════════════════════════════════════════════════════════════╗
║            经方方证 JUnit 测试套件 —— 串跑 + 结果汇总                    ║
╚══════════════════════════════════════════════════════════════════════════╝
测试类（1 个）：[ShaoyinTaiyinFangzhengTest]
执行模式：单 JVM 顺序串跑

√ Zeebe 网关 localhost:26500 可达
√ 本体推理 Worker localhost:9081 可达

SLF4J(W): Class path contains multiple SLF4J providers.
SLF4J(W): Found provider [ch.qos.logback.classic.spi.LogbackServiceProvider@352c308]
SLF4J(W): Found provider [org.apache.logging.slf4j.SLF4JServiceProvider@7d373bcf]
SLF4J(W): Found provider [org.slf4j.simple.SimpleServiceProvider@6d6bc158]
SLF4J(W): See https://www.slf4j.org/codes.html#multiple_bindings for an explanation.
SLF4J(I): Actual provider is of type [ch.qos.logback.classic.spi.LogbackServiceProvider@352c308]
? Deploying BPMN from: D:/work/Ontology/TraditionalChineseMedicineOntologyBasedonReasonerMiniBOxTBoxABox/ontology/Jingfang_Diagnosis.bpmn
14:24:04.709 [main] WARN io.camunda.zeebe.client.impl.ZeebeClientImpl -- ZeebeClient is deprecated and will be removed in version 8.10. Please migrate to io.camunda.client.CamundaClient.
WARNING: A terminally deprecated method in sun.misc.Unsafe has been called
WARNING: sun.misc.Unsafe::arrayBaseOffset has been called by com.google.protobuf.UnsafeUtil (file:/C:/Users/ocean/.m2/repository/com/google/protobuf/protobuf-java/4.34.2/protobuf-java-4.34.2.jar)
WARNING: Please consider reporting this to the maintainers of class com.google.protobuf.UnsafeUtil
WARNING: sun.misc.Unsafe::arrayBaseOffset will be removed in a future release
? 流程已部署，key=2251799813731566, version=1
? 已加载本体实例清单: 724 个（来源 D:\work\Ontology\TraditionalChineseMedicineOntologyBasedonReasonerMiniBOxTBoxABox\ontology）
? 已加载互斥索引: 49 对，展开后涉及 121 个 fragment（来源 D:\work\Ontology\TraditionalChineseMedicineOntologyBasedonReasonerMiniBOxTBoxABox\ontology）

===== 桂枝加芍药汤证 =====
八纲：{表里=[里证], 寒热=[], 虚实=[虚证], 阴阳=[阴证], bagangTypes=[里证, 虚证, 阴证]}
六经：太阴病
方证：桂枝加芍药汤证
推荐方剂：桂枝加芍药汤加附子
药物组成：[大枣, 甘草, 桂枝, 芍药, 生姜, 附子]
六经列表：[太阴病]
合病标记：null
命中主证：[腹满, 时痛]
命中或然证：[]
候选命中主证：[[腹满, 时痛], [腹满], [腹满], [腹满], []]
候选缺口：[[], [口舌干燥], [按之不痛], [不渴, 下利], [不渴, 妇人少腹满如敦状, 生后者, 小便难]]
候选命中或然证：[[], [], [], [], [腹满]]
候选方证：[桂枝加芍药汤证, 己椒苈黄丸证, 厚朴生姜半夏甘草人参汤证, 理中汤证, 大黄甘遂汤证]
候选方证打分：[Guizhijiashaoyaotangzheng(hits=4/4, gap=0, poss=0/0, prio=3), Jijiaolihuangwanzheng(hits=3/4, gap=1, poss=0/0, prio=3), Houposhengjiangbanxiagancaorenshentangzheng(hits=3/4, gap=1, poss=0/1, prio=3), Lizhongtangzheng(hits=3/5, gap=2, poss=0/0, prio=3), Dahuanggansuitangzheng(hits=2/6, gap=4, poss=1/2, prio=2)]
兼夹证：[]
加味药物：[附子]
配伍禁忌警告：[]
[通过] ShaoyinTaiyinFangzhengTest         t_guizhijiashaoyaotang         「桂枝加芍药汤证」        0.60s

===== 桂枝加大黄汤证 =====
八纲：{表里=[里证], 寒热=[], 虚实=[虚证], 阴阳=[阴证], bagangTypes=[里证, 虚证, 阴证]}
六经：太阴病
方证：桂枝加大黄汤证
推荐方剂：桂枝加大黄汤加减
药物组成：[大黄, 大枣, 甘草, 桂枝, 芍药, 生姜]
六经列表：[太阴病]
合病标记：null
命中主证：[腹痛, 拒按]
命中或然证：[]
候选命中主证：[[腹痛, 拒按], [腹痛], [腹满], [腹满], [腹痛], [腹满], [腹满], [腹痛], [腹痛], [腹痛]]
候选缺口：[[], [], [时痛], [口舌干燥], [刺痛], [按之不痛], [不渴, 下利], [刺痛, 少腹拘急], [腹中雷鸣, 呕吐, 胸胁苦满], [手足冷, 往来寒热, 下利, 胸胁苦满]]
候选命中或然证：[[], [], [], [], [], [], [], [], [], []]
候选方证：[桂枝加大黄汤证, 排脓散证, 桂枝加芍药汤证, 己椒苈黄丸证, 红蓝花酒证, 厚朴生姜半夏甘草人参汤证, 理中汤证, 内补当归建中汤证, 附子粳米汤证, 四逆散证]
候选方证打分：[Guizhijiadahuangtangzheng(hits=4/4, gap=0, poss=0/0, prio=3), Painongsanzheng(hits=3/3, gap=0, poss=0/0, prio=3), Guizhijiashaoyaotangzheng(hits=3/4, gap=1, poss=0/0, prio=3), Jijiaolihuangwanzheng(hits=3/4, gap=1, poss=0/0, prio=3), Honglanhuajiuzheng(hits=3/4, gap=1, poss=0/0, prio=5), Houposhengjiangbanxiagancaorenshentangzheng(hits=3/4, gap=1, poss=0/1, prio=3), Lizhongtangzheng(hits=3/5, gap=2, poss=0/0, prio=3), Neibudangguijianzhongtangzheng(hits=3/5, gap=2, poss=0/3, prio=3), Fuzijingmitangzheng(hits=3/6, gap=3, poss=0/0, prio=3), Sinisanzheng(hits=3/7, gap=4, poss=0/0, prio=3)]
兼夹证：[]
加味药物：[]
配伍禁忌警告：[]
[通过] ShaoyinTaiyinFangzhengTest         t_guizhijiadahuangtang         「桂枝加大黄汤证」        0.52s

===== 麻黄附子细辛汤证 =====
八纲：{表里=[表证], 寒热=[], 虚实=[虚证], 阴阳=[阴证], bagangTypes=[表证, 虚证, 阳证, 阴证]}
六经：太少两感
方证：麻黄附子细辛汤证
推荐方剂：麻黄附子细辛汤
药物组成：[附子, 麻黄, 细辛]
六经列表：[少阴病, 太阳病]
合病标记：太少两感
命中主证：[沉脉, 发热]
命中或然证：[]
候选命中主证：[[沉脉, 发热], [但欲寐, 恶寒], [恶寒], [恶寒], [恶寒, 发热], [恶寒, 发热], [恶寒, 发热], [发热], [无汗], [发热]]
候选缺口：[[], [], [胸满], [身疼烦], [身黄, 腹满], [如疟状, 一日再发], [面有热色, 身痒], [微呕, 气上撞心], [浮紧脉, 身痛], [日晡所剧, 一身尽疼]]
候选命中或然证：[[], [], [], [], [], [], [], [], [恶寒, 发热], [恶寒]]
候选方证：[麻黄附子细辛汤证, 麻黄附子甘草汤证, 桂枝去芍药加附子汤证, 麻黄加术汤证, 麻黄连翘赤小豆汤证, 桂枝二麻黄一汤证, 桂枝麻黄各半汤证, 柴胡桂枝汤证, 麻黄汤证, 麻杏薏甘汤证]
候选方证打分：[Mahuangfuzixixintangzheng(hits=4/4, gap=0, poss=0/0, prio=2), Mahuangfuzigancaotangzheng(hits=4/4, gap=0, poss=0/0, prio=3), Guizhiqushaoyaojiafuzitangzheng(hits=3/4, gap=1, poss=0/0, prio=2), Mahuangjiazhutangzheng(hits=3/4, gap=1, poss=0/0, prio=3), Mahuanglianqiaochixiaodoutangzheng(hits=5/7, gap=2, poss=0/0, prio=3), Guizhiermahuangyitangzheng(hits=4/6, gap=2, poss=0/0, prio=3), Guizhimahuanggebantangzheng(hits=4/6, gap=2, poss=0/0, prio=3), Chaihuguizhitangzheng(hits=4/6, gap=2, poss=0/0, prio=3), Mahuangtangzheng(hits=3/5, gap=2, poss=2/4, prio=2), Maxingyigantangzheng(hits=3/5, gap=2, poss=1/2, prio=3)]
兼夹证：[]
加味药物：[]
配伍禁忌警告：[]
[通过] ShaoyinTaiyinFangzhengTest         shouldDiagnoseMahuangFuziXixinTangPattern 「麻黄附子细辛汤证诊断」     0.42s

===== 麻黄附子甘草汤证 =====
八纲：{表里=[表证], 寒热=[], 虚实=[虚证], 阴阳=[阴证], bagangTypes=[表证, 虚证, 阴证]}
六经：少阴病
方证：麻黄附子甘草汤证
推荐方剂：麻黄附子甘草汤
药物组成：[附子, 甘草, 麻黄]
六经列表：[少阴病]
合病标记：null
命中主证：[但欲寐, 恶寒]
命中或然证：[]
候选命中主证：[[但欲寐, 恶寒], [沉脉], [微细脉], []]
候选缺口：[[], [发热], [不恶寒, 手足冷, 下利清谷], [不能饮食, 腹满, 肌肤甲错, 两目黯黑, 五劳虚极]]
候选命中或然证：[[], [], [], [沉脉]]
候选方证：[麻黄附子甘草汤证, 麻黄附子细辛汤证, 通脉四逆汤证, 大黄蛰虫丸证]
候选方证打分：[Mahuangfuzigancaotangzheng(hits=4/4, gap=0, poss=0/0, prio=3), Mahuangfuzixixintangzheng(hits=3/4, gap=1, poss=0/0, prio=2), Tongmaisinitangzheng(hits=3/6, gap=3, poss=0/1, prio=1), Dahuangzhechongwanzheng(hits=2/7, gap=5, poss=1/2, prio=2)]
兼夹证：[]
加味药物：[]
配伍禁忌警告：[]
[通过] ShaoyinTaiyinFangzhengTest         t_mahuangfuzigancaotang        「麻黄附子甘草汤证」       0.41s

===== 麻黄附子汤证 =====
八纲：{表里=[表证], 寒热=[], 虚实=[虚证], 阴阳=[阴证], bagangTypes=[表证, 虚证, 阴证]}
六经：少阴病
方证：麻黄附子汤证
推荐方剂：麻黄附子汤
药物组成：[附子, 甘草, 麻黄]
六经列表：[少阴病]
合病标记：null
命中主证：[沉小脉, 水肿, 无汗, 小便不利]
命中或然证：[]
候选命中主证：[[沉小脉, 水肿, 无汗, 小便不利], [但欲寐], [小便不利], [小便不利], [小便不利], [微细脉]]
候选缺口：[[], [恶寒], [少腹拘急, 腰痛], [腹痛, 下利脓血], [发热, 口渴], [不恶寒, 手足冷, 下利清谷]]
候选命中或然证：[[], [], [], [], [], []]
候选方证：[麻黄附子汤证, 麻黄附子甘草汤证, 肾气丸证, 桃花汤证, 猪苓汤证, 通脉四逆汤证]
候选方证打分：[Mahuangfuzitangzheng(hits=6/6, gap=0, poss=0/0, prio=3), Mahuangfuzigancaotangzheng(hits=3/4, gap=1, poss=0/0, prio=3), Shenqiwanzheng(hits=3/5, gap=2, poss=0/0, prio=3), Taohuatangzheng(hits=3/5, gap=2, poss=0/1, prio=1), Zhulingtangzheng(hits=3/5, gap=2, poss=0/0, prio=2), Tongmaisinitangzheng(hits=3/6, gap=3, poss=0/1, prio=1)]
兼夹证：[]
加味药物：[]
配伍禁忌警告：[]
[通过] ShaoyinTaiyinFangzhengTest         t_mahuangfuzitang              「麻黄附子汤证」         0.41s

===== 射干麻黄汤证 =====
八纲：{表里=[表证, 里证], 寒热=[], 虚实=[虚证], 阴阳=[阴证], bagangTypes=[表证, 里证, 虚证, 阴证]}
六经：太阴少阴合病
方证：射干麻黄汤证
推荐方剂：射干麻黄汤
药物组成：[半夏, 大枣, 款冬花, 麻黄, 射干, 生姜, 五味子, 细辛, 紫菀]
六经列表：[少阴病, 太阴病]
合病标记：太阴少阴合病
命中主证：[喉中水鸡声, 咳而上气]
命中或然证：[]
候选命中主证：[[喉中水鸡声, 咳而上气], [腹满], [腹满], [腹满], [腹满], [腹满], [], [], [], []]
候选缺口：[[], [按之不痛], [时痛], [口舌干燥], [不渴, 下利], [不能饮食, 肌肤甲错, 两目黯黑, 五劳虚极], [咽中痛], [声不出, 咽中伤生疮], [咳嗽, 吐脓, 咽痛], [不渴, 妇人少腹满如敦状, 生后者, 小便难]]
候选命中或然证：[[], [浮脉], [], [], [], [], [浮脉], [浮脉], [浮脉], [腹满]]
候选方证：[射干麻黄汤证, 厚朴生姜半夏甘草人参汤证, 桂枝加芍药汤证, 己椒苈黄丸证, 理中汤证, 大黄蛰虫丸证, 半夏散及汤证, 苦酒汤证, 桔梗汤证, 大黄甘遂汤证]
候选方证打分：[Sheganmahuangtangzheng(hits=4/4, gap=0, poss=0/0, prio=3), Houposhengjiangbanxiagancaorenshentangzheng(hits=3/4, gap=1, poss=1/1, prio=3), Guizhijiashaoyaotangzheng(hits=3/4, gap=1, poss=0/0, prio=3), Jijiaolihuangwanzheng(hits=3/4, gap=1, poss=0/0, prio=3), Lizhongtangzheng(hits=3/5, gap=2, poss=0/0, prio=3), Dahuangzhechongwanzheng(hits=3/7, gap=4, poss=0/2, prio=2), Banxiasanjitangzheng(hits=2/3, gap=1, poss=1/1, prio=5), Kujiutangzheng(hits=2/4, gap=2, poss=1/1, prio=5), Jiegengtangzheng(hits=2/5, gap=3, poss=1/1, prio=5), Dahuanggansuitangzheng(hits=2/6, gap=4, poss=1/2, prio=2)]
兼夹证：[]
加味药物：[]
配伍禁忌警告：[]
[通过] ShaoyinTaiyinFangzhengTest         t_sheganmahuangtang            「射干麻黄汤证」         0.35s

===== 越婢加半夏汤证 =====
八纲：{表里=[表证, 里证], 寒热=[热证], 虚实=[虚证], 阴阳=[阳证], bagangTypes=[表证, 里证, 热证, 虚证, 阳证, 阴证]}
六经：太阳太阴合病
方证：越婢加半夏汤证
推荐方剂：越婢加半夏汤
药物组成：[半夏, 大枣, 甘草, 麻黄, 生姜, 石膏]
六经列表：[太阳病, 太阴病]
合病标记：太阳太阴合病
命中主证：[喘, 咳嗽, 目如脱状]
命中或然证：[浮大脉]
候选命中主证：[[喘, 咳嗽, 目如脱状], [浮脉, 咳嗽], [喘, 浮脉, 咳嗽], [腹满], [腹满], [腹满], [咳嗽], [浮脉], [咳嗽], [喘]]
候选缺口：[[], [], [烦躁], [按之不痛], [时痛], [口舌干燥], [胸满], [水之为病], [沉脉], [汗出, 下利]]
候选命中或然证：[[浮大脉], [喘], [], [浮脉], [], [], [], [], [], []]
候选方证：[越婢加半夏汤证, 厚朴麻黄汤证, 小青龙加石膏汤证, 厚朴生姜半夏甘草人参汤证, 桂枝加芍药汤证, 己椒苈黄丸证, 苓甘五味姜辛汤证, 杏子汤证, 泽漆汤证, 葛根黄芩黄连汤证]
候选方证打分：[Yuebijiabanxiatangzheng(hits=5/5, gap=0, poss=1/1, prio=3), Houpomahuangtangzheng(hits=4/4, gap=0, poss=1/4, prio=3), Xiaoqinglongjiashigaotangzheng(hits=5/6, gap=1, poss=0/0, prio=3), Houposhengjiangbanxiagancaorenshentangzheng(hits=3/4, gap=1, poss=1/1, prio=3), Guizhijiashaoyaotangzheng(hits=3/4, gap=1, poss=0/0, prio=3), Jijiaolihuangwanzheng(hits=3/4, gap=1, poss=0/0, prio=3), Lingganwuweijiangxintangzheng(hits=3/4, gap=1, poss=0/0, prio=3), Xingzitangzheng(hits=3/4, gap=1, poss=0/0, prio=3), Zeqitangzheng(hits=3/4, gap=1, poss=0/0, prio=3), Gegenhuangqinhuangliantangzheng(hits=5/7, gap=2, poss=0/0, prio=2)]
兼夹证：[]
加味药物：[]
配伍禁忌警告：[]
[通过] ShaoyinTaiyinFangzhengTest         t_yuebijiabanxiatang           「越婢加半夏汤证」        0.42s

===== 理中汤证 =====
八纲：{表里=[里证], 寒热=[], 虚实=[虚证], 阴阳=[阴证], bagangTypes=[里证, 虚证, 阴证]}
六经：太阴病
方证：理中汤证
推荐方剂：理中汤去白术加附子
药物组成：[甘草, 干姜, 人参, 附子]
六经列表：[太阴病]
合病标记：null
命中主证：[不渴, 腹满, 下利]
命中或然证：[]
候选命中主证：[[不渴, 腹满, 下利], [呕吐], [腹满], [腹满], [下利], [腹满], [下利], [下利], [下利], [呕吐]]
候选缺口：[[], [口渴], [时痛], [口舌干燥], [下利气], [按之不痛], [肺痛], [呕, 心下痞], [沉弦脉, 心下痞], [膈间有水, 心下痞]]
候选命中或然证：[[], [], [], [], [], [], [], [], [], []]
候选方证：[理中汤证, 茯苓泽泻汤证, 桂枝加芍药汤证, 己椒苈黄丸证, 诃梨勒散证, 厚朴生姜半夏甘草人参汤证, 紫参汤证, 半夏泻心汤证, 甘遂半夏汤证, 小半夏加茯苓汤证]
候选方证打分：[Lizhongtangzheng(hits=5/5, gap=0, poss=0/0, prio=3), Fulingzexietangzheng(hits=3/4, gap=1, poss=0/0, prio=3), Guizhijiashaoyaotangzheng(hits=3/4, gap=1, poss=0/0, prio=3), Jijiaolihuangwanzheng(hits=3/4, gap=1, poss=0/0, prio=3), Helilesanzheng(hits=3/4, gap=1, poss=0/1, prio=3), Houposhengjiangbanxiagancaorenshentangzheng(hits=3/4, gap=1, poss=0/1, prio=3), Zishentangzheng(hits=3/4, gap=1, poss=0/1, prio=3), Banxiaxiexintangzheng(hits=3/5, gap=2, poss=0/0, prio=2), Gansuibanxiatangzheng(hits=3/5, gap=2, poss=0/0, prio=2), Xiaobanxiajiafulingtangzheng(hits=3/5, gap=2, poss=0/1, prio=3)]
兼夹证：[]
加味药物：[附子]
减味药物：[白术]
配伍禁忌警告：[]
[通过] ShaoyinTaiyinFangzhengTest         shouldDiagnoseLizhongTangPattern 「理中汤证诊断」         0.47s

===== 四逆汤证 =====
八纲：{表里=[表证, 里证], 寒热=[], 虚实=[虚证], 阴阳=[阴证], bagangTypes=[表证, 里证, 虚证, 阴证]}
六经：太阴少阴合病
方证：四逆汤证
推荐方剂：四逆汤
药物组成：[附子, 甘草, 干姜]
六经列表：[少阴病, 太阴病]
合病标记：太阴少阴合病
命中主证：[沉微脉, 手足冷, 下利清谷]
命中或然证：[]
候选命中主证：[[沉微脉, 手足冷, 下利清谷], [腹满, 下利], [呕吐], [腹满], [腹满], [但欲寐], [下利], [腹满], [下利], [手足冷, 下利清谷]]
候选缺口：[[], [不渴], [口渴], [时痛], [口舌干燥], [恶寒], [下利气], [按之不痛], [肺痛], [微细脉, 不恶寒]]
候选命中或然证：[[], [], [], [], [], [], [], [], [], []]
候选方证：[四逆汤证, 理中汤证, 茯苓泽泻汤证, 桂枝加芍药汤证, 己椒苈黄丸证, 麻黄附子甘草汤证, 诃梨勒散证, 厚朴生姜半夏甘草人参汤证, 紫参汤证, 通脉四逆汤证]
候选方证打分：[Sinitangzheng(hits=4/4, gap=0, poss=0/0, prio=1), Lizhongtangzheng(hits=4/5, gap=1, poss=0/0, prio=3), Fulingzexietangzheng(hits=3/4, gap=1, poss=0/0, prio=3), Guizhijiashaoyaotangzheng(hits=3/4, gap=1, poss=0/0, prio=3), Jijiaolihuangwanzheng(hits=3/4, gap=1, poss=0/0, prio=3), Mahuangfuzigancaotangzheng(hits=3/4, gap=1, poss=0/0, prio=3), Helilesanzheng(hits=3/4, gap=1, poss=0/1, prio=3), Houposhengjiangbanxiagancaorenshentangzheng(hits=3/4, gap=1, poss=0/1, prio=3), Zishentangzheng(hits=3/4, gap=1, poss=0/1, prio=3), Tongmaisinitangzheng(hits=4/6, gap=2, poss=0/1, prio=1)]
兼夹证：[]
加味药物：[]
配伍禁忌警告：[]
[通过] ShaoyinTaiyinFangzhengTest         shouldDiagnoseSiniTangPattern  「四逆汤证诊断（太阴少阴合病）」     0.47s

===== 通脉四逆汤证 =====
八纲：{表里=[表证], 寒热=[], 虚实=[虚证], 阴阳=[阴证], bagangTypes=[表证, 虚证, 阴证]}
六经：少阴病
方证：通脉四逆汤证
推荐方剂：通脉四逆汤加葱白
药物组成：[附子, 甘草, 干姜, 葱白]
六经列表：[少阴病]
合病标记：null
命中主证：[不恶寒, 微细脉, 下利清谷]
命中或然证：[面赤]
候选命中主证：[[不恶寒, 微细脉, 下利清谷], [下利清谷], [但欲寐], [面赤]]
候选缺口：[[手足冷], [手足冷], [恶寒], [微脉, 下利]]
候选命中或然证：[[面赤], [], [], []]
候选方证：[通脉四逆汤证, 四逆汤证, 麻黄附子甘草汤证, 白通汤证]
候选方证打分：[Tongmaisinitangzheng(hits=5/6, gap=1, poss=1/1, prio=1), Sinitangzheng(hits=3/4, gap=1, poss=0/0, prio=1), Mahuangfuzigancaotangzheng(hits=3/4, gap=1, poss=0/0, prio=3), Baitongtangzheng(hits=3/5, gap=2, poss=0/0, prio=1)]
兼夹证：[]
加味药物：[葱白]
配伍禁忌警告：[]
[通过] ShaoyinTaiyinFangzhengTest         t_tongmaisinitang              「通脉四逆汤证」         0.43s

===== 通脉四逆加猪胆汁汤证 =====
八纲：{表里=[表证], 寒热=[], 虚实=[虚证], 阴阳=[阴证], bagangTypes=[表证, 虚证, 阴证]}
六经：少阴病
方证：通脉四逆加猪胆汁汤证
推荐方剂：Tongmaisinijiazhudanzhitang
药物组成：[]
六经列表：[少阴病]
合病标记：null
命中主证：[汗出, 厥逆]
命中或然证：[]
候选命中主证：[[汗出, 厥逆], [厥逆], [但欲寐], [微脉], [微细脉], [汗出]]
候选缺口：[[], [干呕], [恶寒], [面赤, 下利], [不恶寒, 手足冷, 下利清谷], [掣痛不得屈伸, 短气, 骨节疼烦, 往来寒热, 胸胁苦满]]
候选命中或然证：[[], [], [], [], [], []]
候选方证：[通脉四逆加猪胆汁汤证, 白通加猪胆汁汤证, 麻黄附子甘草汤证, 白通汤证, 通脉四逆汤证, 甘草附子汤证]
候选方证打分：[Tongmaisinijiazhudanzhitangzheng(hits=4/4, gap=0, poss=0/0, prio=1), Baitongjiazhudanzhitangzheng(hits=3/4, gap=1, poss=0/0, prio=1), Mahuangfuzigancaotangzheng(hits=3/4, gap=1, poss=0/0, prio=3), Baitongtangzheng(hits=3/5, gap=2, poss=0/0, prio=1), Tongmaisinitangzheng(hits=3/6, gap=3, poss=0/1, prio=1), Gancaofuzitangzheng(hits=4/8, gap=4, poss=0/0, prio=3)]
兼夹证：[]
加味药物：[]
配伍禁忌警告：[]
[通过] ShaoyinTaiyinFangzhengTest         t_tongmaisinijiazhudanzhitang  「通脉四逆加猪胆汁汤证」     0.39s

===== 四逆加人参汤证 =====
八纲：{表里=[表证], 寒热=[], 虚实=[虚证], 阴阳=[阴证], bagangTypes=[表证, 虚证, 阴证]}
六经：少阴病
方证：四逆加人参汤证
推荐方剂：四逆加人参汤加减
药物组成：[附子, 甘草, 干姜, 人参]
六经列表：[少阴病]
合病标记：null
命中主证：[利止, 亡血]
命中或然证：[]
候选命中主证：[[利止, 亡血], [但欲寐, 恶寒], [微脉, 下利], [下利], [下利], [微细脉]]
候选缺口：[[], [], [面赤], [腹痛, 四肢沉重疼痛], [胸满, 咽痛], [不恶寒, 手足冷, 下利清谷]]
候选命中或然证：[[], [], [], [], [], []]
候选方证：[四逆加人参汤证, 麻黄附子甘草汤证, 白通汤证, 真武汤证, 猪肤汤证, 通脉四逆汤证]
候选方证打分：[Sinijiarenshentangzheng(hits=4/4, gap=0, poss=0/0, prio=1), Mahuangfuzigancaotangzheng(hits=4/4, gap=0, poss=0/0, prio=3), Baitongtangzheng(hits=4/5, gap=1, poss=0/0, prio=1), Zhenwutangzheng(hits=3/5, gap=2, poss=0/0, prio=3), Zhufutangzheng(hits=3/5, gap=2, poss=0/1, prio=5), Tongmaisinitangzheng(hits=3/6, gap=3, poss=0/1, prio=1)]
兼夹证：[]
加味药物：[]
配伍禁忌警告：[]
[通过] ShaoyinTaiyinFangzhengTest         t_sinijiarenshentang           「四逆加人参汤证」        0.54s

===== 茯苓四逆汤证 =====
八纲：{表里=[表证], 寒热=[], 虚实=[虚证], 阴阳=[阴证], bagangTypes=[表证, 虚证, 阴证]}
六经：少阴病
方证：茯苓四逆汤证
推荐方剂：茯苓四逆汤加减
药物组成：[茯苓, 附子, 甘草, 干姜, 人参]
六经列表：[少阴病]
合病标记：null
命中主证：[烦躁]
命中或然证：[]
候选命中主证：[[烦躁], [烦躁], [但欲寐], [微脉], [微细脉]]
候选缺口：[[], [不得眠], [恶寒], [面赤, 下利], [不恶寒, 手足冷, 下利清谷]]
候选命中或然证：[[], [], [], [], []]
候选方证：[茯苓四逆汤证, 干姜附子汤证, 麻黄附子甘草汤证, 白通汤证, 通脉四逆汤证]
候选方证打分：[Fulingsinitangzheng(hits=3/3, gap=0, poss=0/0, prio=1), Ganjiangfuzitangzheng(hits=3/4, gap=1, poss=0/0, prio=1), Mahuangfuzigancaotangzheng(hits=3/4, gap=1, poss=0/0, prio=3), Baitongtangzheng(hits=3/5, gap=2, poss=0/0, prio=1), Tongmaisinitangzheng(hits=3/6, gap=3, poss=0/1, prio=1)]
兼夹证：[]
加味药物：[]
配伍禁忌警告：[]
[通过] ShaoyinTaiyinFangzhengTest         t_fulingsinitang               「茯苓四逆汤证」         0.40s

===== 白通汤证 =====
八纲：{表里=[表证], 寒热=[], 虚实=[虚证], 阴阳=[阴证], bagangTypes=[表证, 虚证, 阴证]}
六经：少阴病
方证：白通汤证
推荐方剂：白通汤加减
药物组成：[葱白, 附子, 干姜]
六经列表：[少阴病]
合病标记：null
命中主证：[面赤, 微脉, 下利]
命中或然证：[]
候选命中主证：[[面赤, 微脉, 下利], [但欲寐, 恶寒], [下利], [下利], [微细脉]]
候选缺口：[[], [], [腹痛, 四肢沉重疼痛], [胸满, 咽痛], [不恶寒, 手足冷, 下利清谷]]
候选命中或然证：[[], [], [], [], [面赤]]
候选方证：[白通汤证, 麻黄附子甘草汤证, 真武汤证, 猪肤汤证, 通脉四逆汤证]
候选方证打分：[Baitongtangzheng(hits=5/5, gap=0, poss=0/0, prio=1), Mahuangfuzigancaotangzheng(hits=4/4, gap=0, poss=0/0, prio=3), Zhenwutangzheng(hits=3/5, gap=2, poss=0/0, prio=3), Zhufutangzheng(hits=3/5, gap=2, poss=0/1, prio=5), Tongmaisinitangzheng(hits=3/6, gap=3, poss=1/1, prio=1)]
兼夹证：[]
加味药物：[]
配伍禁忌警告：[]
[通过] ShaoyinTaiyinFangzhengTest         t_baitongtang                  「白通汤证」           0.46s

===== 白通加猪胆汁汤证 =====
八纲：{表里=[表证], 寒热=[], 虚实=[虚证], 阴阳=[阴证], bagangTypes=[表证, 虚证, 阴证]}
六经：少阴病
方证：白通加猪胆汁汤证
推荐方剂：白通加猪胆汁汤加减
药物组成：[葱白, 附子, 干姜, 人尿, 猪胆汁]
六经列表：[少阴病]
合病标记：null
命中主证：[干呕, 厥逆]
命中或然证：[]
候选命中主证：[[干呕, 厥逆], [微脉, 下利], [厥逆], [但欲寐], [心烦], [干呕], [下利], [下利], [微细脉]]
候选缺口：[[], [面赤], [汗出], [恶寒], [不得卧], [食谷欲呕], [胸满, 咽痛], [腹痛, 四肢沉重疼痛], [不恶寒, 手足冷, 下利清谷]]
候选命中或然证：[[], [], [], [], [], [], [心烦], [], []]
候选方证：[白通加猪胆汁汤证, 白通汤证, 通脉四逆加猪胆汁汤证, 麻黄附子甘草汤证, 黄连阿胶汤证, 吴茱萸汤证, 猪肤汤证, 真武汤证, 通脉四逆汤证]
候选方证打分：[Baitongjiazhudanzhitangzheng(hits=4/4, gap=0, poss=0/0, prio=1), Baitongtangzheng(hits=4/5, gap=1, poss=0/0, prio=1), Tongmaisinijiazhudanzhitangzheng(hits=3/4, gap=1, poss=0/0, prio=1), Mahuangfuzigancaotangzheng(hits=3/4, gap=1, poss=0/0, prio=3), Huanglianejiaotangzheng(hits=3/4, gap=1, poss=0/2, prio=1), Wuzhuyutangzheng(hits=2/3, gap=1, poss=0/0, prio=3), Zhufutangzheng(hits=3/5, gap=2, poss=1/1, prio=5), Zhenwutangzheng(hits=3/5, gap=2, poss=0/0, prio=3), Tongmaisinitangzheng(hits=3/6, gap=3, poss=0/1, prio=1)]
兼夹证：[]
加味药物：[]
配伍禁忌警告：[]
[通过] ShaoyinTaiyinFangzhengTest         t_baitongjiazhudanzhitang      「白通加猪胆汁汤证」       0.38s

===== 干姜附子汤证 =====
八纲：{表里=[表证], 寒热=[], 虚实=[虚证], 阴阳=[阴证], bagangTypes=[表证, 虚证, 阴证]}
六经：少阴病
方证：干姜附子汤证
推荐方剂：干姜附子汤
药物组成：[附子, 干姜]
六经列表：[少阴病]
合病标记：null
命中主证：[不得眠, 烦躁]
命中或然证：[]
候选命中主证：[[不得眠, 烦躁], [烦躁], [沉微脉], [但欲寐], [不得眠], [微细脉], []]
候选缺口：[[], [], [手足冷], [恶寒], [虚烦], [不恶寒, 手足冷, 下利清谷], [腹痛, 下利脓血, 小便不利]]
候选命中或然证：[[], [], [], [], [], [], [沉微脉]]
候选方证：[干姜附子汤证, 茯苓四逆汤证, 四逆汤证, 麻黄附子甘草汤证, 酸枣仁汤证, 通脉四逆汤证, 桃花汤证]
候选方证打分：[Ganjiangfuzitangzheng(hits=4/4, gap=0, poss=0/0, prio=1), Fulingsinitangzheng(hits=3/3, gap=0, poss=0/0, prio=1), Sinitangzheng(hits=3/4, gap=1, poss=0/0, prio=1), Mahuangfuzigancaotangzheng(hits=3/4, gap=1, poss=0/0, prio=3), Suanzaorentangzheng(hits=3/4, gap=1, poss=0/2, prio=3), Tongmaisinitangzheng(hits=3/6, gap=3, poss=0/1, prio=1), Taohuatangzheng(hits=2/5, gap=3, poss=1/1, prio=1)]
兼夹证：[]
加味药物：[]
配伍禁忌警告：[]
[通过] ShaoyinTaiyinFangzhengTest         t_ganjiangfuzitang             「干姜附子汤证」         0.43s

===== 真武汤证 =====
八纲：{表里=[表证], 寒热=[], 虚实=[虚证], 阴阳=[阴证], bagangTypes=[表证, 虚证, 阴证]}
六经：少阴病
方证：真武汤证
推荐方剂：真武汤去芍药加干姜
药物组成：[白术, 茯苓, 附子, 生姜, 干姜]
六经列表：[少阴病]
合病标记：null
命中主证：[腹痛, 身瞤动, 四肢沉重疼痛, 头眩, 下利, 心下悸动]
命中或然证：[]
候选命中主证：[[腹痛, 身瞤动, 四肢沉重疼痛, 头眩, 下利, 心下悸动], [但欲寐, 恶寒], [腹痛, 小便不利], [手足冷], [手足冷, 微细脉], [下利], [小便不利], [下利], [小便不利], [手足冷]]
候选缺口：[[], [], [下利脓血], [沉微脉], [不恶寒, 下利清谷], [微脉, 面赤], [少腹拘急, 腰痛], [胸满, 咽痛], [发热, 口渴], [绕脐寒疝, 绕脐痛, 若发则白汗出]]
候选命中或然证：[[], [], [], [], [], [], [], [], [], []]
候选方证：[真武汤证, 麻黄附子甘草汤证, 桃花汤证, 四逆汤证, 通脉四逆汤证, 白通汤证, 肾气丸证, 猪肤汤证, 猪苓汤证, 大乌头煎证]
候选方证打分：[Zhenwutangzheng(hits=5/5, gap=0, poss=0/0, prio=3), Mahuangfuzigancaotangzheng(hits=4/4, gap=0, poss=0/0, prio=3), Taohuatangzheng(hits=4/5, gap=1, poss=0/1, prio=1), Sinitangzheng(hits=3/4, gap=1, poss=0/0, prio=1), Tongmaisinitangzheng(hits=4/6, gap=2, poss=0/1, prio=1), Baitongtangzheng(hits=3/5, gap=2, poss=0/0, prio=1), Shenqiwanzheng(hits=3/5, gap=2, poss=0/0, prio=3), Zhufutangzheng(hits=3/5, gap=2, poss=0/1, prio=5), Zhulingtangzheng(hits=3/5, gap=2, poss=0/0, prio=2), Dawutoujianzheng(hits=3/6, gap=3, poss=0/0, prio=1)]
兼夹证：[]
加味药物：[干姜]
减味药物：[芍药]
配伍禁忌警告：[]
[通过] ShaoyinTaiyinFangzhengTest         shouldDiagnoseZhenwuTangPattern 「真武汤证诊断」         0.49s

===== 附子汤证 =====
八纲：{表里=[表证], 寒热=[], 虚实=[虚证], 阴阳=[阴证], bagangTypes=[表证, 虚证, 阴证]}
六经：少阴病
方证：附子汤证
推荐方剂：附子汤
药物组成：[白术, 茯苓, 附子, 人参, 芍药]
六经列表：[少阴病]
合病标记：null
命中主证：[背恶寒, 骨节痛, 身痛, 手足冷]
命中或然证：[]
候选命中主证：[[背恶寒, 骨节痛, 身痛, 手足冷], [沉微脉, 手足冷], [但欲寐], [手足冷, 微细脉], [手足冷], []]
候选缺口：[[], [], [恶寒], [不恶寒, 下利清谷], [绕脐寒疝, 绕脐痛, 若发则白汗出], [腹痛, 下利脓血, 小便不利]]
候选命中或然证：[[], [], [], [], [], [沉微脉]]
候选方证：[附子汤证, 四逆汤证, 麻黄附子甘草汤证, 通脉四逆汤证, 大乌头煎证, 桃花汤证]
候选方证打分：[Fuzitangzheng(hits=6/6, gap=0, poss=0/0, prio=3), Sinitangzheng(hits=4/4, gap=0, poss=0/0, prio=1), Mahuangfuzigancaotangzheng(hits=3/4, gap=1, poss=0/0, prio=3), Tongmaisinitangzheng(hits=4/6, gap=2, poss=0/1, prio=1), Dawutoujianzheng(hits=3/6, gap=3, poss=0/0, prio=1), Taohuatangzheng(hits=2/5, gap=3, poss=1/1, prio=1)]
兼夹证：[]
加味药物：[]
配伍禁忌警告：[]
[通过] ShaoyinTaiyinFangzhengTest         t_fuzitang                     「附子汤证」           0.50s

===== 桃花汤证 =====
八纲：{表里=[表证, 里证], 寒热=[], 虚实=[虚证], 阴阳=[阴证], bagangTypes=[表证, 里证, 虚证, 阴证]}
六经：太阴少阴合病
方证：桃花汤证
推荐方剂：桃花汤
药物组成：[赤石脂, 干姜, 粳米]
六经列表：[少阴病, 太阴病]
合病标记：太阴少阴合病
命中主证：[腹痛, 下利脓血, 小便不利]
命中或然证：[沉微脉]
候选命中主证：[[腹痛, 下利脓血, 小便不利], [腹痛], [沉微脉], [腹痛], [但欲寐], [小便不利], [腹痛], [小便不利], [小便不利], [小便不利]]
候选缺口：[[], [], [手足冷], [拒按], [恶寒], [一身面目黄肿], [刺痛], [沉脉, 口渴], [妊娠有水气, 身重], [少腹拘急, 腰痛]]
候选命中或然证：[[沉微脉], [], [], [], [], [], [], [], [], []]
候选方证：[桃花汤证, 排脓散证, 四逆汤证, 桂枝加大黄汤证, 麻黄附子甘草汤证, 越婢加术汤证, 红蓝花酒证, 栝楼瞿麦丸证, 葵子茯苓散证, 肾气丸证]
候选方证打分：[Taohuatangzheng(hits=5/5, gap=0, poss=1/1, prio=1), Painongsanzheng(hits=3/3, gap=0, poss=0/0, prio=3), Sinitangzheng(hits=3/4, gap=1, poss=0/0, prio=1), Guizhijiadahuangtangzheng(hits=3/4, gap=1, poss=0/0, prio=3), Mahuangfuzigancaotangzheng(hits=3/4, gap=1, poss=0/0, prio=3), Yuebijiazhutangzheng(hits=3/4, gap=1, poss=0/0, prio=3), Honglanhuajiuzheng(hits=3/4, gap=1, poss=0/0, prio=5), Gualouqumaiwanzheng(hits=3/5, gap=2, poss=0/0, prio=3), Kuizifulingsanzheng(hits=3/5, gap=2, poss=0/0, prio=3), Shenqiwanzheng(hits=3/5, gap=2, poss=0/0, prio=3)]
兼夹证：[]
加味药物：[]
配伍禁忌警告：[]
[通过] ShaoyinTaiyinFangzhengTest         t_taohuatang                   「桃花汤证」           0.39s

===== 黄连阿胶汤证 =====
八纲：{表里=[表证], 寒热=[], 虚实=[虚证], 阴阳=[阴证], bagangTypes=[表证, 虚证, 阴证]}
六经：少阴病
方证：黄连阿胶汤证
推荐方剂：黄连阿胶汤
药物组成：[阿胶, 黄连, 黄芩, 鸡子黄, 芍药]
六经列表：[少阴病]
合病标记：null
命中主证：[不得卧]
命中或然证：[数脉, 细脉]
候选命中主证：[[不得卧], [但欲寐], [微细脉]]
候选缺口：[[心烦], [恶寒], [不恶寒, 手足冷, 下利清谷]]
候选命中或然证：[[数脉, 细脉], [], []]
候选方证：[黄连阿胶汤证, 麻黄附子甘草汤证, 通脉四逆汤证]
候选方证打分：[Huanglianejiaotangzheng(hits=3/4, gap=1, poss=2/2, prio=1), Mahuangfuzigancaotangzheng(hits=3/4, gap=1, poss=0/0, prio=3), Tongmaisinitangzheng(hits=3/6, gap=3, poss=0/1, prio=1)]
兼夹证：[]
加味药物：[]
配伍禁忌警告：[]
[通过] ShaoyinTaiyinFangzhengTest         t_huanglianejiaotang           「黄连阿胶汤证」         0.42s

===== 猪肤汤证 =====
八纲：{表里=[表证], 寒热=[], 虚实=[虚证], 阴阳=[阴证], bagangTypes=[表证, 虚证, 阴证]}
六经：少阴病
方证：猪肤汤证
推荐方剂：猪肤汤
药物组成：[白粉, 蜜, 猪肤]
六经列表：[少阴病]
合病标记：null
命中主证：[下利, 胸满, 咽痛]
命中或然证：[心烦]
候选命中主证：[[下利, 胸满, 咽痛], [咽痛], [心烦], [但欲寐], [下利], [下利], [咽痛], [微细脉]]
候选缺口：[[], [], [不得卧], [恶寒], [微脉, 面赤], [腹痛, 四肢沉重疼痛], [咳嗽, 吐脓], [不恶寒, 手足冷, 下利清谷]]
候选命中或然证：[[心烦], [], [数脉, 细脉], [], [], [], [], []]
候选方证：[猪肤汤证, 甘草汤证, 黄连阿胶汤证, 麻黄附子甘草汤证, 白通汤证, 真武汤证, 桔梗汤证, 通脉四逆汤证]
候选方证打分：[Zhufutangzheng(hits=5/5, gap=0, poss=1/1, prio=5), Gancaotangzheng(hits=3/3, gap=0, poss=0/0, prio=5), Huanglianejiaotangzheng(hits=3/4, gap=1, poss=2/2, prio=1), Mahuangfuzigancaotangzheng(hits=3/4, gap=1, poss=0/0, prio=3), Baitongtangzheng(hits=3/5, gap=2, poss=0/0, prio=1), Zhenwutangzheng(hits=3/5, gap=2, poss=0/0, prio=3), Jiegengtangzheng(hits=3/5, gap=2, poss=0/1, prio=5), Tongmaisinitangzheng(hits=3/6, gap=3, poss=0/1, prio=1)]
兼夹证：[]
加味药物：[]
配伍禁忌警告：[]
[通过] ShaoyinTaiyinFangzhengTest         t_zhufutang                    「猪肤汤证」           0.48s

===== 甘草汤证 =====
八纲：{表里=[表证], 寒热=[], 虚实=[虚证], 阴阳=[阴证], bagangTypes=[表证, 虚证, 阴证]}
六经：少阴病
方证：甘草汤证
推荐方剂：汤
药物组成：[甘草]
六经列表：[少阴病]
合病标记：null
命中主证：[咽痛]
命中或然证：[]
候选命中主证：[[咽痛], [但欲寐], [咽痛], [咽痛], [微细脉], [], []]
候选缺口：[[], [恶寒], [咳嗽, 吐脓], [下利, 胸满], [不恶寒, 手足冷, 下利清谷], [咽中痛], [声不出, 咽中伤生疮]]
候选命中或然证：[[], [], [浮脉], [], [], [浮脉], [浮脉]]
候选方证：[甘草汤证, 麻黄附子甘草汤证, 桔梗汤证, 猪肤汤证, 通脉四逆汤证, 半夏散及汤证, 苦酒汤证]
候选方证打分：[Gancaotangzheng(hits=3/3, gap=0, poss=0/0, prio=5), Mahuangfuzigancaotangzheng(hits=3/4, gap=1, poss=0/0, prio=3), Jiegengtangzheng(hits=3/5, gap=2, poss=1/1, prio=5), Zhufutangzheng(hits=3/5, gap=2, poss=0/1, prio=5), Tongmaisinitangzheng(hits=3/6, gap=3, poss=0/1, prio=1), Banxiasanjitangzheng(hits=2/3, gap=1, poss=1/1, prio=5), Kujiutangzheng(hits=2/4, gap=2, poss=1/1, prio=5)]
兼夹证：[]
加味药物：[]
配伍禁忌警告：[]
[通过] ShaoyinTaiyinFangzhengTest         t_gancaotang                   「甘草汤证」           0.39s

===== 桔梗汤证 =====
八纲：{表里=[表证], 寒热=[], 虚实=[虚证], 阴阳=[阴证], bagangTypes=[表证, 虚证, 阴证]}
六经：少阴病
方证：桔梗汤证
推荐方剂：桔梗汤
药物组成：[甘草, 桔梗]
六经列表：[少阴病]
合病标记：null
命中主证：[咳嗽, 吐脓, 咽痛]
命中或然证：[浮脉]
候选命中主证：[[咳嗽, 吐脓, 咽痛], [咽痛], [但欲寐], [咽痛], [微细脉], [], []]
候选缺口：[[], [], [恶寒], [下利, 胸满], [不恶寒, 手足冷, 下利清谷], [咽中痛], [声不出, 咽中伤生疮]]
候选命中或然证：[[浮脉], [], [], [], [], [浮脉], [浮脉]]
候选方证：[桔梗汤证, 甘草汤证, 麻黄附子甘草汤证, 猪肤汤证, 通脉四逆汤证, 半夏散及汤证, 苦酒汤证]
候选方证打分：[Jiegengtangzheng(hits=5/5, gap=0, poss=1/1, prio=5), Gancaotangzheng(hits=3/3, gap=0, poss=0/0, prio=5), Mahuangfuzigancaotangzheng(hits=3/4, gap=1, poss=0/0, prio=3), Zhufutangzheng(hits=3/5, gap=2, poss=0/1, prio=5), Tongmaisinitangzheng(hits=3/6, gap=3, poss=0/1, prio=1), Banxiasanjitangzheng(hits=2/3, gap=1, poss=1/1, prio=5), Kujiutangzheng(hits=2/4, gap=2, poss=1/1, prio=5)]
兼夹证：[]
加味药物：[]
配伍禁忌警告：[]
[通过] ShaoyinTaiyinFangzhengTest         t_jiegengtang                  「桔梗汤证」           0.36s

===== 半夏散及汤证 =====
八纲：{表里=[表证], 寒热=[], 虚实=[虚证], 阴阳=[阴证], bagangTypes=[表证, 虚证, 阴证]}
六经：少阴病
方证：半夏散及汤证
推荐方剂：半夏散及汤
药物组成：[半夏, 甘草, 桂枝]
六经列表：[少阴病]
合病标记：null
命中主证：[咽中痛]
命中或然证：[浮脉]
候选命中主证：[[咽中痛], [但欲寐], [微细脉], [], []]
候选缺口：[[], [恶寒], [不恶寒, 手足冷, 下利清谷], [声不出, 咽中伤生疮], [咳嗽, 吐脓, 咽痛]]
候选命中或然证：[[浮脉], [], [], [浮脉], [浮脉]]
候选方证：[半夏散及汤证, 麻黄附子甘草汤证, 通脉四逆汤证, 苦酒汤证, 桔梗汤证]
候选方证打分：[Banxiasanjitangzheng(hits=3/3, gap=0, poss=1/1, prio=5), Mahuangfuzigancaotangzheng(hits=3/4, gap=1, poss=0/0, prio=3), Tongmaisinitangzheng(hits=3/6, gap=3, poss=0/1, prio=1), Kujiutangzheng(hits=2/4, gap=2, poss=1/1, prio=5), Jiegengtangzheng(hits=2/5, gap=3, poss=1/1, prio=5)]
兼夹证：[]
加味药物：[]
配伍禁忌警告：[]
[通过] ShaoyinTaiyinFangzhengTest         t_banxiasanjitang              「半夏散及汤证」         0.42s

===== 苦酒汤证 =====
八纲：{表里=[表证], 寒热=[], 虚实=[虚证], 阴阳=[阴证], bagangTypes=[表证, 虚证, 阴证]}
六经：少阴病
方证：苦酒汤证
推荐方剂：苦酒汤
药物组成：[半夏, 鸡子黄, 苦酒]
六经列表：[少阴病]
合病标记：null
命中主证：[咽中伤生疮]
命中或然证：[浮脉]
候选命中主证：[[咽中伤生疮], [但欲寐], [微细脉], [], []]
候选缺口：[[声不出], [恶寒], [不恶寒, 手足冷, 下利清谷], [咽中痛], [咳嗽, 吐脓, 咽痛]]
候选命中或然证：[[浮脉], [], [], [浮脉], [浮脉]]
候选方证：[苦酒汤证, 麻黄附子甘草汤证, 通脉四逆汤证, 半夏散及汤证, 桔梗汤证]
候选方证打分：[Kujiutangzheng(hits=3/4, gap=1, poss=1/1, prio=5), Mahuangfuzigancaotangzheng(hits=3/4, gap=1, poss=0/0, prio=3), Tongmaisinitangzheng(hits=3/6, gap=3, poss=0/1, prio=1), Banxiasanjitangzheng(hits=2/3, gap=1, poss=1/1, prio=5), Jiegengtangzheng(hits=2/5, gap=3, poss=1/1, prio=5)]
兼夹证：[]
加味药物：[]
配伍禁忌警告：[]
[通过] ShaoyinTaiyinFangzhengTest         t_kujiutang                    「苦酒汤证」           0.32s

===== 附子汤证 =====
八纲：{表里=[表证], 寒热=[], 虚实=[虚证], 阴阳=[阴证], bagangTypes=[表证, 虚证, 阴证]}
六经：少阴病
方证：附子汤证
推荐方剂：附子汤
药物组成：[白术, 茯苓, 附子, 人参, 芍药]
六经列表：[少阴病]
合病标记：null
命中主证：[背恶寒, 骨节痛, 身痛, 手足冷]
命中或然证：[]
候选命中主证：[[背恶寒, 骨节痛, 身痛, 手足冷], [沉微脉, 手足冷], [但欲寐], [手足冷, 微细脉], [手足冷], []]
候选缺口：[[], [], [恶寒], [不恶寒, 下利清谷], [绕脐寒疝, 绕脐痛, 若发则白汗出], [腹痛, 下利脓血, 小便不利]]
候选命中或然证：[[], [], [], [], [], [沉微脉]]
候选方证：[附子汤证, 四逆汤证, 麻黄附子甘草汤证, 通脉四逆汤证, 大乌头煎证, 桃花汤证]
候选方证打分：[Fuzitangzheng(hits=6/6, gap=0, poss=0/0, prio=3), Sinitangzheng(hits=4/4, gap=0, poss=0/0, prio=1), Mahuangfuzigancaotangzheng(hits=3/4, gap=1, poss=0/0, prio=3), Tongmaisinitangzheng(hits=4/6, gap=2, poss=0/1, prio=1), Dawutoujianzheng(hits=3/6, gap=3, poss=0/0, prio=1), Taohuatangzheng(hits=2/5, gap=3, poss=1/1, prio=1)]
兼夹证：[]
加味药物：[]
配伍禁忌警告：[]
[通过] ShaoyinTaiyinFangzhengTest         t_fuzitang_shaoyin             「附子汤证（少阴）」       0.35s

===== 干姜附子汤证 =====
八纲：{表里=[表证], 寒热=[], 虚实=[虚证], 阴阳=[阴证], bagangTypes=[表证, 虚证, 阴证]}
六经：少阴病
方证：干姜附子汤证
推荐方剂：干姜附子汤
药物组成：[附子, 干姜]
六经列表：[少阴病]
合病标记：null
命中主证：[不得眠, 烦躁]
命中或然证：[]
候选命中主证：[[不得眠, 烦躁], [烦躁], [沉微脉], [但欲寐], [不得眠], [微细脉], []]
候选缺口：[[], [], [手足冷], [恶寒], [虚烦], [不恶寒, 手足冷, 下利清谷], [腹痛, 下利脓血, 小便不利]]
候选命中或然证：[[], [], [], [], [], [], [沉微脉]]
候选方证：[干姜附子汤证, 茯苓四逆汤证, 四逆汤证, 麻黄附子甘草汤证, 酸枣仁汤证, 通脉四逆汤证, 桃花汤证]
候选方证打分：[Ganjiangfuzitangzheng(hits=4/4, gap=0, poss=0/0, prio=1), Fulingsinitangzheng(hits=3/3, gap=0, poss=0/0, prio=1), Sinitangzheng(hits=3/4, gap=1, poss=0/0, prio=1), Mahuangfuzigancaotangzheng(hits=3/4, gap=1, poss=0/0, prio=3), Suanzaorentangzheng(hits=3/4, gap=1, poss=0/2, prio=3), Tongmaisinitangzheng(hits=3/6, gap=3, poss=0/1, prio=1), Taohuatangzheng(hits=2/5, gap=3, poss=1/1, prio=1)]
兼夹证：[]
加味药物：[]
配伍禁忌警告：[]
[通过] ShaoyinTaiyinFangzhengTest         t_ganjiangfuzitang_zhongye     「干姜附子汤证（阳明中暍）」     0.37s

===== 乌头赤石脂丸证 =====
八纲：{表里=[里证], 寒热=[], 虚实=[实证, 虚证], 阴阳=[阳证], bagangTypes=[里证, 实证, 虚证, 阳证, 阴证]}
六经：阳明太阴合病
方证：乌头赤石脂丸证
推荐方剂：乌头赤石脂丸
药物组成：[赤石脂, 附子, 干姜, 蜀椒, 乌头]
六经列表：[太阴病, 阳明病]
合病标记：阳明太阴合病
命中主证：[背痛彻心, 心痛彻背]
命中或然证：[]
候选命中主证：[[背痛彻心, 心痛彻背], [腹满], [腹满], [腹满], [心痛彻背], [腹满], [腹满], [腹满], [腹满], [腹满]]
候选缺口：[[], [时痛], [口舌干燥], [按之不痛], [不得卧, 胸痹], [卧起不安, 心烦], [不渴, 下利], [潮热, 谵语], [浮数脉, 发热, 无热恶寒], [黄疸, 小便不利, 小便赤, 自汗]]
候选命中或然证：[[], [], [], [], [沉紧脉], [], [], [], [], []]
候选方证：[乌头赤石脂丸证, 桂枝加芍药汤证, 己椒苈黄丸证, 厚朴生姜半夏甘草人参汤证, 栝楼薤白半夏汤证, 栀子厚朴汤证, 理中汤证, 小承气汤证, 厚朴七物汤证, 大黄硝石汤证]
候选方证打分：[Wutouchishizhiwanzheng(hits=4/4, gap=0, poss=0/0, prio=1), Guizhijiashaoyaotangzheng(hits=3/4, gap=1, poss=0/0, prio=3), Jijiaolihuangwanzheng(hits=3/4, gap=1, poss=0/0, prio=3), Houposhengjiangbanxiagancaorenshentangzheng(hits=3/4, gap=1, poss=0/1, prio=3), Gualouxiebaibanxiatangzheng(hits=3/5, gap=2, poss=1/1, prio=3), Zhizihoupotangzheng(hits=3/5, gap=2, poss=0/0, prio=2), Lizhongtangzheng(hits=3/5, gap=2, poss=0/0, prio=3), Xiaochengqitangzheng(hits=3/5, gap=2, poss=0/2, prio=2), Houpoqiwutangzheng(hits=4/7, gap=3, poss=0/2, prio=2), Dahuangxiaoshitangzheng(hits=3/7, gap=4, poss=0/1, prio=2)]
兼夹证：[]
加味药物：[]
配伍禁忌警告：[]
[通过] ShaoyinTaiyinFangzhengTest         t_wutouchishizhiwan            「乌头赤石脂丸证」        0.42s
?? 跳过与病例四诊互斥的六经锚点脉象: Fumai（Taiyangbing）

===== 茯苓桂枝甘草大枣汤证 =====
八纲：{表里=[], 寒热=[], 虚实=[], 阴阳=[], bagangTypes=[]}
六经：六经难定
方证：方证未定
推荐方剂：null
药物组成：[]
六经列表：[]
合病标记：null
命中主证：[]
命中或然证：[]
候选命中主证：[[脐下悸, 欲作奔豚], [恶寒], [沉脉], [恶寒], [恶寒], [沉脉], [恶寒], [沉脉], [恶寒], [恶寒]]
候选缺口：[[无热恶寒, 发热], [胸满, 无热恶寒, 发热], [发热, 无热恶寒], [但欲寐, 无热恶寒], [身疼烦, 无热恶寒, 发热], [咳嗽, 腹满, 无热恶寒], [汗出, 心下痞, 腹满, 无热恶寒], [口渴, 小便不利, 腹满, 无热恶寒], [微脉, 脚挛急, 无热恶寒, 发热], [发热, 如疟状, 一日再发, 无热恶寒]]
候选命中或然证：[[沉脉], [], [], [], [], [], [], [], [], []]
候选方证：[茯苓桂枝甘草大枣汤证, 桂枝去芍药加附子汤证, 麻黄附子细辛汤证, 麻黄附子甘草汤证, 麻黄加术汤证, 泽漆汤证, 附子泻心汤证, 栝楼瞿麦丸证, 芍药甘草附子汤证, 桂枝二麻黄一汤证]
候选方证打分：[Fulingguizhigancaodazaotangzheng(hits=2/4, gap=2, poss=1/1, prio=3), Guizhiqushaoyaojiafuzitangzheng(hits=1/4, gap=3, poss=0/0, prio=2), Mahuangfuzixixintangzheng(hits=1/4, gap=3, poss=0/0, prio=2), Mahuangfuzigancaotangzheng(hits=1/4, gap=3, poss=0/0, prio=3), Mahuangjiazhutangzheng(hits=1/4, gap=3, poss=0/0, prio=3), Zeqitangzheng(hits=1/4, gap=3, poss=0/0, prio=3), Fuzixiexintangzheng(hits=1/5, gap=4, poss=0/0, prio=2), Gualouqumaiwanzheng(hits=1/5, gap=4, poss=0/0, prio=3), Shaoyaogancaofuzitangzheng(hits=1/5, gap=4, poss=0/1, prio=3), Guizhiermahuangyitangzheng(hits=1/6, gap=5, poss=0/0, prio=3)]
兼夹证：[]
加味药物：[]
配伍禁忌警告：[]
[失败] ShaoyinTaiyinFangzhengTest         t_fulingguizhigancaodazaotang  「茯苓桂枝甘草大枣汤证」     0.74s
        └─ expected: "Taiyangbing" but was: null

===== 苓桂术甘汤证 =====
八纲：{表里=[里证], 寒热=[], 虚实=[实证, 虚证], 阴阳=[阳证], bagangTypes=[里证, 实证, 虚证, 阳证, 阴证]}
六经：阳明太阴合病
方证：苓桂术甘汤证
推荐方剂：苓桂术
药物组成：[白术, 茯苓, 甘草, 桂枝]
六经列表：[太阴病, 阳明病]
合病标记：阳明太阴合病
命中主证：[气上冲胸, 起则头眩, 心下逆满]
命中或然证：[沉紧脉]
候选命中主证：[[气上冲胸, 起则头眩, 心下逆满], [腹满], [腹满], [腹满], [腹满], [腹满], [腹满], [腹满], [腹满], [腹满]]
候选缺口：[[], [时痛], [口舌干燥], [按之不痛], [卧起不安, 心烦], [不渴, 下利], [潮热, 谵语], [浮数脉, 发热, 无热恶寒], [黄疸, 小便不利, 小便赤, 自汗], [沉实脉, 潮热, 腹痛, 燥屎, 谵语]]
候选命中或然证：[[沉紧脉], [], [], [], [], [], [], [], [], []]
候选方证：[苓桂术甘汤证, 桂枝加芍药汤证, 己椒苈黄丸证, 厚朴生姜半夏甘草人参汤证, 栀子厚朴汤证, 理中汤证, 小承气汤证, 厚朴七物汤证, 大黄硝石汤证, 大承气汤证]
候选方证打分：[Lingguizhugantangzheng(hits=5/5, gap=0, poss=1/1, prio=3), Guizhijiashaoyaotangzheng(hits=3/4, gap=1, poss=0/0, prio=3), Jijiaolihuangwanzheng(hits=3/4, gap=1, poss=0/0, prio=3), Houposhengjiangbanxiagancaorenshentangzheng(hits=3/4, gap=1, poss=0/1, prio=3), Zhizihoupotangzheng(hits=3/5, gap=2, poss=0/0, prio=2), Lizhongtangzheng(hits=3/5, gap=2, poss=0/0, prio=3), Xiaochengqitangzheng(hits=3/5, gap=2, poss=0/2, prio=2), Houpoqiwutangzheng(hits=4/7, gap=3, poss=0/2, prio=2), Dahuangxiaoshitangzheng(hits=3/7, gap=4, poss=0/1, prio=2), Dachengqitangzheng(hits=3/8, gap=5, poss=0/0, prio=1)]
兼夹证：[]
加味药物：[]
配伍禁忌警告：[]
[通过] ShaoyinTaiyinFangzhengTest         t_lingguizhugantang            「苓桂术甘汤证」         0.48s

===== 五苓散证 =====
八纲：{表里=[表证, 里证], 寒热=[热证], 虚实=[], 阴阳=[阳证], bagangTypes=[表证, 里证, 热证, 阳证]}
六经：太阳阳明合病
方证：五苓散证
推荐方剂：五苓散
药物组成：[白术, 茯苓, 桂枝, 泽泻, 猪苓]
六经列表：[太阳病, 阳明病]
合病标记：太阳阳明合病
命中主证：[浮脉, 口渴, 水入则吐, 小便不利]
命中或然证：[]
候选命中主证：[[浮脉, 口渴, 水入则吐, 小便不利], [小便不利], [小便不利], [小便不利], [口渴, 小便不利], [恶寒], [小便不利], [小便不利], [恶寒], [小便不利]]
候选缺口：[[], [], [], [], [发热], [胸满], [身黄], [心下满], [身疼烦], [腰以下有水气]]
候选命中或然证：[[], [], [], [], [], [], [], [], [], []]
候选方证：[五苓散证, 茯苓戎盐汤证, 滑石白鱼散证, 蒲灰散证, 猪苓汤证, 桂枝去芍药加附子汤证, 茵陈蒿汤证, 桂枝去桂加茯苓白术汤证, 麻黄加术汤证, 牡蛎泽泻散证]
候选方证打分：[Wulingsanzheng(hits=8/8, gap=0, poss=0/0, prio=3), Fulingrongyantangzheng(hits=3/3, gap=0, poss=0/0, prio=3), Huashibaiyusanzheng(hits=3/3, gap=0, poss=0/0, prio=3), Puhuisanzheng(hits=3/3, gap=0, poss=0/0, prio=3), Zhulingtangzheng(hits=4/5, gap=1, poss=0/0, prio=2), Guizhiqushaoyaojiafuzitangzheng(hits=3/4, gap=1, poss=0/0, prio=2), Yinchenhaotangzheng(hits=3/4, gap=1, poss=0/0, prio=2), Guizhiquguijiafulingbaizhutangzheng(hits=3/4, gap=1, poss=0/0, prio=3), Mahuangjiazhutangzheng(hits=3/4, gap=1, poss=0/0, prio=3), Mulizexiesanzheng(hits=3/4, gap=1, poss=0/0, prio=3)]
兼夹证：[]
加味药物：[]
配伍禁忌警告：[]
[通过] ShaoyinTaiyinFangzhengTest         t_wulingsan                    「五苓散证」           0.41s

===== 茯苓甘草汤证 =====
八纲：{表里=[表证], 寒热=[], 虚实=[], 阴阳=[阳证], bagangTypes=[表证, 阳证]}
六经：太阳病
方证：茯苓甘草汤证
推荐方剂：茯苓汤
药物组成：[茯苓, 甘草, 桂枝, 生姜]
六经列表：[太阳病]
合病标记：null
命中主证：[不渴, 手足冷, 心下悸动]
命中或然证：[]
候选命中主证：[[不渴, 手足冷, 心下悸动], [恶寒], [心下悸动], [恶寒], [浮脉], [浮脉], [不渴], [恶寒], [恶寒], [恶寒]]
候选缺口：[[], [胸满], [欲得按], [身疼烦], [水之为病], [咳嗽], [风水恶风, 一身悉肿], [微脉, 脚挛急], [发热, 身黄, 大脉, 口渴], [发热, 如疟状, 一日再发]]
候选命中或然证：[[], [], [], [], [], [], [浮脉], [], [], []]
候选方证：[茯苓甘草汤证, 桂枝去芍药加附子汤证, 桂枝甘草汤证, 麻黄加术汤证, 杏子汤证, 厚朴麻黄汤证, 越婢汤证, 芍药甘草附子汤证, 麻黄连翘赤小豆汤证, 桂枝二麻黄一汤证]
候选方证打分：[Fulinggancaotangzheng(hits=5/5, gap=0, poss=0/1, prio=3), Guizhiqushaoyaojiafuzitangzheng(hits=3/4, gap=1, poss=0/0, prio=2), Guizhigancaotangzheng(hits=3/4, gap=1, poss=0/0, prio=3), Mahuangjiazhutangzheng(hits=3/4, gap=1, poss=0/0, prio=3), Xingzitangzheng(hits=3/4, gap=1, poss=0/0, prio=3), Houpomahuangtangzheng(hits=3/4, gap=1, poss=0/4, prio=3), Yuebitangzheng(hits=3/5, gap=2, poss=1/2, prio=3), Shaoyaogancaofuzitangzheng(hits=3/5, gap=2, poss=0/1, prio=3), Mahuanglianqiaochixiaodoutangzheng(hits=4/7, gap=3, poss=0/0, prio=3), Guizhiermahuangyitangzheng(hits=3/6, gap=3, poss=0/0, prio=3)]
兼夹证：[]
加味药物：[]
配伍禁忌警告：[]
[通过] ShaoyinTaiyinFangzhengTest         t_fulinggancaotang             「茯苓甘草汤证」         0.43s

===== 茯苓泽泻汤证 =====
八纲：{表里=[表证, 里证], 寒热=[], 虚实=[虚证], 阴阳=[阴证], bagangTypes=[表证, 里证, 虚证, 阴证]}
六经：太阴少阴合病
方证：茯苓泽泻汤证
推荐方剂：茯苓泽泻汤
药物组成：[白术, 茯苓, 甘草, 桂枝, 生姜, 泽泻]
六经列表：[少阴病, 太阴病]
合病标记：太阴少阴合病
命中主证：[口渴, 呕吐]
命中或然证：[]
候选命中主证：[[口渴, 呕吐], [口渴, 呕吐, 欲饮], [腹满], [腹满], [腹满], [口渴], [腹满], [呕吐], [口渴], [呕吐]]
候选缺口：[[], [头痛], [按之不痛], [时痛], [口舌干燥], [沉脉, 小便不利], [不渴, 下利], [膈间有水, 心下痞], [发热, 小便不利], [腹痛, 腹中雷鸣, 胸胁苦满]]
候选命中或然证：[[], [], [浮脉], [], [], [], [], [], [], []]
候选方证：[茯苓泽泻汤证, 文蛤汤证, 厚朴生姜半夏甘草人参汤证, 桂枝加芍药汤证, 己椒苈黄丸证, 栝楼瞿麦丸证, 理中汤证, 小半夏加茯苓汤证, 猪苓汤证, 附子粳米汤证]
候选方证打分：[Fulingzexietangzheng(hits=4/4, gap=0, poss=0/0, prio=3), Wengetangzheng(hits=5/6, gap=1, poss=0/0, prio=3), Houposhengjiangbanxiagancaorenshentangzheng(hits=3/4, gap=1, poss=1/1, prio=3), Guizhijiashaoyaotangzheng(hits=3/4, gap=1, poss=0/0, prio=3), Jijiaolihuangwanzheng(hits=3/4, gap=1, poss=0/0, prio=3), Gualouqumaiwanzheng(hits=3/5, gap=2, poss=0/0, prio=3), Lizhongtangzheng(hits=3/5, gap=2, poss=0/0, prio=3), Xiaobanxiajiafulingtangzheng(hits=3/5, gap=2, poss=0/1, prio=3), Zhulingtangzheng(hits=3/5, gap=2, poss=0/0, prio=2), Fuzijingmitangzheng(hits=3/6, gap=3, poss=0/0, prio=3)]
兼夹证：[]
加味药物：[]
配伍禁忌警告：[]
[通过] ShaoyinTaiyinFangzhengTest         t_fulingzexietang              「茯苓泽泻汤证」         0.43s

===== 苓甘五味姜辛汤证 =====
八纲：{表里=[里证], 寒热=[], 虚实=[虚证], 阴阳=[阴证], bagangTypes=[里证, 虚证, 阴证]}
六经：太阴病
方证：苓甘五味姜辛汤证
推荐方剂：苓味姜辛汤
药物组成：[茯苓, 甘草, 干姜, 五味子, 细辛]
六经列表：[太阴病]
合病标记：null
命中主证：[咳嗽, 胸满]
命中或然证：[]
候选命中主证：[[咳嗽, 胸满], [沉脉, 咳嗽], [咳嗽, 胸满], [腹满], [腹满], [腹满], [沉脉], [腹满], [咳嗽], [胸满]]
候选缺口：[[], [], [呕], [时痛], [口舌干燥], [按之不痛], [口渴, 小便不利], [不渴, 下利], [喘, 目如脱状], [喘, 膈间支饮, 心下痞坚]]
候选命中或然证：[[], [], [], [], [], [], [], [], [], []]
候选方证：[苓甘五味姜辛汤证, 泽漆汤证, 苓甘五味姜辛夏汤证, 桂枝加芍药汤证, 己椒苈黄丸证, 厚朴生姜半夏甘草人参汤证, 栝楼瞿麦丸证, 理中汤证, 越婢加半夏汤证, 木防己汤证]
候选方证打分：[Lingganwuweijiangxintangzheng(hits=4/4, gap=0, poss=0/0, prio=3), Zeqitangzheng(hits=4/4, gap=0, poss=0/0, prio=3), Lingganwuweijiangxinxiatangzheng(hits=4/5, gap=1, poss=0/0, prio=3), Guizhijiashaoyaotangzheng(hits=3/4, gap=1, poss=0/0, prio=3), Jijiaolihuangwanzheng(hits=3/4, gap=1, poss=0/0, prio=3), Houposhengjiangbanxiagancaorenshentangzheng(hits=3/4, gap=1, poss=0/1, prio=3), Gualouqumaiwanzheng(hits=3/5, gap=2, poss=0/0, prio=3), Lizhongtangzheng(hits=3/5, gap=2, poss=0/0, prio=3), Yuebijiabanxiatangzheng(hits=3/5, gap=2, poss=0/1, prio=3), Mufangjitangzheng(hits=3/6, gap=3, poss=0/0, prio=2)]
兼夹证：[]
加味药物：[]
配伍禁忌警告：[]
[通过] ShaoyinTaiyinFangzhengTest         t_lingganwuweijiangxintang     「苓甘五味姜辛汤证」       0.50s

===== 苓甘五味姜辛夏汤证 =====
八纲：{表里=[里证], 寒热=[], 虚实=[虚证], 阴阳=[阴证], bagangTypes=[里证, 虚证, 阴证]}
六经：太阴病
方证：苓甘五味姜辛夏汤证
推荐方剂：苓甘五味姜辛夏汤
药物组成：[半夏, 茯苓, 甘草, 干姜, 五味子, 细辛]
六经列表：[太阴病]
合病标记：null
命中主证：[咳嗽, 呕, 胸满]
命中或然证：[]
候选命中主证：[[咳嗽, 呕, 胸满], [咳嗽, 胸满], [沉脉, 咳嗽], [腹满], [腹满], [苦冒眩], [腹满], [呕, 胸满], [呕], [沉脉]]
候选缺口：[[], [], [], [时痛], [口舌干燥], [心下有支饮], [按之不痛], [后思水, 吐], [下利, 心下痞], [口渴, 小便不利]]
候选命中或然证：[[], [], [], [], [], [], [], [], [], []]
候选方证：[苓甘五味姜辛夏汤证, 苓甘五味姜辛汤证, 泽漆汤证, 桂枝加芍药汤证, 己椒苈黄丸证, 泽泻汤证, 厚朴生姜半夏甘草人参汤证, 猪苓散证, 半夏泻心汤证, 栝楼瞿麦丸证]
候选方证打分：[Lingganwuweijiangxinxiatangzheng(hits=5/5, gap=0, poss=0/0, prio=3), Lingganwuweijiangxintangzheng(hits=4/4, gap=0, poss=0/0, prio=3), Zeqitangzheng(hits=4/4, gap=0, poss=0/0, prio=3), Guizhijiashaoyaotangzheng(hits=3/4, gap=1, poss=0/0, prio=3), Jijiaolihuangwanzheng(hits=3/4, gap=1, poss=0/0, prio=3), Zexietangzheng(hits=3/4, gap=1, poss=0/0, prio=3), Houposhengjiangbanxiagancaorenshentangzheng(hits=3/4, gap=1, poss=0/1, prio=3), Zhulingsanzheng(hits=4/6, gap=2, poss=0/0, prio=3), Banxiaxiexintangzheng(hits=3/5, gap=2, poss=0/0, prio=2), Gualouqumaiwanzheng(hits=3/5, gap=2, poss=0/0, prio=3)]
兼夹证：[]
加味药物：[]
配伍禁忌警告：[]
[通过] ShaoyinTaiyinFangzhengTest         t_lingganwuweijiangxinxiatang  「苓甘五味姜辛夏汤证」      0.51s

===== 苓甘五味加姜辛半夏杏仁汤证 =====
八纲：{表里=[里证], 寒热=[], 虚实=[虚证], 阴阳=[阴证], bagangTypes=[里证, 虚证, 阴证]}
六经：太阴病
方证：苓甘五味加姜辛半夏杏仁汤证
推荐方剂：苓甘五味加姜辛半夏杏仁汤
药物组成：[半夏, 茯苓, 甘草, 干姜, 五味子, 杏仁, 细辛]
六经列表：[太阴病]
合病标记：null
命中主证：[形肿]
命中或然证：[]
候选命中主证：[[形肿], [腹满], [腹满], [沉脉], [腹满], [沉脉], [腹满], [], [], []]
候选缺口：[[], [时痛], [口舌干燥], [咳嗽], [按之不痛], [口渴, 小便不利], [不渴, 下利], [下利, 下利气], [肺痛, 下利], [身重, 腰中冷]]
候选命中或然证：[[], [], [], [], [], [], [], [沉脉], [沉脉], [沉脉]]
候选方证：[苓甘五味加姜辛半夏杏仁汤证, 桂枝加芍药汤证, 己椒苈黄丸证, 泽漆汤证, 厚朴生姜半夏甘草人参汤证, 栝楼瞿麦丸证, 理中汤证, 诃梨勒散证, 紫参汤证, 甘草干姜茯苓白术汤证]
候选方证打分：[Lingganwuweijiajiangxinbanxiaxingrentangzheng(hits=3/3, gap=0, poss=0/0, prio=3), Guizhijiashaoyaotangzheng(hits=3/4, gap=1, poss=0/0, prio=3), Jijiaolihuangwanzheng(hits=3/4, gap=1, poss=0/0, prio=3), Zeqitangzheng(hits=3/4, gap=1, poss=0/0, prio=3), Houposhengjiangbanxiagancaorenshentangzheng(hits=3/4, gap=1, poss=0/1, prio=3), Gualouqumaiwanzheng(hits=3/5, gap=2, poss=0/0, prio=3), Lizhongtangzheng(hits=3/5, gap=2, poss=0/0, prio=3), Helilesanzheng(hits=2/4, gap=2, poss=1/1, prio=3), Zishentangzheng(hits=2/4, gap=2, poss=1/1, prio=3), Gancaoganjiangfulingbaizhutangzheng(hits=2/4, gap=2, poss=1/2, prio=3)]
兼夹证：[]
加味药物：[]
配伍禁忌警告：[]
[通过] ShaoyinTaiyinFangzhengTest         t_lingganwuweijiajiangxinbanxiaxingrentang 「苓甘五味加姜辛半夏杏仁汤证」     0.44s

===== 苓甘五味加姜辛半杏大黄汤证 =====
八纲：{表里=[里证], 寒热=[], 虚实=[虚证], 阴阳=[阴证], bagangTypes=[里证, 虚证, 阴证]}
六经：太阴病
方证：苓甘五味加姜辛半杏大黄汤证
推荐方剂：苓甘五味加姜辛半杏大黄汤
药物组成：[半夏, 大黄, 茯苓, 甘草, 干姜, 五味子, 杏仁, 细辛]
六经列表：[太阴病]
合病标记：null
命中主证：[面热]
命中或然证：[]
候选命中主证：[[面热], [腹满], [腹满], [沉脉], [腹满], [沉脉], [腹满], [], [], []]
候选缺口：[[], [时痛], [口舌干燥], [咳嗽], [按之不痛], [口渴, 小便不利], [不渴, 下利], [下利, 下利气], [肺痛, 下利], [身重, 腰中冷]]
候选命中或然证：[[], [], [], [], [], [], [], [沉脉], [沉脉], [沉脉]]
候选方证：[苓甘五味加姜辛半杏大黄汤证, 桂枝加芍药汤证, 己椒苈黄丸证, 泽漆汤证, 厚朴生姜半夏甘草人参汤证, 栝楼瞿麦丸证, 理中汤证, 诃梨勒散证, 紫参汤证, 甘草干姜茯苓白术汤证]
候选方证打分：[Lingganwuweijiajiangxinbanxingdahuangtangzheng(hits=3/3, gap=0, poss=0/3, prio=3), Guizhijiashaoyaotangzheng(hits=3/4, gap=1, poss=0/0, prio=3), Jijiaolihuangwanzheng(hits=3/4, gap=1, poss=0/0, prio=3), Zeqitangzheng(hits=3/4, gap=1, poss=0/0, prio=3), Houposhengjiangbanxiagancaorenshentangzheng(hits=3/4, gap=1, poss=0/1, prio=3), Gualouqumaiwanzheng(hits=3/5, gap=2, poss=0/0, prio=3), Lizhongtangzheng(hits=3/5, gap=2, poss=0/0, prio=3), Helilesanzheng(hits=2/4, gap=2, poss=1/1, prio=3), Zishentangzheng(hits=2/4, gap=2, poss=1/1, prio=3), Gancaoganjiangfulingbaizhutangzheng(hits=2/4, gap=2, poss=1/2, prio=3)]
兼夹证：[]
加味药物：[]
配伍禁忌警告：[]
[通过] ShaoyinTaiyinFangzhengTest         t_lingganwuweijiajiangxinbanxingdahuangtang 「苓甘五味加姜辛半杏大黄汤证」     0.45s

===== 桂苓五味甘草汤证 =====
八纲：{表里=[里证], 寒热=[], 虚实=[虚证], 阴阳=[阴证], bagangTypes=[里证, 虚证, 阴证]}
六经：太阴病
方证：桂苓五味甘草汤证
推荐方剂：桂苓五味汤
药物组成：[茯苓, 甘草, 桂枝, 五味子]
六经列表：[太阴病]
合病标记：null
命中主证：[多唾口燥, 气从少腹上冲胸咽]
命中或然证：[]
候选命中主证：[[多唾口燥, 气从少腹上冲胸咽], [腹满], [腹满], [沉脉], [小便难], [腹满], [沉脉], [腹满], [小便难], []]
候选缺口：[[手足冷], [时痛], [口舌干燥], [咳嗽], [饮食如故], [按之不痛], [口渴, 小便不利], [不渴, 下利], [不渴, 妇人少腹满如敦状, 生后者], [下利, 下利气]]
候选命中或然证：[[], [], [], [], [], [], [], [], [腹满], [沉脉]]
候选方证：[桂苓五味甘草汤证, 桂枝加芍药汤证, 己椒苈黄丸证, 泽漆汤证, 当归贝母苦参丸证, 厚朴生姜半夏甘草人参汤证, 栝楼瞿麦丸证, 理中汤证, 大黄甘遂汤证, 诃梨勒散证]
候选方证打分：[Guilingwuweigancaotangzheng(hits=4/5, gap=1, poss=0/0, prio=3), Guizhijiashaoyaotangzheng(hits=3/4, gap=1, poss=0/0, prio=3), Jijiaolihuangwanzheng(hits=3/4, gap=1, poss=0/0, prio=3), Zeqitangzheng(hits=3/4, gap=1, poss=0/0, prio=3), Dangguibeimukushenwanzheng(hits=3/4, gap=1, poss=0/1, prio=3), Houposhengjiangbanxiagancaorenshentangzheng(hits=3/4, gap=1, poss=0/1, prio=3), Gualouqumaiwanzheng(hits=3/5, gap=2, poss=0/0, prio=3), Lizhongtangzheng(hits=3/5, gap=2, poss=0/0, prio=3), Dahuanggansuitangzheng(hits=3/6, gap=3, poss=1/2, prio=2), Helilesanzheng(hits=2/4, gap=2, poss=1/1, prio=3)]
兼夹证：[]
加味药物：[]
配伍禁忌警告：[]
[通过] ShaoyinTaiyinFangzhengTest         t_guilingwuweigancaotang       「桂苓五味甘草汤证」       0.46s

===== 桂枝加龙骨牡蛎汤证 =====
八纲：{表里=[里证], 寒热=[寒证], 虚实=[虚证], 阴阳=[阴证], bagangTypes=[寒证, 里证, 虚证, 阴证]}
六经：太阴病
方证：桂枝加龙骨牡蛎汤证
推荐方剂：桂枝加龙骨牡蛎汤加减
药物组成：[大枣, 甘草, 桂枝, 龙骨, 牡蛎, 芍药, 生姜]
六经列表：[太阴病]
合病标记：null
命中主证：[少腹弦急, 失精家]
命中或然证：[]
候选命中主证：[[少腹弦急, 失精家], [腹满], [腹满], [腹满], [腹满], []]
候选缺口：[[], [时痛], [口舌干燥], [按之不痛], [不渴, 下利], [不渴, 妇人少腹满如敦状, 生后者, 小便难]]
候选命中或然证：[[], [], [], [], [], [腹满]]
候选方证：[桂枝加龙骨牡蛎汤证, 桂枝加芍药汤证, 己椒苈黄丸证, 厚朴生姜半夏甘草人参汤证, 理中汤证, 大黄甘遂汤证]
候选方证打分：[Guizhijialonggumulitangzheng(hits=4/4, gap=0, poss=0/0, prio=3), Guizhijiashaoyaotangzheng(hits=3/4, gap=1, poss=0/0, prio=3), Jijiaolihuangwanzheng(hits=3/4, gap=1, poss=0/0, prio=3), Houposhengjiangbanxiagancaorenshentangzheng(hits=3/4, gap=1, poss=0/1, prio=3), Lizhongtangzheng(hits=3/5, gap=2, poss=0/0, prio=3), Dahuanggansuitangzheng(hits=2/6, gap=4, poss=1/2, prio=2)]
兼夹证：[]
加味药物：[]
配伍禁忌警告：[]
[通过] ShaoyinTaiyinFangzhengTest         t_guizhijialonggumulitang_taiyin 「桂枝加龙骨牡蛎汤证（太阴）」     0.40s

===== 桂枝生姜枳实汤证 =====
八纲：{表里=[里证], 寒热=[], 虚实=[虚证], 阴阳=[阴证], bagangTypes=[里证, 虚证, 阴证]}
六经：太阴病
方证：桂枝生姜枳实汤证
推荐方剂：桂枝生姜枳实汤
药物组成：[桂枝, 生姜, 枳实]
六经列表：[太阴病]
合病标记：null
命中主证：[气逆, 心中痞]
命中或然证：[]
候选命中主证：[[气逆, 心中痞], [腹满], [腹满], [腹满], [沉弦脉], [腹满], [心中痞], [], [], []]
候选缺口：[[], [时痛], [口舌干燥], [按之不痛], [下利, 心下痞], [不渴, 下利], [胁下逆抢心, 胸痹, 胸满], [带下, 经水不利, 少腹满痛], [呕, 不能饮食, 腹中寒, 心胸大寒痛], [不渴, 妇人少腹满如敦状, 生后者, 小便难]]
候选命中或然证：[[], [], [], [], [], [], [], [沉弦脉], [沉弦脉], [腹满]]
候选方证：[桂枝生姜枳实汤证, 桂枝加芍药汤证, 己椒苈黄丸证, 厚朴生姜半夏甘草人参汤证, 甘遂半夏汤证, 理中汤证, 枳实薤白桂枝汤证, 土瓜根散证, 大建中汤证, 大黄甘遂汤证]
候选方证打分：[Guizhishengjiangzhishitangzheng(hits=4/4, gap=0, poss=0/0, prio=3), Guizhijiashaoyaotangzheng(hits=3/4, gap=1, poss=0/0, prio=3), Jijiaolihuangwanzheng(hits=3/4, gap=1, poss=0/0, prio=3), Houposhengjiangbanxiagancaorenshentangzheng(hits=3/4, gap=1, poss=0/1, prio=3), Gansuibanxiatangzheng(hits=3/5, gap=2, poss=0/0, prio=2), Lizhongtangzheng(hits=3/5, gap=2, poss=0/0, prio=3), Zhishixiebaiguizhitangzheng(hits=3/6, gap=3, poss=0/1, prio=3), Tuguagensanzheng(hits=2/5, gap=3, poss=1/1, prio=5), Dajianzhongtangzheng(hits=2/6, gap=4, poss=1/1, prio=1), Dahuanggansuitangzheng(hits=2/6, gap=4, poss=1/2, prio=2)]
兼夹证：[]
加味药物：[]
配伍禁忌警告：[]
[通过] ShaoyinTaiyinFangzhengTest         t_guizhishengjiangzhishitang_taiyin 「桂枝生姜枳实汤证（太阴）」     0.47s

===== 越婢加术汤证 =====
八纲：{表里=[里证], 寒热=[], 虚实=[虚证], 阴阳=[阴证], bagangTypes=[里证, 虚证, 阴证]}
六经：太阴病
方证：越婢加术汤证
推荐方剂：Yuebijiazhutang
药物组成：[]
六经列表：[太阴病]
合病标记：null
命中主证：[小便不利, 一身面目黄肿]
命中或然证：[]
候选命中主证：[[小便不利, 一身面目黄肿], [沉脉, 小便不利], [腹满], [腹满], [沉脉], [腹满], [小便不利], [腹满], [小便不利], []]
候选缺口：[[], [口渴], [时痛], [口舌干燥], [咳嗽], [按之不痛], [妊娠有水气, 身重], [不渴, 下利], [但头汗出, 口渴, 气上撞心, 往来寒热, 胸胁苦满], [小便难, 饮食如故]]
候选命中或然证：[[], [], [], [], [], [], [], [], [], [小便不利]]
候选方证：[越婢加术汤证, 栝楼瞿麦丸证, 桂枝加芍药汤证, 己椒苈黄丸证, 泽漆汤证, 厚朴生姜半夏甘草人参汤证, 葵子茯苓散证, 理中汤证, 柴胡桂枝干姜汤证, 当归贝母苦参丸证]
候选方证打分：[Yuebijiazhutangzheng(hits=4/4, gap=0, poss=0/0, prio=3), Gualouqumaiwanzheng(hits=4/5, gap=1, poss=0/0, prio=3), Guizhijiashaoyaotangzheng(hits=3/4, gap=1, poss=0/0, prio=3), Jijiaolihuangwanzheng(hits=3/4, gap=1, poss=0/0, prio=3), Zeqitangzheng(hits=3/4, gap=1, poss=0/0, prio=3), Houposhengjiangbanxiagancaorenshentangzheng(hits=3/4, gap=1, poss=0/1, prio=3), Kuizifulingsanzheng(hits=3/5, gap=2, poss=0/0, prio=3), Lizhongtangzheng(hits=3/5, gap=2, poss=0/0, prio=3), Chaihuguizhiganjiangtangzheng(hits=3/7, gap=4, poss=0/0, prio=3), Dangguibeimukushenwanzheng(hits=2/4, gap=2, poss=1/1, prio=3)]
兼夹证：[]
加味药物：[]
配伍禁忌警告：[]
[通过] ShaoyinTaiyinFangzhengTest         t_yuebijiazhutang              「越婢加术汤证」         0.47s

===== 黄芪桂枝五物汤证 =====
八纲：{表里=[里证], 寒热=[], 虚实=[虚证], 阴阳=[阴证], bagangTypes=[里证, 虚证, 阴证]}
六经：太阴病
方证：黄芪桂枝五物汤证
推荐方剂：黄芪桂枝五物汤
药物组成：[大枣, 桂枝, 黄芪, 芍药, 生姜]
六经列表：[太阴病]
合病标记：null
命中主证：[如风痹状, 身体不仁]
命中或然证：[]
候选命中主证：[[如风痹状, 身体不仁], [腹满], [腹满], [腹满], [腹满], []]
候选缺口：[[], [时痛], [口舌干燥], [按之不痛], [不渴, 下利], [不渴, 妇人少腹满如敦状, 生后者, 小便难]]
候选命中或然证：[[], [], [], [], [], [腹满]]
候选方证：[黄芪桂枝五物汤证, 桂枝加芍药汤证, 己椒苈黄丸证, 厚朴生姜半夏甘草人参汤证, 理中汤证, 大黄甘遂汤证]
候选方证打分：[Huangqiguizhiwuwutangzheng(hits=4/4, gap=0, poss=0/0, prio=3), Guizhijiashaoyaotangzheng(hits=3/4, gap=1, poss=0/0, prio=3), Jijiaolihuangwanzheng(hits=3/4, gap=1, poss=0/0, prio=3), Houposhengjiangbanxiagancaorenshentangzheng(hits=3/4, gap=1, poss=0/1, prio=3), Lizhongtangzheng(hits=3/5, gap=2, poss=0/0, prio=3), Dahuanggansuitangzheng(hits=2/6, gap=4, poss=1/2, prio=2)]
兼夹证：[]
加味药物：[]
配伍禁忌警告：[]
[通过] ShaoyinTaiyinFangzhengTest         t_huangqiguizhiwuwutang        「黄芪桂枝五物汤证」       0.43s

===== 黄芪建中汤证 =====
八纲：{表里=[表证], 寒热=[], 虚实=[虚证], 阴阳=[阴证], bagangTypes=[表证, 虚证, 阴证]}
六经：少阴病
方证：黄芪建中汤证
推荐方剂：黄芪建中汤
药物组成：[大枣, 甘草, 桂枝, 黄芪, 芍药, 生姜, 饴糖]
六经列表：[少阴病]
合病标记：null
命中主证：[里急, 虚劳]
命中或然证：[]
候选命中主证：[[里急, 虚劳], [但欲寐], [虚劳], [里急], [微细脉]]
候选缺口：[[], [恶寒], [风气百疾], [寒疝腹痛, 胁痛], [不恶寒, 手足冷, 下利清谷]]
候选命中或然证：[[], [], [], [], []]
候选方证：[黄芪建中汤证, 麻黄附子甘草汤证, 薯蓣丸证, 当归生姜羊肉汤证, 通脉四逆汤证]
候选方证打分：[Huangqijianzhongtangzheng(hits=4/4, gap=0, poss=0/0, prio=3), Mahuangfuzigancaotangzheng(hits=3/4, gap=1, poss=0/0, prio=3), Shuyuwanzheng(hits=3/4, gap=1, poss=0/0, prio=3), Dangguishengjiangyangroutangzheng(hits=3/5, gap=2, poss=0/1, prio=3), Tongmaisinitangzheng(hits=3/6, gap=3, poss=0/1, prio=1)]
兼夹证：[]
加味药物：[]
配伍禁忌警告：[]
[通过] ShaoyinTaiyinFangzhengTest         t_huangqijianzhongtang         「黄芪建中汤证」         0.45s

===== 栝楼瞿麦丸（十八反：瓜蒌根反附子） =====
八纲：{表里=[里证], 寒热=[], 虚实=[虚证], 阴阳=[阴证], bagangTypes=[里证, 虚证, 阴证]}
六经：太阴病
方证：栝楼瞿麦丸证
推荐方剂：栝楼瞿麦丸
药物组成：[茯苓, 附子, 瓜蒌根, 瞿麦, 山药]
六经列表：[太阴病]
合病标记：null
命中主证：[沉脉, 口渴, 小便不利]
命中或然证：[]
候选命中主证：[[沉脉, 口渴, 小便不利], [口渴], [腹满], [腹满], [小便不利], [沉脉], [腹满], [小便不利], [腹满], [口渴, 小便不利]]
候选缺口：[[], [呕吐], [时痛], [口舌干燥], [一身面目黄肿], [咳嗽], [按之不痛], [妊娠有水气, 身重], [不渴, 下利], [但头汗出, 气上撞心, 大脉]]
候选命中或然证：[[], [], [], [], [], [], [], [], [], []]
候选方证：[栝楼瞿麦丸证, 茯苓泽泻汤证, 桂枝加芍药汤证, 己椒苈黄丸证, 越婢加术汤证, 泽漆汤证, 厚朴生姜半夏甘草人参汤证, 葵子茯苓散证, 理中汤证, 柴胡桂枝干姜汤证]
候选方证打分：[Gualouqumaiwanzheng(hits=5/5, gap=0, poss=0/0, prio=3), Fulingzexietangzheng(hits=3/4, gap=1, poss=0/0, prio=3), Guizhijiashaoyaotangzheng(hits=3/4, gap=1, poss=0/0, prio=3), Jijiaolihuangwanzheng(hits=3/4, gap=1, poss=0/0, prio=3), Yuebijiazhutangzheng(hits=3/4, gap=1, poss=0/0, prio=3), Zeqitangzheng(hits=3/4, gap=1, poss=0/0, prio=3), Houposhengjiangbanxiagancaorenshentangzheng(hits=3/4, gap=1, poss=0/1, prio=3), Kuizifulingsanzheng(hits=3/5, gap=2, poss=0/0, prio=3), Lizhongtangzheng(hits=3/5, gap=2, poss=0/0, prio=3), Chaihuguizhiganjiangtangzheng(hits=4/7, gap=3, poss=0/0, prio=3)]
兼夹证：[]
加味药物：[]
配伍禁忌警告：[十八反：瓜蒌根 反 附子]
[通过] ShaoyinTaiyinFangzhengTest         shouldWarnOnGualouQumaiWanAntagonism 「栝楼瞿麦丸十八反警告检测」     0.40s

===== 内补当归建中汤证 =====
八纲：{表里=[里证], 寒热=[], 虚实=[虚证], 阴阳=[阴证], bagangTypes=[里证, 虚证, 阴证]}
六经：太阴病
方证：内补当归建中汤证
推荐方剂：内补当归建中汤
药物组成：[当归, 大枣, 甘草, 桂枝, 芍药, 生姜, 饴糖]
六经列表：[太阴病]
合病标记：null
命中主证：[刺痛, 腹痛, 少腹拘急]
命中或然证：[不能饮食, 或引腰脊, 少气]
候选命中主证：[[刺痛, 腹痛, 少腹拘急], [刺痛, 腹痛], [腹痛], [腹痛], [腹满], [腹满], [腹满], [少气], [腹满], [腹痛]]
候选缺口：[[], [], [], [拒按], [时痛], [口舌干燥], [按之不痛], [虚脉, 哕], [不渴, 下利], [腹中雷鸣, 呕吐, 胸胁苦满]]
候选命中或然证：[[不能饮食, 或引腰脊, 少气], [], [], [], [], [], [], [], [], []]
候选方证：[内补当归建中汤证, 红蓝花酒证, 排脓散证, 桂枝加大黄汤证, 桂枝加芍药汤证, 己椒苈黄丸证, 厚朴生姜半夏甘草人参汤证, 橘皮竹茹汤证, 理中汤证, 附子粳米汤证]
候选方证打分：[Neibudangguijianzhongtangzheng(hits=5/5, gap=0, poss=3/3, prio=3), Honglanhuajiuzheng(hits=4/4, gap=0, poss=0/0, prio=5), Painongsanzheng(hits=3/3, gap=0, poss=0/0, prio=3), Guizhijiadahuangtangzheng(hits=3/4, gap=1, poss=0/0, prio=3), Guizhijiashaoyaotangzheng(hits=3/4, gap=1, poss=0/0, prio=3), Jijiaolihuangwanzheng(hits=3/4, gap=1, poss=0/0, prio=3), Houposhengjiangbanxiagancaorenshentangzheng(hits=3/4, gap=1, poss=0/1, prio=3), Jupizhurutangzheng(hits=3/5, gap=2, poss=0/0, prio=3), Lizhongtangzheng(hits=3/5, gap=2, poss=0/0, prio=3), Fuzijingmitangzheng(hits=3/6, gap=3, poss=0/0, prio=3)]
兼夹证：[]
加味药物：[]
配伍禁忌警告：[]
[通过] ShaoyinTaiyinFangzhengTest         t_neibudangguijianzhongtang    「内补当归建中汤证」       0.56s

===== 赤石脂禹余粮汤证 =====
八纲：{表里=[里证], 寒热=[], 虚实=[虚证], 阴阳=[阴证], bagangTypes=[里证, 虚证, 阴证]}
六经：太阴病
方证：赤石脂禹余粮汤证
推荐方剂：赤石脂禹余粮汤
药物组成：[赤石脂, 禹余粮]
六经列表：[太阴病]
合病标记：null
命中主证：[下利不止, 心下痞硬]
命中或然证：[]
候选命中主证：[[下利不止, 心下痞硬], [腹满], [腹满], [心下痞硬], [腹满], [下利不止], [下利不止, 心下痞硬], [心下痞硬], [腹满], []]
候选缺口：[[], [时痛], [口舌干燥], [噫气], [按之不痛], [心烦], [无热恶寒, 往来寒热, 胸胁苦满], [腹中雷鸣, 干噫食臭], [不渴, 下利], [不渴, 妇人少腹满如敦状, 生后者, 小便难]]
候选命中或然证：[[], [], [], [], [], [], [], [], [], [腹满]]
候选方证：[赤石脂禹余粮汤证, 桂枝加芍药汤证, 己椒苈黄丸证, 旋覆代赭汤证, 厚朴生姜半夏甘草人参汤证, 甘草泻心汤证, 桂枝人参汤证, 生姜泻心汤证, 理中汤证, 大黄甘遂汤证]
候选方证打分：[Chishizhiyuyuliangtangzheng(hits=4/4, gap=0, poss=0/0, prio=2), Guizhijiashaoyaotangzheng(hits=3/4, gap=1, poss=0/0, prio=3), Jijiaolihuangwanzheng(hits=3/4, gap=1, poss=0/0, prio=3), Xuanfudaizhetangzheng(hits=3/4, gap=1, poss=0/0, prio=3), Houposhengjiangbanxiagancaorenshentangzheng(hits=3/4, gap=1, poss=0/1, prio=3), Gancaoxiexintangzheng(hits=3/4, gap=1, poss=0/0, prio=2), Guizhirenshentangzheng(hits=4/6, gap=2, poss=0/0, prio=2), Shengjiangxiexintangzheng(hits=3/5, gap=2, poss=0/0, prio=2), Lizhongtangzheng(hits=3/5, gap=2, poss=0/0, prio=3), Dahuanggansuitangzheng(hits=2/6, gap=4, poss=1/2, prio=2)]
兼夹证：[]
加味药物：[]
配伍禁忌警告：[]
[通过] ShaoyinTaiyinFangzhengTest         t_chishizhiyuyuliangtang       「赤石脂禹余粮汤证」       0.51s

===== 茵陈五苓散证 =====
八纲：{表里=[表证, 里证], 寒热=[热证], 虚实=[], 阴阳=[阳证], bagangTypes=[表证, 里证, 热证, 阳证]}
六经：太阳阳明合病
方证：茵陈五苓散证
推荐方剂：茵陈五苓散加减
药物组成：[白术, 茯苓, 桂枝, 茵陈蒿, 泽泻, 猪苓]
六经列表：[太阳病, 阳明病]
合病标记：太阳阳明合病
命中主证：[黄疸, 小便不利]
命中或然证：[]
候选命中主证：[[黄疸, 小便不利], [小便不利], [小便不利], [小便不利], [浮脉, 口渴, 小便不利], [口渴, 小便不利], [小便不利], [小便不利], [小便不利], [浮脉]]
候选缺口：[[], [], [], [], [水入则吐], [发热], [身黄], [心下满], [腰以下有水气], [水之为病]]
候选命中或然证：[[], [], [], [], [], [], [], [], [], []]
候选方证：[茵陈五苓散证, 茯苓戎盐汤证, 滑石白鱼散证, 蒲灰散证, 五苓散证, 猪苓汤证, 茵陈蒿汤证, 桂枝去桂加茯苓白术汤证, 牡蛎泽泻散证, 杏子汤证]
候选方证打分：[Yinchenwulingsanzheng(hits=4/4, gap=0, poss=0/0, prio=3), Fulingrongyantangzheng(hits=3/3, gap=0, poss=0/0, prio=3), Huashibaiyusanzheng(hits=3/3, gap=0, poss=0/0, prio=3), Puhuisanzheng(hits=3/3, gap=0, poss=0/0, prio=3), Wulingsanzheng(hits=7/8, gap=1, poss=0/0, prio=3), Zhulingtangzheng(hits=4/5, gap=1, poss=0/0, prio=2), Yinchenhaotangzheng(hits=3/4, gap=1, poss=0/0, prio=2), Guizhiquguijiafulingbaizhutangzheng(hits=3/4, gap=1, poss=0/0, prio=3), Mulizexiesanzheng(hits=3/4, gap=1, poss=0/0, prio=3), Xingzitangzheng(hits=3/4, gap=1, poss=0/0, prio=3)]
兼夹证：[]
加味药物：[]
配伍禁忌警告：[]
[通过] ShaoyinTaiyinFangzhengTest         t_yinchenwulingsan             「茵陈五苓散证」         0.47s

===== 小建中汤证 =====
八纲：{表里=[里证], 寒热=[], 虚实=[虚证], 阴阳=[阴证], bagangTypes=[里证, 虚证, 阴证]}
六经：太阴病
方证：小建中汤证
推荐方剂：小建中汤加附子
药物组成：[大枣, 甘草, 桂枝, 芍药, 生姜, 饴糖, 附子]
六经列表：[太阴病]
合病标记：null
命中主证：[腹中?痛, 心悸]
命中或然证：[]
候选命中主证：[[腹中?痛, 心悸], [心悸], [腹满], [腹满], [腹中?痛], [腹满], [腹满], []]
候选缺口：[[], [结代脉], [时痛], [口舌干燥], [妊娠], [按之不痛], [不渴, 下利], [不渴, 妇人少腹满如敦状, 生后者, 小便难]]
候选命中或然证：[[], [], [], [], [], [], [], [腹满]]
候选方证：[小建中汤证, 炙甘草汤证, 桂枝加芍药汤证, 己椒苈黄丸证, 当归芍药散证, 厚朴生姜半夏甘草人参汤证, 理中汤证, 大黄甘遂汤证]
候选方证打分：[Xiaojianzhongtangzheng(hits=3/3, gap=0, poss=0/0, prio=3), Zhigancaotangzheng(hits=3/4, gap=1, poss=0/0, prio=2), Guizhijiashaoyaotangzheng(hits=3/4, gap=1, poss=0/0, prio=3), Jijiaolihuangwanzheng(hits=3/4, gap=1, poss=0/0, prio=3), Dangguishaoyaosanzheng(hits=3/4, gap=1, poss=0/1, prio=3), Houposhengjiangbanxiagancaorenshentangzheng(hits=3/4, gap=1, poss=0/1, prio=3), Lizhongtangzheng(hits=3/5, gap=2, poss=0/0, prio=3), Dahuanggansuitangzheng(hits=2/6, gap=4, poss=1/2, prio=2)]
兼夹证：[]
加味药物：[附子]
配伍禁忌警告：[]
[通过] ShaoyinTaiyinFangzhengTest         t_xiaojianzhongtang            「小建中汤证」          0.47s

===== 大建中汤证 =====
八纲：{表里=[里证], 寒热=[], 虚实=[虚证], 阴阳=[阴证], bagangTypes=[里证, 虚证, 阴证]}
六经：太阴病
方证：大建中汤证
推荐方剂：大建中汤
药物组成：[干姜, 人参, 蜀椒, 饴糖]
六经列表：[太阴病]
合病标记：null
命中主证：[不能饮食, 腹中寒, 呕吐, 心胸大寒痛]
命中或然证：[沉弦脉]
候选命中主证：[[不能饮食, 腹中寒, 呕吐, 心胸大寒痛], [呕吐], [腹满], [腹满], [腹满], [沉弦脉], [腹满], [呕吐], [呕吐], [呕吐]]
候选缺口：[[], [口渴], [时痛], [口舌干燥], [按之不痛], [下利, 心下痞], [不渴, 下利], [膈间有水, 心下痞], [腹痛, 腹中雷鸣, 胸胁苦满], [口渴, 头痛, 欲饮]]
候选命中或然证：[[沉弦脉], [], [], [], [], [], [], [], [], []]
候选方证：[大建中汤证, 茯苓泽泻汤证, 桂枝加芍药汤证, 己椒苈黄丸证, 厚朴生姜半夏甘草人参汤证, 甘遂半夏汤证, 理中汤证, 小半夏加茯苓汤证, 附子粳米汤证, 文蛤汤证]
候选方证打分：[Dajianzhongtangzheng(hits=6/6, gap=0, poss=1/1, prio=1), Fulingzexietangzheng(hits=3/4, gap=1, poss=0/0, prio=3), Guizhijiashaoyaotangzheng(hits=3/4, gap=1, poss=0/0, prio=3), Jijiaolihuangwanzheng(hits=3/4, gap=1, poss=0/0, prio=3), Houposhengjiangbanxiagancaorenshentangzheng(hits=3/4, gap=1, poss=0/1, prio=3), Gansuibanxiatangzheng(hits=3/5, gap=2, poss=0/0, prio=2), Lizhongtangzheng(hits=3/5, gap=2, poss=0/0, prio=3), Xiaobanxiajiafulingtangzheng(hits=3/5, gap=2, poss=0/1, prio=3), Fuzijingmitangzheng(hits=3/6, gap=3, poss=0/0, prio=3), Wengetangzheng(hits=3/6, gap=3, poss=0/0, prio=3)]
兼夹证：[]
加味药物：[]
配伍禁忌警告：[]
[通过] ShaoyinTaiyinFangzhengTest         t_dajianzhongtang              「大建中汤证」          0.57s

===== 甘草干姜汤证 =====
八纲：{表里=[里证], 寒热=[], 虚实=[虚证], 阴阳=[阴证], bagangTypes=[里证, 虚证, 阴证]}
六经：太阴病
方证：甘草干姜汤证
推荐方剂：干姜汤
药物组成：[甘草, 干姜]
六经列表：[太阴病]
合病标记：null
命中主证：[不渴, 肺痿吐涎沫, 小便数, 遗尿]
命中或然证：[虚脉]
候选命中主证：[[不渴, 肺痿吐涎沫, 小便数, 遗尿], [不渴, 腹满], [腹满], [腹满], [腹满], [虚脉], [不渴], []]
候选缺口：[[], [下利], [时痛], [口舌干燥], [按之不痛], [哕, 少气], [妇人少腹满如敦状, 生后者, 小便难], [半产后下血不断, 漏下]]
候选命中或然证：[[虚脉], [], [], [], [], [], [腹满], [虚脉]]
候选方证：[甘草干姜汤证, 理中汤证, 桂枝加芍药汤证, 己椒苈黄丸证, 厚朴生姜半夏甘草人参汤证, 橘皮竹茹汤证, 大黄甘遂汤证, 胶艾汤证]
候选方证打分：[Gancaoganjiangtangzheng(hits=6/6, gap=0, poss=1/1, prio=3), Lizhongtangzheng(hits=4/5, gap=1, poss=0/0, prio=3), Guizhijiashaoyaotangzheng(hits=3/4, gap=1, poss=0/0, prio=3), Jijiaolihuangwanzheng(hits=3/4, gap=1, poss=0/0, prio=3), Houposhengjiangbanxiagancaorenshentangzheng(hits=3/4, gap=1, poss=0/1, prio=3), Jupizhurutangzheng(hits=3/5, gap=2, poss=0/0, prio=3), Dahuanggansuitangzheng(hits=3/6, gap=3, poss=1/2, prio=2), Jiaoaitangzheng(hits=2/4, gap=2, poss=1/1, prio=3)]
兼夹证：[]
加味药物：[]
配伍禁忌警告：[]
[通过] ShaoyinTaiyinFangzhengTest         t_gancaoganjiangtang           「甘草干姜汤证」         0.53s

===== 甘草干姜茯苓白术汤证 =====
八纲：{表里=[里证], 寒热=[], 虚实=[虚证], 阴阳=[阴证], bagangTypes=[里证, 虚证, 阴证]}
六经：太阴病
方证：甘草干姜茯苓白术汤证
推荐方剂：干姜茯苓白术汤
药物组成：[白术, 茯苓, 甘草, 干姜]
六经列表：[太阴病]
合病标记：null
命中主证：[身重, 腰中冷]
命中或然证：[沉脉, 腹重如带五千钱]
候选命中主证：[[身重, 腰中冷], [腹满], [腹满], [沉脉], [腹满], [沉脉], [身重], [腹满], [], []]
候选缺口：[[], [时痛], [口舌干燥], [咳嗽], [按之不痛], [口渴, 小便不利], [妊娠有水气, 小便不利], [不渴, 下利], [下利, 下利气], [肺痛, 下利]]
候选命中或然证：[[沉脉, 腹重如带五千钱], [], [], [], [], [], [], [], [沉脉], [沉脉]]
候选方证：[甘草干姜茯苓白术汤证, 桂枝加芍药汤证, 己椒苈黄丸证, 泽漆汤证, 厚朴生姜半夏甘草人参汤证, 栝楼瞿麦丸证, 葵子茯苓散证, 理中汤证, 诃梨勒散证, 紫参汤证]
候选方证打分：[Gancaoganjiangfulingbaizhutangzheng(hits=4/4, gap=0, poss=2/2, prio=3), Guizhijiashaoyaotangzheng(hits=3/4, gap=1, poss=0/0, prio=3), Jijiaolihuangwanzheng(hits=3/4, gap=1, poss=0/0, prio=3), Zeqitangzheng(hits=3/4, gap=1, poss=0/0, prio=3), Houposhengjiangbanxiagancaorenshentangzheng(hits=3/4, gap=1, poss=0/1, prio=3), Gualouqumaiwanzheng(hits=3/5, gap=2, poss=0/0, prio=3), Kuizifulingsanzheng(hits=3/5, gap=2, poss=0/0, prio=3), Lizhongtangzheng(hits=3/5, gap=2, poss=0/0, prio=3), Helilesanzheng(hits=2/4, gap=2, poss=1/1, prio=3), Zishentangzheng(hits=2/4, gap=2, poss=1/1, prio=3)]
兼夹证：[]
加味药物：[]
配伍禁忌警告：[]
[通过] ShaoyinTaiyinFangzhengTest         t_gancaoganjiangfulingbaizhutang 「甘草干姜茯苓白术汤证」     0.50s

===== 大建中汤证 =====
八纲：{表里=[里证], 寒热=[], 虚实=[虚证], 阴阳=[阴证], bagangTypes=[里证, 虚证, 阴证]}
六经：太阴病
方证：大建中汤证
推荐方剂：大建中汤
药物组成：[干姜, 人参, 蜀椒, 饴糖]
六经列表：[太阴病]
合病标记：null
命中主证：[不能饮食, 腹中寒, 呕吐, 心胸大寒痛]
命中或然证：[沉弦脉]
候选命中主证：[[不能饮食, 腹中寒, 呕吐, 心胸大寒痛], [呕吐], [腹满], [腹满], [腹满], [沉弦脉], [腹满], [呕吐], [呕吐], [呕吐]]
候选缺口：[[], [口渴], [时痛], [口舌干燥], [按之不痛], [下利, 心下痞], [不渴, 下利], [膈间有水, 心下痞], [腹痛, 腹中雷鸣, 胸胁苦满], [口渴, 头痛, 欲饮]]
候选命中或然证：[[沉弦脉], [], [], [], [], [], [], [], [], []]
候选方证：[大建中汤证, 茯苓泽泻汤证, 桂枝加芍药汤证, 己椒苈黄丸证, 厚朴生姜半夏甘草人参汤证, 甘遂半夏汤证, 理中汤证, 小半夏加茯苓汤证, 附子粳米汤证, 文蛤汤证]
候选方证打分：[Dajianzhongtangzheng(hits=6/6, gap=0, poss=1/1, prio=1), Fulingzexietangzheng(hits=3/4, gap=1, poss=0/0, prio=3), Guizhijiashaoyaotangzheng(hits=3/4, gap=1, poss=0/0, prio=3), Jijiaolihuangwanzheng(hits=3/4, gap=1, poss=0/0, prio=3), Houposhengjiangbanxiagancaorenshentangzheng(hits=3/4, gap=1, poss=0/1, prio=3), Gansuibanxiatangzheng(hits=3/5, gap=2, poss=0/0, prio=2), Lizhongtangzheng(hits=3/5, gap=2, poss=0/0, prio=3), Xiaobanxiajiafulingtangzheng(hits=3/5, gap=2, poss=0/1, prio=3), Fuzijingmitangzheng(hits=3/6, gap=3, poss=0/0, prio=3), Wengetangzheng(hits=3/6, gap=3, poss=0/0, prio=3)]
兼夹证：[]
加味药物：[]
配伍禁忌警告：[]
[通过] ShaoyinTaiyinFangzhengTest         t_dajianzhongtang_retest       「大建中汤证（复测）」      0.49s

===== 术附汤证 =====
八纲：{表里=[半表半里], 寒热=[], 虚实=[虚证], 阴阳=[阴证], bagangTypes=[半表半里, 虚证, 阴证]}
六经：厥阴病
方证：术附汤证
推荐方剂：术附汤
药物组成：[白术, 附子, 甘草]
六经列表：[厥阴病]
合病标记：null
命中主证：[苦极, 头眩, 头重]
命中或然证：[]
候选命中主证：[[苦极, 头眩, 头重], [手足冷], [手足冷], [手足冷], [消渴]]
候选缺口：[[], [细脉], [内有久寒, 呕], [不渴, 心下悸动], [不欲食, 饥, 久利]]
候选命中或然证：[[], [], [], [], []]
候选方证：[术附汤证, 当归四逆汤证, 当归四逆加吴茱萸生姜汤证, 茯苓甘草汤证, 乌梅丸证]
候选方证打分：[Shufutangzheng(hits=5/5, gap=0, poss=0/0, prio=3), Dangguisinitangzheng(hits=3/4, gap=1, poss=0/0, prio=3), Dangguisinijiawuzhuyushengjiangtangzheng(hits=3/5, gap=2, poss=0/0, prio=3), Fulinggancaotangzheng(hits=3/5, gap=2, poss=0/1, prio=3), Wumeiwanzheng(hits=3/6, gap=3, poss=0/0, prio=2)]
兼夹证：[]
加味药物：[]
配伍禁忌警告：[]
[通过] ShaoyinTaiyinFangzhengTest         t_shufutang                    「术附汤证」           0.45s

===== 太少两感（麻黄附子细辛汤证） =====
八纲：null
六经：null
方证：null
推荐方剂：null
药物组成：[]
六经列表：[]
合病标记：null
[失败] ShaoyinTaiyinFangzhengTest         shouldDetectTaiShaoLiangGan    「太少两感检测」         0.17s
        └─ expected: true but was: null

===== 路A补齐（理中汤证） =====
八纲：{表里=[], 寒热=[], 虚实=[], 阴阳=[阴证], bagangTypes=[阴证]}
六经：六经难定
方证：方证未定
推荐方剂：null
药物组成：[]
六经列表：[]
合病标记：null
命中主证：[]
命中或然证：[]
候选命中主证：[[腹满, 下利], [下利], [腹满], [腹满], [下利], [腹满], [下利], [下利], [下利], [下利]]
候选缺口：[[不渴, 沉迟脉], [虚烦, 气上撞心], [时痛, 沉迟脉], [口舌干燥, 沉迟脉], [下利气, 沉迟脉], [按之不痛, 沉迟脉], [肺痛, 沉迟脉], [里急后重, 气上撞心], [微脉, 面赤, 无热恶寒], [呕, 心下痞, 沉迟脉]]
候选命中或然证：[[], [], [], [], [], [], [], [], [], []]
候选方证：[理中汤证, 白头翁加甘草阿胶汤证, 桂枝加芍药汤证, 己椒苈黄丸证, 诃梨勒散证, 厚朴生姜半夏甘草人参汤证, 紫参汤证, 白头翁汤证, 白通汤证, 半夏泻心汤证]
候选方证打分：[Lizhongtangzheng(hits=3/5, gap=2, poss=0/0, prio=3), Baitouwengjiagancaojiaotangzheng(hits=2/4, gap=2, poss=0/0, prio=3), Guizhijiashaoyaotangzheng(hits=2/4, gap=2, poss=0/0, prio=3), Jijiaolihuangwanzheng(hits=2/4, gap=2, poss=0/0, prio=3), Helilesanzheng(hits=2/4, gap=2, poss=0/1, prio=3), Houposhengjiangbanxiagancaorenshentangzheng(hits=2/4, gap=2, poss=0/1, prio=3), Zishentangzheng(hits=2/4, gap=2, poss=0/1, prio=3), Baitouwengtangzheng(hits=2/4, gap=2, poss=0/2, prio=3), Baitongtangzheng(hits=2/5, gap=3, poss=0/0, prio=1), Banxiaxiexintangzheng(hits=2/5, gap=3, poss=0/0, prio=2)]
兼夹证：[]
加味药物：[]
配伍禁忌警告：[]
[通过] ShaoyinTaiyinFangzhengTest         pathAMustOfferAllMissingSizhenForLizhongTang 「路A追问：理中汤证缺口须补齐为「不渴+脉象」，且不得暴露六经/八纲」     0.48s

════════════════════════════════ 汇总 ════════════════════════════════
测试类                                        用例     通过     失败     跳过         用时
──────────────────────────────────────────────────────────────────────────
ShaoyinTaiyinFangzhengTest                 55     53      2      0      24.6s
──────────────────────────────────────────────────────────────────────────
合计                                         55     53      2      0      24.6s
总墙钟用时：26.9s

════════════════════ 失败明细（2） ════════════════════
[1] ShaoyinTaiyinFangzhengTest#t_fulingguizhigancaodazaotang  「茯苓桂枝甘草大枣汤证」 @Order(241)
    expected: "Taiyangbing" but was: null
[2] ShaoyinTaiyinFangzhengTest#shouldDetectTaiShaoLiangGan  「太少两感检测」 @Order(902)
    expected: true but was: null
>> 文本报告：D:\work\Ontology\TraditionalChineseMedicineOntologyBasedonReasonerMiniBOxTBoxABox\OntologyMachine\OntologyFramework\_harness\_c3check\fangzheng-suite-report.txt
>> JSON 报告：D:\work\Ontology\TraditionalChineseMedicineOntologyBasedonReasonerMiniBOxTBoxABox\OntologyMachine\OntologyFramework\_harness\_c3check\fangzheng-suite-report.json

× 存在 2 个失败用例，详见上方失败明细。
SUITE_EXIT=1
