[90m12:34PM[0m [32mINF[0m [1mResolved secondary storage type from configuration[0m [36mconfig=[0m"D:\\work\\Ontology\\c8run-8.9.6\\configuration\\application.yaml" [36msecondaryStorage.type=[0mrdbms


System Version Information
--------------------------
Camunda Details:
  Version: 8.9.6
--------------------------
Java Details:
  Version: 26.0.1
  JAVA_HOME: C:\Program Files\Java\jdk-26.0.1
  JAVA_OPTS:  -Dserver.port=9080
--------------------------
Logging Details:
  Connectors: ./log/connectors.log
  Camunda: ./log/camunda.log
--------------------------
Press Ctrl+C to initiate graceful shutdown.
--------------------------


[90m12:34PM[0m DBG Failed to read PID from file. This is expected for the first run.
[90m12:34PM[0m [32mINF[0m [1mNo pid for Connectors[0m
[90m12:34PM[0m [32mINF[0m [1mStarted process: D:\work\Ontology\c8run-8.9.6\connectors.process[0m [36mpid=[0m52616
[90m12:34PM[0m DBG Failed to read PID from file. This is expected for the first run.
[90m12:34PM[0m [32mINF[0m [1mNo pid for Camunda[0m
[90m12:34PM[0m [32mINF[0m [1mStarted process: D:\work\Ontology\c8run-8.9.6\camunda.process[0m [36mpid=[0m72140
[90m12:34PM[0m [32mINF[0m [1mWaiting for service to start[0m [36mname=[0mCamunda [36mretries_left=[0m24
[90m12:34PM[0m [32mINF[0m [1mWaiting for service to start[0m [36mname=[0mCamunda [36mretries_left=[0m23
[90m12:34PM[0m [32mINF[0m [1mWaiting for service to start[0m [36mname=[0mCamunda [36mretries_left=[0m22
[90m12:35PM[0m [32mINF[0m [1mWaiting for service to start[0m [36mname=[0mCamunda [36mretries_left=[0m21
[90m12:35PM[0m [32mINF[0m [1mWaiting for service to start[0m [36mname=[0mCamunda [36mretries_left=[0m20
[90m12:35PM[0m [32mINF[0m [1mWaiting for service to start[0m [36mname=[0mCamunda [36mretries_left=[0m19
[90m12:35PM[0m [32mINF[0m [1mWaiting for service to start[0m [36mname=[0mCamunda [36mretries_left=[0m18
[90m12:36PM[0m [32mINF[0m [1mWaiting for service to start[0m [36mname=[0mCamunda [36mretries_left=[0m17
[90m12:36PM[0m [32mINF[0m [1mWaiting for service to start[0m [36mname=[0mCamunda [36mretries_left=[0m16
[90m12:36PM[0m [32mINF[0m [1mWaiting for service to start[0m [36mname=[0mCamunda [36mretries_left=[0m15
[90m12:36PM[0m [32mINF[0m [1mWaiting for service to start[0m [36mname=[0mCamunda [36mretries_left=[0m14
[90m12:37PM[0m [32mINF[0m [1mWaiting for service to start[0m [36mname=[0mCamunda [36mretries_left=[0m13
[90m12:37PM[0m [32mINF[0m [1mWaiting for service to start[0m [36mname=[0mCamunda [36mretries_left=[0m12
[90m12:37PM[0m [32mINF[0m [1mWaiting for service to start[0m [36mname=[0mCamunda [36mretries_left=[0m11
[90m12:37PM[0m [32mINF[0m [1mWaiting for service to start[0m [36mname=[0mCamunda [36mretries_left=[0m10
[90m12:37PM[0m [32mINF[0m [1mWaiting for service to start[0m [36mname=[0mCamunda [36mretries_left=[0m9
[90m12:38PM[0m [32mINF[0m [1mWaiting for service to start[0m [36mname=[0mCamunda [36mretries_left=[0m8
[90m12:38PM[0m [32mINF[0m [1mWaiting for service to start[0m [36mname=[0mCamunda [36mretries_left=[0m7
[90m12:38PM[0m [32mINF[0m [1mWaiting for service to start[0m [36mname=[0mCamunda [36mretries_left=[0m6
[90m12:38PM[0m [32mINF[0m [1mWaiting for service to start[0m [36mname=[0mCamunda [36mretries_left=[0m5
[90m12:39PM[0m [32mINF[0m [1mWaiting for service to start[0m [36mname=[0mCamunda [36mretries_left=[0m4
[90m12:39PM[0m [32mINF[0m [1mWaiting for service to start[0m [36mname=[0mCamunda [36mretries_left=[0m3
[90m12:39PM[0m [32mINF[0m [1mWaiting for service to start[0m [36mname=[0mCamunda [36mretries_left=[0m2
[90m12:39PM[0m [32mINF[0m [1mWaiting for service to start[0m [36mname=[0mCamunda [36mretries_left=[0m1
[90m12:40PM[0m [32mINF[0m [1mWaiting for service to start[0m [36mname=[0mCamunda [36mretries_left=[0m0
[90m12:40PM[0m [33mWRN[0m [1mRetry attempts expired[0m
[90m12:40PM[0m [31mERR[0m [1mCamunda is not healthy after start[0m [36merror=[0m[31m[1m"queryCamunda: Camunda did not start"[0m[0m
[90m12:40PM[0m [32mINF[0m [1mReceived shutdown signal, stopping all workers...[0m
[90m12:40PM[0m [32mINF[0m [1mInitiating shutdown of services...[0m
[90m12:40PM[0m [32mINF[0m [1mStopping all services...[0m [36mtimeout=[0m30s
[90m12:40PM[0m DBG stopCommand goroutine initiated
[90m12:40PM[0m DBG Attempting to stop process via pidfile [36mpidFile=[0m"D:\\work\\Ontology\\c8run-8.9.6\\connectors.process"
getTreePids: specified rootPid not found
Stopping all services... |Stopping all services... /Stopping all services... -[90m12:40PM[0m [32mINF[0m [1mSuccessfully stopped process[0m [36mpidFile=[0m"D:\\work\\Ontology\\c8run-8.9.6\\connectors.process"
[90m12:40PM[0m [32mINF[0m [1mConnectors is stopped.[0m
[90m12:40PM[0m DBG Attempting to stop process via pidfile [36mpidFile=[0m"D:\\work\\Ontology\\c8run-8.9.6\\camunda.process"
getTreePids: specified rootPid not found
Stopping all services... \Stopping all services... |[90m12:40PM[0m [32mINF[0m [1mSuccessfully stopped process[0m [36mpidFile=[0m"D:\\work\\Ontology\\c8run-8.9.6\\camunda.process"
[90m12:40PM[0m [32mINF[0m [1mCamunda is stopped.[0m
[90m12:40PM[0m [32mINF[0m [1mAll services have been stopped.[0m
[90m12:40PM[0m [32mINF[0m [1mAll workers have stopped. Application has been gracefully shut down.[0m
