   [alt 冲突] 身大热 保留于 Fare，从 Shenre 移除
   [alt 冲突] 壮热 保留于 Fare，从 Dare 移除
   [alt 冲突] 洒淅恶寒 保留于 Ehan，从 Sasaehan 移除
   [alt 冲突] 啬啬恶寒 保留于 Ehan，从 Sasaehan 移除
   [alt 冲突] 日晡发热 保留于 Chaore，从 Ribusuofare 移除
   [alt 冲突] 寒战 保留于 Ehan，从 Zhenhan 移除
   [alt 冲突] 一身尽疼 保留于 Shentong，从 Yishenjinteng 移除
   [hid 冲突] 打寒战 保留于 Ehan，从 Zhenhan 移除
   [hid 冲突] 老出汗 保留于 Hanchu，从 Zihan 移除
   [hid<alt 降级] 口干 保留于 alt(Kouzao)，从 hid(Kouke) 移除
   [hid 冲突] 想喝水 保留于 Kouke，从 Yuyin 移除
   [hid 冲突] 不想喝水 保留于 Buke，从 Buyuyin 移除
   [hid 冲突] 说不出话 保留于 Shengbuchu，从 Yuyannanchu 移除
   [hid 冲突] 拉稀 保留于 Dabiantang，从 Xiali 移除
   [hid 冲突] 大便稀 保留于 Dabiantang，从 Xiali 移除
   [hid 冲突] 想拉又拉不出 保留于 Xiazhong，从 Lijihouchong 移除
   [hid 冲突] 肛门坠胀 保留于 Xiazhong，从 Lijihouchong 移除
   [hid 冲突] 打嗝 保留于 Hui，从 Yiqi 移除
   [hid 冲突] 气往上冲 保留于 Shangqi，从 Qishangchong 移除
   [hid 冲突] 浑身酸痛 保留于 Sizhisuanteng，从 Shentong 移除
   [hid 冲突] 身上肉跳 保留于 Jintirourun，从 Shenrundong 移除
   [hid 冲突] 关节疼 保留于 Gujietong，从 Guanjietengtong 移除
   [hid 冲突] 老想睡 保留于 Danyumei，从 Duomianshui 移除
   [hid 冲突] 抽搐 保留于 Jingbing，从 Chizong 移除
   [hid 冲突] 角弓反张 保留于 Jingbing，从 Beifanzhang 移除
   [hid 冲突] 身上肿 保留于 Shentizhong，从 Shuizhong 移除
   [hid 冲突] 全身发黄 保留于 Shenhuang，从 Huangdan 移除
   [hid 冲突] 流鼻血 保留于 Binv，从 Nvxue 移除
   [hid 冲突] 鼻子出血 保留于 Binv，从 Nvxue 移除
   [hid 冲突] 心烦意乱 保留于 Xinzhongaonao，从 Fanluan 移除
   [hid 冲突] 咳吐脓血 保留于 Tunongxue，从 Feiyong 移除
   [hid 冲突] 尿不出来 保留于 Xiaobianbuli，从 Xiaobiannan 移除
   [hid 冲突] 小便正常 保留于 Xiaobianzili，从 Xiaobianzidiao 移除
   [hid 冲突] 发冷 保留于 Ehan，从 Fahan 移除
   [hid 冲突] 全身关节疼痛 保留于 Zhuzhijietengtong，从 Baijietengtong 移除
   [hid 冲突] 浑身疼 保留于 Shentong，从 ShenTengtong 移除
   [hid 冲突] 关节疼 保留于 Gujietong，从 Gujietengtong 移除
   [hid 冲突] 手脚冰冷 保留于 Shouzujueni，从 Shouzujueleng 移除
   [hid 冲突] 手脚冰凉 保留于 Shouzujueni，从 Shouzujueleng 移除
   [hid 冲突] 怕冷 保留于 Ehan，从 WeiHan 移除
   [hid 冲突] 四肢冰冷 保留于 Shouzujueni，从 Sizhinileng 移除
   [hid 冲突] 手脚冰凉 保留于 Shouzujueni，从 Sizhinileng 移除
   [hid 冲突] 便秘 保留于 Dabiannan，从 Dabianmijie 移除
   [hid 冲突] 拉不出来 保留于 Dabiannan，从 Dabianmijie 移除
   [hid 冲突] 忽冷忽热 保留于 Wanglaihanre，从 HanreWanglai 移除
   [hid 冲突] 没精神 保留于 Danyumei，从 Jingshenweimi 移除
   [hid 冲突] 尿清 保留于 Xiaobiansebai，从 Xiaobianqing 移除
WROTE D:/work/Ontology/TraditionalChineseMedicineOntologyBasedonReasonerMiniBOxTBoxABox/ontology/tcm-zhengzhuang_skos.ttl
orphan concepts appended: 0
concepts: 593 topConcepts: 512
mlfz concepts appended: 144
with altLabel: 593 with hiddenLabel: 592 with definition: 593 with note: 523
closeMatch concepts: 459 broader links: 82
