python.exe : WARN cluster fragment not found: HanreWanglai
所在位置 行:445 字符: 1
+ & "C:\Users\ocean\.workbuddy\binaries\python\versions\3.13.12\python. ...
+ ~~~~~~~~~~~~~~~~~~~~~~~~~~~~~~~~~~~~~~~~~~~~~~~~~~~~~~~~~~~~~~~~~~~~~
    + CategoryInfo          : NotSpecified: (WARN cluster fr...d: HanreWanglai 
   :String) [], RemoteException
    + FullyQualifiedErrorId : NativeCommandError
 
WARN cluster fragment not found: Xiuzuoyoushi
WARN cluster fragment not found: Dabianmijie
WARN cluster fragment not found: Xiaobianqing
WARN cluster fragment not found: Xiaobianhuangchi
WARN cluster fragment not found: Shiwo
WARN cluster fragment not found: Jingshenweimi
WARN cluster fragment not found: Wanguobuhua
WARN cluster fragment not found: Jiuli
WARN cluster fragment not found: Fumantong
WARN cluster fragment not found: Hanshanraoqitong
!! 閲嶅 prefLabel锛堟湰浣撳瓨鍦ㄥ悓鍚嶇被/涓綋锛?
    甯告韫堝叾鑳镐笂 -> ['Changyudaqixiongshang', 'Changyudaoqixiongshang']
    瀵掔枬缁曡剱鐥?-> ['Hanshanraogitong', 'Hanshanraoqitong']
   [alt 鍐茬獊] 韬ぇ鐑?淇濈暀浜?Fare锛屼粠 Shenre 绉婚櫎
   [alt 鍐茬獊] 澹儹 淇濈暀浜?Fare锛屼粠 Dare 绉婚櫎
   [alt 鍐茬獊] 娲掓穮鎭跺瘨 淇濈暀浜?Ehan锛屼粠 Sasaehan 绉婚櫎
   [alt 鍐茬獊] 鍟暚鎭跺瘨 淇濈暀浜?Ehan锛屼粠 Sasaehan 绉婚櫎
   [alt 鍐茬獊] 鏃ユ櫋鍙戠儹 淇濈暀浜?Chaore锛屼粠 Ribusuofare 绉婚櫎
   [alt 鍐茬獊] 瀵掓垬 淇濈暀浜?Ehan锛屼粠 Zhenhan 绉婚櫎
   [alt 鍐茬獊] 涓€韬敖鐤?淇濈暀浜?Shentong锛屼粠 Yishenjinteng 绉婚櫎
   [hid 鍐茬獊] 鎵撳瘨鎴?淇濈暀浜?Ehan锛屼粠 Zhenhan 绉婚櫎
   [hid 鍐茬獊] 鑰佸嚭姹?淇濈暀浜?Hanchu锛屼粠 Zihan 绉婚櫎
   [hid<alt 闄嶇骇] 鍙ｅ共 淇濈暀浜?alt(Kouzao)锛屼粠 hid(Kouke) 绉婚櫎
   [hid 鍐茬獊] 鎯冲枬姘?淇濈暀浜?Kouke锛屼粠 Yuyin 绉婚櫎
   [hid 鍐茬獊] 涓嶆兂鍠濇按 淇濈暀浜?Buke锛屼粠 Buyuyin 绉婚櫎
   [hid 鍐茬獊] 璇翠笉鍑鸿瘽 淇濈暀浜?Shengbuchu锛屼粠 Yuyannanchu 绉婚櫎
   [hid 鍐茬獊] 鎷夌█ 淇濈暀浜?Dabiantang锛屼粠 Xiali 绉婚櫎
   [hid 鍐茬獊] 澶т究绋€ 淇濈暀浜?Dabiantang锛屼粠 Xiali 绉婚櫎
   [hid 鍐茬獊] 鎯虫媺鍙堟媺涓嶅嚭 淇濈暀浜?Xiazhong锛屼粠 Lijihouchong 绉婚櫎
   [hid 鍐茬獊] 鑲涢棬鍧犺儉 淇濈暀浜?Xiazhong锛屼粠 Lijihouchong 绉婚櫎
   [hid 鍐茬獊] 鎵撳棟 淇濈暀浜?Hui锛屼粠 Yiqi 绉婚櫎
   [hid 鍐茬獊] 姘斿線涓婂啿 淇濈暀浜?Shangqi锛屼粠 Qishangchong 绉婚櫎
   [hid 鍐茬獊] 娴戣韩閰哥棝 淇濈暀浜?Sizhisuanteng锛屼粠 Shentong 绉婚櫎
   [hid 鍐茬獊] 韬笂鑲夎烦 淇濈暀浜?Jintirourun锛屼粠 Shenrundong 绉婚櫎
   [hid 鍐茬獊] 鍏宠妭鐤?淇濈暀浜?Gujietong锛屼粠 Guanjietengtong 绉婚櫎
   [hid 鍐茬獊] 鑰佹兂鐫?淇濈暀浜?Danyumei锛屼粠 Duomianshui 绉婚櫎
   [hid 鍐茬獊] 鎶芥悙 淇濈暀浜?Jingbing锛屼粠 Chizong 绉婚櫎
   [hid 鍐茬獊] 瑙掑紦鍙嶅紶 淇濈暀浜?Jingbing锛屼粠 Beifanzhang 绉婚櫎
   [hid 鍐茬獊] 韬笂鑲?淇濈暀浜?Shentizhong锛屼粠 Shuizhong 绉婚櫎
   [hid 鍐茬獊] 鍏ㄨ韩鍙戦粍 淇濈暀浜?Shenhuang锛屼粠 Huangdan 绉婚櫎
   [hid 鍐茬獊] 娴侀蓟琛€ 淇濈暀浜?Binv锛屼粠 Nvxue 绉婚櫎
   [hid 鍐茬獊] 榧诲瓙鍑鸿 淇濈暀浜?Binv锛屼粠 Nvxue 绉婚櫎
   [hid 鍐茬獊] 蹇冪儲鎰忎贡 淇濈暀浜?Xinzhongaonao锛屼粠 Fanluan 绉婚櫎
   [hid 鍐茬獊] 鍜冲悙鑴撹 淇濈暀浜?Tunongxue锛屼粠 Feiyong 绉婚櫎
   [hid 鍐茬獊] 灏夸笉鍑烘潵 淇濈暀浜?Xiaobianbuli锛屼粠 Xiaobiannan 绉婚櫎
   [hid 鍐茬獊] 灏忎究姝ｅ父 淇濈暀浜?Xiaobianzili锛屼粠 Xiaobianzidiao 绉婚櫎
   [hid 鍐茬獊] 鍙戝喎 淇濈暀浜?Ehan锛屼粠 Fahan 绉婚櫎
   [hid 鍐茬獊] 鍏ㄨ韩鍏宠妭鐤肩棝 淇濈暀浜?Zhuzhijietengtong锛屼粠 Baijietengtong 绉婚櫎
   [hid 鍐茬獊] 鑰佹兂鎹惰兏鍙?淇濈暀浜?Changyudaqixiongshang锛屼粠 Changyudaoqixiongshang 绉婚櫎
   [hid 鍐茬獊] 娴戣韩鐤?淇濈暀浜?Shentong锛屼粠 ShenTengtong 绉婚櫎
   [hid 鍐茬獊] 鍏宠妭鐤?淇濈暀浜?Gujietong锛屼粠 Gujietengtong 绉婚櫎
   [hid 鍐茬獊] 鎵嬭剼鍐板喎 淇濈暀浜?Shouzujueni锛屼粠 Shouzujueleng 绉婚櫎
   [hid 鍐茬獊] 鎵嬭剼鍐板噳 淇濈暀浜?Shouzujueni锛屼粠 Shouzujueleng 绉婚櫎
   [hid 鍐茬獊] 鎬曞喎 淇濈暀浜?Ehan锛屼粠 WeiHan 绉婚櫎
   [hid 鍐茬獊] 鍥涜偄鍐板喎 淇濈暀浜?Shouzujueni锛屼粠 Sizhinileng 绉婚櫎
   [hid 鍐茬獊] 鎵嬭剼鍐板噳 淇濈暀浜?Shouzujueni锛屼粠 Sizhinileng 绉婚櫎
   [hid 鍐茬獊] 娌＄簿绁?淇濈暀浜?Danyumei锛屼粠 Jingshenweimi 绉婚櫎
   [hid 鍐茬獊] 灏挎竻 淇濈暀浜?Xiaobiansebai锛屼粠 Xiaobianqing 绉婚櫎
   [hid 鍐茬獊] 蹇藉喎蹇界儹 淇濈暀浜?Wanglaihanre锛屼粠 HanreWanglai 绉婚櫎
   [hid 鍐茬獊] 渚跨 淇濈暀浜?Dabiannan锛屼粠 Dabianmijie 绉婚櫎
   [hid 鍐茬獊] 鎷変笉鍑烘潵 淇濈暀浜?Dabiannan锛屼粠 Dabianmijie 绉婚櫎
WROTE D:/work/Ontology/TraditionalChineseMedicineOntologyBasedonReasonerMiniBOxTBoxABox/ontology/tcm-zhengzhuang_skos.ttl
orphan concepts appended: 11
concepts: 584 topConcepts: 510
with altLabel: 584 with hiddenLabel: 583 with definition: 584 with note: 519
closeMatch concepts: 451 broader links: 75
