SLF4J(W): Class path contains multiple SLF4J providers.
SLF4J(W): Found provider [ch.qos.logback.classic.spi.LogbackServiceProvider@68be2bc2]
SLF4J(W): Found provider [org.apache.logging.slf4j.SLF4JServiceProvider@28feb3fa]
SLF4J(W): Found provider [org.slf4j.simple.SimpleServiceProvider@675d3402]
SLF4J(W): See https://www.slf4j.org/codes.html#multiple_bindings for an explanation.
SLF4J(I): Actual provider is of type [ch.qos.logback.classic.spi.LogbackServiceProvider@68be2bc2]
01:38:48.642 [main] INFO com.ocean.openlletresolver.OntologyService -- 📂 AutoIRIMapper 已启用，扫描目录: D:\work\Ontology\TraditionalChineseMedicineOntologyBasedonReasonerMiniBOxTBoxABox\ontology
01:38:50.287 [main] INFO com.ocean.openlletresolver.OntologyService -- 已加载本体数: 19
01:38:50.288 [main] INFO com.ocean.openlletresolver.OntologyService -- ========== [加载验证] 已加载本体列表 ==========
01:38:50.290 [main] INFO com.ocean.openlletresolver.OntologyService -- [加载验证] http://www.tcm-classics.org/jingfang/core  ->  file:/D:/work/Ontology/TraditionalChineseMedicineOntologyBasedonReasonerMiniBOxTBoxABox/ontology/tcm-core.owl
01:38:50.290 [main] INFO com.ocean.openlletresolver.OntologyService -- [加载验证] http://www.tcm-classics.org/jingfang/jueyin  ->  file:/D:/work/Ontology/TraditionalChineseMedicineOntologyBasedonReasonerMiniBOxTBoxABox/ontology/fangzheng/jueyin.owl
01:38:50.290 [main] INFO com.ocean.openlletresolver.OntologyService -- [加载验证] http://www.tcm-classics.org/jingfang/rules  ->  file:/D:/work/Ontology/TraditionalChineseMedicineOntologyBasedonReasonerMiniBOxTBoxABox/ontology/fangzheng/rules.owl
01:38:50.290 [main] INFO com.ocean.openlletresolver.OntologyService -- [加载验证] http://www.tcm-classics.org/jingfang/shaoyin_taiyin  ->  file:/D:/work/Ontology/TraditionalChineseMedicineOntologyBasedonReasonerMiniBOxTBoxABox/ontology/fangzheng/shaoyin_taiyin.owl
01:38:50.290 [main] INFO com.ocean.openlletresolver.OntologyService -- [加载验证] http://www.tcm-classics.org/jingfang/fanggen  ->  file:/D:/work/Ontology/TraditionalChineseMedicineOntologyBasedonReasonerMiniBOxTBoxABox/ontology/fangzheng/fanggen.owl
01:38:50.290 [main] INFO com.ocean.openlletresolver.OntologyService -- [加载验证] http://www.tcm-classics.org/jingfang/hebing  ->  file:/D:/work/Ontology/TraditionalChineseMedicineOntologyBasedonReasonerMiniBOxTBoxABox/ontology/fangzheng/hebing.owl
01:38:50.290 [main] INFO com.ocean.openlletresolver.OntologyService -- [加载验证] http://www.tcm-classics.org/jingfang/fangji  ->  file:/D:/work/Ontology/TraditionalChineseMedicineOntologyBasedonReasonerMiniBOxTBoxABox/ontology/tcm-fangji.owl
01:38:50.290 [main] INFO com.ocean.openlletresolver.OntologyService -- [加载验证] http://www.tcm-classics.org/jingfang/yaozheng  ->  file:/D:/work/Ontology/TraditionalChineseMedicineOntologyBasedonReasonerMiniBOxTBoxABox/ontology/tcm-yaozheng.owl
01:38:50.291 [main] INFO com.ocean.openlletresolver.OntologyService -- [加载验证] http://www.tcm-classics.org/jingfang/shaoyang_yangming  ->  file:/D:/work/Ontology/TraditionalChineseMedicineOntologyBasedonReasonerMiniBOxTBoxABox/ontology/fangzheng/shaoyang_yangming.owl
01:38:50.291 [main] INFO com.ocean.openlletresolver.OntologyService -- [加载验证] http://www.tcm-classics.org/jingfang/fuzheng  ->  file:/D:/work/Ontology/TraditionalChineseMedicineOntologyBasedonReasonerMiniBOxTBoxABox/ontology/tcm-fuzheng.owl
01:38:50.291 [main] INFO com.ocean.openlletresolver.OntologyService -- [加载验证] http://www.tcm-classics.org/jingfang/zabing  ->  file:/D:/work/Ontology/TraditionalChineseMedicineOntologyBasedonReasonerMiniBOxTBoxABox/ontology/fangzheng/zabing.owl
01:38:50.291 [main] INFO com.ocean.openlletresolver.OntologyService -- [加载验证] http://www.tcm-classics.org/jingfang/taiyang  ->  file:/D:/work/Ontology/TraditionalChineseMedicineOntologyBasedonReasonerMiniBOxTBoxABox/ontology/fangzheng/taiyang.owl
01:38:50.291 [main] INFO com.ocean.openlletresolver.OntologyService -- [加载验证] http://www.tcm-classics.org/jingfang/all  ->  file:/D:/work/Ontology/TraditionalChineseMedicineOntologyBasedonReasonerMiniBOxTBoxABox/ontology/tcm-all.owl
01:38:50.291 [main] INFO com.ocean.openlletresolver.OntologyService -- [加载验证] http://www.tcm-classics.org/jingfang/zhengzhuang  ->  file:/D:/work/Ontology/TraditionalChineseMedicineOntologyBasedonReasonerMiniBOxTBoxABox/ontology/tcm-zhengzhuang.owl
01:38:50.291 [main] INFO com.ocean.openlletresolver.OntologyService -- [加载验证] http://www.tcm-classics.org/jingfang/duli  ->  file:/D:/work/Ontology/TraditionalChineseMedicineOntologyBasedonReasonerMiniBOxTBoxABox/ontology/fangzheng/duli.owl
01:38:50.291 [main] INFO com.ocean.openlletresolver.OntologyService -- [加载验证] http://www.tcm-classics.org/jingfang/yaowu  ->  file:/D:/work/Ontology/TraditionalChineseMedicineOntologyBasedonReasonerMiniBOxTBoxABox/ontology/tcm-yaowu.owl
01:38:50.291 [main] INFO com.ocean.openlletresolver.OntologyService -- [加载验证] http://www.tcm-classics.org/jingfang/shexiang  ->  file:/D:/work/Ontology/TraditionalChineseMedicineOntologyBasedonReasonerMiniBOxTBoxABox/ontology/tcm-shexiang.owl
01:38:50.291 [main] INFO com.ocean.openlletresolver.OntologyService -- [加载验证] http://www.tcm-classics.org/jingfang/jianjia  ->  file:/D:/work/Ontology/TraditionalChineseMedicineOntologyBasedonReasonerMiniBOxTBoxABox/ontology/fangzheng/jianjia.owl
01:38:50.291 [main] INFO com.ocean.openlletresolver.OntologyService -- [加载验证] http://www.tcm-classics.org/jingfang/maixiang  ->  file:/D:/work/Ontology/TraditionalChineseMedicineOntologyBasedonReasonerMiniBOxTBoxABox/ontology/tcm-maixiang.owl
01:38:50.291 [main] INFO com.ocean.openlletresolver.OntologyService -- ========== [加载验证] 结束 ==========
01:38:51.192 [main] INFO com.ocean.openlletresolver.OntologyService -- 加载: D:\work\Ontology\TraditionalChineseMedicineOntologyBasedonReasonerMiniBOxTBoxABox\ontology\tcm-all.owl
01:38:51.316 [main] INFO com.ocean.openlletresolver.OntologyService -- 已注册前缀数量: 5
01:38:51.317 [main] INFO com.ocean.openlletresolver.OntologyService -- 合并后 SWRL 规则数量: 0
[load] axioms=7454, individuals=0, classes=1164
[check] 1/1164 Aifu
[check] 2/1164 Aigan
[check] 3/1164 Antong
[check] 4/1164 Anzhibutong
[check] 5/1164 Anzhijitongrulin
[check] 6/1164 Anzhiru
[check] 7/1164 Anzhiruruzhongzhuang
[check] 8/1164 Anzhishiying
[check] 9/1164 Bagang
[check] 10/1164 BagangPanju
[check] 11/1164 Baihedihuangtangzheng
[check] 12/1164 Baihegen
[check] 13/1164 Baihehuashisanzheng
[check] 14/1164 Baihejizitangzheng
[check] 15/1164 Baihetangleifangzheng
[check] 16/1164 Baihexifangzheng
[check] 17/1164 Baihezhimutangzheng
[check] 18/1164 Baihujiaguizhitangzheng
[check] 19/1164 Baihujiarenshentangzheng
[check] 20/1164 Baihutangleifangzheng
[check] 21/1164 Baihutangzheng
[check] 22/1164 Baijietengtong
[check] 23/1164 Baitongjiazhudanzhitangzheng
[check] 24/1164 Baitongtangzheng
[check] 25/1164 Baitouwenggen
[check] 26/1164 Baitouwengjiagancaojiaotangzheng
[check] 27/1164 Baitouwengtangleifangzheng
[check] 28/1164 Baitouwengtangzheng
[check] 29/1164 Baiyetangzheng
[check] 30/1164 Baizhufuzitangzheng
[check] 31/1164 Baizhusanzheng
[check] 32/1164 Banbiaobanli
[check] 33/1164 Banchan
[check] 34/1164 Banchanhouxiaxuebuduan
[check] 35/1164 Bangguangji
[check] 36/1164 BanxiaShengjianggen
[check] 37/1164 Banxiaganjiangsanzheng
[check] 38/1164 Banxiagen
[check] 39/1164 Banxiahoupotangzheng
[check] 40/1164 Banxiamahuangwanzheng
[check] 41/1164 Banxiasanjitangzheng
[check] 42/1164 Banxiatangleifangzheng
[check] 43/1164 Banxiaxiexintangzheng
[check] 44/1164 Beiehan
[check] 45/1164 Beifanzhang
[check] 46/1164 Beihanleng
[check] 47/1164 Beihanlengruzhangda
[check] 48/1164 Beiqiang
[check] 49/1164 Beishang
[check] 50/1164 Beitongchexin
[check] 51/1164 Bentuntangzheng
[check] 52/1164 Bianruxuanpan
[check] 53/1164 Bianxue
[check] 54/1164 Biao
[check] 55/1164 Biejiajianwanzheng
[check] 56/1164 Bigan
[check] 57/1164 Biming
[check] 58/1164 Bingzheng
[check] 59/1164 Binv
[check] 60/1164 Bixibihan
[check] 61/1164 BlackCoating
[check] 62/1164 BloodStasisPathomechanism
[check] 63/1164 BlueTongue
[check] 64/1164 Budabian
[check] 65/1164 Budemian
[check] 66/1164 Budeqianhou
[check] 67/1164 Budewo
[check] 68/1164 Budexi
[check] 69/1164 Budeyu
[check] 70/1164 Buehan
[check] 71/1164 Bugengyi
[check] 72/1164 Buke
[check] 73/1164 Bukequshen
[check] 74/1164 Bunengqi
[check] 75/1164 Bunengshiyin
[check] 76/1164 Bunengyinshi
[check] 77/1164 Buou
[check] 78/1164 Butu
[check] 79/1164 Buyushi
[check] 80/1164 Buyuyin
[check] 81/1164 Chaihubaihutangzheng
[check] 82/1164 Chaihugen
[check] 83/1164 Chaihuguizhiganjiangtangzheng
[check] 84/1164 Chaihuguizhitangzheng
[check] 85/1164 Chaihujialonggumulitangzheng
[check] 86/1164 Chaihujiamangxiaotangzheng
[check] 87/1164 Chaihuqubanxiajiagualoutangzheng
[check] 88/1164 Changmai
[check] 89/1164 Changming
[check] 90/1164 Changmingruzoushui
[check] 91/1164 Changmoran
[check] 92/1164 Changyong
[check] 93/1164 Changyudaoqixiongshang
[check] 94/1164 Chanhoufutong
[check] 95/1164 Chanhouxiali
[check] 96/1164 Chanhouzhongfeng
[check] 97/1164 Chaore
[check] 98/1164 Chaoshimutu
[check] 99/1164 Chashouzimaoxin
[check] 100/1164 ChenJiemai
[check] 101/1164 Chenchimai
[check] 102/1164 Chengqitangleifangzheng
[check] 103/1164 Chenhuamai
[check] 104/1164 Chenjinmai
[check] 105/1164 Chenmai
[check] 106/1164 Chenruomai
[check] 107/1164 Chensemai
[check] 108/1164 Chenshimai
[check] 109/1164 Chenweimai
[check] 110/1164 Chenxianmai
[check] 111/1164 Chenxiaomai
[check] 112/1164 Chenximai
[check] 113/1164 Chetongbudequshen
[check] 114/1164 Chimai
[check] 115/1164 Chishizhiyuyuliangtangzheng
[check] 116/1164 Chiwanzheng
[check] 117/1164 Chixiaodoudangguisanzheng
[check] 118/1164 Chizong
[check] 119/1164 Chuan
[check] 120/1164 Chunan
[check] 121/1164 Chunkouganzao
[check] 122/1164 Chunwei
[check] 123/1164 Churetanxian
[check] 124/1164 Citong
[check] 125/1164 CoatingAsPowder
[check] 126/1164 CoatingColor
[check] 127/1164 CoatingTexture
[check] 128/1164 CrackedTongue
[check] 129/1164 CrimsonTongue
[check] 130/1164 Cumai
[check] 131/1164 CurdyCoating
[check] 132/1164 Dabanxiatangzheng
[check] 133/1164 Dabianchuyinghoutang
[check] 134/1164 Dabianmijie
[check] 135/1164 Dabiannan
[check] 136/1164 Dabiantang
[check] 137/1164 Dabianying
[check] 138/1164 Dabianzhananzhayi
[check] 139/1164 Dabingchaihou
[check] 140/1164 Dachaihutangzheng
[check] 141/1164 Dachengqitangzheng
[check] 142/1164 Dafeng
[check] 143/1164 Dahan
[check] 144/1164 DahuangTaorengen
[check] 145/1164 Dahuangfuzitangzheng
[check] 146/1164 Dahuanggancaotangzheng
[check] 147/1164 Dahuanggansuitangzheng
[check] 148/1164 Dahuanggen
[check] 149/1164 Dahuanghuanglianxiexintangzheng
[check] 150/1164 Dahuangmudantangzheng
[check] 151/1164 Dahuangxiaoshitangzheng
[check] 152/1164 Dahuangzhechongwanzheng
[check] 153/1164 Daimai
[check] 154/1164 Daixia
[check] 155/1164 Dajianzhongtangzheng
[check] 156/1164 Dake
[check] 157/1164 Damai
[check] 158/1164 DampnessHeatPathomechanism
[check] 159/1164 Danbibusui
[check] 160/1164 Dangguibeimukushenwanzheng
[check] 161/1164 Dangguisanzheng
[check] 162/1164 Dangguishaoyaosanzheng
[check] 163/1164 Dangguishengjiangyangroutangzheng
[check] 164/1164 Dangguisinigen
[check] 165/1164 Dangguisinijiawuzhuyushengjiangtangzheng
[check] 166/1164 Dangguisinitangleifangzheng
[check] 167/1164 Dangguisinitangzheng
[check] 168/1164 Danrebuhan
[check] 169/1164 Dantouhanchu
[check] 170/1164 Danyumei
[check] 171/1164 Danyushushuibuyuyan
[check] 172/1164 Danyuyinre
[check] 173/1164 Daohan
[check] 174/1164 Daqinglongtangzheng
[check] 175/1164 Dare
[check] 176/1164 Darupan
[check] 177/1164 Dawutoujianzheng
[check] 178/1164 Daxianxiongtangzheng
[check] 179/1164 Daxianxiongwanzheng
[check] 180/1164 DeviatedTongue
[check] 181/1164 Didangtangzheng
[check] 182/1164 Didangwanzheng
[check] 183/1164 Dongmai
[check] 184/1164 Dongruomai
[check] 185/1164 DryCoating
[check] 186/1164 DryTongue
[check] 187/1164 Duanmai
[check] 188/1164 Duanqi
[check] 189/1164 Duohanchu
[check] 190/1164 Duomianshui
[check] 191/1164 Duotuokouzao
[check] 192/1164 Dutoudongyao
[check] 193/1164 Duyubuxiu
[check] 194/1164 EcchymosisTongue
[check] 195/1164 Efeng
[check] 196/1164 Ehan
[check] 197/1164 Elubujin
[check] 198/1164 Ere
[check] 199/1164 Erlong
[check] 200/1164 Erqianhouzhong
[check] 201/1164 Eshanghei
[check] 202/1164 Ewenshichou
[check] 203/1164 Fahan
[check] 204/1164 Fakuang
[check] 205/1164 Faluo
[check] 206/1164 Fanbuke
[check] 207/1164 Fanggen
[check] 208/1164 Fangji
[check] 209/1164 Fangjidihuangtangzheng
[check] 210/1164 Fangjifulingtangzheng
[check] 211/1164 Fangjihuangqitangzheng
[check] 212/1164 Fangzheng
[check] 213/1164 Fanluan
[check] 214/1164 Fanman
[check] 215/1164 Fanre
[check] 216/1164 Fanshitangzheng
[check] 217/1164 Fanshiwanzheng
[check] 218/1164 Fanzao
[check] 219/1164 Fanzaoyusi
[check] 220/1164 Fare
[check] 221/1164 Fazehanre
[check] 222/1164 Feitong
[check] 223/1164 Feiweituxianmo
[check] 224/1164 Feiyong
[check] 225/1164 Fengqibaiji
[check] 226/1164 Fengshuiefeng
[check] 227/1164 Fengyintangzheng
[check] 228/1164 FlaccidTongue
[check] 229/1164 FluidDepletionPathomechanism
[check] 230/1164 FoodStagnationPathomechanism
[check] 231/1164 Fuchimai
[check] 232/1164 Fudamai
[check] 233/1164 Fuhongmai
[check] 234/1164 Fuhuamai
[check] 235/1164 Fuhuanmai
[check] 236/1164 Fujinmai
[check] 237/1164 FulingBaizhuFuzigen
[check] 238/1164 FulingZexiegen
[check] 239/1164 Fulinggancaotangzheng
[check] 240/1164 Fulingguizhibaizhugancaotangzheng
[check] 241/1164 Fulingguizhigancaodazaotangzheng
[check] 242/1164 Fulingguizhigen
[check] 243/1164 Fulingrongyantangzheng
[check] 244/1164 Fulingsinitangzheng
[check] 245/1164 Fulingxingrengancaotangzheng
[check] 246/1164 Fulingzexietangzheng
[check] 247/1164 Fumai
[check] 248/1164 Fumai_Yin
[check] 249/1164 Fuman
[check] 250/1164 FumanJuAn
[check] 251/1164 Fumantong
[check] 252/1164 Fupiji
[check] 253/1164 Furenshaofuman
[check] 254/1164 Furenshaofumanrudunzhuang
[check] 255/1164 Furensuyouzhengbing
[check] 256/1164 Furenyinhan
[check] 257/1164 Furenzangzao
[check] 258/1164 Furugu
[check] 259/1164 Furuomai
[check] 260/1164 Furuosemai
[check] 261/1164 Fushumai
[check] 262/1164 Futong
[check] 263/1164 Fuximai
[check] 264/1164 Fuxusemai
[check] 265/1164 Fuzheng
[check] 266/1164 Fuzhonganzhimeizhi
[check] 267/1164 Fuzhonghan
[check] 268/1164 Fuzhongjiaotong
[check] 269/1164 Fuzhongjitong
[check] 270/1164 Fuzhongleiming
[check] 271/1164 Fuzhongrudaiwuqianqian
[check] 272/1164 FuziBaizhuGancaogen
[check] 273/1164 Fuzijingmitangzheng
[check] 274/1164 Fuzitangzheng
[check] 275/1164 Fuzixiexintangzheng
[check] 276/1164 Gancaofenmitangzheng
[check] 277/1164 Gancaofuzitangzheng
[check] 278/1164 Gancaoganjiangfulingbaizhutangzheng
[check] 279/1164 Gancaoganjiangtangzheng
[check] 280/1164 Gancaomahuangtangzheng
[check] 281/1164 Gancaotangzheng
[check] 282/1164 Gancaoxiexintangzheng
[check] 283/1164 Gancaoxiexintangzheng_huhuo
[check] 284/1164 GanjiangBaizhuGancaogen
[check] 285/1164 Ganjiangfuzigen
[check] 286/1164 Ganjiangfuzitangzheng
[check] 287/1164 Ganjianghuangqinhuanglianrenshentangzheng
[check] 288/1164 Ganjiangrenshenbanxiawanzheng
[check] 289/1164 Ganmaidazaotangzheng
[check] 290/1164 Ganou
[check] 291/1164 Gansuibanxiatangzheng
[check] 292/1164 Ganyishichou
[check] 293/1164 Ganzhe
[check] 294/1164 Gegen
[check] 295/1164 GegenMahuanggen
[check] 296/1164 Gegenhuangqinhuangliantangzheng
[check] 297/1164 Gegenjiabanxiatangzheng
[check] 298/1164 Gegentangleifangzheng
[check] 299/1164 Gegentangzheng
[check] 300/1164 Gejianyoushui
[check] 301/1164 Gejianzhiyin
[check] 302/1164 Gemia
[check] 303/1164 GreasyCoating
[check] 304/1164 GreyCoating
[check] 305/1164 Guadisanzheng
[check] 306/1164 Gualouguizhitangzheng
[check] 307/1164 Gualoumulisanzheng
[check] 308/1164 Gualouqumaiwanzheng
[check] 309/1164 Gualouxiebaibaijiutangzheng
[check] 310/1164 Gualouxiebaibanxiatangzheng
[check] 311/1164 Gualouxiebaigen
[check] 312/1164 Gualouxiebaileifangzheng
[check] 313/1164 Guanjietengtong
[check] 314/1164 Gubuhua
[check] 315/1164 Guilingwuweigancaotangzheng
[check] 316/1164 GuizhiZheng
[check] 317/1164 Guizhiermahuangyitangzheng
[check] 318/1164 Guizhieryuebiyitangzheng
[check] 319/1164 Guizhifulingwanzheng
[check] 320/1164 Guizhifuzitangzheng
[check] 321/1164 Guizhigancaolonggumulitangzheng
[check] 322/1164 Guizhigancaotangzheng
[check] 323/1164 Guizhijiadahuangtangzheng
[check] 324/1164 Guizhijiafuzitangzheng
[check] 325/1164 Guizhijiagegentangzheng
[check] 326/1164 Guizhijiaguitangzheng
[check] 327/1164 Guizhijiahoupoxingzitangzheng
[check] 328/1164 Guizhijiahuangqitangzheng
[check] 329/1164 Guizhijialonggumulitangzheng
[check] 330/1164 Guizhijiashaoyaotangzheng
[check] 331/1164 Guizhimahuanggebantangzheng
[check] 332/1164 Guizhiquguijiafulingbaizhutangzheng
[check] 333/1164 Guizhiqushaoyaojiafuzitangzheng
[check] 334/1164 Guizhiqushaoyaojiashuqimulilonggujiunitangzheng
[check] 335/1164 Guizhiqushaoyaotangzheng
[check] 336/1164 Guizhirenshentangzheng
[check] 337/1164 Guizhishaoyaogen
[check] 338/1164 Guizhishaoyaozhimutangzheng
[check] 339/1164 Guizhishengjiangzhishitangzheng
[check] 340/1164 Guizhitangleifangzheng
[check] 341/1164 Guizhitangzheng
[check] 342/1164 Guizhixinjiatangzheng
[check] 343/1164 Gujietengfan
[check] 344/1164 Gujietengtong
[check] 345/1164 Gujietong
[check] 346/1164 Han
[check] 347/1164 Hanchu
[check] 348/1164 Handuoreshao
[check] 349/1164 Hanloubuzhi
[check] 350/1164 Hanqijueni
[check] 351/1164 HanreWanglai
[check] 352/1164 Hanshanfutong
[check] 353/1164 Hanshanraoqitong
[check] 354/1164 Hanshijiexiong
[check] 355/1164 Hanxiang
[check] 356/1164 Hanzhanyi
[check] 357/1164 HeartPackageBlockagePathomechanism
[check] 358/1164 Helilesanzheng
[check] 359/1164 Honglanhuajiuzheng
[check] 360/1164 Hongmai
[check] 361/1164 Hongshumai
[check] 362/1164 Houpodahuangtangzheng
[check] 363/1164 Houpomahuangtangzheng
[check] 364/1164 Houpoqiwutangzheng
[check] 365/1164 Houposanwutangzheng
[check] 366/1164 Houposhengjiangbanxiagancaorenshentangzheng
[check] 367/1164 Houshiheisanzheng
[check] 368/1164 Housishui
[check] 369/1164 Houzhongshuijisheng
[check] 370/1164 Huamai
[check] 371/1164 Huangdan
[check] 372/1164 Huanghan
[check] 373/1164 HuanglianHuangqinGanjiangen
[check] 374/1164 Huanglianejiaotangzheng
[check] 375/1164 Huanglianfenzheng
[check] 376/1164 Huangliantangzheng
[check] 377/1164 Huangqiguizhiwuwutangzheng
[check] 378/1164 Huangqijianzhongtangzheng
[check] 379/1164 Huangqingen
[check] 380/1164 Huangqinjiabanxiashengjiangtangzheng
[check] 381/1164 Huangqintangleifangzheng
[check] 382/1164 Huangqintangzheng
[check] 383/1164 Huangqishaoyaoguizhikujiutangzheng
[check] 384/1164 Huangtutangzheng
[check] 385/1164 Huanmai
[check] 386/1164 Huanzhe
[check] 387/1164 Huashibaiyusanzheng
[check] 388/1164 Huashidaizhetangzheng
[check] 389/1164 Hui
[check] 390/1164 Huichong
[check] 391/1164 Huonishangqi
[check] 392/1164 Huoyinyaoji
[check] 393/1164 InternalWindPathomechanism
[check] 394/1164 Ji
[check] 395/1164 JianJiaZheng
[check] 396/1164 JianShiJi
[check] 397/1164 JianShuiYin
[check] 398/1164 JianYuXue
[check] 399/1164 Jianzhongfanggen
[check] 400/1164 Jianzhongtangleifangzheng
[check] 401/1164 Jiaoaitangzheng
[check] 402/1164 Jiaoluanji
[check] 403/1164 Jiaoqichongxin
[check] 404/1164 Jiaozhong
[check] 405/1164 Jiaozhongrutuo
[check] 406/1164 Jiazu
[check] 407/1164 Jiedaimai
[check] 408/1164 Jiegengtangzheng
[check] 409/1164 Jiemai
[check] 410/1164 Jiexiong
[check] 411/1164 Jifuburen
[check] 412/1164 Jifujiacuo
[check] 413/1164 Jijiaolihuangwanzheng
[check] 414/1164 Jinchuang
[check] 415/1164 Jing
[check] 416/1164 Jingbing
[check] 417/1164 Jingbuhe
[check] 418/1164 Jingduan
[check] 419/1164 Jingduanweijisanyue
[check] 420/1164 Jingkuang
[check] 421/1164 Jingshenweimi
[check] 422/1164 Jingshuibuli
[check] 423/1164 Jingshuishiduan
[check] 424/1164 Jingshuishilai
[check] 425/1164 Jingxiangqiangji
[check] 426/1164 Jingyiyuezaijian
[check] 427/1164 Jinmai
[check] 428/1164 Jintirourun
[check] 429/1164 Jinxianmai
[check] 430/1164 Jinyinchuang
[check] 431/1164 Jinzhizetongju
[check] 432/1164 Jishibaisanzheng
[check] 433/1164 Jiuhuangdan
[check] 434/1164 Jiuli
[check] 435/1164 JixuKouchiMai
[check] 436/1164 Juan
[check] 437/1164 Juanwo
[check] 438/1164 Jueni
[check] 439/1164 Jueyinbing
[check] 440/1164 Jupitangzheng
[check] 441/1164 Jupizhurutangzheng
[check] 442/1164 Juzhijiangtangzheng
[check] 443/1164 Keershangqi
[check] 444/1164 Keni
[check] 445/1164 Kesou
[check] 446/1164 Ketuo
[check] 447/1164 Kong
[check] 448/1164 Kouburen
[check] 449/1164 Koujin
[check] 450/1164 Koukai
[check] 451/1164 Kouke
[check] 452/1164 Kouku
[check] 453/1164 Koumai
[check] 454/1164 Koushanglanchi
[check] 455/1164 Kousheburen
[check] 456/1164 Kousheganzao
[check] 457/1164 Koutuxian
[check] 458/1164 Kouzao
[check] 459/1164 Kouzhonghe
[check] 460/1164 Kouzhongpipizao
[check] 461/1164 Kuizifulingsanzheng
[check] 462/1164 Kujiutangzheng
[check] 463/1164 Kujizhiyuandi
[check] 464/1164 Kumaoxuan
[check] 465/1164 Kushentangzheng
[check] 466/1164 Langyatangzheng
[check] 467/1164 Laofu
[check] 468/1164 Laomai
[check] 469/1164 Li
[check] 470/1164 Liangjingzileng
[check] 471/1164 Liangmuanhei
[check] 472/1164 Liji
[check] 473/1164 Lijihouchong
[check] 474/1164 Lingganwuweigen
[check] 475/1164 Lingganwuweijiajiangxinbanxiaxingrentangzheng
[check] 476/1164 Lingganwuweijiajiangxinbanxingdahuangtangzheng
[check] 477/1164 Lingganwuweijiangxinleifangzheng
[check] 478/1164 Lingganwuweijiangxintangzheng
[check] 479/1164 Lingganwuweijiangxinxiatangzheng
[check] 480/1164 Lingguijileifangzheng
[check] 481/1164 Lingguizhugantangzheng
[check] 482/1164 Lishui
[check] 483/1164 Liujingbing
[check] 484/1164 Lizhi
[check] 485/1164 Lizhongtangleifangzheng
[check] 486/1164 Lizhongtangzheng
[check] 487/1164 Louxia
[check] 488/1164 Mahuangfuzigancaotangzheng
[check] 489/1164 Mahuangfuzitangzheng
[check] 490/1164 Mahuangfuzixixintangzheng
[check] 491/1164 Mahuanggen
[check] 492/1164 Mahuangguizhigen
[check] 493/1164 Mahuangjiazhutangzheng
[check] 494/1164 Mahuanglianqiaochixiaodoutangzheng
[check] 495/1164 Mahuangshengmatangzheng
[check] 496/1164 Mahuangtangleifangzheng
[check] 497/1164 Mahuangtangzheng
[check] 498/1164 Maibuchuzhe
[check] 499/1164 Maimendongtangzheng
[check] 500/1164 Maixiang
[check] 501/1164 Maxingshigantangzheng
[check] 502/1164 Maxingyigantangzheng
[check] 503/1164 Mazirenwanzheng
[check] 504/1164 Mengjiao
[check] 505/1164 Mengshijing
[check] 506/1164 Mianchi
[check] 507/1164 Mianchibanbanrujinwen
[check] 508/1164 Mianfu
[check] 509/1164 Miangou
[check] 510/1164 Mianmuzhachizhaheizhabai
[check] 511/1164 Mianre
[check] 512/1164 Miansebai
[check] 513/1164 Mianselihei
[check] 514/1164 Mianseqing
[check] 515/1164 Mianseweihuang
[check] 516/1164 Miansewuhua
[check] 517/1164 Mianyourese
[check] 518/1164 Mijiandaofangzheng
[check] 519/1164 MirrorTongue
[check] 520/1164 MoistTongue
[check] 521/1164 Momo
[check] 522/1164 Momobuyushiyin
[check] 523/1164 Momoyumian
[check] 524/1164 Mubudebi
[check] 525/1164 Muchangdaohanchu
[check] 526/1164 Muchi
[check] 527/1164 Muchirujiuyan
[check] 528/1164 Mufangjiqushigaojiafulingmangxiaotangzheng
[check] 529/1164 Mufangjitangzheng
[check] 530/1164 Muhezehan
[check] 531/1164 Muhuang
[check] 532/1164 Mujifare
[check] 533/1164 Mukeshangweiyong
[check] 534/1164 Mulitangzheng
[check] 535/1164 Mulizexiesanzheng
[check] 536/1164 Muming
[check] 537/1164 Muqizichu
[check] 538/1164 Murundong
[check] 539/1164 Murutuozhuang
[check] 540/1164 Muteng
[check] 541/1164 Muxiayouwocan
[check] 542/1164 Muxuan
[check] 543/1164 Muzhongbulele
[check] 544/1164 Nangsuo
[check] 545/1164 Nanyizhuance
[check] 546/1164 Neibudangguijianzhongtangzheng
[check] 547/1164 Neiyoujiuhan
[check] 548/1164 Nengshi
[check] 549/1164 Niaoxue
[check] 550/1164 Nishitoutong
[check] 551/1164 Nongxue
[check] 552/1164 NormalSublingualVein
[check] 553/1164 Nvemu
[check] 554/1164 Nvlaodan
[check] 555/1164 Nvxue
[check] 556/1164 Ou
[check] 557/1164 Oujiabenke
[check] 558/1164 Ouni
[check] 559/1164 Outu
[check] 560/1164 Outubuzhi
[check] 561/1164 Painongsanzheng
[check] 562/1164 Painongtangzheng
[check] 563/1164 PaleRedTongue
[check] 564/1164 PaleWhiteTongue
[check] 565/1164 Panju_A1
[check] 566/1164 Panju_A2
[check] 567/1164 Panju_A3
[check] 568/1164 Panju_A4
[check] 569/1164 Panju_A5
[check] 570/1164 Panju_A6
[check] 571/1164 Panju_A7
[check] 572/1164 Panju_A8
[check] 573/1164 Panju_A9
[check] 574/1164 Panju_B1
[check] 575/1164 Panju_B2
[check] 576/1164 Panju_B3
[check] 577/1164 Panju_B4
[check] 578/1164 Panju_B5
[check] 579/1164 Panju_B6
[check] 580/1164 Panju_B7
[check] 581/1164 Panju_B8
[check] 582/1164 Panju_C1
[check] 583/1164 Panju_C2
[check] 584/1164 Panju_C3
[check] 585/1164 Panju_C4
[check] 586/1164 Panju_C5
[check] 587/1164 Panju_C6
[check] 588/1164 Panju_D1
[check] 589/1164 Panju_D2
[check] 590/1164 Panju_D3
[check] 591/1164 Panju_D4
[check] 592/1164 Panju_D5
[check] 593/1164 Panju_D6
[check] 594/1164 Panju_D7
[check] 595/1164 Panju_D8
[check] 596/1164 Panju_E1
[check] 597/1164 Panju_E2
[check] 598/1164 Panju_E3
[check] 599/1164 Panju_E4
[check] 600/1164 Panju_E5
[check] 601/1164 Panju_E6
[check] 602/1164 Pathomechanism
[check] 603/1164 PeelingCoating
[check] 604/1164 PetechialTongue
[check] 605/1164 Pianyouxiaoda
[check] 606/1164 Pifusuqi
[check] 607/1164 Pimanshijizheng
[check] 608/1164 Pingmai
[check] 609/1164 Pishui
[check] 610/1164 PrickledTongue
[check] 611/1164 ProtrudingTongue
[check] 612/1164 Puhuisanzheng
[check] 613/1164 PurpleTongue
[check] 614/1164 QiFengPathomechanism
[check] 615/1164 QiStage
[check] 616/1164 Qianbanchizao
[check] 617/1164 Qianjinweijingtangzheng
[check] 618/1164 Qichongjitong
[check] 619/1164 Qicongshaofushangchongxin
[check] 620/1164 Qicongshaofushangchongxiongyan
[check] 621/1164 Qidongzhe
[check] 622/1164 Qingbianyuzike
[check] 623/1164 Qini
[check] 624/1164 Qishangchong
[check] 625/1164 Qishangchongxiong
[check] 626/1164 Qishangchongxiongyan
[check] 627/1164 Qishangzhuangxin
[check] 628/1164 Qixiaji
[check] 629/1164 Qiyuzheng
[check] 630/1164 Qizetouxuan
[check] 631/1164 Raoqihanshan
[check] 632/1164 Raoqitong
[check] 633/1164 Re
[check] 634/1164 RedTongue
[check] 635/1164 Reduohanshao
[check] 636/1164 Renbijiaozhi
[check] 637/1164 Renshen
[check] 638/1164 Renshenoutubuzhi
[check] 639/1164 Renshentangzheng
[check] 640/1164 Renshenxiaxue
[check] 641/1164 Renshenyoushuiqi
[check] 642/1164 Ribusuofare
[check] 643/1164 Ribusuoju
[check] 644/1164 Ripuchaore
[check] 645/1164 RoughTongue
[check] 646/1164 Ruanmai
[check] 647/1164 Rufengbizhuang
[check] 648/1164 Ruhanwuhan
[check] 649/1164 Rujianguizhuang
[check] 650/1164 Rukuang
[check] 651/1164 Rukuangzhuang
[check] 652/1164 Runvezhuang
[check] 653/1164 Ruofazebaihanchu
[check] 654/1164 Ruomai
[check] 655/1164 Rurewure
[check] 656/1164 Ruzuoshuizhong
[check] 657/1164 Sanhuangtangzheng
[check] 658/1164 Sanmai
[check] 659/1164 Sanwubaisanzheng
[check] 660/1164 Sanwuhuangqintangzheng
[check] 661/1164 Sasaehan
[check] 662/1164 Semai
[check] 663/1164 Sezhenghuangrubaizhi
[check] 664/1164 Shanghanmaifu
[check] 665/1164 Shangqi
[check] 666/1164 Shantaixi
[check] 667/1164 Shanwang
[check] 668/1164 Shaofuehan
[check] 669/1164 Shaofujiantong
[check] 670/1164 Shaofujijie
[check] 671/1164 Shaofujuji
[check] 672/1164 Shaofuliji
[check] 673/1164 Shaofuman
[check] 674/1164 Shaofumantong
[check] 675/1164 Shaofutong
[check] 676/1164 Shaofuxianji
[check] 677/1164 Shaofuyingman
[check] 678/1164 Shaofuzhengkuai
[check] 679/1164 Shaofuzhongpi
[check] 680/1164 Shaoqi
[check] 681/1164 ShaoyangTaiyinHebing
[check] 682/1164 ShaoyangYangmingHebing
[check] 683/1164 Shaoyangbing
[check] 684/1164 Shaoyaogancaofuzitangzheng
[check] 685/1164 Shaoyaogancaogen
[check] 686/1164 Shaoyaogancaoleifangzheng
[check] 687/1164 Shaoyaogancaotangzheng
[check] 688/1164 Shaoyaogen
[check] 689/1164 Shaoyaoleifangzheng
[check] 690/1164 ShaoyinJueyinHebing
[check] 691/1164 ShaoyinMaiHuashu
[check] 692/1164 Shaoyinbing
[check] 693/1164 SheXiang_Han_HeiHua
[check] 694/1164 SheXiang_Han_HuiHua
[check] 695/1164 SheXiang_Re_HeiZao
[check] 696/1164 SheXiang_Re_HuiZao
[check] 697/1164 Shechuangzisanzheng
[check] 698/1164 Sheganmahuangtangzheng
[check] 699/1164 Shejinanyan
[check] 700/1164 ShenTengtong
[check] 701/1164 Shendahan
[check] 702/1164 Shenduohan
[check] 703/1164 Shengbuchu
[check] 704/1164 Shenghe
[check] 705/1164 Shenghouzhe
[check] 706/1164 Shengjiangbanxiatangzheng
[check] 707/1164 Shengjiangxiexintangzheng
[check] 708/1164 Shengmabiejiaquxionghuangshujiaotangzheng
[check] 709/1164 Shengmabiejiatangzheng
[check] 710/1164 Shenhan
[check] 711/1164 Shenhuang
[check] 712/1164 Shenqigen
[check] 713/1164 Shenqiwantangleifangzheng
[check] 714/1164 Shenqiwanzheng
[check] 715/1164 Shenre
[check] 716/1164 Shenrebuqu
[check] 717/1164 Shenruchongxingpizhong
[check] 718/1164 Shenrundong
[check] 719/1164 Shenseruxunhuang
[check] 720/1164 Shentengfan
[check] 721/1164 Shentibunengzishouchi
[check] 722/1164 Shentiburen
[check] 723/1164 Shentiqiangjiji
[check] 724/1164 Shentiwanglei
[check] 725/1164 Shentizhong
[check] 726/1164 Shentong
[check] 727/1164 Shenweizhenzhenyao
[check] 728/1164 Shenweizhong
[check] 729/1164 Shenwure
[check] 730/1164 Shenxingruhe
[check] 731/1164 Shenyang
[check] 732/1164 Shenyouchuang
[check] 733/1164 Shenzhong
[check] 734/1164 Shenzhuore
[check] 735/1164 Shexiang
[check] 736/1164 Shi
[check] 737/1164 Shibuxia
[check] 738/1164 Shifuzitong
[check] 739/1164 Shigaogen
[check] 740/1164 Shigaozhimugen
[check] 741/1164 Shiguyuou
[check] 742/1164 Shijingjia
[check] 743/1164 Shimai
[check] 744/1164 Shiqi
[check] 745/1164 Shirukoujitu
[check] 746/1164 Shishifare
[check] 747/1164 Shishishangxia
[check] 748/1164 Shishituzhuo
[check] 749/1164 Shisou
[check] 750/1164 Shitong
[check] 751/1164 Shitoure
[check] 752/1164 Shiwo
[check] 753/1164 Shiyihanchu
[check] 754/1164 Shiyijitu
[check] 755/1164 Shizaotangzheng
[check] 756/1164 Shizetuhui
[check] 757/1164 ShortenedTongue
[check] 758/1164 Shouzhangfanre
[check] 759/1164 Shouzuburen
[check] 760/1164 Shouzufanre
[check] 761/1164 Shouzujiranhanchu
[check] 762/1164 Shouzujueleng
[check] 763/1164 Shouzujueni
[check] 764/1164 Shouzujuji
[check] 765/1164 Shouzuleng
[check] 766/1164 Shouzunileng
[check] 767/1164 Shouzuwen
[check] 768/1164 Shouzuzaorao
[check] 769/1164 Shufutangzheng
[check] 770/1164 Shuiruzetu
[check] 771/1164 Shuizhiweibing
[check] 772/1164 Shuizhong
[check] 773/1164 Shuizouchangjianliliyousheng
[check] 774/1164 Shumai
[check] 775/1164 Shuqianshen
[check] 776/1164 Shuqisanzheng
[check] 777/1164 Shuyuwanzheng
[check] 778/1164 Sinijiarenshentangzheng
[check] 779/1164 Sinisanzheng
[check] 780/1164 Sinitangleifangzheng
[check] 781/1164 Sinitangzheng
[check] 782/1164 SizhenXinxi
[check] 783/1164 Sizhichenzhongtengtong
[check] 784/1164 Sizhifanzhong
[check] 785/1164 Sizhikufanre
[check] 786/1164 Sizhilijietong
[check] 787/1164 Sizhinieniedong
[check] 788/1164 Sizhinileng
[check] 789/1164 Sizhisuanteng
[check] 790/1164 Sizhiweiji
[check] 791/1164 Sizhizhong
[check] 792/1164 SlipperyCoating
[check] 793/1164 SlipperyTongue
[check] 794/1164 StiffTongue
[check] 795/1164 StomachQiDepletionPathomechanism
[check] 796/1164 Suanzaorengen
[check] 797/1164 Suanzaorentangleifangzheng
[check] 798/1164 Suanzaorentangzheng
[check] 799/1164 SublingualVein
[check] 800/1164 SublingualVeinDistended
[check] 801/1164 SublingualVeinPurple
[check] 802/1164 Sushi
[check] 803/1164 SwollenTongue
[check] 804/1164 Taidong
[check] 805/1164 Taidongzaiqishang
[check] 806/1164 TaiyangShaoyangHebing
[check] 807/1164 TaiyangShaoyinHebing
[check] 808/1164 TaiyangTaiyinHebing
[check] 809/1164 TaiyangYangmingHebing
[check] 810/1164 Taiyangbing
[check] 811/1164 TaiyinShaoyinHebing
[check] 812/1164 Taiyinbing
[check] 813/1164 Tanduo
[check] 814/1164 Tanduoqingxi
[check] 815/1164 Tanreshirezheng
[check] 816/1164 Tanyinzheng
[check] 817/1164 Taohechengqitangzheng
[check] 818/1164 Taohuatangzheng
[check] 819/1164 TeethMarkedTongue
[check] 820/1164 ThickCoating
[check] 821/1164 ThinCoating
[check] 822/1164 ThinTongue
[check] 823/1164 Tianxiongsanzheng
[check] 824/1164 Tiaoweichengqitangzheng
[check] 825/1164 Tierbuan
[check] 826/1164 Tinglidazaoxiefeitangzheng
[check] 827/1164 Tizhi
[check] 828/1164 Tongmaisinijiazhudanzhitangzheng
[check] 829/1164 Tongmaisinitangzheng
[check] 830/1164 TongueBodyColor
[check] 831/1164 TongueCoating
[check] 832/1164 TongueCurling
[check] 833/1164 TongueDiagnosisRoot
[check] 834/1164 TongueDynamics
[check] 835/1164 TongueMoisture
[check] 836/1164 TongueNoCoating
[check] 837/1164 TongueShape
[check] 838/1164 TongueWithThorns
[check] 839/1164 Toufengmosanzheng
[check] 840/1164 Toutong
[check] 841/1164 Touxiangqiangtong
[check] 842/1164 Touxuan
[check] 843/1164 Touzhong
[check] 844/1164 TremblingTongue
[check] 845/1164 Tu
[check] 846/1164 Tuguagensanzheng
[check] 847/1164 Tuhui
[check] 848/1164 Tuli
[check] 849/1164 Tunong
[check] 850/1164 Tunongrumizhou
[check] 851/1164 Tunongxue
[check] 852/1164 Tunsuan
[check] 853/1164 Tuxian
[check] 854/1164 Tuxianmo
[check] 855/1164 Tuxue
[check] 856/1164 Tuxuebuzhi
[check] 857/1164 Tuzhuo
[check] 858/1164 Wangbuliuxingsanzheng
[check] 859/1164 Wanglaihanre
[check] 860/1164 Wanguobuhua
[check] 861/1164 Wangxing
[check] 862/1164 Wangxue
[check] 863/1164 WaterRetentionPathomechanism
[check] 864/1164 WeiFengPathomechanism
[check] 865/1164 WeiHan
[check] 866/1164 WeiQiYingXueStage
[check] 867/1164 WeiStage
[check] 868/1164 Weifan
[check] 869/1164 Weihan
[check] 870/1164 Weili
[check] 871/1164 Weimai
[check] 872/1164 Weiou
[check] 873/1164 Weire
[check] 874/1164 Weiruomai
[check] 875/1164 WeiseMai
[check] 876/1164 Weishumai
[check] 877/1164 Weixianmai
[check] 878/1164 Weiximai
[check] 879/1164 Weizhongbuhe
[check] 880/1164 Weizhongyouxieqi
[check] 881/1164 Wendantangzheng
[check] 882/1164 Wengetangzheng
[check] 883/1164 Wenjingtangzheng
[check] 884/1164 Wenkesanzheng
[check] 885/1164 Wenwenyutu
[check] 886/1164 WhiteCoating
[check] 887/1164 Wobuzhexi
[check] 888/1164 Woqibuan
[check] 889/1164 Wozejing
[check] 890/1164 Wudare
[check] 891/1164 Wuhan
[check] 892/1164 Wuhanre
[check] 893/1164 Wujiju
[check] 894/1164 Wulaoxuji
[check] 895/1164 Wulingsanleifangzheng
[check] 896/1164 Wulingsanzheng
[check] 897/1164 Wumeigen
[check] 898/1164 Wumeiwantangleifangzheng
[check] 899/1164 Wumeiwanzheng
[check] 900/1164 Wureehan
[check] 901/1164 Wurezheng
[check] 902/1164 Wutouchishizhiwanzheng
[check] 903/1164 Wutougen
[check] 904/1164 Wutouguizhitangzheng
[check] 905/1164 Wutoutangleifangzheng
[check] 906/1164 Wutoutangzheng
[check] 907/1164 Wuzhuyugen
[check] 908/1164 Wuzhuyutangleifangzheng
[check] 909/1164 Wuzhuyutangzheng
[check] 910/1164 Xiabaiwu
[check] 911/1164 Xiali
[check] 912/1164 Xialibuzhi
[check] 913/1164 Xialinongxue
[check] 914/1164 Xialiqi
[check] 915/1164 Xialiqinggu
[check] 916/1164 Xialirishushixing
[check] 917/1164 Xianbianhoubianxue
[check] 918/1164 Xianchimai
[check] 919/1164 Xiandamai
[check] 920/1164 Xiangbeiqiangjiji
[check] 921/1164 Xiangqiang
[check] 922/1164 Xiangrushenlingsuozuo
[check] 923/1164 Xianmai
[check] 924/1164 Xiansemai
[check] 925/1164 Xianshumai
[check] 926/1164 Xianximai
[check] 927/1164 Xianxionggen
[check] 928/1164 Xianxuehoubian
[check] 929/1164 Xiaobanxiajiafulingtangzheng
[check] 930/1164 Xiaobanxiatangzheng
[check] 931/1164 Xiaobian
[check] 932/1164 Xiaobianbuli
[check] 933/1164 Xiaobianchi
[check] 934/1164 Xiaobianfanduo
[check] 935/1164 Xiaobianfanshao
[check] 936/1164 Xiaobianhuang
[check] 937/1164 Xiaobianhuangchi
[check] 938/1164 Xiaobiannan
[check] 939/1164 Xiaobianqing
[check] 940/1164 Xiaobiansebai
[check] 941/1164 Xiaobianshu
[check] 942/1164 Xiaobianyiyinteng
[check] 943/1164 Xiaobianzidiao
[check] 944/1164 Xiaobianzili
[check] 945/1164 Xiaochaihutangleifangzheng
[check] 946/1164 Xiaochaihutangzheng
[check] 947/1164 Xiaochengqitangzheng
[check] 948/1164 Xiaogushanji
[check] 949/1164 Xiaojianzhongtangzheng
[check] 950/1164 Xiaoke
[check] 951/1164 Xiaomai
[check] 952/1164 Xiaoqinglongjiashigaotangzheng
[check] 953/1164 Xiaoqinglongtangzheng
[check] 954/1164 Xiaoshifanshisanzheng
[check] 955/1164 Xiaoxianxiongtangzheng
[check] 956/1164 Xiaoyoulaoshenjire
[check] 957/1164 Xiaxue
[check] 958/1164 Xiayouchenhan
[check] 959/1164 Xiayuxuetangzheng
[check] 960/1164 Xiazhong
[check] 961/1164 Xibeishangyuku
[check] 962/1164 Xiechi
[check] 963/1164 Xietong
[check] 964/1164 Xiexiaman
[check] 965/1164 Xiexianiqiangxin
[check] 966/1164 Xiexiapiantong
[check] 967/1164 Xiexiapiying
[check] 968/1164 Xiexiatongyinquepen
[check] 969/1164 Xiexiazhengjia
[check] 970/1164 Xiexintangleifangzheng
[check] 971/1164 Xiexintangzheng
[check] 972/1164 Xijingtengfan
[check] 973/1164 Ximai
[check] 974/1164 Xinfan
[check] 975/1164 Xingtisunfen
[check] 976/1164 Xingzhong
[check] 977/1164 Xingzitangzheng
[check] 978/1164 Xinji
[check] 979/1164 Xinqibuzu
[check] 980/1164 Xintong
[check] 981/1164 Xintongchebei
[check] 982/1164 Xintongfazuoyoushi
[check] 983/1164 Xinxiaanzhimantong
[check] 984/1164 Xinxiaji
[check] 985/1164 Xinxiajian
[check] 986/1164 Xinxiajidong
[check] 987/1164 Xinxiakuan
[check] 988/1164 Xinxiaman
[check] 989/1164 Xinxianiman
[check] 990/1164 Xinxiaodutong
[check] 991/1164 Xinxiapi
[check] 992/1164 Xinxiapijian
[check] 993/1164 Xinxiapiying
[check] 994/1164 Xinxiatong
[check] 995/1164 Xinxiayouzhiyin
[check] 996/1164 Xinxiazhijie
[check] 997/1164 Xinxiongdahantong
[check] 998/1164 Xinxuantong
[check] 999/1164 Xinzhongaonao
[check] 1000/1164 Xinzhongehanbuzu
[check] 1001/1164 Xinzhongji
[check] 1002/1164 Xinzhongpi
[check] 1003/1164 Xinzhongpiqi
[check] 1004/1164 Xinzhongtengre
[check] 1005/1164 Xiongbi
[check] 1006/1164 Xiongbihuanji
[check] 1007/1164 Xionghuangxunfangzheng
[check] 1008/1164 Xiongman
[check] 1009/1164 Xiongtong
[check] 1010/1164 Xiongxiekuman
[check] 1011/1164 Xiongxiekutong
[check] 1012/1164 Xiongxiemanweijie
[check] 1013/1164 Xiongxiezhiman
[check] 1014/1164 Xiongzhongfan
[check] 1015/1164 Xiongzhongjiacuo
[check] 1016/1164 Xiongzhongkui
[check] 1017/1164 Xiongzhongpiying
[check] 1018/1164 Xiongzhongqisai
[check] 1019/1164 Xiongzhongtong
[check] 1020/1164 Xiongzhongyoure
[check] 1021/1164 Xiongzhongzhi
[check] 1022/1164 Xiou
[check] 1023/1164 Xiuzuoyoushi
[check] 1024/1164 Xixifare
[check] 1025/1164 Xu
[check] 1026/1164 Xuanfudaizhetangleifangzheng
[check] 1027/1164 Xuanfudaizhetangzheng
[check] 1028/1164 Xuanfuhuagen
[check] 1029/1164 Xuanfuhuatangzheng
[check] 1030/1164 Xuanji
[check] 1031/1164 XueFengPathomechanism
[check] 1032/1164 XueStage
[check] 1033/1164 Xufan
[check] 1034/1164 Xulao
[check] 1035/1164 Xulaoxufanbudemian
[check] 1036/1164 Xulaoyaotong
[check] 1037/1164 Xulei
[check] 1038/1164 Xuleishaoqi
[check] 1039/1164 Xumai
[check] 1040/1164 Xumingtangzheng
[check] 1041/1164 Xunyimochuang
[check] 1042/1164 Yang
[check] 1043/1164 YangDeficiencyPathomechanism
[check] 1044/1164 Yangan
[check] 1045/1164 Yangmingbing
[check] 1046/1164 Yanhoubuli
[check] 1047/1164 Yanhuxuanmao
[check] 1048/1164 Yantong
[check] 1049/1164 Yanyujianse
[check] 1050/1164 Yanzhongruyouzhiluan
[check] 1051/1164 Yanzhongshangshengchuang
[check] 1052/1164 Yanzhongtong
[check] 1053/1164 Yaotong
[check] 1054/1164 Yaowu
[check] 1055/1164 Yaoyixiayoushuiqi
[check] 1056/1164 Yaozheng
[check] 1057/1164 Yaozhongleng
[check] 1058/1164 Ye
[check] 1059/1164 YellowCoating
[check] 1060/1164 Yijing
[check] 1061/1164 Yin
[check] 1062/1164 Yinchenhaotangzheng
[check] 1063/1164 Yinchenwulingsanzheng
[check] 1064/1164 Yinchetong
[check] 1065/1164 Yinchuang
[check] 1066/1164 Yinchui
[check] 1067/1164 YingFengPathomechanism
[check] 1068/1164 YingStage
[check] 1069/1164 Yinhushan
[check] 1070/1164 Yiniao
[check] 1071/1164 Yinshihuoyoumeishi
[check] 1072/1164 Yinshirugu
[check] 1073/1164 Yintouhan
[check] 1074/1164 Yinxiashi
[check] 1075/1164 Yinyang
[check] 1076/1164 Yinzhengshuiqileifangzheng
[check] 1077/1164 Yinzhong
[check] 1078/1164 Yinzhongjishengchuang
[check] 1079/1164 Yinzhongshichuang
[check] 1080/1164 Yinzhongshichuanglanzhe
[check] 1081/1164 Yinzhongtong
[check] 1082/1164 Yiqi
[check] 1083/1164 Yirizaifa
[check] 1084/1164 Yishenjinteng
[check] 1085/1164 Yishenjinzhong
[check] 1086/1164 Yishenmianmuhuangzhong
[check] 1087/1164 Yishenxizhong
[check] 1088/1164 Yitanggen
[check] 1089/1164 Yiwuguaditangzheng
[check] 1090/1164 Yiyifuzibaijiangsanzheng
[check] 1091/1164 Yiyifuzisanzheng
[check] 1092/1164 Yiyushifubunengshi
[check] 1093/1164 Younong
[check] 1094/1164 Yudean
[check] 1095/1164 Yudebeifuxianghuo
[check] 1096/1164 Yuebijiabanxiatangzheng
[check] 1097/1164 Yuebijiazhutangzheng
[check] 1098/1164 Yuebitangzheng
[check] 1099/1164 Yuou
[check] 1100/1164 Yutu
[check] 1101/1164 Yuwobunengwo
[check] 1102/1164 Yuxingbunengxing
[check] 1103/1164 Yuxuezheng
[check] 1104/1164 Yuyannanchu
[check] 1105/1164 Yuyin
[check] 1106/1164 Yuyuweifan
[check] 1107/1164 Yuzuobentun
[check] 1108/1164 Zaojiawanzheng
[check] 1109/1164 Zaoshi
[check] 1110/1164 Zeqitangzheng
[check] 1111/1164 Zexietangzheng
[check] 1112/1164 Zhanyu
[check] 1113/1164 ZhengHouZuhe
[check] 1114/1164 ZhengHou_QixueLiangXu
[check] 1115/1164 ZhengHou_Shizhuo
[check] 1116/1164 ZhengHou_YinxuHuowang
[check] 1117/1164 ZhengHou_ZangfuResheng
[check] 1118/1164 Zhengkuai
[check] 1119/1164 Zhengsheng
[check] 1120/1164 Zhengzhengfare
[check] 1121/1164 Zhengzhuang
[check] 1122/1164 Zhenhan
[check] 1123/1164 Zhenwutangzheng
[check] 1124/1164 Zhenzhenshenrunju
[check] 1125/1164 Zhenzhenyupidi
[check] 1126/1164 Zhigancaotangzheng
[check] 1127/1164 Zhijietong
[check] 1128/1164 Zhishi
[check] 1129/1164 Zhishigancaogen
[check] 1130/1164 Zhishishaoyaosanzheng
[check] 1131/1164 Zhishixiebaiguizhitangzheng
[check] 1132/1164 Zhishizhizichitangzheng
[check] 1133/1164 Zhishutangzheng
[check] 1134/1164 Zhiyinxiongman
[check] 1135/1164 Zhizhusanzheng
[check] 1136/1164 Zhizibaipitangzheng
[check] 1137/1164 Zhizichileifangzheng
[check] 1138/1164 Zhizichitangzheng
[check] 1139/1164 Zhizidahuangtangzheng
[check] 1140/1164 Zhizigancaochitangzheng
[check] 1141/1164 Zhiziganjiangtangzheng
[check] 1142/1164 Zhizigen
[check] 1143/1164 Zhizihoupotangzheng
[check] 1144/1164 Zhizishengjiangchitangzheng
[check] 1145/1164 Zhuangrujuedian
[check] 1146/1164 Zhuanjin
[check] 1147/1164 Zhubuzu
[check] 1148/1164 Zhudanzhifangzheng
[check] 1149/1164 Zhufutangzheng
[check] 1150/1164 Zhugaofajianzheng
[check] 1151/1164 Zhuhuang
[check] 1152/1164 Zhulingsanzheng
[check] 1153/1164 Zhulingtangzheng
[check] 1154/1164 Zhupidawanzheng
[check] 1155/1164 Zhuyeshigaotangzheng
[check] 1156/1164 Zhuyetangzheng
[check] 1157/1164 Zhuzhijietengtong
[check] 1158/1164 Zihan
[check] 1159/1164 Zilierke
[check] 1160/1164 Ziliyishen
[check] 1161/1164 Zishentangzheng
[check] 1162/1164 Zuhan
[check] 1163/1164 Zukoujin
[check] 1164/1164 Zuxiare
[summary] classes=1164, total isSatisfiable=541 ms
