========== 1. 加载 TBox + Openllet 推理 ==========
SLF4J(W): Class path contains multiple SLF4J providers.
SLF4J(W): Found provider [ch.qos.logback.classic.spi.LogbackServiceProvider@4501b7af]
SLF4J(W): Found provider [org.apache.logging.slf4j.SLF4JServiceProvider@523884b2]
SLF4J(W): Found provider [org.slf4j.simple.SimpleServiceProvider@5b275dab]
SLF4J(W): See https://www.slf4j.org/codes.html#multiple_bindings for an explanation.
SLF4J(I): Actual provider is of type [ch.qos.logback.classic.spi.LogbackServiceProvider@4501b7af]
23:23:57.004 [main] INFO com.ocean.openlletresolver.BackendService -- 🧠 [TBox] 加载本体并执行 Openllet OWL DL 推理...
23:23:57.422 [main] INFO com.ocean.openlletresolver.OntologyService -- 📂 AutoIRIMapper 已启用，扫描目录: D:\work\Ontology\TraditionalChineseMedicineOntologyBasedonReasonerMiniBOxTBoxABox\ontology
23:23:57.862 [main] INFO com.ocean.openlletresolver.OntologyService -- ✅ 已手动注册 1 个 TTL 本体映射
23:23:58.751 [main] INFO com.ocean.openlletresolver.OntologyService -- 已加载本体数: 20
23:23:58.751 [main] INFO com.ocean.openlletresolver.OntologyService -- ========== [加载验证] 已加载本体列表 ==========
23:23:58.752 [main] INFO com.ocean.openlletresolver.OntologyService -- [加载验证] http://www.tcm-classics.org/jingfang/core  ->  file:/D:/work/Ontology/TraditionalChineseMedicineOntologyBasedonReasonerMiniBOxTBoxABox/ontology/tcm-core.owl
23:23:58.752 [main] INFO com.ocean.openlletresolver.OntologyService -- [加载验证] http://www.tcm-classics.org/jingfang/jueyin  ->  file:/D:/work/Ontology/TraditionalChineseMedicineOntologyBasedonReasonerMiniBOxTBoxABox/ontology/fangzheng/jueyin.owl
23:23:58.752 [main] INFO com.ocean.openlletresolver.OntologyService -- [加载验证] http://www.tcm-classics.org/jingfang/rules  ->  file:/D:/work/Ontology/TraditionalChineseMedicineOntologyBasedonReasonerMiniBOxTBoxABox/ontology/fangzheng/rules.owl
23:23:58.752 [main] INFO com.ocean.openlletresolver.OntologyService -- [加载验证] http://www.tcm-classics.org/jingfang/shaoyin_taiyin  ->  file:/D:/work/Ontology/TraditionalChineseMedicineOntologyBasedonReasonerMiniBOxTBoxABox/ontology/fangzheng/shaoyin_taiyin.owl
23:23:58.752 [main] INFO com.ocean.openlletresolver.OntologyService -- [加载验证] http://www.tcm-classics.org/jingfang/fanggen  ->  file:/D:/work/Ontology/TraditionalChineseMedicineOntologyBasedonReasonerMiniBOxTBoxABox/ontology/fangzheng/fanggen.owl
23:23:58.752 [main] INFO com.ocean.openlletresolver.OntologyService -- [加载验证] http://www.tcm-classics.org/jingfang/hebing  ->  file:/D:/work/Ontology/TraditionalChineseMedicineOntologyBasedonReasonerMiniBOxTBoxABox/ontology/fangzheng/hebing.owl
23:23:58.752 [main] INFO com.ocean.openlletresolver.OntologyService -- [加载验证] http://www.tcm-classics.org/jingfang/fangji  ->  file:/D:/work/Ontology/TraditionalChineseMedicineOntologyBasedonReasonerMiniBOxTBoxABox/ontology/tcm-fangji.owl
23:23:58.752 [main] INFO com.ocean.openlletresolver.OntologyService -- [加载验证] http://www.tcm-classics.org/jingfang/yaozheng  ->  file:/D:/work/Ontology/TraditionalChineseMedicineOntologyBasedonReasonerMiniBOxTBoxABox/ontology/tcm-yaozheng.owl
23:23:58.752 [main] INFO com.ocean.openlletresolver.OntologyService -- [加载验证] http://www.tcm-classics.org/jingfang/shaoyang_yangming  ->  file:/D:/work/Ontology/TraditionalChineseMedicineOntologyBasedonReasonerMiniBOxTBoxABox/ontology/fangzheng/shaoyang_yangming.owl
23:23:58.752 [main] INFO com.ocean.openlletresolver.OntologyService -- [加载验证] http://www.tcm-classics.org/jingfang/fuzheng  ->  file:/D:/work/Ontology/TraditionalChineseMedicineOntologyBasedonReasonerMiniBOxTBoxABox/ontology/tcm-fuzheng.owl
23:23:58.752 [main] INFO com.ocean.openlletresolver.OntologyService -- [加载验证] http://www.tcm-classics.org/jingfang/zabing  ->  file:/D:/work/Ontology/TraditionalChineseMedicineOntologyBasedonReasonerMiniBOxTBoxABox/ontology/fangzheng/zabing.owl
23:23:58.752 [main] INFO com.ocean.openlletresolver.OntologyService -- [加载验证] http://www.tcm-classics.org/jingfang/taiyang  ->  file:/D:/work/Ontology/TraditionalChineseMedicineOntologyBasedonReasonerMiniBOxTBoxABox/ontology/fangzheng/taiyang.owl
23:23:58.752 [main] INFO com.ocean.openlletresolver.OntologyService -- [加载验证] http://www.tcm-classics.org/jingfang/all  ->  file:/D:/work/Ontology/TraditionalChineseMedicineOntologyBasedonReasonerMiniBOxTBoxABox/ontology/tcm-all.owl
23:23:58.752 [main] INFO com.ocean.openlletresolver.OntologyService -- [加载验证] http://www.tcm-classics.org/jingfang/zhengzhuang  ->  file:/D:/work/Ontology/TraditionalChineseMedicineOntologyBasedonReasonerMiniBOxTBoxABox/ontology/tcm-zhengzhuang.owl
23:23:58.752 [main] INFO com.ocean.openlletresolver.OntologyService -- [加载验证] http://www.tcm-classics.org/jingfang/duli  ->  file:/D:/work/Ontology/TraditionalChineseMedicineOntologyBasedonReasonerMiniBOxTBoxABox/ontology/fangzheng/duli.owl
23:23:58.753 [main] INFO com.ocean.openlletresolver.OntologyService -- [加载验证] http://www.tcm-classics.org/jingfang/yaowu  ->  file:/D:/work/Ontology/TraditionalChineseMedicineOntologyBasedonReasonerMiniBOxTBoxABox/ontology/tcm-yaowu.owl
23:23:58.753 [main] INFO com.ocean.openlletresolver.OntologyService -- [加载验证] http://www.tcm-classics.org/jingfang/shexiang  ->  file:/D:/work/Ontology/TraditionalChineseMedicineOntologyBasedonReasonerMiniBOxTBoxABox/ontology/tcm-shexiang.owl
23:23:58.753 [main] INFO com.ocean.openlletresolver.OntologyService -- [加载验证] http://www.tcm-classics.org/jingfang/jianjia  ->  file:/D:/work/Ontology/TraditionalChineseMedicineOntologyBasedonReasonerMiniBOxTBoxABox/ontology/fangzheng/jianjia.owl
23:23:58.753 [main] INFO com.ocean.openlletresolver.OntologyService -- [加载验证] http://www.tcm-classics.org/jingfang/maixiang  ->  file:/D:/work/Ontology/TraditionalChineseMedicineOntologyBasedonReasonerMiniBOxTBoxABox/ontology/tcm-maixiang.owl
23:23:58.753 [main] INFO com.ocean.openlletresolver.OntologyService -- [加载验证] http://www.tcm-classics.org/skos/zhengzhuang  ->  file:/D:/work/Ontology/TraditionalChineseMedicineOntologyBasedonReasonerMiniBOxTBoxABox/ontology/tcm-zhengzhuang_skos.ttl
23:23:58.753 [main] INFO com.ocean.openlletresolver.OntologyService -- ========== [加载验证] 结束 ==========
23:23:59.432 [main] INFO com.ocean.openlletresolver.OntologyService -- 加载: D:\work\Ontology\TraditionalChineseMedicineOntologyBasedonReasonerMiniBOxTBoxABox\ontology\tcm-all.owl
23:23:59.578 [main] INFO com.ocean.openlletresolver.OntologyService -- 已注册前缀数量: 5
23:23:59.580 [main] INFO com.ocean.openlletresolver.OntologyService -- 合并后 SWRL 规则数量: 0
23:23:59.581 [main] INFO com.ocean.openlletresolver.BackendService -- 合并本体公理总数：16629
23:23:59.582 [main] INFO com.ocean.openlletresolver.BackendService -- Manager已加载本体个数：21
23:23:59.582 [main] INFO com.ocean.openlletresolver.BackendService -- ✅ TBox 推理完成！隐式公理已展开。

23:23:59.582 [main] INFO com.ocean.openlletresolver.BackendService -- 🗄️ [ABox] 连接 Ontop VKG Endpoint...
23:23:59.587 [main] INFO com.ocean.openlletresolver.BackendService -- ABox 单例初始化成功

23:23:59.842 [main] INFO com.ocean.openlletresolver.ReasonerService -- [ReasonerService] 推理器创建 + flush 完成，耗时 246 ms
23:24:15.061 [main] INFO com.ocean.openlletresolver.ReasonerService -- [ReasonerService] TBox 层 precompute 完成，耗时 15219 ms
23:24:15.061 [main] INFO com.ocean.openlletresolver.ReasonerService -- [ReasonerService] 池化已禁用（POOL_SIZE=0），跳过
23:24:15.061 [main] INFO com.ocean.openlletresolver.ReasonerService -- [ReasonerService] 初始化完成，总耗时 15465 ms
[计时] BackendService 初始化（含推理）: 18.2 s
[TBox] 公理总数        = 16629
[TBox] 个体签名数      = 596
[TBox] 已加载本体数    = 21
[TBox] importsClosure  = 1

========== 2. 推理机是否「看见」skos:Concept ==========
[Reasoner] 实现类        = PelletReasoner
[Reasoner] 是否一致      = true
[Reasoner] getInstances(skos:Concept) = 595 个（耗时 14 ms）
[Reasoner] 本体签名中 skos:Concept 类型断言数 = 595

========== 3. 构建同义词词典 ==========
23:24:15.084 [main] INFO com.ocean.openlletresolver.SkosSynonymReader -- 🔍 本体中 ANNOTATION_ASSERTION 总数: 12791
23:24:15.088 [main] INFO com.ocean.openlletresolver.SkosSynonymReader -- 🔍 skos:exactMatch 断言数: 584
23:24:15.094 [main] INFO com.ocean.openlletresolver.SkosSynonymReader -- 🔍 推理器识别到的 skos:Concept 数量: 595
23:24:15.818 [main] INFO com.ocean.openlletresolver.SkosSynonymReader -- ✅ SKOS 同义词词典构建完成，共 2054 条映射
[计时] buildSynonymDictionary: 0.7 s
[词典] 条目数 = 2054

========== 4. 口语 / 同义词命中验证 ==========
  拉肚子              -> 下利
  腹泻               -> 下利
  肚子胀              -> 腹满
  腹胀               -> 腹满
  手脚冰凉             -> 手足厥逆
  手脚冰冷             -> 手足厥逆
  两边肋骨下面胀痛         -> 胸胁苦满
  肋骨下胀痛            -> 胸胁苦满
  忽冷忽热             -> 往来寒热
  一阵冷一阵热           -> 往来寒热
  大便秘结             -> 大便秘结
  小便黄赤             -> 小便黄赤
  完谷不化             -> 完谷不化
  怕冷               -> 恶寒
  睡不着              -> 不得眠
  失眠               -> 不得眠
  反酸               -> 吞酸
  烧心               -> 吞酸
  打嗝               -> 哕
  没胃口              -> 不欲食
  食欲不振             -> 不欲食
  尿频               -> 小便数
  浑身疼              -> 身痛
  抽筋               -> 转筋
  说胡话              -> 谵语
  拉不消化的东西          -> 下利清谷
  想拉又拉不出           -> 下重
  下午定时发热           -> 日晡潮热
  气从小腹往上冲心         -> 气从少腹上冲心
  老想捶胸口            -> 常欲蹈其胸上
  起鸡皮疙瘩            -> 皮肤粟起
[命中] 31 / 31

========== 5. exactMatch 反查（个体 → 同义词）==========
  Ehan_instance          -> 15 个: [恶寒, 洒淅恶寒, 啬啬恶寒, 寒战, 恶风寒, 憎寒, 打寒战, 怕冷]...
  Xiali_instance         -> 7 个: [下利, 自利, 泄泻, 腹泻, 拉肚子, 拉稀水, 闹肚子]
  Shouzujueni_instance   -> 6 个: [手足厥逆, 四肢厥逆, 手脚冰冷, 四肢冰冷, 手脚冰, 手脚冰凉]
  Fuman_instance         -> 7 个: [腹满, 腹胀, 腹胀满, 肚子胀满, 肚子胀, 肚子发胀, 腹部胀满]

========== 6. prefLabel 反查概念 IRI ==========
  恶寒           -> http://www.tcm-classics.org/skos/zhengzhuang#Ehan
  下利           -> http://www.tcm-classics.org/skos/zhengzhuang#Xiali
  手足厥逆         -> http://www.tcm-classics.org/skos/zhengzhuang#Shouzujueni
  腹满           -> http://www.tcm-classics.org/skos/zhengzhuang#Fuman
  不存在的症状       -> null

[总计时] 端到端 19.0 s
