== javac SkosProbe ==
== java SkosProbe ==
========== 1. 加载 TBox + Openllet 推理 ==========
SLF4J(W): Class path contains multiple SLF4J providers.
SLF4J(W): Found provider [ch.qos.logback.classic.spi.LogbackServiceProvider@4501b7af]
SLF4J(W): Found provider [org.apache.logging.slf4j.SLF4JServiceProvider@523884b2]
SLF4J(W): Found provider [org.slf4j.simple.SimpleServiceProvider@5b275dab]
SLF4J(W): See https://www.slf4j.org/codes.html#multiple_bindings for an explanation.
SLF4J(I): Actual provider is of type [ch.qos.logback.classic.spi.LogbackServiceProvider@4501b7af]


[计时] BackendService 初始化（含推理）: 150.4 s
[TBox] 公理总数        = 17749
[TBox] 个体签名数      = 738
[TBox] 已加载本体数    = 21
[TBox] importsClosure  = 1

========== 2. 推理机是否「看见」skos:Concept ==========
[Reasoner] 实现类        = PelletReasoner
[Reasoner] 是否一致      = true
[Reasoner] getInstances(skos:Concept) = 737 个（耗时 27 ms）
[Reasoner] 本体签名中 skos:Concept 类型断言数 = 737

========== 3. 构建同义词词典 ==========
[计时] buildSynonymDictionary: 1.2 s
[词典] 条目数 = 2330

========== 4. 口语 / 同义词命中验证 ==========
  拉肚子              -> 下利
  腹泻               -> 下利
  肚子胀              -> 腹满
  腹胀               -> 腹满
  手脚冰凉             -> 手足厥逆
  手脚冰冷             -> 手足厥逆
  两边肋骨下面胀痛         -> 胸胁苦满
  肋骨下胀痛            -> 胸胁苦满
  忽冷忽热             -> 往来寒热
  一阵冷一阵热           -> 往来寒热
  大便秘结             -> 大便秘结
  小便黄赤             -> 小便黄赤
  完谷不化             -> 完谷不化
  怕冷               -> 恶寒
  睡不着              -> 不得眠
  失眠               -> 不得眠
  反酸               -> 吞酸
  烧心               -> 吞酸
  打嗝               -> 哕
  没胃口              -> 不欲食
  食欲不振             -> 不欲食
  尿频               -> 小便数
  浑身疼              -> 身痛
  抽筋               -> 转筋
  说胡话              -> 谵语
  拉不消化的东西          -> 下利清谷
  想拉又拉不出           -> 下重
  下午定时发热           -> 日晡潮热
  气从小腹往上冲心         -> 气从少腹上冲心
  老想捶胸口            -> 常欲蹈其胸上
  起鸡皮疙瘩            -> 皮肤粟起
[命中] 31 / 31

========== 5. exactMatch 反查（个体 → 同义词）==========
  Ehan_instance          -> 15 个: [恶寒, 憎寒, 恶风寒, 洒淅恶寒, 寒战, 啬啬恶寒, 冷得发抖, 浑身发冷]...
  Xiali_instance         -> 7 个: [下利, 泄泻, 腹泻, 自利, 拉肚子, 拉稀水, 闹肚子]
  Shouzujueni_instance   -> 6 个: [手足厥逆, 四肢厥逆, 四肢冰冷, 手脚冰, 手脚冰冷, 手脚冰凉]
  Fuman_instance         -> 7 个: [腹满, 腹胀, 腹胀满, 腹部胀满, 肚子胀满, 肚子胀, 肚子发胀]

========== 6. prefLabel 反查概念 IRI ==========
  恶寒           -> http://www.tcm-classics.org/skos/zhengzhuang#Ehan
  下利           -> http://www.tcm-classics.org/skos/zhengzhuang#Xiali
  手足厥逆         -> http://www.tcm-classics.org/skos/zhengzhuang#Shouzujueni
  腹满           -> http://www.tcm-classics.org/skos/zhengzhuang#Fuman
  不存在的症状       -> null

[总计时] 端到端 151.7 s
