########## CONFIG: [USE_CD_CLASSIFICATION=false] ##########
  run1: [RESULT] load=2031ms flush=212ms precompute=41723ms total=43966ms axioms=7463 (wall=51s)
  run2: [RESULT] load=2021ms flush=210ms precompute=18540ms total=20771ms axioms=7463 (wall=27s)
  run3: [RESULT] load=2074ms flush=205ms precompute=20837ms total=23116ms axioms=7463 (wall=29s)
  run4: [RESULT] load=2106ms flush=208ms precompute=48999ms total=51313ms axioms=7463 (wall=57s)
  run5: [RESULT] load=2402ms flush=320ms precompute=15158ms total=17880ms axioms=7463 (wall=24s)
  run6: [RESULT] load=2714ms flush=388ms precompute=52207ms total=55309ms axioms=7463 (wall=63s)
########## CONFIG: [USE_CD_CLASSIFICATION=false;USE_ADVANCED_CACHING=false] ##########
  run1: [RESULT] load=2500ms flush=240ms precompute=12223ms total=14963ms axioms=7463 (wall=21s)
  run2: [RESULT] load=5475ms flush=311ms precompute=17492ms total=23278ms axioms=7463 (wall=52s)
  run3: [RESULT] load=2203ms flush=245ms precompute=16873ms total=19321ms axioms=7463 (wall=26s)
  run4: [RESULT] load=2489ms flush=306ms precompute=12905ms total=15700ms axioms=7463 (wall=22s)
  run5: [RESULT] load=2080ms flush=215ms precompute=13457ms total=15752ms axioms=7463 (wall=21s)
  run6: [RESULT] load=2423ms flush=267ms precompute=13261ms total=15951ms axioms=7463 (wall=22s)
########## CONFIG: [USE_CD_CLASSIFICATION=false;ORDERED_CLASSIFICATION=ENABLED_LEGACY_ORDERING] ##########
  run1: [RESULT] load=2712ms flush=266ms precompute=25230ms total=28208ms axioms=7463 (wall=34s)
  run2: [RESULT] load=3334ms flush=281ms precompute=36419ms total=40034ms axioms=7463 (wall=48s)
  run3: HANG/TIMEOUT (wall=81s)
  run4: [RESULT] load=2541ms flush=245ms precompute=12579ms total=15365ms axioms=7463 (wall=22s)
  run5: [RESULT] load=2441ms flush=246ms precompute=60052ms total=62739ms axioms=7463 (wall=70s)
  run6: [RESULT] load=2415ms flush=247ms precompute=14611ms total=17273ms axioms=7463 (wall=24s)
########## CD SWEEP DONE ##########
CD_EXIT=0
