
╔══════════════════════════════════════════════════════════════════════════╗
║            经方方证 JUnit 测试套件 —— 串跑 + 结果汇总                    ║
╚══════════════════════════════════════════════════════════════════════════╝
测试类（1 个）：[ShaoyangYangmingFangzhengTest]
执行模式：单 JVM 顺序串跑

√ Zeebe 网关 localhost:26500 可达
√ 本体推理 Worker localhost:9081 可达

SLF4J(W): Class path contains multiple SLF4J providers.
SLF4J(W): Found provider [ch.qos.logback.classic.spi.LogbackServiceProvider@2c5d601e]
SLF4J(W): Found provider [org.apache.logging.slf4j.SLF4JServiceProvider@7fe083b1]
SLF4J(W): Found provider [org.slf4j.simple.SimpleServiceProvider@23c388c2]
SLF4J(W): See https://www.slf4j.org/codes.html#multiple_bindings for an explanation.
SLF4J(I): Actual provider is of type [ch.qos.logback.classic.spi.LogbackServiceProvider@2c5d601e]
? Deploying BPMN from: D:/work/Ontology/TraditionalChineseMedicineOntologyBasedonReasonerMiniBOxTBoxABox/ontology/Jingfang_Diagnosis.bpmn
16:20:23.973 [main] WARN io.camunda.zeebe.client.impl.ZeebeClientImpl -- ZeebeClient is deprecated and will be removed in version 8.10. Please migrate to io.camunda.client.CamundaClient.
WARNING: A terminally deprecated method in sun.misc.Unsafe has been called
WARNING: sun.misc.Unsafe::arrayBaseOffset has been called by com.google.protobuf.UnsafeUtil (file:/C:/Users/ocean/.m2/repository/com/google/protobuf/protobuf-java/4.34.2/protobuf-java-4.34.2.jar)
WARNING: Please consider reporting this to the maintainers of class com.google.protobuf.UnsafeUtil
WARNING: sun.misc.Unsafe::arrayBaseOffset will be removed in a future release
? 流程已部署，key=2251799813892398, version=1

===== 小柴胡汤证 =====
八纲：{表里=[半表半里], 寒热=[], 虚实=[], 阴阳=[阳证], bagangTypes=[半表半里, 阳证]}
六经：少阳病
方证：小柴胡汤证
推荐方剂：小柴胡汤
药物组成：[半夏, 柴胡, 大枣, 甘草, 黄芩, 人参, 生姜]
六经列表：[少阳病]
合病标记：null
命中主证：[不欲食, 口苦, 嘿嘿, 往来寒热, 心烦, 胸胁苦满, 喜呕]
命中或然证：[弦脉]
候选命中主证：[[不欲食, 口苦, 嘿嘿, 往来寒热, 心烦, 胸胁苦满, 喜呕], [口苦, 心烦], [口苦], [心烦], [口苦], [口苦], [口苦], [口苦], [胸胁苦满], [往来寒热, 胸胁苦满]]
候选缺口：[[], [小便赤], [小便赤], [不得眠], [发热, 小便赤], [小便赤, 胸中烦], [口渴, 小便赤], [小便不利, 小便赤], [潮热, 呕, 大脉, 口渴], [腹痛, 手足冷, 下利]]
候选命中或然证：[[弦脉], [], [], [], [], [], [], [], [], []]
候选方证：[小柴胡汤证, 百合知母汤证, 百合地黄汤证, 温胆汤证, 百合滑石散证, 百合鸡子汤证, 百合洗方证, 滑石代赭汤证, 柴胡加芒硝汤证, 四逆散证]
候选方证打分：[Xiaochaihutangzheng(hits=3/3, gap=0, poss=1/1, prio=3), Baihezhimutangzheng(hits=4/5, gap=1, poss=0/0, prio=5), Baihedihuangtangzheng(hits=3/4, gap=1, poss=0/0, prio=5), Wendantangzheng(hits=1/2, gap=1, poss=0/0, prio=3), Baihehuashisanzheng(hits=3/5, gap=2, poss=0/0, prio=5), Baihejizitangzheng(hits=3/5, gap=2, poss=0/0, prio=5), Baihexifangzheng(hits=3/5, gap=2, poss=0/0, prio=5), Huashidaizhetangzheng(hits=3/5, gap=2, poss=0/0, prio=5), Chaihujiamangxiaotangzheng(hits=4/7, gap=3, poss=0/0, prio=3), Sinisanzheng(hits=4/7, gap=3, poss=0/0, prio=3)]
兼夹证：[]
加味药物：[]
配伍禁忌警告：[]
[通过] ShaoyangYangmingFangzhengTest      shouldDiagnoseXiaoChaihuTangPattern 「小柴胡汤证诊断」        1.02s

===== 大柴胡汤证 =====
八纲：{表里=[半表半里, 里证], 寒热=[热证], 虚实=[实证], 阴阳=[阳证], bagangTypes=[半表半里, 里证, 热证, 实证, 阳证]}
六经：少阳阳明合病
方证：大柴胡汤证
推荐方剂：大柴胡汤加减
药物组成：[半夏, 柴胡, 大黄, 大枣, 黄芩, 芍药, 生姜, 枳实]
六经列表：[少阳病, 阳明病]
合病标记：少阳阳明合病
命中主证：[大便硬, 往来寒热, 心下急, 胸胁苦满, 郁郁微烦]
命中或然证：[]
候选命中主证：[[大便硬, 往来寒热, 心下急, 胸胁苦满, 郁郁微烦], [潮热, 腹满, 谵语], [口苦, 往来寒热, 胸胁苦满], [潮热, 胸胁苦满], [腹痛], [大便硬], [口苦], [潮热, 腹满, 腹痛, 谵语], [腹痛, 往来寒热, 胸胁苦满], [腹满]]
候选缺口：[[], [], [], [呕], [不大便], [小便数], [小便赤], [沉实脉, 燥屎], [手足冷, 下利], [卧起不安, 心烦]]
候选命中或然证：[[], [大便硬], [弦脉], [], [], [], [], [], [], []]
候选方证：[大柴胡汤证, 小承气汤证, 小柴胡汤证, 柴胡加芒硝汤证, 厚朴三物汤证, 麻子仁丸证, 百合地黄汤证, 大承气汤证, 四逆散证, 栀子厚朴汤证]
候选方证打分：[Dachaihutangzheng(hits=9/9, gap=0, poss=0/0, prio=2), Xiaochengqitangzheng(hits=5/5, gap=0, poss=1/2, prio=2), Xiaochaihutangzheng(hits=3/3, gap=0, poss=1/1, prio=3), Chaihujiamangxiaotangzheng(hits=6/7, gap=1, poss=0/0, prio=3), Houposanwutangzheng(hits=3/4, gap=1, poss=0/0, prio=2), Mazirenwanzheng(hits=3/4, gap=1, poss=0/0, prio=3), Baihedihuangtangzheng(hits=3/4, gap=1, poss=0/0, prio=5), Dachengqitangzheng(hits=6/8, gap=2, poss=0/0, prio=1), Sinisanzheng(hits=5/7, gap=2, poss=0/0, prio=3), Zhizihoupotangzheng(hits=3/5, gap=2, poss=0/0, prio=2)]
兼夹证：[]
加味药物：[]
配伍禁忌警告：[]
[通过] ShaoyangYangmingFangzhengTest      shouldDiagnoseDaChaihuTangPattern 「大柴胡汤证诊断（少阳阳明合病）」     0.65s
? 已加载本体实例清单: 724 个（来源 D:\work\Ontology\TraditionalChineseMedicineOntologyBasedonReasonerMiniBOxTBoxABox\ontology）
? 已加载互斥索引: 49 对，展开后涉及 121 个 fragment（来源 D:\work\Ontology\TraditionalChineseMedicineOntologyBasedonReasonerMiniBOxTBoxABox\ontology）

===== 柴胡加芒硝汤证 =====
八纲：{表里=[半表半里, 里证], 寒热=[], 虚实=[], 阴阳=[阳证], bagangTypes=[半表半里, 里证, 阳证]}
六经：少阳阳明合病
方证：柴胡加芒硝汤证
推荐方剂：柴胡加芒硝汤加减
药物组成：[半夏, 柴胡, 大枣, 甘草, 黄芩, 芒硝, 人参, 生姜]
六经列表：[少阳病, 阳明病]
合病标记：少阳阳明合病
命中主证：[潮热, 呕, 胸胁苦满]
命中或然证：[]
候选命中主证：[[潮热, 呕, 胸胁苦满], [口苦, 往来寒热, 胸胁苦满], [呕, 下利], [口渴, 口苦], [下利], [呕], [口渴], [口苦], [往来寒热, 下利, 胸胁苦满], [往来寒热, 下利, 胸胁苦满]]
候选缺口：[[], [], [无热恶寒], [小便赤], [无热恶寒], [虚烦], [发则寒热], [小便赤], [心下急, 郁郁微烦], [腹痛, 手足冷]]
候选命中或然证：[[], [弦脉], [], [], [], [], [], [], [], []]
候选方证：[柴胡加芒硝汤证, 小柴胡汤证, 黄芩加半夏生姜汤证, 百合洗方证, 黄芩汤证, 栀子生姜豉汤证, 柴胡去半夏加栝楼汤证, 百合地黄汤证, 大柴胡汤证, 四逆散证]
候选方证打分：[Chaihujiamangxiaotangzheng(hits=7/7, gap=0, poss=0/0, prio=3), Xiaochaihutangzheng(hits=3/3, gap=0, poss=1/1, prio=3), Huangqinjiabanxiashengjiangtangzheng(hits=5/6, gap=1, poss=0/0, prio=3), Baihexifangzheng(hits=4/5, gap=1, poss=0/0, prio=5), Huangqintangzheng(hits=4/5, gap=1, poss=0/0, prio=3), Zhizishengjiangchitangzheng(hits=3/4, gap=1, poss=0/0, prio=2), Chaihuqubanxiajiagualoutangzheng(hits=3/4, gap=1, poss=0/0, prio=3), Baihedihuangtangzheng(hits=3/4, gap=1, poss=0/0, prio=5), Dachaihutangzheng(hits=7/9, gap=2, poss=0/0, prio=2), Sinisanzheng(hits=5/7, gap=2, poss=0/0, prio=3)]
兼夹证：[]
加味药物：[]
配伍禁忌警告：[]
[通过] ShaoyangYangmingFangzhengTest      t_chaihujiamangxiaotang        「柴胡加芒硝汤证」        0.66s

===== 柴胡加龙骨牡蛎汤证 =====
八纲：{表里=[半表半里, 里证], 寒热=[热证], 虚实=[实证], 阴阳=[阳证], bagangTypes=[半表半里, 里证, 热证, 实证, 阳证]}
六经：少阳阳明合病
方证：柴胡加龙骨牡蛎汤证
推荐方剂：柴胡加龙骨牡蛎汤加减
药物组成：[半夏, 柴胡, 大黄, 大枣, 茯苓, 桂枝, 黄芩, 龙骨, 牡蛎, 铅丹, 人参, 生姜]
六经列表：[少阳病, 阳明病]
合病标记：少阳阳明合病
命中主证：[烦躁, 小便不利, 胸满, 谵语]
命中或然证：[]
候选命中主证：[[烦躁, 小便不利, 胸满, 谵语], [口苦, 往来寒热, 胸胁苦满], [小便不利], [小便不利], [小便不利], [潮热, 胸胁苦满], [潮热, 谵语], [口渴, 口苦], [口苦, 小便不利], [口渴, 小便不利]]
候选缺口：[[], [], [], [], [], [呕], [腹满], [小便赤], [小便赤], [发热]]
候选命中或然证：[[], [弦脉], [], [], [], [], [大便硬], [], [], []]
候选方证：[柴胡加龙骨牡蛎汤证, 小柴胡汤证, 茯苓戎盐汤证, 滑石白鱼散证, 蒲灰散证, 柴胡加芒硝汤证, 小承气汤证, 百合洗方证, 滑石代赭汤证, 猪苓汤证]
候选方证打分：[Chaihujialonggumulitangzheng(hits=8/8, gap=0, poss=0/0, prio=2), Xiaochaihutangzheng(hits=3/3, gap=0, poss=1/1, prio=3), Fulingrongyantangzheng(hits=3/3, gap=0, poss=0/0, prio=3), Huashibaiyusanzheng(hits=3/3, gap=0, poss=0/0, prio=3), Puhuisanzheng(hits=3/3, gap=0, poss=0/0, prio=3), Chaihujiamangxiaotangzheng(hits=6/7, gap=1, poss=0/0, prio=3), Xiaochengqitangzheng(hits=4/5, gap=1, poss=1/2, prio=2), Baihexifangzheng(hits=4/5, gap=1, poss=0/0, prio=5), Huashidaizhetangzheng(hits=4/5, gap=1, poss=0/0, prio=5), Zhulingtangzheng(hits=4/5, gap=1, poss=0/0, prio=2)]
兼夹证：[]
加味药物：[]
配伍禁忌警告：[]
[通过] ShaoyangYangmingFangzhengTest      t_chaihujialonggumulitang      「柴胡加龙骨牡蛎汤证」      0.54s

===== 柴胡桂枝干姜汤证（少阳太阴合病） =====
八纲：{表里=[半表半里, 里证], 寒热=[], 虚实=[虚证], 阴阳=[阴证], bagangTypes=[半表半里, 里证, 虚证, 阳证, 阴证]}
六经：少阳太阴合病
方证：柴胡桂枝干姜汤证
推荐方剂：柴胡桂枝干姜汤
药物组成：[柴胡, 甘草, 干姜, 瓜蒌根, 桂枝, 黄芩, 牡蛎]
六经列表：[少阳病, 太阴病]
合病标记：少阳太阴合病
命中主证：[但头汗出, 口渴, 小便不利]
命中或然证：[]
候选命中主证：[[但头汗出, 口渴, 小便不利], [口苦, 往来寒热, 心烦, 胸胁苦满], [小便不利], [小便不利], [小便不利], [口渴, 小便不利], [口渴, 口苦], [口苦, 心烦], [口苦, 小便不利], [腹满, 心烦]]
候选缺口：[[], [], [], [], [], [沉脉], [小便赤], [小便赤], [小便赤], [卧起不安]]
候选命中或然证：[[], [弦脉], [], [], [], [], [], [], [], []]
候选方证：[柴胡桂枝干姜汤证, 小柴胡汤证, 茯苓戎盐汤证, 滑石白鱼散证, 蒲灰散证, 栝楼瞿麦丸证, 百合洗方证, 百合知母汤证, 滑石代赭汤证, 栀子厚朴汤证]
候选方证打分：[Chaihuguizhiganjiangtangzheng(hits=7/7, gap=0, poss=0/0, prio=3), Xiaochaihutangzheng(hits=3/3, gap=0, poss=1/1, prio=3), Fulingrongyantangzheng(hits=3/3, gap=0, poss=0/0, prio=3), Huashibaiyusanzheng(hits=3/3, gap=0, poss=0/0, prio=3), Puhuisanzheng(hits=3/3, gap=0, poss=0/0, prio=3), Gualouqumaiwanzheng(hits=4/5, gap=1, poss=0/0, prio=3), Baihexifangzheng(hits=4/5, gap=1, poss=0/0, prio=5), Baihezhimutangzheng(hits=4/5, gap=1, poss=0/0, prio=5), Huashidaizhetangzheng(hits=4/5, gap=1, poss=0/0, prio=5), Zhizihoupotangzheng(hits=4/5, gap=1, poss=0/0, prio=2)]
兼夹证：[]
加味药物：[]
配伍禁忌警告：[]
[通过] ShaoyangYangmingFangzhengTest      shouldDiagnoseChaihuGuizhiGanjiangTangPattern_Taiyin 「柴胡桂枝干姜汤证诊断（少阳太阴合病）」     0.40s

===== 柴胡去半夏加栝蒌汤证 =====
八纲：{表里=[半表半里], 寒热=[], 虚实=[], 阴阳=[阳证], bagangTypes=[半表半里, 阳证]}
六经：少阳病
方证：柴胡去半夏加栝楼汤证
推荐方剂：柴胡去半夏加栝楼汤
药物组成：[柴胡, 大枣, 甘草, 瓜蒌根, 黄芩, 人参, 生姜]
六经列表：[少阳病]
合病标记：null
命中主证：[口渴, 如疟状]
命中或然证：[]
候选命中主证：[[口渴, 如疟状], [往来寒热, 胸胁苦满], [如疟状], [口渴], [胸胁苦满], [往来寒热, 胸胁苦满], [口渴], [往来寒热, 胸胁苦满], [口渴], [口渴, 往来寒热, 胸胁苦满]]
候选缺口：[[], [], [发寒, 身多寒], [口苦, 小便赤], [潮热, 呕, 大脉], [腹痛, 手足冷, 下利], [大渴, 口苦, 小便赤], [大便硬, 心下急, 郁郁微烦, 大脉], [但头汗出, 小便不利, 大脉, 无热恶寒], [大汗, 恶寒, 发热, 无热恶寒, 大脉]]
候选命中或然证：[[], [弦脉], [], [], [], [], [], [], [], []]
候选方证：[柴胡去半夏加栝楼汤证, 小柴胡汤证, 蜀漆散证, 百合洗方证, 柴胡加芒硝汤证, 四逆散证, 栝楼牡蛎散证, 大柴胡汤证, 柴胡桂枝干姜汤证, 柴胡白虎汤证]
候选方证打分：[Chaihuqubanxiajiagualoutangzheng(hits=4/4, gap=0, poss=0/0, prio=3), Xiaochaihutangzheng(hits=3/3, gap=0, poss=1/1, prio=3), Shuqisanzheng(hits=3/5, gap=2, poss=0/0, prio=3), Baihexifangzheng(hits=3/5, gap=2, poss=0/0, prio=5), Chaihujiamangxiaotangzheng(hits=4/7, gap=3, poss=0/0, prio=3), Sinisanzheng(hits=4/7, gap=3, poss=0/0, prio=3), Gualoumulisanzheng(hits=3/6, gap=3, poss=0/0, prio=5), Dachaihutangzheng(hits=5/9, gap=4, poss=0/0, prio=2), Chaihuguizhiganjiangtangzheng(hits=3/7, gap=4, poss=0/0, prio=3), Chaihubaihutangzheng(hits=7/12, gap=5, poss=0/0, prio=2)]
兼夹证：[]
加味药物：[]
配伍禁忌警告：[]
[通过] ShaoyangYangmingFangzhengTest      t_chaihuqubanxiajiagualoutang  「柴胡去半夏加栝蒌汤证」     0.52s

===== 柴胡白虎汤证（三阳合病） =====
八纲：{表里=[半表半里, 表证, 里证], 寒热=[热证], 虚实=[实证], 阴阳=[阳证], bagangTypes=[半表半里, 表证, 里证, 热证, 实证, 阳证]}
六经：三阳合病
方证：柴胡白虎汤证
推荐方剂：柴胡白虎汤
药物组成：[半夏, 柴胡, 大枣, 甘草, 黄芩, 人参, 生姜, 石膏, 知母]
六经列表：[少阳病, 太阳病, 阳明病]
合病标记：三阳合病
命中主证：[大汗, 恶寒, 发热, 口渴, 往来寒热, 胸胁苦满]
命中或然证：[]
候选命中主证：[[大汗, 恶寒, 发热, 口渴, 往来寒热, 胸胁苦满], [口苦, 往来寒热, 胸胁苦满], [恶寒, 发热], [发热, 腹满], [发热], [发热, 口苦], [口渴, 口苦], [腹满, 谵语], [发热, 口渴], [恶寒]]
候选缺口：[[], [], [身黄], [浮数脉], [微呕], [小便赤], [小便赤], [潮热], [小便不利], [胸满]]
候选命中或然证：[[], [弦脉], [], [], [], [], [], [], [], []]
候选方证：[柴胡白虎汤证, 小柴胡汤证, 麻黄连翘赤小豆汤证, 厚朴七物汤证, 柴胡桂枝汤证, 百合滑石散证, 百合洗方证, 小承气汤证, 猪苓汤证, 桂枝去芍药加附子汤证]
候选方证打分：[Chaihubaihutangzheng(hits=12/12, gap=0, poss=0/0, prio=2), Xiaochaihutangzheng(hits=3/3, gap=0, poss=1/1, prio=3), Mahuanglianqiaochixiaodoutangzheng(hits=6/7, gap=1, poss=0/0, prio=3), Houpoqiwutangzheng(hits=6/7, gap=1, poss=0/2, prio=2), Chaihuguizhitangzheng(hits=5/6, gap=1, poss=0/0, prio=3), Baihehuashisanzheng(hits=4/5, gap=1, poss=0/0, prio=5), Baihexifangzheng(hits=4/5, gap=1, poss=0/0, prio=5), Xiaochengqitangzheng(hits=4/5, gap=1, poss=0/2, prio=2), Zhulingtangzheng(hits=4/5, gap=1, poss=0/0, prio=2), Guizhiqushaoyaojiafuzitangzheng(hits=3/4, gap=1, poss=0/0, prio=2)]
兼夹证：[]
加味药物：[]
配伍禁忌警告：[]
[通过] ShaoyangYangmingFangzhengTest      t_chaihubaihutang              「柴胡白虎汤证（三阳合病）」     0.48s

===== 小柴胡汤证夹瘀血 =====
八纲：{表里=[半表半里], 寒热=[], 虚实=[虚证], 阴阳=[阴证], bagangTypes=[半表半里, 虚证, 阳证, 阴证]}
六经：少阳厥阴合病
方证：小柴胡汤证
推荐方剂：小柴胡汤
药物组成：[半夏, 柴胡, 大枣, 甘草, 黄芩, 人参, 生姜]
六经列表：[厥阴病, 少阳病]
合病标记：少阳厥阴合病
命中主证：[口苦, 往来寒热, 胸胁苦满]
命中或然证：[弦脉]
候选命中主证：[[口苦, 往来寒热, 胸胁苦满], [口苦], [口苦], [口苦], [口苦], [口苦], [口苦], [胸胁苦满], [往来寒热, 胸胁苦满], [口苦]]
候选缺口：[[], [小便赤], [发热, 小便赤], [小便赤, 胸中烦], [口渴, 小便赤], [小便赤, 心烦], [小便不利, 小便赤], [潮热, 呕, 大脉, 口渴], [腹痛, 手足冷, 下利], [大渴, 口渴, 小便赤]]
候选命中或然证：[[弦脉], [], [], [], [], [], [], [], [], []]
候选方证：[小柴胡汤证, 百合地黄汤证, 百合滑石散证, 百合鸡子汤证, 百合洗方证, 百合知母汤证, 滑石代赭汤证, 柴胡加芒硝汤证, 四逆散证, 栝楼牡蛎散证]
候选方证打分：[Xiaochaihutangzheng(hits=3/3, gap=0, poss=1/1, prio=3), Baihedihuangtangzheng(hits=3/4, gap=1, poss=0/0, prio=5), Baihehuashisanzheng(hits=3/5, gap=2, poss=0/0, prio=5), Baihejizitangzheng(hits=3/5, gap=2, poss=0/0, prio=5), Baihexifangzheng(hits=3/5, gap=2, poss=0/0, prio=5), Baihezhimutangzheng(hits=3/5, gap=2, poss=0/0, prio=5), Huashidaizhetangzheng(hits=3/5, gap=2, poss=0/0, prio=5), Chaihujiamangxiaotangzheng(hits=4/7, gap=3, poss=0/0, prio=3), Sinisanzheng(hits=4/7, gap=3, poss=0/0, prio=3), Gualoumulisanzheng(hits=3/6, gap=3, poss=0/0, prio=5)]
兼夹证：[瘀血证]
加味药物：[桃仁, 丹参]
配伍禁忌警告：[]
[通过] ShaoyangYangmingFangzhengTest      shouldDetectYuXueJianJiaZhengWithXiaoChaihuTang 「小柴胡汤证夹瘀血检测」     0.47s

===== 小柴胡汤证夹痰饮 =====
八纲：{表里=[半表半里], 寒热=[], 虚实=[], 阴阳=[阳证], bagangTypes=[半表半里, 阳证]}
六经：少阳病
方证：小柴胡汤证
推荐方剂：小柴胡汤
药物组成：[半夏, 柴胡, 大枣, 甘草, 黄芩, 人参, 生姜]
六经列表：[少阳病]
合病标记：null
命中主证：[口苦, 往来寒热, 胸胁苦满]
命中或然证：[弦脉]
候选命中主证：[[口苦, 往来寒热, 胸胁苦满], [口苦], [口苦], [口苦], [口苦], [口苦], [口苦], [胸胁苦满], [往来寒热, 胸胁苦满], [口苦]]
候选缺口：[[], [小便赤], [发热, 小便赤], [小便赤, 胸中烦], [口渴, 小便赤], [小便赤, 心烦], [小便不利, 小便赤], [潮热, 呕, 大脉, 口渴], [腹痛, 手足冷, 下利], [大渴, 口渴, 小便赤]]
候选命中或然证：[[弦脉], [], [], [], [], [], [], [], [], []]
候选方证：[小柴胡汤证, 百合地黄汤证, 百合滑石散证, 百合鸡子汤证, 百合洗方证, 百合知母汤证, 滑石代赭汤证, 柴胡加芒硝汤证, 四逆散证, 栝楼牡蛎散证]
候选方证打分：[Xiaochaihutangzheng(hits=3/3, gap=0, poss=1/1, prio=3), Baihedihuangtangzheng(hits=3/4, gap=1, poss=0/0, prio=5), Baihehuashisanzheng(hits=3/5, gap=2, poss=0/0, prio=5), Baihejizitangzheng(hits=3/5, gap=2, poss=0/0, prio=5), Baihexifangzheng(hits=3/5, gap=2, poss=0/0, prio=5), Baihezhimutangzheng(hits=3/5, gap=2, poss=0/0, prio=5), Huashidaizhetangzheng(hits=3/5, gap=2, poss=0/0, prio=5), Chaihujiamangxiaotangzheng(hits=4/7, gap=3, poss=0/0, prio=3), Sinisanzheng(hits=4/7, gap=3, poss=0/0, prio=3), Gualoumulisanzheng(hits=3/6, gap=3, poss=0/0, prio=5)]
兼夹证：[痰饮证]
加味药物：[半夏, 茯苓]
配伍禁忌警告：[]
[通过] ShaoyangYangmingFangzhengTest      shouldDetectTanYinJianJiaZhengWithXiaoChaihuTang 「小柴胡汤证夹痰饮检测」     0.45s

===== 大柴胡汤证夹痰饮 =====
八纲：{表里=[半表半里, 里证], 寒热=[], 虚实=[], 阴阳=[阳证], bagangTypes=[半表半里, 里证, 阳证]}
六经：少阳阳明合病
方证：大柴胡汤证
推荐方剂：大柴胡汤加减
药物组成：[半夏, 柴胡, 大黄, 大枣, 黄芩, 芍药, 生姜, 枳实]
六经列表：[少阳病, 阳明病]
合病标记：少阳阳明合病
命中主证：[大便硬, 往来寒热, 心下急, 胸胁苦满, 郁郁微烦]
命中或然证：[]
候选命中主证：[[大便硬, 往来寒热, 心下急, 胸胁苦满, 郁郁微烦], [往来寒热, 胸胁苦满], [大便硬], [胸胁苦满], [大便硬], [大便硬], [往来寒热, 胸胁苦满], [往来寒热, 胸胁苦满], []]
候选缺口：[[], [], [小便数], [潮热, 呕], [口舌干燥, 小便自利], [发热, 小便自利], [腹痛, 手足冷, 下利], [大汗, 恶寒, 发热, 口渴, 无热恶寒], [潮热, 腹满, 谵语]]
候选命中或然证：[[], [弦脉], [], [], [], [], [], [], [大便硬]]
候选方证：[大柴胡汤证, 小柴胡汤证, 麻子仁丸证, 柴胡加芒硝汤证, 蜜煎导方证, 猪胆汁方证, 四逆散证, 柴胡白虎汤证, 小承气汤证]
候选方证打分：[Dachaihutangzheng(hits=9/9, gap=0, poss=0/0, prio=2), Xiaochaihutangzheng(hits=3/3, gap=0, poss=1/1, prio=3), Mazirenwanzheng(hits=3/4, gap=1, poss=0/0, prio=3), Chaihujiamangxiaotangzheng(hits=5/7, gap=2, poss=0/0, prio=3), Mijiandaofangzheng(hits=3/5, gap=2, poss=0/0, prio=3), Zhudanzhifangzheng(hits=3/5, gap=2, poss=0/0, prio=3), Sinisanzheng(hits=4/7, gap=3, poss=0/0, prio=3), Chaihubaihutangzheng(hits=7/12, gap=5, poss=0/0, prio=2), Xiaochengqitangzheng(hits=2/5, gap=3, poss=1/2, prio=2)]
兼夹证：[痰饮证]
加味药物：[半夏, 茯苓]
配伍禁忌警告：[]
[通过] ShaoyangYangmingFangzhengTest      shouldDetectTanYinJianJiaZhengWithDaChaihuTang 「大柴胡汤证夹痰饮检测」     0.51s

===== 小柴胡汤证夹气郁 =====
八纲：{表里=[半表半里], 寒热=[], 虚实=[], 阴阳=[阳证], bagangTypes=[半表半里, 阳证]}
六经：少阳病
方证：小柴胡汤证
推荐方剂：小柴胡汤
药物组成：[半夏, 柴胡, 大枣, 甘草, 黄芩, 人参, 生姜]
六经列表：[少阳病]
合病标记：null
命中主证：[不欲食, 口苦, 嘿嘿, 往来寒热, 心烦, 胸胁苦满, 喜呕]
命中或然证：[弦脉]
候选命中主证：[[不欲食, 口苦, 嘿嘿, 往来寒热, 心烦, 胸胁苦满, 喜呕], [口苦, 心烦], [口苦], [心烦], [口苦], [口苦], [口苦], [口苦], [胸胁苦满], [往来寒热, 胸胁苦满]]
候选缺口：[[], [小便赤], [小便赤], [不得眠], [发热, 小便赤], [小便赤, 胸中烦], [口渴, 小便赤], [小便不利, 小便赤], [潮热, 呕, 大脉, 口渴], [腹痛, 手足冷, 下利]]
候选命中或然证：[[弦脉], [], [], [], [], [], [], [], [], []]
候选方证：[小柴胡汤证, 百合知母汤证, 百合地黄汤证, 温胆汤证, 百合滑石散证, 百合鸡子汤证, 百合洗方证, 滑石代赭汤证, 柴胡加芒硝汤证, 四逆散证]
候选方证打分：[Xiaochaihutangzheng(hits=3/3, gap=0, poss=1/1, prio=3), Baihezhimutangzheng(hits=4/5, gap=1, poss=0/0, prio=5), Baihedihuangtangzheng(hits=3/4, gap=1, poss=0/0, prio=5), Wendantangzheng(hits=1/2, gap=1, poss=0/0, prio=3), Baihehuashisanzheng(hits=3/5, gap=2, poss=0/0, prio=5), Baihejizitangzheng(hits=3/5, gap=2, poss=0/0, prio=5), Baihexifangzheng(hits=3/5, gap=2, poss=0/0, prio=5), Huashidaizhetangzheng(hits=3/5, gap=2, poss=0/0, prio=5), Chaihujiamangxiaotangzheng(hits=4/7, gap=3, poss=0/0, prio=3), Sinisanzheng(hits=4/7, gap=3, poss=0/0, prio=3)]
兼夹证：[气郁证]
加味药物：[香附, 郁金]
配伍禁忌警告：[]
[通过] ShaoyangYangmingFangzhengTest      shouldDetectQiYuJianJiaZhengWithXiaoChaihuTang 「小柴胡汤证夹气郁检测」     0.43s

===== 白虎汤证 =====
八纲：{表里=[里证], 寒热=[], 虚实=[], 阴阳=[阳证], bagangTypes=[里证, 阳证]}
六经：阳明病
方证：白虎汤证
推荐方剂：白虎汤
药物组成：[甘草, 粳米, 石膏, 知母]
六经列表：[阳明病]
合病标记：null
命中主证：[大汗, 大渴, 大热, 洪脉]
命中或然证：[]
候选命中主证：[[大汗, 大渴, 大热, 洪脉], [大汗, 大渴, 但热不寒, 大热], [大汗, 大渴, 大热], [口渴], [口渴], [大汗, 口渴], [], []]
候选缺口：[[], [骨节疼烦], [口舌干燥], [发热, 小便不利], [浮脉, 水入则吐, 小便不利, 无热恶寒], [恶寒, 发热, 往来寒热, 胸胁苦满, 气上撞心, 无热恶寒], [衄血, 吐血, 心气不足], [喘, 发热, 汗出]]
候选命中或然证：[[], [], [], [], [], [], [洪脉], [口渴]]
候选方证：[白虎汤证, 白虎加桂枝汤证, 白虎加人参汤证, 猪苓汤证, 五苓散证, 柴胡白虎汤证, 泻心汤证, 麻杏石甘汤证]
候选方证打分：[Baihutangzheng(hits=6/6, gap=0, poss=0/0, prio=2), Baihujiaguizhitangzheng(hits=6/7, gap=1, poss=0/0, prio=3), Baihujiarenshentangzheng(hits=5/6, gap=1, poss=0/0, prio=2), Zhulingtangzheng(hits=3/5, gap=2, poss=0/0, prio=2), Wulingsanzheng(hits=4/8, gap=4, poss=0/0, prio=3), Chaihubaihutangzheng(hits=6/12, gap=6, poss=0/0, prio=2), Xiexintangzheng(hits=2/5, gap=3, poss=1/1, prio=1), Maxingshigantangzheng(hits=2/5, gap=3, poss=1/2, prio=3)]
兼夹证：[]
加味药物：[]
配伍禁忌警告：[]
[通过] ShaoyangYangmingFangzhengTest      shouldDiagnoseBaihuTangPattern 「白虎汤证诊断」         0.41s

===== 白虎加人参汤证 =====
八纲：{表里=[里证], 寒热=[], 虚实=[], 阴阳=[阳证], bagangTypes=[里证, 阳证]}
六经：阳明病
方证：白虎加人参汤证
推荐方剂：白虎加人参汤
药物组成：[甘草, 粳米, 人参, 石膏, 知母]
六经列表：[阳明病]
合病标记：null
命中主证：[大汗, 大渴, 大热, 口舌干燥]
命中或然证：[]
候选命中主证：[[大汗, 大渴, 大热, 口舌干燥], [大汗, 大渴, 大热, 洪脉], [大汗, 大渴, 大热], [口舌干燥], [口渴], [口渴], [大汗, 口渴], [], []]
候选缺口：[[], [], [但热不寒, 骨节疼烦], [大便硬, 小便自利], [发热, 小便不利], [浮脉, 水入则吐, 小便不利, 无热恶寒], [恶寒, 发热, 往来寒热, 胸胁苦满, 气上撞心, 无热恶寒], [衄血, 吐血, 心气不足], [喘, 发热, 汗出]]
候选命中或然证：[[], [], [], [], [], [], [], [洪脉], [口渴]]
候选方证：[白虎加人参汤证, 白虎汤证, 白虎加桂枝汤证, 蜜煎导方证, 猪苓汤证, 五苓散证, 柴胡白虎汤证, 泻心汤证, 麻杏石甘汤证]
候选方证打分：[Baihujiarenshentangzheng(hits=6/6, gap=0, poss=0/0, prio=2), Baihutangzheng(hits=6/6, gap=0, poss=0/0, prio=2), Baihujiaguizhitangzheng(hits=5/7, gap=2, poss=0/0, prio=3), Mijiandaofangzheng(hits=3/5, gap=2, poss=0/0, prio=3), Zhulingtangzheng(hits=3/5, gap=2, poss=0/0, prio=2), Wulingsanzheng(hits=4/8, gap=4, poss=0/0, prio=3), Chaihubaihutangzheng(hits=6/12, gap=6, poss=0/0, prio=2), Xiexintangzheng(hits=2/5, gap=3, poss=1/1, prio=1), Maxingshigantangzheng(hits=2/5, gap=3, poss=1/2, prio=3)]
兼夹证：[]
加味药物：[]
配伍禁忌警告：[]
[通过] ShaoyangYangmingFangzhengTest      t_baihujiarenshentang          「白虎加人参汤证」        0.58s

===== 白虎加桂枝汤证 =====
八纲：{表里=[里证], 寒热=[], 虚实=[], 阴阳=[阳证], bagangTypes=[里证, 阳证]}
六经：阳明病
方证：白虎加桂枝汤证
推荐方剂：白虎加桂枝汤
药物组成：[甘草, 桂枝, 粳米, 石膏, 知母]
六经列表：[阳明病]
合病标记：null
命中主证：[大汗, 大渴, 但热不寒, 大热, 骨节疼烦]
命中或然证：[]
候选命中主证：[[大汗, 大渴, 但热不寒, 大热, 骨节疼烦], [大汗, 大渴, 大热, 洪脉], [大汗, 大渴, 大热], [口渴], [口渴], [大汗, 口渴], [], []]
候选缺口：[[], [], [口舌干燥], [发热, 小便不利], [浮脉, 水入则吐, 小便不利, 无热恶寒], [恶寒, 发热, 往来寒热, 胸胁苦满, 气上撞心, 无热恶寒], [衄血, 吐血, 心气不足], [喘, 发热, 汗出]]
候选命中或然证：[[], [], [], [], [], [], [洪脉], [口渴]]
候选方证：[白虎加桂枝汤证, 白虎汤证, 白虎加人参汤证, 猪苓汤证, 五苓散证, 柴胡白虎汤证, 泻心汤证, 麻杏石甘汤证]
候选方证打分：[Baihujiaguizhitangzheng(hits=7/7, gap=0, poss=0/0, prio=3), Baihutangzheng(hits=6/6, gap=0, poss=0/0, prio=2), Baihujiarenshentangzheng(hits=5/6, gap=1, poss=0/0, prio=2), Zhulingtangzheng(hits=3/5, gap=2, poss=0/0, prio=2), Wulingsanzheng(hits=4/8, gap=4, poss=0/0, prio=3), Chaihubaihutangzheng(hits=6/12, gap=6, poss=0/0, prio=2), Xiexintangzheng(hits=2/5, gap=3, poss=1/1, prio=1), Maxingshigantangzheng(hits=2/5, gap=3, poss=1/2, prio=3)]
兼夹证：[]
加味药物：[]
配伍禁忌警告：[]
[通过] ShaoyangYangmingFangzhengTest      t_baihujiaguizhitang           「白虎加桂枝汤证」        0.44s

===== 白虎汤证（三阳合病） =====
八纲：{表里=[半表半里, 表证, 里证], 寒热=[热证], 虚实=[], 阴阳=[阳证], bagangTypes=[半表半里, 表证, 里证, 热证, 阳证]}
六经：三阳合病
方证：白虎汤证
推荐方剂：白虎汤
药物组成：[甘草, 粳米, 石膏, 知母]
六经列表：[少阳病, 太阳病, 阳明病]
合病标记：三阳合病
命中主证：[大汗, 大渴, 大热, 洪脉]
命中或然证：[]
候选命中主证：[[大汗, 大渴, 大热, 洪脉], [往来寒热, 胸胁苦满], [大汗, 大渴, 大热], [口渴], [恶风], [浮脉], [浮脉], [大汗, 口渴, 往来寒热, 胸胁苦满], [浮脉, 口渴], [胸胁苦满]]
候选缺口：[[], [], [口舌干燥], [发则寒热], [头痛], [水之为病], [咳嗽], [恶寒, 发热], [水入则吐, 小便不利], [潮热, 呕]]
候选命中或然证：[[], [], [], [], [], [], [], [], [], []]
候选方证：[白虎汤证, 小柴胡汤证, 白虎加人参汤证, 柴胡去半夏加栝楼汤证, 头风摩散证, 杏子汤证, 厚朴麻黄汤证, 柴胡白虎汤证, 五苓散证, 柴胡加芒硝汤证]
候选方证打分：[Baihutangzheng(hits=6/6, gap=0, poss=0/0, prio=2), Xiaochaihutangzheng(hits=3/3, gap=0, poss=0/1, prio=3), Baihujiarenshentangzheng(hits=5/6, gap=1, poss=0/0, prio=2), Chaihuqubanxiajiagualoutangzheng(hits=3/4, gap=1, poss=0/0, prio=3), Toufengmosanzheng(hits=3/4, gap=1, poss=0/0, prio=3), Xingzitangzheng(hits=3/4, gap=1, poss=0/0, prio=3), Houpomahuangtangzheng(hits=3/4, gap=1, poss=0/4, prio=3), Chaihubaihutangzheng(hits=10/12, gap=2, poss=0/0, prio=2), Wulingsanzheng(hits=6/8, gap=2, poss=0/0, prio=3), Chaihujiamangxiaotangzheng(hits=5/7, gap=2, poss=0/0, prio=3)]
兼夹证：[]
加味药物：[]
配伍禁忌警告：[]
[通过] ShaoyangYangmingFangzhengTest      shouldDiagnoseBaihuTangPattern_SanYang 「白虎汤证诊断（三阳合病）」     0.46s

===== 竹叶石膏汤证 =====
八纲：{表里=[里证], 寒热=[热证], 虚实=[虚证], 阴阳=[阳证], bagangTypes=[里证, 热证, 虚证, 阳证, 阴证]}
六经：阳明太阴合病
方证：竹叶石膏汤证
推荐方剂：竹叶石膏汤
药物组成：[半夏, 甘草, 粳米, 麦门冬, 人参, 石膏, 竹叶]
六经列表：[太阴病, 阳明病]
合病标记：阳明太阴合病
命中主证：[少气, 虚羸, 欲吐]
命中或然证：[]
候选命中主证：[[少气, 虚羸, 欲吐], [少气, 虚脉], [少气], [口渴], [大热, 洪脉], [口渴], [口渴], [口渴], [大热], [口渴]]
候选缺口：[[], [哕], [虚烦], [呕吐], [大汗, 大渴], [沉脉, 小便不利], [发热, 小便不利], [但头汗出, 小便不利, 气上撞心], [大汗, 大渴, 口舌干燥], [呕吐, 头痛, 欲饮]]
候选命中或然证：[[], [], [], [], [], [], [], [], [], []]
候选方证：[竹叶石膏汤证, 橘皮竹茹汤证, 栀子甘草豉汤证, 茯苓泽泻汤证, 白虎汤证, 栝楼瞿麦丸证, 猪苓汤证, 柴胡桂枝干姜汤证, 白虎加人参汤证, 文蛤汤证]
候选方证打分：[Zhuyeshigaotangzheng(hits=5/5, gap=0, poss=0/0, prio=3), Jupizhurutangzheng(hits=4/5, gap=1, poss=0/0, prio=3), Zhizigancaochitangzheng(hits=3/4, gap=1, poss=0/0, prio=2), Fulingzexietangzheng(hits=3/4, gap=1, poss=0/0, prio=3), Baihutangzheng(hits=4/6, gap=2, poss=0/0, prio=2), Gualouqumaiwanzheng(hits=3/5, gap=2, poss=0/0, prio=3), Zhulingtangzheng(hits=3/5, gap=2, poss=0/0, prio=2), Chaihuguizhiganjiangtangzheng(hits=4/7, gap=3, poss=0/0, prio=3), Baihujiarenshentangzheng(hits=3/6, gap=3, poss=0/0, prio=2), Wengetangzheng(hits=3/6, gap=3, poss=0/0, prio=3)]
兼夹证：[]
加味药物：[]
配伍禁忌警告：[]
[通过] ShaoyangYangmingFangzhengTest      t_zhuyeshigaotang              「竹叶石膏汤证」         0.39s

===== 大承气汤证 =====
八纲：{表里=[里证], 寒热=[热证], 虚实=[实证], 阴阳=[阳证], bagangTypes=[里证, 热证, 实证, 阳证]}
六经：阳明病
方证：大承气汤证
推荐方剂：大承气汤
药物组成：[大黄, 厚朴, 芒硝, 枳实]
六经列表：[阳明病]
合病标记：null
命中主证：[潮热, 沉实脉, 腹满, 腹痛, 燥屎, 谵语]
命中或然证：[]
候选命中主证：[[潮热, 沉实脉, 腹满, 腹痛, 燥屎, 谵语], [潮热, 腹满, 谵语], [腹痛], [腹满], [腹痛], [口渴], [腹满], [潮热], [谵语], [口渴]]
候选缺口：[[], [], [不大便], [卧起不安, 心烦], [酒黄疸, 心中懊憹], [发热, 小便不利], [浮数脉, 发热, 无热恶寒], [呕, 胸胁苦满, 气上撞心], [烦躁, 小便不利, 胸满, 气上撞心], [浮脉, 水入则吐, 小便不利, 无热恶寒]]
候选命中或然证：[[], [], [], [], [], [], [腹痛], [], [], []]
候选方证：[大承气汤证, 小承气汤证, 厚朴三物汤证, 栀子厚朴汤证, 栀子大黄汤证, 猪苓汤证, 厚朴七物汤证, 柴胡加芒硝汤证, 柴胡加龙骨牡蛎汤证, 五苓散证]
候选方证打分：[Dachengqitangzheng(hits=8/8, gap=0, poss=0/0, prio=1), Xiaochengqitangzheng(hits=5/5, gap=0, poss=0/2, prio=2), Houposanwutangzheng(hits=3/4, gap=1, poss=0/0, prio=2), Zhizihoupotangzheng(hits=3/5, gap=2, poss=0/0, prio=2), Zhizidahuangtangzheng(hits=3/5, gap=2, poss=0/1, prio=2), Zhulingtangzheng(hits=3/5, gap=2, poss=0/0, prio=2), Houpoqiwutangzheng(hits=4/7, gap=3, poss=1/2, prio=2), Chaihujiamangxiaotangzheng(hits=4/7, gap=3, poss=0/0, prio=3), Chaihujialonggumulitangzheng(hits=4/8, gap=4, poss=0/0, prio=2), Wulingsanzheng(hits=4/8, gap=4, poss=0/0, prio=3)]
兼夹证：[]
加味药物：[]
配伍禁忌警告：[]
[通过] ShaoyangYangmingFangzhengTest      shouldDiagnoseDaChengqiTangPattern 「大承气汤证诊断」        0.48s

===== 小承气汤证 =====
八纲：{表里=[里证], 寒热=[热证], 虚实=[实证], 阴阳=[阳证], bagangTypes=[里证, 热证, 实证, 阳证]}
六经：阳明病
方证：小承气汤证
推荐方剂：小承气汤
药物组成：[大黄, 厚朴, 枳实]
六经列表：[阳明病]
合病标记：null
命中主证：[潮热, 腹满, 谵语]
命中或然证：[]
候选命中主证：[[潮热, 腹满, 谵语], [腹满], [口渴], [潮热, 腹满, 谵语], [潮热], [腹满], [洪脉], [谵语], [口渴], [腹满]]
候选缺口：[[], [卧起不安, 心烦], [发热, 小便不利], [沉实脉, 腹痛, 燥屎], [呕, 胸胁苦满, 气上撞心], [浮数脉, 发热, 无热恶寒], [大汗, 大渴, 大热], [烦躁, 小便不利, 胸满, 气上撞心], [浮脉, 水入则吐, 小便不利, 无热恶寒], [黄疸, 小便不利, 小便赤, 自汗]]
候选命中或然证：[[], [], [], [], [], [], [], [], [], []]
候选方证：[小承气汤证, 栀子厚朴汤证, 猪苓汤证, 大承气汤证, 柴胡加芒硝汤证, 厚朴七物汤证, 白虎汤证, 柴胡加龙骨牡蛎汤证, 五苓散证, 大黄硝石汤证]
候选方证打分：[Xiaochengqitangzheng(hits=5/5, gap=0, poss=0/2, prio=2), Zhizihoupotangzheng(hits=3/5, gap=2, poss=0/0, prio=2), Zhulingtangzheng(hits=3/5, gap=2, poss=0/0, prio=2), Dachengqitangzheng(hits=5/8, gap=3, poss=0/0, prio=1), Chaihujiamangxiaotangzheng(hits=4/7, gap=3, poss=0/0, prio=3), Houpoqiwutangzheng(hits=4/7, gap=3, poss=0/2, prio=2), Baihutangzheng(hits=3/6, gap=3, poss=0/0, prio=2), Chaihujialonggumulitangzheng(hits=4/8, gap=4, poss=0/0, prio=2), Wulingsanzheng(hits=4/8, gap=4, poss=0/0, prio=3), Dahuangxiaoshitangzheng(hits=3/7, gap=4, poss=0/1, prio=2)]
兼夹证：[]
加味药物：[]
配伍禁忌警告：[]
[通过] ShaoyangYangmingFangzhengTest      t_xiaochengqitang              「小承气汤证」          0.48s

===== 调胃承气汤证 =====
八纲：{表里=[里证], 寒热=[], 虚实=[实证], 阴阳=[阳证], bagangTypes=[里证, 实证, 阳证]}
六经：阳明病
方证：调胃承气汤证
推荐方剂：调胃承气汤
药物组成：[大黄, 甘草, 芒硝]
六经列表：[阳明病]
合病标记：null
命中主证：[心烦, 蒸蒸发热]
命中或然证：[]
候选命中主证：[[心烦, 蒸蒸发热], [腹满, 心烦], [腹满], [口渴], [心烦], [腹满], [洪脉], [沉实脉, 腹满], [口渴], [腹满]]
候选缺口：[[], [卧起不安], [潮热, 谵语], [发热, 小便不利], [下利不止, 无热恶寒], [浮数脉, 发热, 无热恶寒], [大汗, 大渴, 大热], [潮热, 腹痛, 燥屎, 谵语], [浮脉, 水入则吐, 小便不利, 无热恶寒], [黄疸, 小便不利, 小便赤, 自汗]]
候选命中或然证：[[], [], [], [], [], [], [], [], [], [沉实脉]]
候选方证：[调胃承气汤证, 栀子厚朴汤证, 小承气汤证, 猪苓汤证, 甘草泻心汤证, 厚朴七物汤证, 白虎汤证, 大承气汤证, 五苓散证, 大黄硝石汤证]
候选方证打分：[Tiaoweichengqitangzheng(hits=4/4, gap=0, poss=0/0, prio=2), Zhizihoupotangzheng(hits=4/5, gap=1, poss=0/0, prio=2), Xiaochengqitangzheng(hits=3/5, gap=2, poss=0/2, prio=2), Zhulingtangzheng(hits=3/5, gap=2, poss=0/0, prio=2), Gancaoxiexintangzheng(hits=2/4, gap=2, poss=0/0, prio=2), Houpoqiwutangzheng(hits=4/7, gap=3, poss=0/2, prio=2), Baihutangzheng(hits=3/6, gap=3, poss=0/0, prio=2), Dachengqitangzheng(hits=4/8, gap=4, poss=0/0, prio=1), Wulingsanzheng(hits=4/8, gap=4, poss=0/0, prio=3), Dahuangxiaoshitangzheng(hits=3/7, gap=4, poss=1/1, prio=2)]
兼夹证：[]
加味药物：[]
配伍禁忌警告：[]
[通过] ShaoyangYangmingFangzhengTest      t_tiaoweichengqitang           「调胃承气汤证」         0.39s

===== 桃核承气汤证 =====
八纲：{表里=[里证], 寒热=[], 虚实=[虚证], 阴阳=[阴证], bagangTypes=[里证, 虚证, 阳证, 阴证]}
六经：阳明太阴合病
方证：桃核承气汤证
推荐方剂：桃核承气汤
药物组成：[大黄, 甘草, 桂枝, 芒硝, 桃仁]
六经列表：[太阴病, 阳明病]
合病标记：阳明太阴合病
命中主证：[如狂, 少腹急结]
命中或然证：[]
候选命中主证：[[如狂, 少腹急结], [沉脉, 口渴], [口渴], [沉脉], [小便自利], [少腹急结], [小便自利], [口渴], [小便自利], [口渴]]
候选缺口：[[], [小便不利], [呕吐], [咳嗽], [大便硬, 口舌干燥], [产后腹痛, 刺痛], [大便硬, 发热], [发热, 小便不利], [大便硬, 身疼烦, 无热恶寒], [但头汗出, 小便不利, 气上撞心]]
候选命中或然证：[[], [], [], [], [], [], [], [], [], []]
候选方证：[桃核承气汤证, 栝楼瞿麦丸证, 茯苓泽泻汤证, 泽漆汤证, 蜜煎导方证, 下瘀血汤证, 猪胆汁方证, 猪苓汤证, 白术附子汤证, 柴胡桂枝干姜汤证]
候选方证打分：[Taohechengqitangzheng(hits=4/4, gap=0, poss=0/0, prio=2), Gualouqumaiwanzheng(hits=4/5, gap=1, poss=0/0, prio=3), Fulingzexietangzheng(hits=3/4, gap=1, poss=0/0, prio=3), Zeqitangzheng(hits=3/4, gap=1, poss=0/0, prio=3), Mijiandaofangzheng(hits=3/5, gap=2, poss=0/0, prio=3), Xiayuxuetangzheng(hits=3/5, gap=2, poss=0/0, prio=3), Zhudanzhifangzheng(hits=3/5, gap=2, poss=0/0, prio=3), Zhulingtangzheng(hits=3/5, gap=2, poss=0/0, prio=2), Baizhufuzitangzheng(hits=4/7, gap=3, poss=0/0, prio=3), Chaihuguizhiganjiangtangzheng(hits=4/7, gap=3, poss=0/0, prio=3)]
兼夹证：[]
加味药物：[]
配伍禁忌警告：[]
[通过] ShaoyangYangmingFangzhengTest      t_taohechengqitang             「桃核承气汤证」         0.42s

===== 麻子仁丸证 =====
八纲：{表里=[表证, 里证], 寒热=[热证], 虚实=[], 阴阳=[阳证], bagangTypes=[表证, 里证, 热证, 阳证]}
六经：太阳阳明合病
方证：麻子仁丸证
推荐方剂：麻子仁丸
药物组成：[大黄, 厚朴, 麻子仁, 芍药, 杏仁, 枳实]
六经列表：[太阳病, 阳明病]
合病标记：太阳阳明合病
命中主证：[大便硬, 小便数]
命中或然证：[]
候选命中主证：[[大便硬, 小便数], [浮脉], [浮脉], [浮脉, 口渴], [大便硬], [大便硬], [口渴], [大便硬], [洪脉], [浮脉]]
候选缺口：[[], [水之为病], [咳嗽], [水入则吐, 小便不利], [口舌干燥, 小便自利], [发热, 小便自利], [发热, 小便不利], [身疼烦, 小便自利, 无热恶寒], [大汗, 大渴, 大热], [喘, 烦躁, 咳嗽]]
候选命中或然证：[[], [], [], [], [], [], [], [], [], []]
候选方证：[麻子仁丸证, 杏子汤证, 厚朴麻黄汤证, 五苓散证, 蜜煎导方证, 猪胆汁方证, 猪苓汤证, 白术附子汤证, 白虎汤证, 小青龙加石膏汤证]
候选方证打分：[Mazirenwanzheng(hits=4/4, gap=0, poss=0/0, prio=3), Xingzitangzheng(hits=3/4, gap=1, poss=0/0, prio=3), Houpomahuangtangzheng(hits=3/4, gap=1, poss=0/4, prio=3), Wulingsanzheng(hits=6/8, gap=2, poss=0/0, prio=3), Mijiandaofangzheng(hits=3/5, gap=2, poss=0/0, prio=3), Zhudanzhifangzheng(hits=3/5, gap=2, poss=0/0, prio=3), Zhulingtangzheng(hits=3/5, gap=2, poss=0/0, prio=2), Baizhufuzitangzheng(hits=4/7, gap=3, poss=0/0, prio=3), Baihutangzheng(hits=3/6, gap=3, poss=0/0, prio=2), Xiaoqinglongjiashigaotangzheng(hits=3/6, gap=3, poss=0/0, prio=3)]
兼夹证：[]
加味药物：[]
配伍禁忌警告：[]
[通过] ShaoyangYangmingFangzhengTest      t_mazirenwan                   「麻子仁丸证」          0.40s

===== 大黄甘草汤证 =====
八纲：{表里=[里证], 寒热=[], 虚实=[], 阴阳=[阳证], bagangTypes=[里证, 阳证]}
六经：阳明病
方证：大黄甘草汤证
推荐方剂：大黄汤
药物组成：[大黄, 甘草]
六经列表：[阳明病]
合病标记：null
命中主证：[食已即吐]
命中或然证：[]
候选命中主证：[[食已即吐], [大便硬], [大热, 洪脉], [大便硬], [大便硬], [口渴], [大热], [口渴], [大热], [大便硬]]
候选缺口：[[], [小便数], [大汗, 大渴], [口舌干燥, 小便自利], [发热, 小便自利], [发热, 小便不利], [大汗, 大渴, 口舌干燥], [浮脉, 水入则吐, 小便不利, 无热恶寒], [大汗, 大渴, 但热不寒, 骨节疼烦], [往来寒热, 心下急, 胸胁苦满, 郁郁微烦, 气上撞心]]
候选命中或然证：[[], [], [], [], [], [], [], [], [], []]
候选方证：[大黄甘草汤证, 麻子仁丸证, 白虎汤证, 蜜煎导方证, 猪胆汁方证, 猪苓汤证, 白虎加人参汤证, 五苓散证, 白虎加桂枝汤证, 大柴胡汤证]
候选方证打分：[Dahuanggancaotangzheng(hits=3/3, gap=0, poss=0/0, prio=2), Mazirenwanzheng(hits=3/4, gap=1, poss=0/0, prio=3), Baihutangzheng(hits=4/6, gap=2, poss=0/0, prio=2), Mijiandaofangzheng(hits=3/5, gap=2, poss=0/0, prio=3), Zhudanzhifangzheng(hits=3/5, gap=2, poss=0/0, prio=3), Zhulingtangzheng(hits=3/5, gap=2, poss=0/0, prio=2), Baihujiarenshentangzheng(hits=3/6, gap=3, poss=0/0, prio=2), Wulingsanzheng(hits=4/8, gap=4, poss=0/0, prio=3), Baihujiaguizhitangzheng(hits=3/7, gap=4, poss=0/0, prio=3), Dachaihutangzheng(hits=4/9, gap=5, poss=0/0, prio=2)]
兼夹证：[]
加味药物：[]
配伍禁忌警告：[]
[通过] ShaoyangYangmingFangzhengTest      t_dahuanggancaotang            「大黄甘草汤证」         0.50s

===== 大黄牡丹汤证 =====
八纲：{表里=[里证], 寒热=[], 虚实=[], 阴阳=[阳证], bagangTypes=[里证, 阳证]}
六经：阳明病
方证：大黄牡丹汤证
推荐方剂：大黄牡丹汤
药物组成：[大黄, 冬瓜仁, 芒硝, 牡丹皮, 桃仁]
六经列表：[阳明病]
合病标记：null
命中主证：[肠痈, 少腹肿痞]
命中或然证：[]
候选命中主证：[[肠痈, 少腹肿痞], [肠痈], [恶寒], [口渴], [恶寒], [洪脉], [口渴], [自汗], [恶寒, 口渴], []]
候选缺口：[[], [腹皮急, 肌肤甲错], [汗出, 心下痞], [发热, 小便不利], [发热, 身黄, 无热恶寒], [大汗, 大渴, 大热], [浮脉, 水入则吐, 小便不利, 无热恶寒], [腹满, 黄疸, 小便不利, 小便赤], [大汗, 发热, 往来寒热, 胸胁苦满, 气上撞心, 无热恶寒], [衄血, 吐血, 心气不足]]
候选命中或然证：[[], [], [], [], [], [], [], [], [], [洪脉]]
候选方证：[大黄牡丹汤证, 薏苡附子败酱散证, 附子泻心汤证, 猪苓汤证, 麻黄连翘赤小豆汤证, 白虎汤证, 五苓散证, 大黄硝石汤证, 柴胡白虎汤证, 泻心汤证]
候选方证打分：[Dahuangmudantangzheng(hits=4/4, gap=0, poss=0/0, prio=2), Yiyifuzibaijiangsanzheng(hits=3/5, gap=2, poss=0/1, prio=2), Fuzixiexintangzheng(hits=3/5, gap=2, poss=0/0, prio=2), Zhulingtangzheng(hits=3/5, gap=2, poss=0/0, prio=2), Mahuanglianqiaochixiaodoutangzheng(hits=4/7, gap=3, poss=0/0, prio=3), Baihutangzheng(hits=3/6, gap=3, poss=0/0, prio=2), Wulingsanzheng(hits=4/8, gap=4, poss=0/0, prio=3), Dahuangxiaoshitangzheng(hits=3/7, gap=4, poss=0/1, prio=2), Chaihubaihutangzheng(hits=6/12, gap=6, poss=0/0, prio=2), Xiexintangzheng(hits=2/5, gap=3, poss=1/1, prio=1)]
兼夹证：[]
加味药物：[]
配伍禁忌警告：[]
[通过] ShaoyangYangmingFangzhengTest      t_dahuangmudantang             「大黄牡丹汤证」         0.46s

===== 大黄硝石汤证 =====
八纲：{表里=[里证], 寒热=[], 虚实=[实证], 阴阳=[阳证], bagangTypes=[里证, 实证, 阳证]}
六经：阳明病
方证：大黄硝石汤证
推荐方剂：大黄硝石汤
药物组成：[大黄, 黄柏, 硝石, 栀子]
六经列表：[阳明病]
合病标记：null
命中主证：[腹满, 黄疸, 小便不利, 小便赤, 自汗]
命中或然证：[沉实脉]
候选命中主证：[[腹满, 黄疸, 小便不利, 小便赤, 自汗], [黄疸, 小便不利], [小便不利], [小便不利], [小便不利], [口渴, 小便不利], [小便不利], [小便不利], [黄疸], [腹满]]
候选缺口：[[], [], [], [], [], [发热], [身黄], [腰以下有水气], [诸黄], [卧起不安, 心烦]]
候选命中或然证：[[沉实脉], [], [], [], [], [], [], [], [], []]
候选方证：[大黄硝石汤证, 茵陈五苓散证, 茯苓戎盐汤证, 滑石白鱼散证, 蒲灰散证, 猪苓汤证, 茵陈蒿汤证, 牡蛎泽泻散证, 猪膏发煎证, 栀子厚朴汤证]
候选方证打分：[Dahuangxiaoshitangzheng(hits=7/7, gap=0, poss=1/1, prio=2), Yinchenwulingsanzheng(hits=4/4, gap=0, poss=0/0, prio=3), Fulingrongyantangzheng(hits=3/3, gap=0, poss=0/0, prio=3), Huashibaiyusanzheng(hits=3/3, gap=0, poss=0/0, prio=3), Puhuisanzheng(hits=3/3, gap=0, poss=0/0, prio=3), Zhulingtangzheng(hits=4/5, gap=1, poss=0/0, prio=2), Yinchenhaotangzheng(hits=3/4, gap=1, poss=0/0, prio=2), Mulizexiesanzheng(hits=3/4, gap=1, poss=0/0, prio=3), Zhugaofajianzheng(hits=3/4, gap=1, poss=0/0, prio=3), Zhizihoupotangzheng(hits=3/5, gap=2, poss=0/0, prio=2)]
兼夹证：[]
加味药物：[]
配伍禁忌警告：[]
[通过] ShaoyangYangmingFangzhengTest      t_dahuangxiaoshitang           「大黄硝石汤证」         0.49s

===== 大黄附子汤证 =====
八纲：{表里=[里证], 寒热=[], 虚实=[实证, 虚证], 阴阳=[阳证], bagangTypes=[里证, 实证, 虚证, 阳证, 阴证]}
六经：阳明太阴合病
方证：大黄附子汤证
推荐方剂：大黄附子汤
药物组成：[大黄, 附子, 细辛]
六经列表：[太阴病, 阳明病]
合病标记：阳明太阴合病
命中主证：[发热, 紧弦脉, 胁下偏痛]
命中或然证：[]
候选命中主证：[[发热, 紧弦脉, 胁下偏痛], [不渴, 腹满, 下利], [发热], [腹满], [腹满], [下利], [腹满], [下利], [发热, 腹满], [下利]]
候选缺口：[[], [], [身黄], [时痛], [口舌干燥], [下利气], [按之不痛], [肺痛], [浮数脉, 无热恶寒], [呕, 心下痞]]
候选命中或然证：[[], [], [], [], [], [], [], [], [], []]
候选方证：[大黄附子汤证, 理中汤证, 栀子柏皮汤证, 桂枝加芍药汤证, 己椒苈黄丸证, 诃梨勒散证, 厚朴生姜半夏甘草人参汤证, 紫参汤证, 厚朴七物汤证, 半夏泻心汤证]
候选方证打分：[Dahuangfuzitangzheng(hits=5/5, gap=0, poss=0/0, prio=2), Lizhongtangzheng(hits=5/5, gap=0, poss=0/0, prio=3), Zhizibaipitangzheng(hits=3/4, gap=1, poss=0/0, prio=2), Guizhijiashaoyaotangzheng(hits=3/4, gap=1, poss=0/0, prio=3), Jijiaolihuangwanzheng(hits=3/4, gap=1, poss=0/0, prio=3), Helilesanzheng(hits=3/4, gap=1, poss=0/1, prio=3), Houposhengjiangbanxiagancaorenshentangzheng(hits=3/4, gap=1, poss=0/1, prio=3), Zishentangzheng(hits=3/4, gap=1, poss=0/1, prio=3), Houpoqiwutangzheng(hits=5/7, gap=2, poss=0/2, prio=2), Banxiaxiexintangzheng(hits=3/5, gap=2, poss=0/0, prio=2)]
兼夹证：[]
加味药物：[]
配伍禁忌警告：[]
[通过] ShaoyangYangmingFangzhengTest      t_dahuangfuzitang              「大黄附子汤证」         0.48s

===== 厚朴大黄汤证 =====
八纲：{表里=[里证], 寒热=[], 虚实=[实证], 阴阳=[阳证], bagangTypes=[里证, 实证, 阳证]}
六经：阳明病
方证：厚朴大黄汤证
推荐方剂：Houpodahuangtang
药物组成：[]
六经列表：[阳明病]
合病标记：null
命中主证：[支饮胸满]
命中或然证：[]
候选命中主证：[[支饮胸满], [大便硬], [大热, 洪脉], [大便硬], [大便硬], [口渴], [大热], [口渴], [大热], [大便硬]]
候选缺口：[[], [小便数], [大汗, 大渴], [口舌干燥, 小便自利], [发热, 小便自利], [发热, 小便不利], [大汗, 大渴, 口舌干燥], [浮脉, 水入则吐, 小便不利, 无热恶寒], [大汗, 大渴, 但热不寒, 骨节疼烦], [往来寒热, 心下急, 胸胁苦满, 郁郁微烦, 气上撞心]]
候选命中或然证：[[], [], [], [], [], [], [], [], [], []]
候选方证：[厚朴大黄汤证, 麻子仁丸证, 白虎汤证, 蜜煎导方证, 猪胆汁方证, 猪苓汤证, 白虎加人参汤证, 五苓散证, 白虎加桂枝汤证, 大柴胡汤证]
候选方证打分：[Houpodahuangtangzheng(hits=3/3, gap=0, poss=0/2, prio=3), Mazirenwanzheng(hits=3/4, gap=1, poss=0/0, prio=3), Baihutangzheng(hits=4/6, gap=2, poss=0/0, prio=2), Mijiandaofangzheng(hits=3/5, gap=2, poss=0/0, prio=3), Zhudanzhifangzheng(hits=3/5, gap=2, poss=0/0, prio=3), Zhulingtangzheng(hits=3/5, gap=2, poss=0/0, prio=2), Baihujiarenshentangzheng(hits=3/6, gap=3, poss=0/0, prio=2), Wulingsanzheng(hits=4/8, gap=4, poss=0/0, prio=3), Baihujiaguizhitangzheng(hits=3/7, gap=4, poss=0/0, prio=3), Dachaihutangzheng(hits=4/9, gap=5, poss=0/0, prio=2)]
兼夹证：[]
加味药物：[]
配伍禁忌警告：[]
[通过] ShaoyangYangmingFangzhengTest      t_houpodahuangtang             「厚朴大黄汤证」         0.51s

===== 厚朴三物汤证 =====
八纲：{表里=[里证], 寒热=[热证], 虚实=[实证], 阴阳=[阳证], bagangTypes=[里证, 热证, 实证, 阳证]}
六经：阳明病
方证：厚朴三物汤证
推荐方剂：厚朴三物汤
药物组成：[大黄, 厚朴, 枳实]
六经列表：[阳明病]
合病标记：null
命中主证：[不大便, 腹痛]
命中或然证：[]
候选命中主证：[[不大便, 腹痛], [潮热, 谵语], [潮热, 沉实脉, 腹痛, 谵语], [大热, 洪脉], [腹痛], [口渴], [潮热], [大热], [谵语], [口渴]]
候选缺口：[[], [腹满], [腹满, 燥屎], [大汗, 大渴], [酒黄疸, 心中懊憹], [发热, 小便不利], [呕, 胸胁苦满, 气上撞心], [大汗, 大渴, 口舌干燥], [烦躁, 小便不利, 胸满, 气上撞心], [浮脉, 水入则吐, 小便不利, 无热恶寒]]
候选命中或然证：[[], [], [], [], [], [], [], [], [], []]
候选方证：[厚朴三物汤证, 小承气汤证, 大承气汤证, 白虎汤证, 栀子大黄汤证, 猪苓汤证, 柴胡加芒硝汤证, 白虎加人参汤证, 柴胡加龙骨牡蛎汤证, 五苓散证]
候选方证打分：[Houposanwutangzheng(hits=4/4, gap=0, poss=0/0, prio=2), Xiaochengqitangzheng(hits=4/5, gap=1, poss=0/2, prio=2), Dachengqitangzheng(hits=6/8, gap=2, poss=0/0, prio=1), Baihutangzheng(hits=4/6, gap=2, poss=0/0, prio=2), Zhizidahuangtangzheng(hits=3/5, gap=2, poss=0/1, prio=2), Zhulingtangzheng(hits=3/5, gap=2, poss=0/0, prio=2), Chaihujiamangxiaotangzheng(hits=4/7, gap=3, poss=0/0, prio=3), Baihujiarenshentangzheng(hits=3/6, gap=3, poss=0/0, prio=2), Chaihujialonggumulitangzheng(hits=4/8, gap=4, poss=0/0, prio=2), Wulingsanzheng(hits=4/8, gap=4, poss=0/0, prio=3)]
兼夹证：[]
加味药物：[]
配伍禁忌警告：[]
[通过] ShaoyangYangmingFangzhengTest      t_houpousanwutang              「厚朴三物汤证」         0.52s

===== 枳实栀子豉汤证 =====
八纲：{表里=[表证, 里证], 寒热=[热证], 虚实=[], 阴阳=[阳证], bagangTypes=[表证, 里证, 热证, 阳证]}
六经：太阳阳明合病
方证：枳实栀子豉汤证
推荐方剂：枳实栀子豉汤加人参、瓜蒌根、白术
药物组成：[香豉, 枳实, 栀子, 人参, 瓜蒌根, 白术]
六经列表：[太阳病, 阳明病]
合病标记：太阳阳明合病
命中主证：[大病差后, 劳复]
命中或然证：[]
候选命中主证：[[大病差后, 劳复], [浮脉], [浮脉], [浮脉, 口渴], [口渴], [洪脉], [浮脉], [口渴], [口渴], []]
候选缺口：[[], [水之为病], [咳嗽], [水入则吐, 小便不利], [发热, 小便不利], [大汗, 大渴, 大热], [喘, 烦躁, 咳嗽], [微脉, 恶寒, 发热, 热多寒少], [大汗, 恶寒, 发热, 往来寒热, 胸胁苦满, 气上撞心], [衄血, 吐血, 心气不足]]
候选命中或然证：[[], [], [], [], [], [], [], [], [], [洪脉]]
候选方证：[枳实栀子豉汤证, 杏子汤证, 厚朴麻黄汤证, 五苓散证, 猪苓汤证, 白虎汤证, 小青龙加石膏汤证, 桂枝二越婢一汤证, 柴胡白虎汤证, 泻心汤证]
候选方证打分：[Zhishizhizichitangzheng(hits=4/4, gap=0, poss=0/0, prio=2), Xingzitangzheng(hits=3/4, gap=1, poss=0/0, prio=3), Houpomahuangtangzheng(hits=3/4, gap=1, poss=0/4, prio=3), Wulingsanzheng(hits=6/8, gap=2, poss=0/0, prio=3), Zhulingtangzheng(hits=3/5, gap=2, poss=0/0, prio=2), Baihutangzheng(hits=3/6, gap=3, poss=0/0, prio=2), Xiaoqinglongjiashigaotangzheng(hits=3/6, gap=3, poss=0/0, prio=3), Guizhieryuebiyitangzheng(hits=3/7, gap=4, poss=0/0, prio=3), Chaihubaihutangzheng(hits=6/12, gap=6, poss=0/0, prio=2), Xiexintangzheng(hits=2/5, gap=3, poss=1/1, prio=1)]
兼夹证：[]
加味药物：[人参, 瓜蒌根, 白术]
配伍禁忌警告：[]
[通过] ShaoyangYangmingFangzhengTest      t_zhishizhizichitang           「枳实栀子豉汤证」        0.50s

===== 半夏泻心汤证 =====
八纲：{表里=[里证], 寒热=[], 虚实=[虚证], 阴阳=[阴证], bagangTypes=[里证, 虚证, 阴证]}
六经：太阴病
方证：半夏泻心汤证
推荐方剂：半夏泻心汤
药物组成：[半夏, 大枣, 甘草, 干姜, 黄连, 黄芩, 人参]
六经列表：[太阴病]
合病标记：null
命中主证：[呕, 下利, 心下痞]
命中或然证：[]
候选命中主证：[[呕, 下利, 心下痞], [不渴, 腹满, 下利], [下利, 心下痞], [腹满], [腹满], [下利], [腹满], [下利], [心下痞], [呕]]
候选缺口：[[], [], [沉弦脉], [时痛], [口舌干燥], [下利气], [按之不痛], [肺痛], [膈间有水, 呕吐], [咳嗽, 胸满]]
候选命中或然证：[[], [], [], [], [], [], [], [], [弦脉], []]
候选方证：[半夏泻心汤证, 理中汤证, 甘遂半夏汤证, 桂枝加芍药汤证, 己椒苈黄丸证, 诃梨勒散证, 厚朴生姜半夏甘草人参汤证, 紫参汤证, 小半夏加茯苓汤证, 苓甘五味姜辛夏汤证]
候选方证打分：[Banxiaxiexintangzheng(hits=5/5, gap=0, poss=0/0, prio=2), Lizhongtangzheng(hits=5/5, gap=0, poss=0/0, prio=3), Gansuibanxiatangzheng(hits=4/5, gap=1, poss=0/0, prio=2), Guizhijiashaoyaotangzheng(hits=3/4, gap=1, poss=0/0, prio=3), Jijiaolihuangwanzheng(hits=3/4, gap=1, poss=0/0, prio=3), Helilesanzheng(hits=3/4, gap=1, poss=0/1, prio=3), Houposhengjiangbanxiagancaorenshentangzheng(hits=3/4, gap=1, poss=0/1, prio=3), Zishentangzheng(hits=3/4, gap=1, poss=0/1, prio=3), Xiaobanxiajiafulingtangzheng(hits=3/5, gap=2, poss=1/1, prio=3), Lingganwuweijiangxinxiatangzheng(hits=3/5, gap=2, poss=0/0, prio=3)]
兼夹证：[]
加味药物：[]
配伍禁忌警告：[]
[通过] ShaoyangYangmingFangzhengTest      t_banxiaxiexintang             「半夏泻心汤证」         0.44s

===== 生姜泻心汤证 =====
八纲：{表里=[里证], 寒热=[], 虚实=[虚证], 阴阳=[阴证], bagangTypes=[里证, 虚证, 阴证]}
六经：太阴病
方证：生姜泻心汤证
推荐方剂：生姜泻心汤
药物组成：[半夏, 大枣, 甘草, 干姜, 黄连, 黄芩, 人参, 生姜]
六经列表：[太阴病]
合病标记：null
命中主证：[腹中雷鸣, 干噫食臭, 心下痞硬]
命中或然证：[]
候选命中主证：[[腹中雷鸣, 干噫食臭, 心下痞硬], [不渴, 腹满, 下利], [心下痞硬], [腹满], [腹满], [心下痞硬], [下利], [腹满], [下利], [下利]]
候选缺口：[[], [], [下利不止], [时痛], [口舌干燥], [噫气], [下利气], [按之不痛], [肺痛], [呕, 心下痞]]
候选命中或然证：[[], [], [], [], [], [], [], [], [], []]
候选方证：[生姜泻心汤证, 理中汤证, 赤石脂禹余粮汤证, 桂枝加芍药汤证, 己椒苈黄丸证, 旋覆代赭汤证, 诃梨勒散证, 厚朴生姜半夏甘草人参汤证, 紫参汤证, 半夏泻心汤证]
候选方证打分：[Shengjiangxiexintangzheng(hits=5/5, gap=0, poss=0/0, prio=2), Lizhongtangzheng(hits=5/5, gap=0, poss=0/0, prio=3), Chishizhiyuyuliangtangzheng(hits=3/4, gap=1, poss=0/0, prio=2), Guizhijiashaoyaotangzheng(hits=3/4, gap=1, poss=0/0, prio=3), Jijiaolihuangwanzheng(hits=3/4, gap=1, poss=0/0, prio=3), Xuanfudaizhetangzheng(hits=3/4, gap=1, poss=0/0, prio=3), Helilesanzheng(hits=3/4, gap=1, poss=0/1, prio=3), Houposhengjiangbanxiagancaorenshentangzheng(hits=3/4, gap=1, poss=0/1, prio=3), Zishentangzheng(hits=3/4, gap=1, poss=0/1, prio=3), Banxiaxiexintangzheng(hits=3/5, gap=2, poss=0/0, prio=2)]
兼夹证：[]
加味药物：[]
配伍禁忌警告：[]
[通过] ShaoyangYangmingFangzhengTest      t_shengjiangxiexintang         「生姜泻心汤证」         0.41s

===== 甘草泻心汤证（伤寒） =====
八纲：{表里=[里证], 寒热=[], 虚实=[虚证], 阴阳=[阴证], bagangTypes=[里证, 虚证, 阴证]}
六经：太阴病
方证：甘草泻心汤证
推荐方剂：泻心汤
药物组成：[半夏, 大枣, 甘草, 干姜, 黄连, 黄芩, 人参]
六经列表：[太阴病]
合病标记：null
命中主证：[下利不止, 心烦]
命中或然证：[]
候选命中主证：[[下利不止, 心烦], [不渴, 腹满], [下利不止], [腹满], [腹满], [腹满], [心烦], [不渴], [不渴], [下利不止]]
候选缺口：[[], [下利], [心下痞硬], [时痛], [口舌干燥], [按之不痛], [不得眠], [肺痿吐涎沫, 小便数, 遗尿], [妇人少腹满如敦状, 生后者, 小便难], [心下痞硬, 无热恶寒, 胸胁苦满]]
候选命中或然证：[[], [], [], [], [], [], [], [], [腹满], []]
候选方证：[甘草泻心汤证, 理中汤证, 赤石脂禹余粮汤证, 桂枝加芍药汤证, 己椒苈黄丸证, 厚朴生姜半夏甘草人参汤证, 温胆汤证, 甘草干姜汤证, 大黄甘遂汤证, 桂枝人参汤证]
候选方证打分：[Gancaoxiexintangzheng(hits=4/4, gap=0, poss=0/0, prio=2), Lizhongtangzheng(hits=4/5, gap=1, poss=0/0, prio=3), Chishizhiyuyuliangtangzheng(hits=3/4, gap=1, poss=0/0, prio=2), Guizhijiashaoyaotangzheng(hits=3/4, gap=1, poss=0/0, prio=3), Jijiaolihuangwanzheng(hits=3/4, gap=1, poss=0/0, prio=3), Houposhengjiangbanxiagancaorenshentangzheng(hits=3/4, gap=1, poss=0/1, prio=3), Wendantangzheng(hits=1/2, gap=1, poss=0/0, prio=3), Gancaoganjiangtangzheng(hits=3/6, gap=3, poss=0/1, prio=3), Dahuanggansuitangzheng(hits=3/6, gap=3, poss=1/2, prio=2), Guizhirenshentangzheng(hits=3/6, gap=3, poss=0/0, prio=2)]
兼夹证：[]
加味药物：[]
配伍禁忌警告：[]
[通过] ShaoyangYangmingFangzhengTest      t_gancaoxiexintang             「甘草泻心汤证（伤寒）」     0.37s

===== 甘草泻心汤证（狐惑） =====
八纲：{表里=[里证], 寒热=[], 虚实=[虚证], 阴阳=[阴证], bagangTypes=[里证, 虚证, 阳证, 阴证]}
六经：阳明太阴合病
方证：甘草泻心汤证（狐惑）
推荐方剂：泻心汤
药物组成：[半夏, 大枣, 甘草, 干姜, 黄连, 黄芩, 人参]
六经列表：[太阴病, 阳明病]
合病标记：阳明太阴合病
命中主证：[不欲食, 恶寒, 恶闻食臭, 发热, 面目乍赤乍黑乍白, 默默欲眠, 目不得闭, 卧起不安, 无汗]
命中或然证：[]
候选命中主证：[[不欲食, 恶寒, 恶闻食臭, 发热, 面目乍赤乍黑乍白, 默默欲眠, 目不得闭, 卧起不安, 无汗], [腹满, 卧起不安], [不渴, 腹满], [发热], [腹满], [腹满], [腹满], [恶寒, 发热], [发热, 腹满], [恶寒]]
候选缺口：[[], [心烦], [下利], [身黄], [时痛], [口舌干燥], [按之不痛], [身黄, 无热恶寒], [浮数脉, 无热恶寒], [汗出, 心下痞]]
候选命中或然证：[[], [], [], [], [], [], [], [], [], []]
候选方证：[甘草泻心汤证（狐惑）, 栀子厚朴汤证, 理中汤证, 栀子柏皮汤证, 桂枝加芍药汤证, 己椒苈黄丸证, 厚朴生姜半夏甘草人参汤证, 麻黄连翘赤小豆汤证, 厚朴七物汤证, 附子泻心汤证]
候选方证打分：[Gancaoxiexintangzheng_huhuo(hits=11/11, gap=0, poss=0/0, prio=2), Zhizihoupotangzheng(hits=4/5, gap=1, poss=0/0, prio=2), Lizhongtangzheng(hits=4/5, gap=1, poss=0/0, prio=3), Zhizibaipitangzheng(hits=3/4, gap=1, poss=0/0, prio=2), Guizhijiashaoyaotangzheng(hits=3/4, gap=1, poss=0/0, prio=3), Jijiaolihuangwanzheng(hits=3/4, gap=1, poss=0/0, prio=3), Houposhengjiangbanxiagancaorenshentangzheng(hits=3/4, gap=1, poss=0/1, prio=3), Mahuanglianqiaochixiaodoutangzheng(hits=5/7, gap=2, poss=0/0, prio=3), Houpoqiwutangzheng(hits=5/7, gap=2, poss=0/2, prio=2), Fuzixiexintangzheng(hits=3/5, gap=2, poss=0/0, prio=2)]
兼夹证：[]
加味药物：[]
配伍禁忌警告：[]
[通过] ShaoyangYangmingFangzhengTest      t_gancaoxiexintang_huhuo       「甘草泻心汤证（狐惑）」     0.45s

===== 大黄黄连泻心汤证 =====
八纲：{表里=[表证, 里证], 寒热=[热证], 虚实=[], 阴阳=[阳证], bagangTypes=[表证, 里证, 热证, 阳证]}
六经：太阳阳明合病
方证：大黄黄连泻心汤证
推荐方剂：大黄黄连泻心汤
药物组成：[大黄, 黄连]
六经列表：[太阳病, 阳明病]
合病标记：太阳阳明合病
命中主证：[按之濡, 心下痞]
命中或然证：[]
候选命中主证：[[按之濡, 心下痞], [大便硬], [浮脉], [心下痞], [浮脉], [浮脉, 口渴], [大热, 洪脉], [潮热], [大便硬], [大便硬]]
候选缺口：[[], [小便数], [水之为病], [按痛], [咳嗽], [水入则吐, 小便不利], [大汗, 大渴], [腹满, 谵语], [口舌干燥, 小便自利], [发热, 小便自利]]
候选命中或然证：[[], [], [], [], [], [], [], [大便硬], [], []]
候选方证：[大黄黄连泻心汤证, 麻子仁丸证, 杏子汤证, 小陷胸汤证, 厚朴麻黄汤证, 五苓散证, 白虎汤证, 小承气汤证, 蜜煎导方证, 猪胆汁方证]
候选方证打分：[Dahuanghuanglianxiexintangzheng(hits=4/4, gap=0, poss=0/0, prio=2), Mazirenwanzheng(hits=3/4, gap=1, poss=0/0, prio=3), Xingzitangzheng(hits=3/4, gap=1, poss=0/0, prio=3), Xiaoxianxiongtangzheng(hits=3/4, gap=1, poss=0/1, prio=2), Houpomahuangtangzheng(hits=3/4, gap=1, poss=0/4, prio=3), Wulingsanzheng(hits=6/8, gap=2, poss=0/0, prio=3), Baihutangzheng(hits=4/6, gap=2, poss=0/0, prio=2), Xiaochengqitangzheng(hits=3/5, gap=2, poss=1/2, prio=2), Mijiandaofangzheng(hits=3/5, gap=2, poss=0/0, prio=3), Zhudanzhifangzheng(hits=3/5, gap=2, poss=0/0, prio=3)]
兼夹证：[]
加味药物：[]
配伍禁忌警告：[]
[通过] ShaoyangYangmingFangzhengTest      t_dahuanghuanglianxiexintang   「大黄黄连泻心汤证」       0.50s

===== 附子泻心汤证 =====
八纲：{表里=[表证, 里证], 寒热=[热证], 虚实=[], 阴阳=[阳证], bagangTypes=[表证, 里证, 热证, 阳证]}
六经：太阳阳明合病
方证：附子泻心汤证
推荐方剂：附子泻心汤
药物组成：[大黄, 附子, 黄连, 黄芩]
六经列表：[太阳病, 阳明病]
合病标记：太阳阳明合病
命中主证：[恶寒, 汗出, 心下痞]
命中或然证：[]
候选命中主证：[[恶寒, 汗出, 心下痞], [心下痞], [恶寒], [恶寒], [大便硬], [浮脉], [心下痞], [浮脉], [浮脉, 口渴], [汗出]]
候选缺口：[[], [按之濡], [胸满], [身疼烦], [小便数], [水之为病], [按痛], [咳嗽], [水入则吐, 小便不利], [喘, 下利]]
候选命中或然证：[[], [], [], [], [], [], [], [], [], []]
候选方证：[附子泻心汤证, 大黄黄连泻心汤证, 桂枝去芍药加附子汤证, 麻黄加术汤证, 麻子仁丸证, 杏子汤证, 小陷胸汤证, 厚朴麻黄汤证, 五苓散证, 葛根黄芩黄连汤证]
候选方证打分：[Fuzixiexintangzheng(hits=5/5, gap=0, poss=0/0, prio=2), Dahuanghuanglianxiexintangzheng(hits=3/4, gap=1, poss=0/0, prio=2), Guizhiqushaoyaojiafuzitangzheng(hits=3/4, gap=1, poss=0/0, prio=2), Mahuangjiazhutangzheng(hits=3/4, gap=1, poss=0/0, prio=3), Mazirenwanzheng(hits=3/4, gap=1, poss=0/0, prio=3), Xingzitangzheng(hits=3/4, gap=1, poss=0/0, prio=3), Xiaoxianxiongtangzheng(hits=3/4, gap=1, poss=0/1, prio=2), Houpomahuangtangzheng(hits=3/4, gap=1, poss=0/4, prio=3), Wulingsanzheng(hits=6/8, gap=2, poss=0/0, prio=3), Gegenhuangqinhuangliantangzheng(hits=5/7, gap=2, poss=0/0, prio=2)]
兼夹证：[]
加味药物：[]
配伍禁忌警告：[]
[通过] ShaoyangYangmingFangzhengTest      t_fuzixiexintang               「附子泻心汤证」         0.59s

===== 黄连汤证 =====
八纲：{表里=[半表半里], 寒热=[], 虚实=[虚证], 阴阳=[阴证], bagangTypes=[半表半里, 虚证, 阴证]}
六经：厥阴病
方证：黄连汤证
推荐方剂：黄连汤
药物组成：[半夏, 大枣, 甘草, 干姜, 桂枝, 黄连, 人参]
六经列表：[厥阴病]
合病标记：null
命中主证：[腹痛, 胸中有热, 欲呕]
命中或然证：[]
候选命中主证：[[腹痛, 胸中有热, 欲呕], [手足冷], [手足冷], [手足冷], [消渴]]
候选缺口：[[], [细脉], [内有久寒, 呕], [不渴, 心下悸动], [不欲食, 饥, 久利]]
候选命中或然证：[[], [], [], [], []]
候选方证：[黄连汤证, 当归四逆汤证, 当归四逆加吴茱萸生姜汤证, 茯苓甘草汤证, 乌梅丸证]
候选方证打分：[Huangliantangzheng(hits=5/5, gap=0, poss=0/0, prio=2), Dangguisinitangzheng(hits=3/4, gap=1, poss=0/0, prio=3), Dangguisinijiawuzhuyushengjiangtangzheng(hits=3/5, gap=2, poss=0/0, prio=3), Fulinggancaotangzheng(hits=3/5, gap=2, poss=0/1, prio=3), Wumeiwanzheng(hits=3/6, gap=3, poss=0/0, prio=2)]
兼夹证：[]
加味药物：[]
配伍禁忌警告：[]
[通过] ShaoyangYangmingFangzhengTest      t_huangliantang                「黄连汤证」           0.46s

===== 干姜黄芩黄连人参汤证 =====
八纲：{表里=[半表半里], 寒热=[], 虚实=[虚证], 阴阳=[阴证], bagangTypes=[半表半里, 虚证, 阴证]}
六经：厥阴病
方证：干姜黄芩黄连人参汤证
推荐方剂：干姜黄芩黄连人参汤
药物组成：[干姜, 黄连, 黄芩, 人参]
六经列表：[厥阴病]
合病标记：null
命中主证：[食入口即吐]
命中或然证：[]
候选命中主证：[[食入口即吐], [下利], [手足冷], [下利], [手足冷], [手足冷], [消渴]]
候选缺口：[[], [虚烦], [细脉], [里急后重], [内有久寒, 呕], [不渴, 心下悸动], [不欲食, 饥, 久利]]
候选命中或然证：[[], [], [], [], [], [], []]
候选方证：[干姜黄芩黄连人参汤证, 白头翁加甘草阿胶汤证, 当归四逆汤证, 白头翁汤证, 当归四逆加吴茱萸生姜汤证, 茯苓甘草汤证, 乌梅丸证]
候选方证打分：[Ganjianghuangqinhuanglianrenshentangzheng(hits=3/3, gap=0, poss=0/0, prio=2), Baitouwengjiagancaojiaotangzheng(hits=3/4, gap=1, poss=0/0, prio=3), Dangguisinitangzheng(hits=3/4, gap=1, poss=0/0, prio=3), Baitouwengtangzheng(hits=3/4, gap=1, poss=0/2, prio=3), Dangguisinijiawuzhuyushengjiangtangzheng(hits=3/5, gap=2, poss=0/0, prio=3), Fulinggancaotangzheng(hits=3/5, gap=2, poss=0/1, prio=3), Wumeiwanzheng(hits=3/6, gap=3, poss=0/0, prio=2)]
兼夹证：[]
加味药物：[]
配伍禁忌警告：[]
[通过] ShaoyangYangmingFangzhengTest      t_ganjianghuangqinhuanglianrenshentang 「干姜黄芩黄连人参汤证」     0.41s

===== 生姜泻心汤证 =====
八纲：{表里=[里证], 寒热=[], 虚实=[虚证], 阴阳=[阴证], bagangTypes=[里证, 虚证, 阴证]}
六经：太阴病
方证：生姜泻心汤证
推荐方剂：生姜泻心汤
药物组成：[半夏, 大枣, 甘草, 干姜, 黄连, 黄芩, 人参, 生姜]
六经列表：[太阴病]
合病标记：null
命中主证：[腹中雷鸣, 干噫食臭, 心下痞硬]
命中或然证：[]
候选命中主证：[[腹中雷鸣, 干噫食臭, 心下痞硬], [不渴, 腹满, 下利], [心下痞硬], [腹满], [腹满], [心下痞硬], [下利], [腹满], [下利], [下利]]
候选缺口：[[], [], [下利不止], [时痛], [口舌干燥], [噫气], [下利气], [按之不痛], [肺痛], [呕, 心下痞]]
候选命中或然证：[[], [], [], [], [], [], [], [], [], []]
候选方证：[生姜泻心汤证, 理中汤证, 赤石脂禹余粮汤证, 桂枝加芍药汤证, 己椒苈黄丸证, 旋覆代赭汤证, 诃梨勒散证, 厚朴生姜半夏甘草人参汤证, 紫参汤证, 半夏泻心汤证]
候选方证打分：[Shengjiangxiexintangzheng(hits=5/5, gap=0, poss=0/0, prio=2), Lizhongtangzheng(hits=5/5, gap=0, poss=0/0, prio=3), Chishizhiyuyuliangtangzheng(hits=3/4, gap=1, poss=0/0, prio=2), Guizhijiashaoyaotangzheng(hits=3/4, gap=1, poss=0/0, prio=3), Jijiaolihuangwanzheng(hits=3/4, gap=1, poss=0/0, prio=3), Xuanfudaizhetangzheng(hits=3/4, gap=1, poss=0/0, prio=3), Helilesanzheng(hits=3/4, gap=1, poss=0/1, prio=3), Houposhengjiangbanxiagancaorenshentangzheng(hits=3/4, gap=1, poss=0/1, prio=3), Zishentangzheng(hits=3/4, gap=1, poss=0/1, prio=3), Banxiaxiexintangzheng(hits=3/5, gap=2, poss=0/0, prio=2)]
兼夹证：[]
加味药物：[]
配伍禁忌警告：[]
[通过] ShaoyangYangmingFangzhengTest      t_shengjiangxiexintang_alias   「半夏泻心汤证（生姜泻心汤衍化）」     0.38s

===== 栀子豉汤证 =====
八纲：{表里=[表证, 里证], 寒热=[热证], 虚实=[], 阴阳=[阳证], bagangTypes=[表证, 里证, 热证, 阳证]}
六经：太阳阳明合病
方证：栀子豉汤证
推荐方剂：栀子豉汤
药物组成：[香豉, 栀子]
六经列表：[太阳病, 阳明病]
合病标记：太阳阳明合病
命中主证：[不得眠, 心中懊憹, 虚烦]
命中或然证：[]
候选命中主证：[[不得眠, 心中懊憹, 虚烦], [虚烦], [虚烦], [浮脉], [浮脉], [浮脉, 口渴], [心中懊憹], [口渴], [洪脉], [浮脉]]
候选缺口：[[], [少气], [呕], [水之为病], [咳嗽], [水入则吐, 小便不利], [腹痛, 酒黄疸], [发热, 小便不利], [大汗, 大渴, 大热], [喘, 烦躁, 咳嗽]]
候选命中或然证：[[], [], [], [], [], [], [], [], [], []]
候选方证：[栀子豉汤证, 栀子甘草豉汤证, 栀子生姜豉汤证, 杏子汤证, 厚朴麻黄汤证, 五苓散证, 栀子大黄汤证, 猪苓汤证, 白虎汤证, 小青龙加石膏汤证]
候选方证打分：[Zhizichitangzheng(hits=5/5, gap=0, poss=0/0, prio=2), Zhizigancaochitangzheng(hits=3/4, gap=1, poss=0/0, prio=2), Zhizishengjiangchitangzheng(hits=3/4, gap=1, poss=0/0, prio=2), Xingzitangzheng(hits=3/4, gap=1, poss=0/0, prio=3), Houpomahuangtangzheng(hits=3/4, gap=1, poss=0/4, prio=3), Wulingsanzheng(hits=6/8, gap=2, poss=0/0, prio=3), Zhizidahuangtangzheng(hits=3/5, gap=2, poss=0/1, prio=2), Zhulingtangzheng(hits=3/5, gap=2, poss=0/0, prio=2), Baihutangzheng(hits=3/6, gap=3, poss=0/0, prio=2), Xiaoqinglongjiashigaotangzheng(hits=3/6, gap=3, poss=0/0, prio=3)]
兼夹证：[]
加味药物：[]
配伍禁忌警告：[]
[通过] ShaoyangYangmingFangzhengTest      t_zhizichitang                 「栀子豉汤证」          0.47s

===== 栀子甘草豉汤证 =====
八纲：{表里=[表证, 里证], 寒热=[热证], 虚实=[], 阴阳=[阳证], bagangTypes=[表证, 里证, 热证, 阳证]}
六经：太阳阳明合病
方证：栀子甘草豉汤证
推荐方剂：栀子豉汤加减
药物组成：[甘草, 香豉, 栀子]
六经列表：[太阳病, 阳明病]
合病标记：太阳阳明合病
命中主证：[少气, 虚烦]
命中或然证：[]
候选命中主证：[[少气, 虚烦], [不得眠, 心中懊憹, 虚烦], [虚烦], [浮脉], [浮脉], [浮脉, 口渴], [大热, 洪脉], [少气], [心中懊憹], [口渴]]
候选缺口：[[], [], [呕], [水之为病], [咳嗽], [水入则吐, 小便不利], [大汗, 大渴], [虚羸, 欲吐], [腹痛, 酒黄疸], [发热, 小便不利]]
候选命中或然证：[[], [], [], [], [], [], [], [], [], []]
候选方证：[栀子甘草豉汤证, 栀子豉汤证, 栀子生姜豉汤证, 杏子汤证, 厚朴麻黄汤证, 五苓散证, 白虎汤证, 竹叶石膏汤证, 栀子大黄汤证, 猪苓汤证]
候选方证打分：[Zhizigancaochitangzheng(hits=4/4, gap=0, poss=0/0, prio=2), Zhizichitangzheng(hits=5/5, gap=0, poss=0/0, prio=2), Zhizishengjiangchitangzheng(hits=3/4, gap=1, poss=0/0, prio=2), Xingzitangzheng(hits=3/4, gap=1, poss=0/0, prio=3), Houpomahuangtangzheng(hits=3/4, gap=1, poss=0/4, prio=3), Wulingsanzheng(hits=6/8, gap=2, poss=0/0, prio=3), Baihutangzheng(hits=4/6, gap=2, poss=0/0, prio=2), Zhuyeshigaotangzheng(hits=3/5, gap=2, poss=0/0, prio=3), Zhizidahuangtangzheng(hits=3/5, gap=2, poss=0/1, prio=2), Zhulingtangzheng(hits=3/5, gap=2, poss=0/0, prio=2)]
兼夹证：[]
加味药物：[]
配伍禁忌警告：[]
[通过] ShaoyangYangmingFangzhengTest      t_zhizigancaochitang           「栀子甘草豉汤证」        0.47s

===== 栀子生姜豉汤证 =====
八纲：{表里=[表证, 里证], 寒热=[热证], 虚实=[], 阴阳=[阳证], bagangTypes=[表证, 里证, 热证, 阳证]}
六经：太阳阳明合病
方证：栀子生姜豉汤证
推荐方剂：栀子生姜豉汤加减
药物组成：[生姜, 香豉, 栀子]
六经列表：[太阳病, 阳明病]
合病标记：太阳阳明合病
命中主证：[呕, 虚烦]
命中或然证：[]
候选命中主证：[[呕, 虚烦], [不得眠, 心中懊憹, 虚烦], [虚烦], [浮脉], [浮脉], [浮脉, 口渴], [大热, 洪脉], [呕], [心中懊憹], [口渴]]
候选缺口：[[], [], [少气], [水之为病], [咳嗽], [水入则吐, 小便不利], [大汗, 大渴], [下利, 气上撞心], [腹痛, 酒黄疸], [发热, 小便不利]]
候选命中或然证：[[], [], [], [], [], [], [], [], [], []]
候选方证：[栀子生姜豉汤证, 栀子豉汤证, 栀子甘草豉汤证, 杏子汤证, 厚朴麻黄汤证, 五苓散证, 白虎汤证, 黄芩加半夏生姜汤证, 栀子大黄汤证, 猪苓汤证]
候选方证打分：[Zhizishengjiangchitangzheng(hits=4/4, gap=0, poss=0/0, prio=2), Zhizichitangzheng(hits=5/5, gap=0, poss=0/0, prio=2), Zhizigancaochitangzheng(hits=3/4, gap=1, poss=0/0, prio=2), Xingzitangzheng(hits=3/4, gap=1, poss=0/0, prio=3), Houpomahuangtangzheng(hits=3/4, gap=1, poss=0/4, prio=3), Wulingsanzheng(hits=6/8, gap=2, poss=0/0, prio=3), Baihutangzheng(hits=4/6, gap=2, poss=0/0, prio=2), Huangqinjiabanxiashengjiangtangzheng(hits=4/6, gap=2, poss=0/0, prio=3), Zhizidahuangtangzheng(hits=3/5, gap=2, poss=0/1, prio=2), Zhulingtangzheng(hits=3/5, gap=2, poss=0/0, prio=2)]
兼夹证：[]
加味药物：[]
配伍禁忌警告：[]
[通过] ShaoyangYangmingFangzhengTest      t_zhizishengjiangchitang       「栀子生姜豉汤证」        0.43s

===== 栀子厚朴汤证 =====
八纲：{表里=[表证, 里证], 寒热=[热证], 虚实=[], 阴阳=[阳证], bagangTypes=[表证, 里证, 热证, 阳证]}
六经：太阳阳明合病
方证：栀子厚朴汤证
推荐方剂：栀子厚朴汤加减
药物组成：[厚朴, 枳实, 栀子]
六经列表：[太阳病, 阳明病]
合病标记：太阳阳明合病
命中主证：[腹满, 卧起不安, 心烦]
命中或然证：[]
候选命中主证：[[腹满, 卧起不安, 心烦], [卧起不安], [心烦], [浮脉], [浮脉], [浮脉, 口渴], [腹满], [腹满], [口渴], [心烦]]
候选缺口：[[], [惊狂], [蒸蒸发热], [水之为病], [咳嗽], [水入则吐, 小便不利], [浮数脉, 发热], [潮热, 谵语], [发热, 小便不利], [下利不止, 无热恶寒]]
候选命中或然证：[[], [], [], [], [], [], [], [], [], []]
候选方证：[栀子厚朴汤证, 桂枝去芍药加蜀漆牡蛎龙骨救逆汤证, 调胃承气汤证, 杏子汤证, 厚朴麻黄汤证, 五苓散证, 厚朴七物汤证, 小承气汤证, 猪苓汤证, 甘草泻心汤证]
候选方证打分：[Zhizihoupotangzheng(hits=5/5, gap=0, poss=0/0, prio=2), Guizhiqushaoyaojiashuqimulilonggujiunitangzheng(hits=3/4, gap=1, poss=0/0, prio=2), Tiaoweichengqitangzheng(hits=3/4, gap=1, poss=0/0, prio=2), Xingzitangzheng(hits=3/4, gap=1, poss=0/0, prio=3), Houpomahuangtangzheng(hits=3/4, gap=1, poss=0/4, prio=3), Wulingsanzheng(hits=6/8, gap=2, poss=0/0, prio=3), Houpoqiwutangzheng(hits=5/7, gap=2, poss=0/2, prio=2), Xiaochengqitangzheng(hits=3/5, gap=2, poss=0/2, prio=2), Zhulingtangzheng(hits=3/5, gap=2, poss=0/0, prio=2), Gancaoxiexintangzheng(hits=2/4, gap=2, poss=0/0, prio=2)]
兼夹证：[]
加味药物：[]
配伍禁忌警告：[]
[通过] ShaoyangYangmingFangzhengTest      t_zhizihoupotang               「栀子厚朴汤证」         0.45s

===== 栀子干姜汤证 =====
八纲：{表里=[表证, 里证], 寒热=[热证], 虚实=[], 阴阳=[阳证], bagangTypes=[表证, 里证, 热证, 阳证]}
六经：太阳阳明合病
方证：栀子干姜汤证
推荐方剂：栀子干姜汤加减
药物组成：[干姜, 栀子]
六经列表：[太阳病, 阳明病]
合病标记：太阳阳明合病
命中主证：[身热不去, 微烦]
命中或然证：[]
候选命中主证：[[身热不去, 微烦], [大便硬], [浮数脉], [大热, 洪脉], [潮热], [大便硬], [大便硬], [口渴], [口渴], [大便硬]]
候选缺口：[[], [小便数], [发热, 腹满], [大汗, 大渴], [腹满, 谵语], [口舌干燥, 小便自利], [发热, 小便自利], [发热, 小便不利], [浮脉, 水入则吐, 小便不利], [身疼烦, 小便自利, 无热恶寒]]
候选命中或然证：[[], [], [], [], [大便硬], [], [], [], [], []]
候选方证：[栀子干姜汤证, 麻子仁丸证, 厚朴七物汤证, 白虎汤证, 小承气汤证, 蜜煎导方证, 猪胆汁方证, 猪苓汤证, 五苓散证, 白术附子汤证]
候选方证打分：[Zhiziganjiangtangzheng(hits=4/4, gap=0, poss=0/0, prio=2), Mazirenwanzheng(hits=3/4, gap=1, poss=0/0, prio=3), Houpoqiwutangzheng(hits=5/7, gap=2, poss=0/2, prio=2), Baihutangzheng(hits=4/6, gap=2, poss=0/0, prio=2), Xiaochengqitangzheng(hits=3/5, gap=2, poss=1/2, prio=2), Mijiandaofangzheng(hits=3/5, gap=2, poss=0/0, prio=3), Zhudanzhifangzheng(hits=3/5, gap=2, poss=0/0, prio=3), Zhulingtangzheng(hits=3/5, gap=2, poss=0/0, prio=2), Wulingsanzheng(hits=5/8, gap=3, poss=0/0, prio=3), Baizhufuzitangzheng(hits=4/7, gap=3, poss=0/0, prio=3)]
兼夹证：[]
加味药物：[]
配伍禁忌警告：[]
[通过] ShaoyangYangmingFangzhengTest      t_zhiziganjiangtang            「栀子干姜汤证」         0.37s

===== 栀子柏皮汤证 =====
八纲：{表里=[表证, 里证], 寒热=[热证], 虚实=[], 阴阳=[阳证], bagangTypes=[表证, 里证, 热证, 阳证]}
六经：太阳阳明合病
方证：栀子柏皮汤证
推荐方剂：栀子柏皮汤
药物组成：[甘草, 黄柏, 栀子]
六经列表：[太阳病, 阳明病]
合病标记：太阳阳明合病
命中主证：[发热, 身黄]
命中或然证：[]
候选命中主证：[[发热, 身黄], [发热, 身黄], [发热, 口渴], [身黄], [浮脉], [浮脉], [浮脉, 口渴], [发热], [发热], [发热]]
候选缺口：[[], [恶寒], [小便不利], [小便不利], [水之为病], [咳嗽], [水入则吐, 小便不利], [浮数脉, 腹满], [微呕, 气上撞心], [喘, 汗出]]
候选命中或然证：[[], [], [], [], [], [], [], [], [], [口渴]]
候选方证：[栀子柏皮汤证, 麻黄连翘赤小豆汤证, 猪苓汤证, 茵陈蒿汤证, 杏子汤证, 厚朴麻黄汤证, 五苓散证, 厚朴七物汤证, 柴胡桂枝汤证, 麻杏石甘汤证]
候选方证打分：[Zhizibaipitangzheng(hits=4/4, gap=0, poss=0/0, prio=2), Mahuanglianqiaochixiaodoutangzheng(hits=6/7, gap=1, poss=0/0, prio=3), Zhulingtangzheng(hits=4/5, gap=1, poss=0/0, prio=2), Yinchenhaotangzheng(hits=3/4, gap=1, poss=0/0, prio=2), Xingzitangzheng(hits=3/4, gap=1, poss=0/0, prio=3), Houpomahuangtangzheng(hits=3/4, gap=1, poss=0/4, prio=3), Wulingsanzheng(hits=6/8, gap=2, poss=0/0, prio=3), Houpoqiwutangzheng(hits=5/7, gap=2, poss=0/2, prio=2), Chaihuguizhitangzheng(hits=4/6, gap=2, poss=0/0, prio=3), Maxingshigantangzheng(hits=3/5, gap=2, poss=1/2, prio=3)]
兼夹证：[]
加味药物：[]
配伍禁忌警告：[]
[通过] ShaoyangYangmingFangzhengTest      t_zhizibaipitang               「栀子柏皮汤证」         0.41s

===== 栀子大黄汤证 =====
八纲：{表里=[里证], 寒热=[热证], 虚实=[], 阴阳=[阳证], bagangTypes=[里证, 热证, 阳证]}
六经：阳明病
方证：栀子大黄汤证
推荐方剂：栀子大黄汤
药物组成：[大黄, 香豉, 枳实, 栀子]
六经列表：[阳明病]
合病标记：null
命中主证：[腹痛, 酒黄疸, 心中懊憹]
命中或然证：[弦数脉]
候选命中主证：[[腹痛, 酒黄疸, 心中懊憹], [腹痛], [心中懊憹], [口渴], [洪脉], [口渴], [腹痛], [口渴], [], []]
候选缺口：[[], [不大便], [烦热, 不得眠], [发热, 小便不利], [大汗, 大渴, 大热], [浮脉, 水入则吐, 小便不利, 无热恶寒], [沉实脉, 潮热, 腹满, 燥屎, 谵语], [大汗, 恶寒, 发热, 往来寒热, 胸胁苦满, 气上撞心, 无热恶寒], [衄血, 吐血, 心气不足], [喘, 发热, 汗出]]
候选命中或然证：[[弦数脉], [], [], [], [], [], [], [], [洪脉], [口渴]]
候选方证：[栀子大黄汤证, 厚朴三物汤证, 栀子豉汤证, 猪苓汤证, 白虎汤证, 五苓散证, 大承气汤证, 柴胡白虎汤证, 泻心汤证, 麻杏石甘汤证]
候选方证打分：[Zhizidahuangtangzheng(hits=5/5, gap=0, poss=1/1, prio=2), Houposanwutangzheng(hits=3/4, gap=1, poss=0/0, prio=2), Zhizichitangzheng(hits=3/5, gap=2, poss=0/0, prio=2), Zhulingtangzheng(hits=3/5, gap=2, poss=0/0, prio=2), Baihutangzheng(hits=3/6, gap=3, poss=0/0, prio=2), Wulingsanzheng(hits=4/8, gap=4, poss=0/0, prio=3), Dachengqitangzheng(hits=3/8, gap=5, poss=0/0, prio=1), Chaihubaihutangzheng(hits=5/12, gap=7, poss=0/0, prio=2), Xiexintangzheng(hits=2/5, gap=3, poss=1/1, prio=1), Maxingshigantangzheng(hits=2/5, gap=3, poss=1/2, prio=3)]
兼夹证：[]
加味药物：[]
配伍禁忌警告：[]
[通过] ShaoyangYangmingFangzhengTest      t_zhizidahuangtang             「栀子大黄汤证」         0.50s

===== 栀子豉汤证 =====
八纲：{表里=[表证, 里证], 寒热=[热证], 虚实=[], 阴阳=[阳证], bagangTypes=[表证, 里证, 热证, 阳证]}
六经：太阳阳明合病
方证：栀子豉汤证
推荐方剂：栀子豉汤
药物组成：[香豉, 栀子]
六经列表：[太阳病, 阳明病]
合病标记：太阳阳明合病
命中主证：[不得眠, 烦热, 心中懊憹]
命中或然证：[]
候选命中主证：[[不得眠, 烦热, 心中懊憹], [少气], [浮脉], [浮脉], [浮脉, 口渴], [少气], [心中懊憹], [口渴], [洪脉], [浮脉]]
候选缺口：[[], [虚烦], [水之为病], [咳嗽], [水入则吐, 小便不利], [虚羸, 欲吐], [腹痛, 酒黄疸], [发热, 小便不利], [大汗, 大渴, 大热], [喘, 烦躁, 咳嗽]]
候选命中或然证：[[], [], [], [], [], [], [], [], [], []]
候选方证：[栀子豉汤证, 栀子甘草豉汤证, 杏子汤证, 厚朴麻黄汤证, 五苓散证, 竹叶石膏汤证, 栀子大黄汤证, 猪苓汤证, 白虎汤证, 小青龙加石膏汤证]
候选方证打分：[Zhizichitangzheng(hits=5/5, gap=0, poss=0/0, prio=2), Zhizigancaochitangzheng(hits=3/4, gap=1, poss=0/0, prio=2), Xingzitangzheng(hits=3/4, gap=1, poss=0/0, prio=3), Houpomahuangtangzheng(hits=3/4, gap=1, poss=0/4, prio=3), Wulingsanzheng(hits=6/8, gap=2, poss=0/0, prio=3), Zhuyeshigaotangzheng(hits=3/5, gap=2, poss=0/0, prio=3), Zhizidahuangtangzheng(hits=3/5, gap=2, poss=0/1, prio=2), Zhulingtangzheng(hits=3/5, gap=2, poss=0/0, prio=2), Baihutangzheng(hits=3/6, gap=3, poss=0/0, prio=2), Xiaoqinglongjiashigaotangzheng(hits=3/6, gap=3, poss=0/0, prio=3)]
兼夹证：[]
加味药物：[]
配伍禁忌警告：[]
[通过] ShaoyangYangmingFangzhengTest      t_zhizichitang_yangming        「栀子豉汤证（阳明）」      0.45s

===== 茵陈蒿汤证 =====
八纲：{表里=[里证], 寒热=[], 虚实=[实证], 阴阳=[阳证], bagangTypes=[里证, 实证, 阳证]}
六经：阳明病
方证：茵陈蒿汤证
推荐方剂：茵陈蒿汤
药物组成：[大黄, 茵陈蒿, 栀子]
六经列表：[阳明病]
合病标记：null
命中主证：[身黄, 小便不利]
命中或然证：[]
候选命中主证：[[身黄, 小便不利], [小便不利], [小便不利], [小便不利], [口渴, 小便不利], [身黄], [小便不利], [小便不利], [腹满], [腹满]]
候选缺口：[[], [], [], [], [发热], [发热], [腰以下有水气], [黄疸], [卧起不安, 心烦], [潮热, 谵语]]
候选命中或然证：[[], [], [], [], [], [], [], [], [], []]
候选方证：[茵陈蒿汤证, 茯苓戎盐汤证, 滑石白鱼散证, 蒲灰散证, 猪苓汤证, 栀子柏皮汤证, 牡蛎泽泻散证, 茵陈五苓散证, 栀子厚朴汤证, 小承气汤证]
候选方证打分：[Yinchenhaotangzheng(hits=4/4, gap=0, poss=0/0, prio=2), Fulingrongyantangzheng(hits=3/3, gap=0, poss=0/0, prio=3), Huashibaiyusanzheng(hits=3/3, gap=0, poss=0/0, prio=3), Puhuisanzheng(hits=3/3, gap=0, poss=0/0, prio=3), Zhulingtangzheng(hits=4/5, gap=1, poss=0/0, prio=2), Zhizibaipitangzheng(hits=3/4, gap=1, poss=0/0, prio=2), Mulizexiesanzheng(hits=3/4, gap=1, poss=0/0, prio=3), Yinchenwulingsanzheng(hits=3/4, gap=1, poss=0/0, prio=3), Zhizihoupotangzheng(hits=3/5, gap=2, poss=0/0, prio=2), Xiaochengqitangzheng(hits=3/5, gap=2, poss=0/2, prio=2)]
兼夹证：[]
加味药物：[]
配伍禁忌警告：[]
[通过] ShaoyangYangmingFangzhengTest      t_yinchenhaotang               「茵陈蒿汤证」          0.50s

════════════════════════════════ 汇总 ════════════════════════════════
测试类                                        用例     通过     失败     跳过         用时
──────────────────────────────────────────────────────────────────────────
ShaoyangYangmingFangzhengTest              46     46      0      0      22.1s
──────────────────────────────────────────────────────────────────────────
合计                                         46     46      0      0      22.1s
总墙钟用时：24.1s
>> 文本报告：D:\work\Ontology\TraditionalChineseMedicineOntologyBasedonReasonerMiniBOxTBoxABox\OntologyMachine\OntologyFramework\target\fangzheng-suite-report.txt
>> JSON 报告：D:\work\Ontology\TraditionalChineseMedicineOntologyBasedonReasonerMiniBOxTBoxABox\OntologyMachine\OntologyFramework\target\fangzheng-suite-report.json

√ 全部通过。
SUITE_EXIT=0
