[INFO] Scanning for projects...
[INFO] ------------------------------------------------------------------------
[INFO] Reactor Build Order:
[INFO] 
[INFO] OntopOBDAHandler                                                   [jar]
[INFO] OpenlletResolver                                                   [jar]
[INFO] OntologyFramework                                                  [jar]
[INFO] 
[INFO] ---------------------< com.ocean:OntopOBDAHandler >---------------------
[INFO] Building OntopOBDAHandler 0.0.1-SNAPSHOT                           [1/3]
[INFO]   from pom.xml
[INFO] --------------------------------[ jar ]---------------------------------
[INFO] 
[INFO] --- resources:3.5.0:resources (default-resources) @ OntopOBDAHandler ---
[INFO] Copying 1 resource from src\main\resources to target\classes
[INFO] Copying 0 resource from src\main\resources to target\classes
[INFO] 
[INFO] --- compiler:3.15.0:compile (default-compile) @ OntopOBDAHandler ---
[INFO] Nothing to compile - all classes are up to date.
[INFO] 
[INFO] ---------------------< com.ocean:OpenlletResolver >---------------------
[INFO] Building OpenlletResolver 0.0.1-SNAPSHOT                           [2/3]
[INFO]   from D:\work\Ontology\TraditionalChineseMedicineOntologyBasedonReasonerMiniBOxTBoxABox\OntologyMachine\OpenlletResolver\pom.xml
[INFO] --------------------------------[ jar ]---------------------------------
[INFO] 
[INFO] --- resources:3.5.0:resources (default-resources) @ OpenlletResolver ---
[INFO] Copying 1 resource from src\main\resources to target\classes
[INFO] Copying 1 resource from src\main\resources to target\classes
[INFO] 
[INFO] --- compiler:3.15.0:compile (default-compile) @ OpenlletResolver ---
[INFO] Nothing to compile - all classes are up to date.
[INFO] 
[INFO] --------------------< com.ocean:OntologyFramework >---------------------
[INFO] Building OntologyFramework 0.0.1-SNAPSHOT                          [3/3]
[INFO]   from D:\work\Ontology\TraditionalChineseMedicineOntologyBasedonReasonerMiniBOxTBoxABox\OntologyMachine\OntologyFramework\pom.xml
[INFO] --------------------------------[ jar ]---------------------------------
[WARNING] The artifact io.camunda:spring-boot-starter-camunda-sdk:jar:8.9.6 has been relocated to io.camunda:camunda-spring-boot-starter:jar:8.9.6: The artifact 'spring-boot-starter-camunda-sdk' has been relocated to 'camunda-spring-boot-starter'.
        Note: Relocation for 'spring-boot-starter-camunda-sdk' will be removed starting from the 8.10 release.
        Please update your dependencies to use 'camunda-spring-boot-starter' to avoid build issues.
[INFO] 
[INFO] --- resources:3.5.0:resources (default-resources) @ OntologyFramework ---
[INFO] Copying 2 resources from src\main\resources to target\classes
[INFO] Copying 2 resources from src\main\resources to target\classes
[INFO] 
[INFO] --- compiler:3.15.0:compile (default-compile) @ OntologyFramework ---
[INFO] Recompiling the module because of changed source code.
[INFO] Compiling 16 source files with javac [debug parameters release 26] to target\classes
[INFO] /D:/work/Ontology/TraditionalChineseMedicineOntologyBasedonReasonerMiniBOxTBoxABox/OntologyMachine/OntologyFramework/src/main/java/com/ocean/ontologyframework/PizzaOntologyJobWorker.java: D:\work\Ontology\TraditionalChineseMedicineOntologyBasedonReasonerMiniBOxTBoxABox\OntologyMachine\OntologyFramework\src\main\java\com\ocean\ontologyframework\PizzaOntologyJobWorker.java使用或覆盖了已过时的 API。
[INFO] /D:/work/Ontology/TraditionalChineseMedicineOntologyBasedonReasonerMiniBOxTBoxABox/OntologyMachine/OntologyFramework/src/main/java/com/ocean/ontologyframework/PizzaOntologyJobWorker.java: 有关详细信息, 请使用 -Xlint:deprecation 重新编译。
[INFO] ------------------------------------------------------------------------
[INFO] Reactor Summary for OntopOBDAHandler 0.0.1-SNAPSHOT:
[INFO] 
[INFO] OntopOBDAHandler ................................... SUCCESS [  1.826 s]
[INFO] OpenlletResolver ................................... SUCCESS [  1.365 s]
[INFO] OntologyFramework .................................. SUCCESS [  4.764 s]
[INFO] ------------------------------------------------------------------------
[INFO] BUILD SUCCESS
[INFO] ------------------------------------------------------------------------
[INFO] Total time:  8.365 s
[INFO] Finished at: 2026-09-20T17:49:59+08:00
[INFO] ------------------------------------------------------------------------
