SLF4J(W): Class path contains multiple SLF4J providers.
SLF4J(W): Found provider [ch.qos.logback.classic.spi.LogbackServiceProvider@59221b97]
SLF4J(W): Found provider [org.apache.logging.slf4j.SLF4JServiceProvider@6ac4944a]
SLF4J(W): Found provider [org.slf4j.simple.SimpleServiceProvider@5a772895]
SLF4J(W): See https://www.slf4j.org/codes.html#multiple_bindings for an explanation.
SLF4J(I): Actual provider is of type [ch.qos.logback.classic.spi.LogbackServiceProvider@59221b97]
? Deploying BPMN from: D:/work/Ontology/TraditionalChineseMedicineOntologyBasedonReasoner/ontology/Jingfang_Diagnosis.bpmn
10:55:23.228 [main] WARN io.camunda.zeebe.client.impl.ZeebeClientImpl -- ZeebeClient is deprecated and will be removed in version 8.10. Please migrate to io.camunda.client.CamundaClient.
WARNING: A terminally deprecated method in sun.misc.Unsafe has been called
WARNING: sun.misc.Unsafe::arrayBaseOffset has been called by com.google.protobuf.UnsafeUtil (file:/C:/Users/ocean/.m2/repository/com/google/protobuf/protobuf-java/4.34.2/protobuf-java-4.34.2.jar)
WARNING: Please consider reporting this to the maintainers of class com.google.protobuf.UnsafeUtil
WARNING: sun.misc.Unsafe::arrayBaseOffset will be removed in a future release
? 流程已部署，key=2251799815950440, version=22

===== 麻黄汤证 =====
八纲：{表里=[表证], 寒热=[热证], 虚实=[实证], 阴阳=[阳证], bagangTypes=[表证, 热证, 实证, 阳证]}
六经：太阳病
方证：大青龙汤证
推荐方剂：大青龙汤
药物组成：[大枣, 甘草, 桂枝, 麻黄, 生姜, 石膏, 杏仁]
六经列表：[太阳病]
合病标记：null
候选方证：[大青龙汤证, 麻黄汤证, 桂枝汤证, 麻杏薏甘汤证, 小青龙汤证, 竹叶汤证, 桂枝加桂汤证, 桂枝去芍药加附子汤证, 甘草麻黄汤证, 桂枝甘草龙骨牡蛎汤证]
候选方证打分：[Daqinglongtangzheng(hits=3/5, jaccard=0.43, prio=2), Mahuangtangzheng(hits=3/6, jaccard=0.38, prio=2), Guizhitangzheng(hits=3/6, jaccard=0.38, prio=3), Maxingyigantangzheng(hits=3/6, jaccard=0.38, prio=3), Xiaoqinglongtangzheng(hits=3/6, jaccard=0.38, prio=3), Zhuyetangzheng(hits=3/7, jaccard=0.33, prio=3), Guizhijiaguitangzheng(hits=2/4, jaccard=0.29, prio=2), Guizhiqushaoyaojiafuzitangzheng(hits=2/4, jaccard=0.29, prio=2), Gancaomahuangtangzheng(hits=2/4, jaccard=0.29, prio=3), Guizhigancaolonggumulitangzheng(hits=2/4, jaccard=0.29, prio=3)]
兼夹证：[]
加味药物：[]
配伍禁忌警告：[]
[ERROR] Tests run: 1, Failures: 1, Errors: 0, Skipped: 0, Time elapsed: 1.426 s <<< FAILURE! -- in 【太阳】桂枝/麻黄/葛根/苓桂类方证
[ERROR] com.ocean.ontologyframework.tcm.TaiyangFangzhengTest.shouldDiagnoseMahuangTangPatternWithouthEnoughSym -- Time elapsed: 0.306 s <<< FAILURE!
org.opentest4j.AssertionFailedError: 

expected: "Mahuangtangzheng"
 but was: "Daqinglongtangzheng"
	at com.ocean.ontologyframework.tcm.JingfangTestSupport.assertBasicResult(JingfangTestSupport.java:197)
	at com.ocean.ontologyframework.tcm.TaiyangFangzhengTest.shouldDiagnoseMahuangTangPatternWithouthEnoughSym(TaiyangFangzhengTest.java:237)

[ERROR] Failures: 
[ERROR]   TaiyangFangzhengTest.shouldDiagnoseMahuangTangPatternWithouthEnoughSym:237 
expected: "Mahuangtangzheng"
 but was: "Daqinglongtangzheng"
[ERROR] Tests run: 1, Failures: 1, Errors: 0, Skipped: 0
[ERROR] Failed to execute goal org.apache.maven.plugins:maven-surefire-plugin:3.5.6:test (default-test) on project OntologyFramework: There are test failures.
[ERROR] 
[ERROR] See D:\work\Ontology\TraditionalChineseMedicineOntologyBasedonReasonerMiniBOxTBoxABox\OntologyMachine\OntologyFramework\target\surefire-reports for the individual test results.
[ERROR] See dump files (if any exist) [date].dump, [date]-jvmRun[N].dump and [date].dumpstream.
[ERROR] -> [Help 1]
[ERROR] 
[ERROR] To see the full stack trace of the errors, re-run Maven with the -e switch.
[ERROR] Re-run Maven using the -X switch to enable full debug logging.
[ERROR] 
[ERROR] For more information about the errors and possible solutions, please read the following articles:
[ERROR] [Help 1] http://cwiki.apache.org/confluence/display/MAVEN/MojoFailureException
[ERROR] 
[ERROR] After correcting the problems, you can resume the build with the command
[ERROR]   mvn <args> -rf :OntologyFramework
