[INFO] Scanning for projects...
[INFO] ------------------------------------------------------------------------
[INFO] Reactor Build Order:
[INFO] 
[INFO] OntopOBDAHandler                                                   [jar]
[INFO] OpenlletResolver                                                   [jar]
[INFO] OntologyFramework                                                  [jar]
[INFO] 
[INFO] ---------------------< com.ocean:OntopOBDAHandler >---------------------
[INFO] Building OntopOBDAHandler 0.0.1-SNAPSHOT                           [1/3]
[INFO]   from pom.xml
[INFO] --------------------------------[ jar ]---------------------------------
[INFO] 
[INFO] --- resources:3.5.0:resources (default-resources) @ OntopOBDAHandler ---
[INFO] Copying 1 resource from src\main\resources to target\classes
[INFO] Copying 0 resource from src\main\resources to target\classes
[INFO] 
[INFO] --- compiler:3.15.0:compile (default-compile) @ OntopOBDAHandler ---
[INFO] Nothing to compile - all classes are up to date.
[INFO] 
[INFO] --- resources:3.5.0:testResources (default-testResources) @ OntopOBDAHandler ---
[INFO] skip non existing resourceDirectory D:\work\Ontology\TraditionalChineseMedicineOntologyBasedonReasonerMiniBOxTBoxABox\OntologyMachine\OntopOBDAHandler\src\test\resources
[INFO] 
[INFO] --- compiler:3.15.0:testCompile (default-testCompile) @ OntopOBDAHandler ---
[INFO] Nothing to compile - all classes are up to date.
[INFO] 
[INFO] --- surefire:3.5.6:test (default-test) @ OntopOBDAHandler ---
[INFO] 
[INFO] ---------------------< com.ocean:OpenlletResolver >---------------------
[INFO] Building OpenlletResolver 0.0.1-SNAPSHOT                           [2/3]
[INFO]   from D:\work\Ontology\TraditionalChineseMedicineOntologyBasedonReasonerMiniBOxTBoxABox\OntologyMachine\OpenlletResolver\pom.xml
[INFO] --------------------------------[ jar ]---------------------------------
[INFO] 
[INFO] --- resources:3.5.0:resources (default-resources) @ OpenlletResolver ---
[INFO] Copying 1 resource from src\main\resources to target\classes
[INFO] Copying 1 resource from src\main\resources to target\classes
[INFO] 
[INFO] --- compiler:3.15.0:compile (default-compile) @ OpenlletResolver ---
[INFO] Nothing to compile - all classes are up to date.
[INFO] 
[INFO] --- resources:3.5.0:testResources (default-testResources) @ OpenlletResolver ---
[INFO] skip non existing resourceDirectory D:\work\Ontology\TraditionalChineseMedicineOntologyBasedonReasonerMiniBOxTBoxABox\OntologyMachine\OpenlletResolver\src\test\resources
[INFO] 
[INFO] --- compiler:3.15.0:testCompile (default-testCompile) @ OpenlletResolver ---
[INFO] Nothing to compile - all classes are up to date.
[INFO] 
[INFO] --- surefire:3.5.6:test (default-test) @ OpenlletResolver ---
[INFO] 
[INFO] --------------------< com.ocean:OntologyFramework >---------------------
[INFO] Building OntologyFramework 0.0.1-SNAPSHOT                          [3/3]
[INFO]   from D:\work\Ontology\TraditionalChineseMedicineOntologyBasedonReasonerMiniBOxTBoxABox\OntologyMachine\OntologyFramework\pom.xml
[INFO] --------------------------------[ jar ]---------------------------------
[WARNING] The artifact io.camunda:spring-boot-starter-camunda-sdk:jar:8.9.6 has been relocated to io.camunda:camunda-spring-boot-starter:jar:8.9.6: The artifact 'spring-boot-starter-camunda-sdk' has been relocated to 'camunda-spring-boot-starter'.
        Note: Relocation for 'spring-boot-starter-camunda-sdk' will be removed starting from the 8.10 release.
        Please update your dependencies to use 'camunda-spring-boot-starter' to avoid build issues.
[INFO] 
[INFO] --- resources:3.5.0:resources (default-resources) @ OntologyFramework ---
[INFO] Copying 2 resources from src\main\resources to target\classes
[INFO] Copying 1 resource from src\main\resources to target\classes
[INFO] 
[INFO] --- compiler:3.15.0:compile (default-compile) @ OntologyFramework ---
[INFO] Nothing to compile - all classes are up to date.
[INFO] 
[INFO] --- resources:3.5.0:testResources (default-testResources) @ OntologyFramework ---
[INFO] Copying 1 resource from src\test\resources to target\test-classes
[INFO] 
[INFO] --- compiler:3.15.0:testCompile (default-testCompile) @ OntologyFramework ---
[INFO] Nothing to compile - all classes are up to date.
[INFO] 
[INFO] --- surefire:3.5.6:test (default-test) @ OntologyFramework ---
[INFO] Using auto detected provider org.apache.maven.surefire.junitplatform.JUnitPlatformProvider
[INFO] 
[INFO] -------------------------------------------------------
[INFO]  T E S T S
[INFO] -------------------------------------------------------
[INFO] Running 【少阴·太阴】理中/四逆/真武/附子/麻黄附子/少阴杂方
SLF4J(W): Class path contains multiple SLF4J providers.
SLF4J(W): Found provider [ch.qos.logback.classic.spi.LogbackServiceProvider@9257031]
SLF4J(W): Found provider [org.apache.logging.slf4j.SLF4JServiceProvider@75201592]
SLF4J(W): Found provider [org.slf4j.simple.SimpleServiceProvider@7726e185]
SLF4J(W): See https://www.slf4j.org/codes.html#multiple_bindings for an explanation.
SLF4J(I): Actual provider is of type [ch.qos.logback.classic.spi.LogbackServiceProvider@9257031]
? Deploying BPMN from: D:/work/Ontology/TraditionalChineseMedicineOntologyBasedonReasoner/ontology/Jingfang_Diagnosis.bpmn
14:51:24.188 [main] WARN io.camunda.zeebe.client.impl.ZeebeClientImpl -- ZeebeClient is deprecated and will be removed in version 8.10. Please migrate to io.camunda.client.CamundaClient.
WARNING: A terminally deprecated method in sun.misc.Unsafe has been called
WARNING: sun.misc.Unsafe::arrayBaseOffset has been called by com.google.protobuf.UnsafeUtil (file:/C:/Users/ocean/.m2/repository/com/google/protobuf/protobuf-java/4.34.2/protobuf-java-4.34.2.jar)
WARNING: Please consider reporting this to the maintainers of class com.google.protobuf.UnsafeUtil
WARNING: sun.misc.Unsafe::arrayBaseOffset will be removed in a future release
? 流程已部署，key=2251799815993963, version=22
? 已加载本体实例清单: 658 个（来源 D:\work\Ontology\TraditionalChineseMedicineOntologyBasedonReasonerMiniBOxTBoxABox\ontology）

===== 桂枝加芍药汤证 =====
八纲：{表里=[里证], 寒热=[], 虚实=[虚证], 阴阳=[阴证], bagangTypes=[里证, 虚证, 阴证]}
六经：太阴病
方证：桂枝加芍药汤证
推荐方剂：桂枝加芍药汤
药物组成：[大枣, 甘草, 桂枝, 芍药, 生姜]
六经列表：[太阴病]
合病标记：null
候选方证：[桂枝加芍药汤证, 理中汤证, 茯苓泽泻汤证, 苓甘五味加姜辛半夏杏仁汤证, 苓甘五味姜辛夏汤证, 乌头赤石脂丸证, 赤石脂禹余粮汤证, 甘草干姜茯苓白术汤证, 桂枝加大黄汤证, 桂枝加龙骨牡蛎汤证]
候选方证打分：[Guizhijiashaoyaotangzheng(hits=3/11, jaccard=0.25, prio=3), Lizhongtangzheng(hits=2/10, jaccard=0.17, prio=3), Fulingzexietangzheng(hits=2/11, jaccard=0.15, prio=3), Lingganwuweijiajiangxinbanxiaxingrentangzheng(hits=2/11, jaccard=0.15, prio=3), Lingganwuweijiangxinxiatangzheng(hits=2/11, jaccard=0.15, prio=3), Wutouchishizhiwanzheng(hits=2/12, jaccard=0.14, prio=1), Chishizhiyuyuliangtangzheng(hits=2/12, jaccard=0.14, prio=2), Gancaoganjiangfulingbaizhutangzheng(hits=2/12, jaccard=0.14, prio=3), Guizhijiadahuangtangzheng(hits=2/12, jaccard=0.14, prio=3), Guizhijialonggumulitangzheng(hits=2/12, jaccard=0.14, prio=3)]
兼夹证：[]
加味药物：[]
配伍禁忌警告：[]

===== 桂枝加大黄汤证 =====
八纲：{表里=[里证], 寒热=[], 虚实=[实证], 阴阳=[阴证], bagangTypes=[里证, 实证, 阴证]}
六经：太阴病
方证：桂枝加大黄汤证
推荐方剂：桂枝加大黄汤
药物组成：[大黄, 大枣, 甘草, 桂枝, 芍药, 生姜]
六经列表：[太阴病]
合病标记：null
候选方证：[桂枝加大黄汤证, 内补当归建中汤证, 理中汤证, 茯苓泽泻汤证, 桂枝加芍药汤证, 苓甘五味加姜辛半夏杏仁汤证, 苓甘五味姜辛夏汤证, 乌头赤石脂丸证, 赤石脂禹余粮汤证, 甘草干姜茯苓白术汤证]
候选方证打分：[Guizhijiadahuangtangzheng(hits=4/12, jaccard=0.31, prio=3), Neibudangguijianzhongtangzheng(hits=3/13, jaccard=0.20, prio=3), Lizhongtangzheng(hits=2/10, jaccard=0.15, prio=3), Fulingzexietangzheng(hits=2/11, jaccard=0.14, prio=3), Guizhijiashaoyaotangzheng(hits=2/11, jaccard=0.14, prio=3), Lingganwuweijiajiangxinbanxiaxingrentangzheng(hits=2/11, jaccard=0.14, prio=3), Lingganwuweijiangxinxiatangzheng(hits=2/11, jaccard=0.14, prio=3), Wutouchishizhiwanzheng(hits=2/12, jaccard=0.13, prio=1), Chishizhiyuyuliangtangzheng(hits=2/12, jaccard=0.13, prio=2), Gancaoganjiangfulingbaizhutangzheng(hits=2/12, jaccard=0.13, prio=3)]
兼夹证：[]
加味药物：[]
配伍禁忌警告：[]

===== 麻黄附子细辛汤证 =====
八纲：{表里=[表证], 寒热=[寒证], 虚实=[虚证], 阴阳=[阴证], bagangTypes=[表证, 寒证, 虚证, 阴证]}
六经：少阴病
方证：麻黄附子细辛汤证
推荐方剂：麻黄附子细辛汤
药物组成：[附子, 麻黄, 细辛]
六经列表：[少阴病]
合病标记：null
候选方证：[麻黄附子细辛汤证, 麻黄附子甘草汤证, 麻黄附子汤证, 四逆汤证, 茯苓四逆汤证, 通脉四逆汤证, 半夏散及汤证, 甘草汤证, 白通加猪胆汁汤证, 白通汤证]
候选方证打分：[Mahuangfuzixixintangzheng(hits=4/11, jaccard=0.31, prio=2), Mahuangfuzigancaotangzheng(hits=4/11, jaccard=0.31, prio=3), Mahuangfuzitangzheng(hits=4/14, jaccard=0.25, prio=3), Sinitangzheng(hits=3/10, jaccard=0.23, prio=1), Fulingsinitangzheng(hits=3/11, jaccard=0.21, prio=1), Tongmaisinitangzheng(hits=3/11, jaccard=0.21, prio=1), Banxiasanjitangzheng(hits=3/11, jaccard=0.21, prio=5), Gancaotangzheng(hits=3/11, jaccard=0.21, prio=5), Baitongjiazhudanzhitangzheng(hits=3/12, jaccard=0.20, prio=1), Baitongtangzheng(hits=3/12, jaccard=0.20, prio=1)]
兼夹证：[]
加味药物：[]
配伍禁忌警告：[]

===== 麻黄附子甘草汤证 =====
八纲：{表里=[表证], 寒热=[寒证], 虚实=[虚证], 阴阳=[阴证], bagangTypes=[表证, 寒证, 虚证, 阴证]}
六经：少阴病
方证：麻黄附子甘草汤证
推荐方剂：麻黄附子甘草汤
药物组成：[附子, 甘草, 麻黄]
六经列表：[少阴病]
合病标记：null
候选方证：[麻黄附子甘草汤证, 四逆汤证, 茯苓四逆汤证, 通脉四逆汤证, 麻黄附子细辛汤证, 半夏散及汤证, 甘草汤证, 白通加猪胆汁汤证, 白通汤证, 干姜附子汤证]
候选方证打分：[Mahuangfuzigancaotangzheng(hits=4/11, jaccard=0.36, prio=3), Sinitangzheng(hits=3/10, jaccard=0.27, prio=1), Fulingsinitangzheng(hits=3/11, jaccard=0.25, prio=1), Tongmaisinitangzheng(hits=3/11, jaccard=0.25, prio=1), Mahuangfuzixixintangzheng(hits=3/11, jaccard=0.25, prio=2), Banxiasanjitangzheng(hits=3/11, jaccard=0.25, prio=5), Gancaotangzheng(hits=3/11, jaccard=0.25, prio=5), Baitongjiazhudanzhitangzheng(hits=3/12, jaccard=0.23, prio=1), Baitongtangzheng(hits=3/12, jaccard=0.23, prio=1), Ganjiangfuzitangzheng(hits=3/12, jaccard=0.23, prio=1)]
兼夹证：[]
加味药物：[]
配伍禁忌警告：[]

===== 麻黄附子汤证 =====
八纲：{表里=[表证], 寒热=[寒证], 虚实=[虚证], 阴阳=[阴证], bagangTypes=[表证, 寒证, 虚证, 阴证]}
六经：少阴病
方证：麻黄附子汤证
推荐方剂：麻黄附子汤
药物组成：[附子, 甘草, 麻黄]
六经列表：[少阴病]
合病标记：null
候选方证：[麻黄附子汤证, 桃花汤证, 四逆汤证, 茯苓四逆汤证, 通脉四逆汤证, 麻黄附子细辛汤证, 麻黄附子甘草汤证, 半夏散及汤证, 甘草汤证, 白通加猪胆汁汤证]
候选方证打分：[Mahuangfuzitangzheng(hits=6/14, jaccard=0.43, prio=3), Taohuatangzheng(hits=3/13, jaccard=0.19, prio=1), Sinitangzheng(hits=2/10, jaccard=0.14, prio=1), Fulingsinitangzheng(hits=2/11, jaccard=0.13, prio=1), Tongmaisinitangzheng(hits=2/11, jaccard=0.13, prio=1), Mahuangfuzixixintangzheng(hits=2/11, jaccard=0.13, prio=2), Mahuangfuzigancaotangzheng(hits=2/11, jaccard=0.13, prio=3), Banxiasanjitangzheng(hits=2/11, jaccard=0.13, prio=5), Gancaotangzheng(hits=2/11, jaccard=0.13, prio=5), Baitongjiazhudanzhitangzheng(hits=2/12, jaccard=0.13, prio=1)]
兼夹证：[]
加味药物：[]
配伍禁忌警告：[]

===== 射干麻黄汤证 =====
八纲：{表里=[里证], 寒热=[寒证], 虚实=[实证], 阴阳=[阴证], bagangTypes=[寒证, 里证, 实证, 阴证]}
六经：太阴病
方证：射干麻黄汤证
推荐方剂：射干麻黄汤
药物组成：[半夏, 大枣, 款冬花, 麻黄, 射干, 生姜, 五味子, 细辛, 紫菀]
六经列表：[太阴病]
合病标记：null
候选方证：[射干麻黄汤证, 苓桂术甘汤证, 理中汤证, 茯苓泽泻汤证, 桂枝加芍药汤证, 苓甘五味加姜辛半夏杏仁汤证, 苓甘五味姜辛夏汤证, 乌头赤石脂丸证, 赤石脂禹余粮汤证, 甘草干姜茯苓白术汤证]
候选方证打分：[Sheganmahuangtangzheng(hits=4/12, jaccard=0.31, prio=3), Lingguizhugantangzheng(hits=3/16, jaccard=0.17, prio=3), Lizhongtangzheng(hits=2/10, jaccard=0.15, prio=3), Fulingzexietangzheng(hits=2/11, jaccard=0.14, prio=3), Guizhijiashaoyaotangzheng(hits=2/11, jaccard=0.14, prio=3), Lingganwuweijiajiangxinbanxiaxingrentangzheng(hits=2/11, jaccard=0.14, prio=3), Lingganwuweijiangxinxiatangzheng(hits=2/11, jaccard=0.14, prio=3), Wutouchishizhiwanzheng(hits=2/12, jaccard=0.13, prio=1), Chishizhiyuyuliangtangzheng(hits=2/12, jaccard=0.13, prio=2), Gancaoganjiangfulingbaizhutangzheng(hits=2/12, jaccard=0.13, prio=3)]
兼夹证：[]
加味药物：[]
配伍禁忌警告：[]

===== 越婢加半夏汤证 =====
八纲：{表里=[里证], 寒热=[热证], 虚实=[实证], 阴阳=[阳证, 阴证], bagangTypes=[里证, 热证, 实证, 阳证, 阴证]}
六经：太阴病
方证：越婢加半夏汤证
推荐方剂：越婢加半夏汤
药物组成：[半夏, 大枣, 甘草, 麻黄, 生姜, 石膏]
六经列表：[太阴病]
合病标记：null
候选方证：[越婢加半夏汤证, 苓甘五味加姜辛半杏大黄汤证, 苓甘五味姜辛汤证, 苓桂术甘汤证, 理中汤证, 茯苓泽泻汤证, 桂枝加芍药汤证, 苓甘五味加姜辛半夏杏仁汤证, 苓甘五味姜辛夏汤证, 乌头赤石脂丸证]
候选方证打分：[Yuebijiabanxiatangzheng(hits=5/13, jaccard=0.33, prio=3), Lingganwuweijiajiangxinbanxingdahuangtangzheng(hits=4/14, jaccard=0.24, prio=3), Lingganwuweijiangxintangzheng(hits=3/12, jaccard=0.19, prio=3), Lingguizhugantangzheng(hits=3/16, jaccard=0.15, prio=3), Lizhongtangzheng(hits=2/10, jaccard=0.13, prio=3), Fulingzexietangzheng(hits=2/11, jaccard=0.13, prio=3), Guizhijiashaoyaotangzheng(hits=2/11, jaccard=0.13, prio=3), Lingganwuweijiajiangxinbanxiaxingrentangzheng(hits=2/11, jaccard=0.13, prio=3), Lingganwuweijiangxinxiatangzheng(hits=2/11, jaccard=0.13, prio=3), Wutouchishizhiwanzheng(hits=2/12, jaccard=0.12, prio=1)]
兼夹证：[]
加味药物：[]
配伍禁忌警告：[]

===== 理中汤证 =====
八纲：{表里=[里证], 寒热=[寒证], 虚实=[虚证], 阴阳=[阴证], bagangTypes=[寒证, 里证, 虚证, 阴证]}
六经：太阴病
方证：理中汤证
推荐方剂：理中汤
药物组成：[白术, 甘草, 干姜, 人参]
六经列表：[太阴病]
合病标记：null
候选方证：[理中汤证, 茯苓泽泻汤证, 桂枝加芍药汤证, 苓甘五味加姜辛半夏杏仁汤证, 苓甘五味姜辛夏汤证, 乌头赤石脂丸证, 赤石脂禹余粮汤证, 甘草干姜茯苓白术汤证, 桂枝加大黄汤证, 桂枝加龙骨牡蛎汤证]
候选方证打分：[Lizhongtangzheng(hits=5/10, jaccard=0.42, prio=3), Fulingzexietangzheng(hits=5/11, jaccard=0.38, prio=3), Guizhijiashaoyaotangzheng(hits=5/11, jaccard=0.38, prio=3), Lingganwuweijiajiangxinbanxiaxingrentangzheng(hits=5/11, jaccard=0.38, prio=3), Lingganwuweijiangxinxiatangzheng(hits=5/11, jaccard=0.38, prio=3), Wutouchishizhiwanzheng(hits=5/12, jaccard=0.36, prio=1), Chishizhiyuyuliangtangzheng(hits=5/12, jaccard=0.36, prio=2), Gancaoganjiangfulingbaizhutangzheng(hits=5/12, jaccard=0.36, prio=3), Guizhijiadahuangtangzheng(hits=5/12, jaccard=0.36, prio=3), Guizhijialonggumulitangzheng(hits=5/12, jaccard=0.36, prio=3)]
兼夹证：[]
加味药物：[]
配伍禁忌警告：[]

===== 四逆汤证 =====
八纲：{表里=[表证, 里证], 寒热=[寒证], 虚实=[虚证], 阴阳=[阴证], bagangTypes=[表证, 寒证, 里证, 虚证, 阴证]}
六经：太阴少阴合病
方证：四逆汤证
推荐方剂：四逆汤
药物组成：[附子, 甘草, 干姜]
六经列表：[少阴病, 太阴病]
合病标记：太阴少阴合病
候选方证：[四逆汤证, 桂苓五味甘草汤证, 理中汤证, 茯苓四逆汤证, 通脉四逆汤证, 麻黄附子细辛汤证, 茯苓泽泻汤证, 桂枝加芍药汤证, 苓甘五味加姜辛半夏杏仁汤证, 苓甘五味姜辛夏汤证]
候选方证打分：[Sinitangzheng(hits=5/10, jaccard=0.38, prio=1), Guilingwuweigancaotangzheng(hits=6/13, jaccard=0.40, prio=3), Lizhongtangzheng(hits=5/10, jaccard=0.38, prio=3), Fulingsinitangzheng(hits=5/11, jaccard=0.36, prio=1), Tongmaisinitangzheng(hits=5/11, jaccard=0.36, prio=1), Mahuangfuzixixintangzheng(hits=5/11, jaccard=0.36, prio=2), Fulingzexietangzheng(hits=5/11, jaccard=0.36, prio=3), Guizhijiashaoyaotangzheng(hits=5/11, jaccard=0.36, prio=3), Lingganwuweijiajiangxinbanxiaxingrentangzheng(hits=5/11, jaccard=0.36, prio=3), Lingganwuweijiangxinxiatangzheng(hits=5/11, jaccard=0.36, prio=3)]
兼夹证：[]
加味药物：[]
配伍禁忌警告：[]

===== 通脉四逆加猪胆汁汤证 =====
八纲：{表里=[表证, 里证], 寒热=[寒证], 虚实=[虚证], 阴阳=[阴证], bagangTypes=[表证, 寒证, 里证, 虚证, 阴证]}
六经：少阴病
方证：通脉四逆加猪胆汁汤证
推荐方剂：Tongmaisinijiazhudanzhitang
药物组成：[]
六经列表：[少阴病]
合病标记：null
候选方证：[通脉四逆加猪胆汁汤证, 白通加猪胆汁汤证, 白通汤证, 四逆汤证, 茯苓四逆汤证, 通脉四逆汤证, 麻黄附子细辛汤证, 麻黄附子甘草汤证, 半夏散及汤证, 甘草汤证]
候选方证打分：[Tongmaisinijiazhudanzhitangzheng(hits=4/12, jaccard=0.29, prio=1), Baitongjiazhudanzhitangzheng(hits=3/12, jaccard=0.20, prio=1), Baitongtangzheng(hits=3/12, jaccard=0.20, prio=1), Sinitangzheng(hits=2/10, jaccard=0.14, prio=1), Fulingsinitangzheng(hits=2/11, jaccard=0.13, prio=1), Tongmaisinitangzheng(hits=2/11, jaccard=0.13, prio=1), Mahuangfuzixixintangzheng(hits=2/11, jaccard=0.13, prio=2), Mahuangfuzigancaotangzheng(hits=2/11, jaccard=0.13, prio=3), Banxiasanjitangzheng(hits=2/11, jaccard=0.13, prio=5), Gancaotangzheng(hits=2/11, jaccard=0.13, prio=5)]
兼夹证：[]
加味药物：[]
配伍禁忌警告：[]

===== 四逆加人参汤证 =====
八纲：{表里=[表证, 里证], 寒热=[寒证], 虚实=[虚证], 阴阳=[阴证], bagangTypes=[表证, 寒证, 里证, 虚证, 阴证]}
六经：少阴病
方证：四逆加人参汤证
推荐方剂：四逆加人参汤
药物组成：[附子, 甘草, 干姜, 人参]
六经列表：[少阴病]
合病标记：null
候选方证：[四逆加人参汤证, 麻黄附子甘草汤证, 白通汤证, 四逆汤证, 茯苓四逆汤证, 通脉四逆汤证, 麻黄附子细辛汤证, 半夏散及汤证, 甘草汤证, 白通加猪胆汁汤证]
候选方证打分：[Sinijiarenshentangzheng(hits=5/12, jaccard=0.36, prio=1), Mahuangfuzigancaotangzheng(hits=4/11, jaccard=0.29, prio=3), Baitongtangzheng(hits=4/12, jaccard=0.27, prio=1), Sinitangzheng(hits=3/10, jaccard=0.21, prio=1), Fulingsinitangzheng(hits=3/11, jaccard=0.20, prio=1), Tongmaisinitangzheng(hits=3/11, jaccard=0.20, prio=1), Mahuangfuzixixintangzheng(hits=3/11, jaccard=0.20, prio=2), Banxiasanjitangzheng(hits=3/11, jaccard=0.20, prio=5), Gancaotangzheng(hits=3/11, jaccard=0.20, prio=5), Baitongjiazhudanzhitangzheng(hits=3/12, jaccard=0.19, prio=1)]
兼夹证：[]
加味药物：[]
配伍禁忌警告：[]

===== 茯苓四逆汤证 =====
八纲：{表里=[表证], 寒热=[热证], 虚实=[], 阴阳=[阳证], bagangTypes=[表证, 热证, 阳证]}
六经：太阳病
方证：桂枝二越婢一汤证
推荐方剂：桂枝二越婢一汤
药物组成：[大枣, 甘草, 桂枝, 麻黄, 芍药, 生姜, 石膏]
六经列表：[太阳病]
合病标记：null
候选方证：[桂枝二越婢一汤证, 茯苓桂枝甘草大枣汤证, 桂枝二麻黄一汤证, 桂枝麻黄各半汤证, 黄芩汤证, 黄芩加半夏生姜汤证, 茯苓甘草汤证, 苓桂术甘汤证, 柴胡桂枝汤证, 厚朴七物汤证]
候选方证打分：[Guizhieryuebiyitangzheng(hits=3/7, jaccard=0.33, prio=3), Fulingguizhigancaodazaotangzheng(hits=2/5, jaccard=0.25, prio=3), Guizhiermahuangyitangzheng(hits=2/6, jaccard=0.22, prio=3), Guizhimahuanggebantangzheng(hits=2/6, jaccard=0.22, prio=3), Huangqintangzheng(hits=2/13, jaccard=0.13, prio=3), Huangqinjiabanxiashengjiangtangzheng(hits=2/14, jaccard=0.12, prio=3), Fulinggancaotangzheng(hits=2/16, jaccard=0.11, prio=3), Lingguizhugantangzheng(hits=2/16, jaccard=0.11, prio=3), Chaihuguizhitangzheng(hits=2/17, jaccard=0.10, prio=3), Houpoqiwutangzheng(hits=2/20, jaccard=0.09, prio=2)]
兼夹证：[]
加味药物：[]
配伍禁忌警告：[]

===== 白通汤证 =====
八纲：{表里=[表证, 里证], 寒热=[寒证], 虚实=[虚证], 阴阳=[阴证], bagangTypes=[表证, 寒证, 里证, 虚证, 阴证]}
六经：少阴病
方证：白通汤证
推荐方剂：白通汤
药物组成：[葱白, 附子, 干姜]
六经列表：[少阴病]
合病标记：null
候选方证：[白通汤证, 麻黄附子甘草汤证, 四逆汤证, 茯苓四逆汤证, 通脉四逆汤证, 麻黄附子细辛汤证, 半夏散及汤证, 甘草汤证, 白通加猪胆汁汤证, 干姜附子汤证]
候选方证打分：[Baitongtangzheng(hits=5/12, jaccard=0.38, prio=1), Mahuangfuzigancaotangzheng(hits=4/11, jaccard=0.31, prio=3), Sinitangzheng(hits=3/10, jaccard=0.23, prio=1), Fulingsinitangzheng(hits=3/11, jaccard=0.21, prio=1), Tongmaisinitangzheng(hits=3/11, jaccard=0.21, prio=1), Mahuangfuzixixintangzheng(hits=3/11, jaccard=0.21, prio=2), Banxiasanjitangzheng(hits=3/11, jaccard=0.21, prio=5), Gancaotangzheng(hits=3/11, jaccard=0.21, prio=5), Baitongjiazhudanzhitangzheng(hits=3/12, jaccard=0.20, prio=1), Ganjiangfuzitangzheng(hits=3/12, jaccard=0.20, prio=1)]
兼夹证：[]
加味药物：[]
配伍禁忌警告：[]

===== 白通加猪胆汁汤证 =====
八纲：{表里=[表证, 里证], 寒热=[寒证, 热证], 虚实=[虚证], 阴阳=[阴证], bagangTypes=[表证, 寒证, 里证, 热证, 虚证, 阴证]}
六经：少阴病
方证：白通加猪胆汁汤证
推荐方剂：白通加猪胆汁汤
药物组成：[葱白, 附子, 干姜, 人尿, 猪胆汁]
六经列表：[少阴病]
合病标记：null
候选方证：[白通加猪胆汁汤证, 白通汤证, 黄连阿胶汤证, 通脉四逆加猪胆汁汤证, 四逆汤证, 茯苓四逆汤证, 通脉四逆汤证, 麻黄附子细辛汤证, 麻黄附子甘草汤证, 半夏散及汤证]
候选方证打分：[Baitongjiazhudanzhitangzheng(hits=5/12, jaccard=0.36, prio=1), Baitongtangzheng(hits=4/12, jaccard=0.27, prio=1), Huanglianejiaotangzheng(hits=4/12, jaccard=0.27, prio=1), Tongmaisinijiazhudanzhitangzheng(hits=4/12, jaccard=0.27, prio=1), Sinitangzheng(hits=3/10, jaccard=0.21, prio=1), Fulingsinitangzheng(hits=3/11, jaccard=0.20, prio=1), Tongmaisinitangzheng(hits=3/11, jaccard=0.20, prio=1), Mahuangfuzixixintangzheng(hits=3/11, jaccard=0.20, prio=2), Mahuangfuzigancaotangzheng(hits=3/11, jaccard=0.20, prio=3), Banxiasanjitangzheng(hits=3/11, jaccard=0.20, prio=5)]
兼夹证：[]
加味药物：[]
配伍禁忌警告：[]

===== 干姜附子汤证 =====
八纲：{表里=[表证, 里证], 寒热=[寒证], 虚实=[虚证], 阴阳=[阴证], bagangTypes=[表证, 寒证, 里证, 虚证, 阴证]}
六经：少阴病
方证：干姜附子汤证
推荐方剂：干姜附子汤
药物组成：[附子, 干姜]
六经列表：[少阴病]
合病标记：null
候选方证：[干姜附子汤证, 茯苓四逆汤证, 四逆汤证, 通脉四逆汤证, 麻黄附子细辛汤证, 麻黄附子甘草汤证, 半夏散及汤证, 甘草汤证, 白通加猪胆汁汤证, 白通汤证]
候选方证打分：[Ganjiangfuzitangzheng(hits=4/12, jaccard=0.33, prio=1), Fulingsinitangzheng(hits=3/11, jaccard=0.25, prio=1), Sinitangzheng(hits=2/10, jaccard=0.17, prio=1), Tongmaisinitangzheng(hits=2/11, jaccard=0.15, prio=1), Mahuangfuzixixintangzheng(hits=2/11, jaccard=0.15, prio=2), Mahuangfuzigancaotangzheng(hits=2/11, jaccard=0.15, prio=3), Banxiasanjitangzheng(hits=2/11, jaccard=0.15, prio=5), Gancaotangzheng(hits=2/11, jaccard=0.15, prio=5), Baitongjiazhudanzhitangzheng(hits=2/12, jaccard=0.14, prio=1), Baitongtangzheng(hits=2/12, jaccard=0.14, prio=1)]
兼夹证：[]
加味药物：[]
配伍禁忌警告：[]

===== 真武汤证 =====
八纲：{表里=[表证], 寒热=[], 虚实=[虚证], 阴阳=[阴证], bagangTypes=[表证, 虚证, 阴证]}
六经：少阴病
方证：真武汤证
推荐方剂：真武汤
药物组成：[白术, 茯苓, 附子, 芍药, 生姜]
六经列表：[少阴病]
合病标记：null
候选方证：[真武汤证, 桃花汤证, 麻黄附子甘草汤证, 麻黄附子汤证, 四逆汤证, 茯苓四逆汤证, 通脉四逆汤证, 麻黄附子细辛汤证, 半夏散及汤证, 甘草汤证]
候选方证打分：[Zhenwutangzheng(hits=8/15, jaccard=0.44, prio=3), Taohuatangzheng(hits=6/13, jaccard=0.33, prio=1), Mahuangfuzigancaotangzheng(hits=5/11, jaccard=0.29, prio=3), Mahuangfuzitangzheng(hits=5/14, jaccard=0.25, prio=3), Sinitangzheng(hits=4/10, jaccard=0.24, prio=1), Fulingsinitangzheng(hits=4/11, jaccard=0.22, prio=1), Tongmaisinitangzheng(hits=4/11, jaccard=0.22, prio=1), Mahuangfuzixixintangzheng(hits=4/11, jaccard=0.22, prio=2), Banxiasanjitangzheng(hits=4/11, jaccard=0.22, prio=5), Gancaotangzheng(hits=4/11, jaccard=0.22, prio=5)]
兼夹证：[]
加味药物：[]
配伍禁忌警告：[]

===== 附子汤证 =====
八纲：{表里=[表证], 寒热=[寒证], 虚实=[虚证], 阴阳=[阴证], bagangTypes=[表证, 寒证, 虚证, 阴证]}
六经：少阴病
方证：附子汤证
推荐方剂：附子汤
药物组成：[白术, 茯苓, 附子, 人参, 芍药]
六经列表：[少阴病]
合病标记：null
候选方证：[附子汤证, 四逆汤证, 茯苓四逆汤证, 通脉四逆汤证, 麻黄附子细辛汤证, 麻黄附子甘草汤证, 半夏散及汤证, 甘草汤证, 白通加猪胆汁汤证, 白通汤证]
候选方证打分：[Fuzitangzheng(hits=6/13, jaccard=0.46, prio=3), Sinitangzheng(hits=3/10, jaccard=0.23, prio=1), Fulingsinitangzheng(hits=3/11, jaccard=0.21, prio=1), Tongmaisinitangzheng(hits=3/11, jaccard=0.21, prio=1), Mahuangfuzixixintangzheng(hits=3/11, jaccard=0.21, prio=2), Mahuangfuzigancaotangzheng(hits=3/11, jaccard=0.21, prio=3), Banxiasanjitangzheng(hits=3/11, jaccard=0.21, prio=5), Gancaotangzheng(hits=3/11, jaccard=0.21, prio=5), Baitongjiazhudanzhitangzheng(hits=3/12, jaccard=0.20, prio=1), Baitongtangzheng(hits=3/12, jaccard=0.20, prio=1)]
兼夹证：[]
加味药物：[]
配伍禁忌警告：[]

===== 桃花汤证 =====
八纲：{表里=[表证, 里证], 寒热=[寒证], 虚实=[虚证], 阴阳=[阴证], bagangTypes=[表证, 寒证, 里证, 虚证, 阴证]}
六经：少阴病
方证：桃花汤证
推荐方剂：桃花汤
药物组成：[赤石脂, 干姜, 粳米]
六经列表：[少阴病]
合病标记：null
候选方证：[桃花汤证, 麻黄附子汤证, 真武汤证, 四逆汤证, 茯苓四逆汤证, 通脉四逆汤证, 麻黄附子细辛汤证, 麻黄附子甘草汤证, 半夏散及汤证, 甘草汤证]
候选方证打分：[Taohuatangzheng(hits=5/13, jaccard=0.38, prio=1), Mahuangfuzitangzheng(hits=3/14, jaccard=0.19, prio=3), Zhenwutangzheng(hits=3/15, jaccard=0.18, prio=3), Sinitangzheng(hits=2/10, jaccard=0.15, prio=1), Fulingsinitangzheng(hits=2/11, jaccard=0.14, prio=1), Tongmaisinitangzheng(hits=2/11, jaccard=0.14, prio=1), Mahuangfuzixixintangzheng(hits=2/11, jaccard=0.14, prio=2), Mahuangfuzigancaotangzheng(hits=2/11, jaccard=0.14, prio=3), Banxiasanjitangzheng(hits=2/11, jaccard=0.14, prio=5), Gancaotangzheng(hits=2/11, jaccard=0.14, prio=5)]
兼夹证：[]
加味药物：[]
配伍禁忌警告：[]

===== 黄连阿胶汤证 =====
八纲：{表里=[表证], 寒热=[热证], 虚实=[虚证], 阴阳=[阴证], bagangTypes=[表证, 热证, 虚证, 阴证]}
六经：少阴病
方证：黄连阿胶汤证
推荐方剂：黄连阿胶汤
药物组成：[阿胶, 黄连, 黄芩, 鸡子黄, 芍药]
六经列表：[少阴病]
合病标记：null
候选方证：[黄连阿胶汤证, 四逆汤证, 茯苓四逆汤证, 通脉四逆汤证, 麻黄附子细辛汤证, 麻黄附子甘草汤证, 半夏散及汤证, 甘草汤证, 白通加猪胆汁汤证, 白通汤证]
候选方证打分：[Huanglianejiaotangzheng(hits=3/12, jaccard=0.20, prio=1), Sinitangzheng(hits=2/10, jaccard=0.14, prio=1), Fulingsinitangzheng(hits=2/11, jaccard=0.13, prio=1), Tongmaisinitangzheng(hits=2/11, jaccard=0.13, prio=1), Mahuangfuzixixintangzheng(hits=2/11, jaccard=0.13, prio=2), Mahuangfuzigancaotangzheng(hits=2/11, jaccard=0.13, prio=3), Banxiasanjitangzheng(hits=2/11, jaccard=0.13, prio=5), Gancaotangzheng(hits=2/11, jaccard=0.13, prio=5), Baitongjiazhudanzhitangzheng(hits=2/12, jaccard=0.13, prio=1), Baitongtangzheng(hits=2/12, jaccard=0.13, prio=1)]
兼夹证：[]
加味药物：[]
配伍禁忌警告：[]

===== 猪肤汤证 =====
八纲：{表里=[表证], 寒热=[热证], 虚实=[虚证], 阴阳=[阴证], bagangTypes=[表证, 热证, 虚证, 阴证]}
六经：少阴病
方证：猪肤汤证
推荐方剂：猪肤汤
药物组成：[白粉, 蜜, 猪肤]
六经列表：[少阴病]
合病标记：null
候选方证：[猪肤汤证, 半夏散及汤证, 甘草汤证, 黄连阿胶汤证, 桔梗汤证, 四逆汤证, 茯苓四逆汤证, 通脉四逆汤证, 麻黄附子细辛汤证, 麻黄附子甘草汤证]
候选方证打分：[Zhufutangzheng(hits=5/12, jaccard=0.33, prio=5), Banxiasanjitangzheng(hits=4/11, jaccard=0.27, prio=5), Gancaotangzheng(hits=4/11, jaccard=0.27, prio=5), Huanglianejiaotangzheng(hits=4/12, jaccard=0.25, prio=1), Jiegengtangzheng(hits=4/13, jaccard=0.24, prio=5), Sinitangzheng(hits=3/10, jaccard=0.20, prio=1), Fulingsinitangzheng(hits=3/11, jaccard=0.19, prio=1), Tongmaisinitangzheng(hits=3/11, jaccard=0.19, prio=1), Mahuangfuzixixintangzheng(hits=3/11, jaccard=0.19, prio=2), Mahuangfuzigancaotangzheng(hits=3/11, jaccard=0.19, prio=3)]
兼夹证：[]
加味药物：[]
配伍禁忌警告：[]

===== 甘草汤证 =====
八纲：{表里=[表证], 寒热=[寒证], 虚实=[虚证], 阴阳=[阴证], bagangTypes=[表证, 寒证, 虚证, 阴证]}
六经：少阴病
方证：半夏散及汤证
推荐方剂：半夏散及汤
药物组成：[半夏, 甘草, 桂枝]
六经列表：[少阴病]
合病标记：null
候选方证：[半夏散及汤证, 甘草汤证, 猪肤汤证, 桔梗汤证, 四逆汤证, 茯苓四逆汤证, 通脉四逆汤证, 麻黄附子细辛汤证, 麻黄附子甘草汤证, 白通加猪胆汁汤证]
候选方证打分：[Banxiasanjitangzheng(hits=3/11, jaccard=0.25, prio=5), Gancaotangzheng(hits=3/11, jaccard=0.25, prio=5), Zhufutangzheng(hits=3/12, jaccard=0.23, prio=5), Jiegengtangzheng(hits=3/13, jaccard=0.21, prio=5), Sinitangzheng(hits=2/10, jaccard=0.17, prio=1), Fulingsinitangzheng(hits=2/11, jaccard=0.15, prio=1), Tongmaisinitangzheng(hits=2/11, jaccard=0.15, prio=1), Mahuangfuzixixintangzheng(hits=2/11, jaccard=0.15, prio=2), Mahuangfuzigancaotangzheng(hits=2/11, jaccard=0.15, prio=3), Baitongjiazhudanzhitangzheng(hits=2/12, jaccard=0.14, prio=1)]
兼夹证：[]
加味药物：[]
配伍禁忌警告：[]

===== 桔梗汤证 =====
八纲：{表里=[表证], 寒热=[热证], 虚实=[虚证], 阴阳=[阴证], bagangTypes=[表证, 热证, 虚证, 阴证]}
六经：少阴病
方证：桔梗汤证
推荐方剂：桔梗汤
药物组成：[甘草, 桔梗]
六经列表：[少阴病]
合病标记：null
候选方证：[桔梗汤证, 半夏散及汤证, 甘草汤证, 猪肤汤证, 四逆汤证, 茯苓四逆汤证, 通脉四逆汤证, 麻黄附子细辛汤证, 麻黄附子甘草汤证, 白通加猪胆汁汤证]
候选方证打分：[Jiegengtangzheng(hits=5/13, jaccard=0.36, prio=5), Banxiasanjitangzheng(hits=3/11, jaccard=0.21, prio=5), Gancaotangzheng(hits=3/11, jaccard=0.21, prio=5), Zhufutangzheng(hits=3/12, jaccard=0.20, prio=5), Sinitangzheng(hits=2/10, jaccard=0.14, prio=1), Fulingsinitangzheng(hits=2/11, jaccard=0.13, prio=1), Tongmaisinitangzheng(hits=2/11, jaccard=0.13, prio=1), Mahuangfuzixixintangzheng(hits=2/11, jaccard=0.13, prio=2), Mahuangfuzigancaotangzheng(hits=2/11, jaccard=0.13, prio=3), Baitongjiazhudanzhitangzheng(hits=2/12, jaccard=0.13, prio=1)]
兼夹证：[]
加味药物：[]
配伍禁忌警告：[]

===== 半夏散及汤证 =====
八纲：{表里=[表证], 寒热=[寒证], 虚实=[虚证], 阴阳=[阴证], bagangTypes=[表证, 寒证, 虚证, 阴证]}
六经：少阴病
方证：半夏散及汤证
推荐方剂：半夏散及汤
药物组成：[半夏, 甘草, 桂枝]
六经列表：[少阴病]
合病标记：null
候选方证：[半夏散及汤证, 甘草汤证, 猪肤汤证, 桔梗汤证, 四逆汤证, 茯苓四逆汤证, 通脉四逆汤证, 麻黄附子细辛汤证, 麻黄附子甘草汤证, 白通加猪胆汁汤证]
候选方证打分：[Banxiasanjitangzheng(hits=3/11, jaccard=0.25, prio=5), Gancaotangzheng(hits=3/11, jaccard=0.25, prio=5), Zhufutangzheng(hits=3/12, jaccard=0.23, prio=5), Jiegengtangzheng(hits=3/13, jaccard=0.21, prio=5), Sinitangzheng(hits=2/10, jaccard=0.17, prio=1), Fulingsinitangzheng(hits=2/11, jaccard=0.15, prio=1), Tongmaisinitangzheng(hits=2/11, jaccard=0.15, prio=1), Mahuangfuzixixintangzheng(hits=2/11, jaccard=0.15, prio=2), Mahuangfuzigancaotangzheng(hits=2/11, jaccard=0.15, prio=3), Baitongjiazhudanzhitangzheng(hits=2/12, jaccard=0.14, prio=1)]
兼夹证：[]
加味药物：[]
配伍禁忌警告：[]

===== 苦酒汤证 =====
八纲：{表里=[表证], 寒热=[热证], 虚实=[虚证], 阴阳=[阴证], bagangTypes=[表证, 热证, 虚证, 阴证]}
六经：少阴病
方证：苦酒汤证
推荐方剂：苦酒汤
药物组成：[半夏, 鸡子黄, 苦酒]
六经列表：[少阴病]
合病标记：null
候选方证：[苦酒汤证, 四逆汤证, 茯苓四逆汤证, 通脉四逆汤证, 麻黄附子细辛汤证, 麻黄附子甘草汤证, 半夏散及汤证, 甘草汤证, 白通加猪胆汁汤证, 白通汤证]
候选方证打分：[Kujiutangzheng(hits=3/12, jaccard=0.21, prio=5), Sinitangzheng(hits=2/10, jaccard=0.15, prio=1), Fulingsinitangzheng(hits=2/11, jaccard=0.14, prio=1), Tongmaisinitangzheng(hits=2/11, jaccard=0.14, prio=1), Mahuangfuzixixintangzheng(hits=2/11, jaccard=0.14, prio=2), Mahuangfuzigancaotangzheng(hits=2/11, jaccard=0.14, prio=3), Banxiasanjitangzheng(hits=2/11, jaccard=0.14, prio=5), Gancaotangzheng(hits=2/11, jaccard=0.14, prio=5), Baitongjiazhudanzhitangzheng(hits=2/12, jaccard=0.13, prio=1), Baitongtangzheng(hits=2/12, jaccard=0.13, prio=1)]
兼夹证：[]
加味药物：[]
配伍禁忌警告：[]

===== 附子汤证 =====
八纲：{表里=[表证], 寒热=[寒证], 虚实=[虚证], 阴阳=[阴证], bagangTypes=[表证, 寒证, 虚证, 阴证]}
六经：少阴病
方证：附子汤证
推荐方剂：附子汤
药物组成：[白术, 茯苓, 附子, 人参, 芍药]
六经列表：[少阴病]
合病标记：null
候选方证：[附子汤证, 四逆汤证, 茯苓四逆汤证, 通脉四逆汤证, 麻黄附子细辛汤证, 麻黄附子甘草汤证, 半夏散及汤证, 甘草汤证, 白通加猪胆汁汤证, 白通汤证]
候选方证打分：[Fuzitangzheng(hits=6/13, jaccard=0.46, prio=3), Sinitangzheng(hits=3/10, jaccard=0.23, prio=1), Fulingsinitangzheng(hits=3/11, jaccard=0.21, prio=1), Tongmaisinitangzheng(hits=3/11, jaccard=0.21, prio=1), Mahuangfuzixixintangzheng(hits=3/11, jaccard=0.21, prio=2), Mahuangfuzigancaotangzheng(hits=3/11, jaccard=0.21, prio=3), Banxiasanjitangzheng(hits=3/11, jaccard=0.21, prio=5), Gancaotangzheng(hits=3/11, jaccard=0.21, prio=5), Baitongjiazhudanzhitangzheng(hits=3/12, jaccard=0.20, prio=1), Baitongtangzheng(hits=3/12, jaccard=0.20, prio=1)]
兼夹证：[]
加味药物：[]
配伍禁忌警告：[]

===== 干姜附子汤证 =====
八纲：{表里=[表证, 里证], 寒热=[寒证], 虚实=[虚证], 阴阳=[阴证], bagangTypes=[表证, 寒证, 里证, 虚证, 阴证]}
六经：少阴病
方证：干姜附子汤证
推荐方剂：干姜附子汤
药物组成：[附子, 干姜]
六经列表：[少阴病]
合病标记：null
候选方证：[干姜附子汤证, 茯苓四逆汤证, 四逆汤证, 通脉四逆汤证, 麻黄附子细辛汤证, 麻黄附子甘草汤证, 半夏散及汤证, 甘草汤证, 白通加猪胆汁汤证, 白通汤证]
候选方证打分：[Ganjiangfuzitangzheng(hits=4/12, jaccard=0.33, prio=1), Fulingsinitangzheng(hits=3/11, jaccard=0.25, prio=1), Sinitangzheng(hits=2/10, jaccard=0.17, prio=1), Tongmaisinitangzheng(hits=2/11, jaccard=0.15, prio=1), Mahuangfuzixixintangzheng(hits=2/11, jaccard=0.15, prio=2), Mahuangfuzigancaotangzheng(hits=2/11, jaccard=0.15, prio=3), Banxiasanjitangzheng(hits=2/11, jaccard=0.15, prio=5), Gancaotangzheng(hits=2/11, jaccard=0.15, prio=5), Baitongjiazhudanzhitangzheng(hits=2/12, jaccard=0.14, prio=1), Baitongtangzheng(hits=2/12, jaccard=0.14, prio=1)]
兼夹证：[]
加味药物：[]
配伍禁忌警告：[]

===== 乌头赤石脂丸证 =====
八纲：{表里=[里证], 寒热=[寒证], 虚实=[实证], 阴阳=[阴证], bagangTypes=[寒证, 里证, 实证, 阴证]}
六经：太阴病
方证：乌头赤石脂丸证
推荐方剂：乌头赤石脂丸
药物组成：[赤石脂, 附子, 干姜, 蜀椒, 乌头]
六经列表：[太阴病]
合病标记：null
候选方证：[乌头赤石脂丸证, 理中汤证, 茯苓泽泻汤证, 桂枝加芍药汤证, 苓甘五味加姜辛半夏杏仁汤证, 苓甘五味姜辛夏汤证, 赤石脂禹余粮汤证, 甘草干姜茯苓白术汤证, 桂枝加大黄汤证, 桂枝加龙骨牡蛎汤证]
候选方证打分：[Wutouchishizhiwanzheng(hits=4/12, jaccard=0.31, prio=1), Lizhongtangzheng(hits=2/10, jaccard=0.15, prio=3), Fulingzexietangzheng(hits=2/11, jaccard=0.14, prio=3), Guizhijiashaoyaotangzheng(hits=2/11, jaccard=0.14, prio=3), Lingganwuweijiajiangxinbanxiaxingrentangzheng(hits=2/11, jaccard=0.14, prio=3), Lingganwuweijiangxinxiatangzheng(hits=2/11, jaccard=0.14, prio=3), Chishizhiyuyuliangtangzheng(hits=2/12, jaccard=0.13, prio=2), Gancaoganjiangfulingbaizhutangzheng(hits=2/12, jaccard=0.13, prio=3), Guizhijiadahuangtangzheng(hits=2/12, jaccard=0.13, prio=3), Guizhijialonggumulitangzheng(hits=2/12, jaccard=0.13, prio=3)]
兼夹证：[]
加味药物：[]
配伍禁忌警告：[]

===== 茯苓桂枝甘草大枣汤证 =====
八纲：{表里=[表证], 寒热=[寒证], 虚实=[虚证], 阴阳=[阳证], bagangTypes=[表证, 寒证, 虚证, 阳证]}
六经：太阳病
方证：茯苓桂枝甘草大枣汤证
推荐方剂：茯苓桂枝大枣汤
药物组成：[大枣, 茯苓, 甘草, 桂枝]
六经列表：[太阳病]
合病标记：null
候选方证：[茯苓桂枝甘草大枣汤证, 桂枝二麻黄一汤证, 桂枝麻黄各半汤证, 桂枝二越婢一汤证, 黄芩汤证, 黄芩加半夏生姜汤证, 茯苓甘草汤证, 苓桂术甘汤证, 柴胡桂枝汤证, 厚朴七物汤证]
候选方证打分：[Fulingguizhigancaodazaotangzheng(hits=4/5, jaccard=0.67, prio=3), Guizhiermahuangyitangzheng(hits=2/6, jaccard=0.22, prio=3), Guizhimahuanggebantangzheng(hits=2/6, jaccard=0.22, prio=3), Guizhieryuebiyitangzheng(hits=2/7, jaccard=0.20, prio=3), Huangqintangzheng(hits=2/13, jaccard=0.13, prio=3), Huangqinjiabanxiashengjiangtangzheng(hits=2/14, jaccard=0.12, prio=3), Fulinggancaotangzheng(hits=2/16, jaccard=0.11, prio=3), Lingguizhugantangzheng(hits=2/16, jaccard=0.11, prio=3), Chaihuguizhitangzheng(hits=2/17, jaccard=0.10, prio=3), Houpoqiwutangzheng(hits=2/20, jaccard=0.09, prio=2)]
兼夹证：[]
加味药物：[]
配伍禁忌警告：[]

===== 苓桂术甘汤证 =====
八纲：{表里=[里证], 寒热=[], 虚实=[虚证], 阴阳=[阴证], bagangTypes=[里证, 虚证, 阴证]}
六经：太阳太阴合病
方证：苓桂术甘汤证
推荐方剂：苓桂术
药物组成：[白术, 茯苓, 甘草, 桂枝]
六经列表：[太阳病, 太阴病]
合病标记：太阳太阴合病
候选方证：[苓桂术甘汤证, 理中汤证, 茯苓泽泻汤证, 桂枝加芍药汤证, 苓甘五味加姜辛半夏杏仁汤证, 苓甘五味姜辛夏汤证, 乌头桂枝汤证, 乌头赤石脂丸证, 赤石脂禹余粮汤证, 甘草干姜茯苓白术汤证]
候选方证打分：[Lingguizhugantangzheng(hits=5/16, jaccard=0.29, prio=3), Lizhongtangzheng(hits=2/10, jaccard=0.14, prio=3), Fulingzexietangzheng(hits=2/11, jaccard=0.13, prio=3), Guizhijiashaoyaotangzheng(hits=2/11, jaccard=0.13, prio=3), Lingganwuweijiajiangxinbanxiaxingrentangzheng(hits=2/11, jaccard=0.13, prio=3), Lingganwuweijiangxinxiatangzheng(hits=2/11, jaccard=0.13, prio=3), Wutouguizhitangzheng(hits=3/20, jaccard=0.13, prio=3), Wutouchishizhiwanzheng(hits=2/12, jaccard=0.13, prio=1), Chishizhiyuyuliangtangzheng(hits=2/12, jaccard=0.13, prio=2), Gancaoganjiangfulingbaizhutangzheng(hits=2/12, jaccard=0.13, prio=3)]
兼夹证：[]
加味药物：[]
配伍禁忌警告：[]

===== 五苓散证 =====
八纲：{表里=[表证, 里证], 寒热=[], 虚实=[], 阴阳=[阳证], bagangTypes=[表证, 里证, 阳证]}
六经：太阳阳明合病
方证：五苓散证
推荐方剂：五苓散
药物组成：[白术, 茯苓, 桂枝, 泽泻, 猪苓]
六经列表：[太阳病, 阳明病]
合病标记：太阳阳明合病
候选方证：[五苓散证, 茯苓桂枝甘草大枣汤证, 桂枝二麻黄一汤证, 桂枝麻黄各半汤证, 厚朴七物汤证, 桂枝二越婢一汤证, 茯苓甘草汤证, 茵陈五苓散证, 黄芩汤证, 黄芩加半夏生姜汤证]
候选方证打分：[Wulingsanzheng(hits=6/20, jaccard=0.30, prio=3), Fulingguizhigancaodazaotangzheng(hits=2/5, jaccard=0.22, prio=3), Guizhiermahuangyitangzheng(hits=2/6, jaccard=0.20, prio=3), Guizhimahuanggebantangzheng(hits=2/6, jaccard=0.20, prio=3), Houpoqiwutangzheng(hits=4/20, jaccard=0.18, prio=2), Guizhieryuebiyitangzheng(hits=2/7, jaccard=0.18, prio=3), Fulinggancaotangzheng(hits=3/16, jaccard=0.16, prio=3), Yinchenwulingsanzheng(hits=3/17, jaccard=0.15, prio=3), Huangqintangzheng(hits=2/13, jaccard=0.12, prio=3), Huangqinjiabanxiashengjiangtangzheng(hits=2/14, jaccard=0.11, prio=3)]
兼夹证：[]
加味药物：[]
配伍禁忌警告：[]

===== 茯苓甘草汤证 =====
八纲：{表里=[表证], 寒热=[], 虚实=[], 阴阳=[阳证], bagangTypes=[表证, 阳证]}
六经：太阳厥阴合病
方证：茯苓甘草汤证
推荐方剂：茯苓汤
药物组成：[茯苓, 甘草, 桂枝, 生姜]
六经列表：[厥阴病, 太阳病]
合病标记：太阳厥阴合病
候选方证：[茯苓甘草汤证, 茯苓桂枝甘草大枣汤证, 桂枝二麻黄一汤证, 桂枝麻黄各半汤证, 桂枝二越婢一汤证, 苓桂术甘汤证, 黄芩汤证, 黄芩加半夏生姜汤证, 柴胡桂枝汤证, 厚朴七物汤证]
候选方证打分：[Fulinggancaotangzheng(hits=5/16, jaccard=0.31, prio=3), Fulingguizhigancaodazaotangzheng(hits=2/5, jaccard=0.25, prio=3), Guizhiermahuangyitangzheng(hits=2/6, jaccard=0.22, prio=3), Guizhimahuanggebantangzheng(hits=2/6, jaccard=0.22, prio=3), Guizhieryuebiyitangzheng(hits=2/7, jaccard=0.20, prio=3), Lingguizhugantangzheng(hits=3/16, jaccard=0.17, prio=3), Huangqintangzheng(hits=2/13, jaccard=0.13, prio=3), Huangqinjiabanxiashengjiangtangzheng(hits=2/14, jaccard=0.12, prio=3), Chaihuguizhitangzheng(hits=2/17, jaccard=0.10, prio=3), Houpoqiwutangzheng(hits=2/20, jaccard=0.09, prio=2)]
兼夹证：[]
加味药物：[]
配伍禁忌警告：[]

===== 茯苓泽泻汤证 =====
八纲：{表里=[里证], 寒热=[], 虚实=[实证], 阴阳=[阴证], bagangTypes=[里证, 实证, 阴证]}
六经：太阴病
方证：茯苓泽泻汤证
推荐方剂：茯苓泽泻汤
药物组成：[白术, 茯苓, 甘草, 桂枝, 生姜, 泽泻]
六经列表：[太阴病]
合病标记：null
候选方证：[茯苓泽泻汤证, 理中汤证, 苓桂术甘汤证, 桂枝加芍药汤证, 苓甘五味加姜辛半夏杏仁汤证, 苓甘五味姜辛夏汤证, 乌头赤石脂丸证, 赤石脂禹余粮汤证, 甘草干姜茯苓白术汤证, 桂枝加大黄汤证]
候选方证打分：[Fulingzexietangzheng(hits=4/11, jaccard=0.31, prio=3), Lizhongtangzheng(hits=3/10, jaccard=0.23, prio=3), Lingguizhugantangzheng(hits=4/16, jaccard=0.22, prio=3), Guizhijiashaoyaotangzheng(hits=3/11, jaccard=0.21, prio=3), Lingganwuweijiajiangxinbanxiaxingrentangzheng(hits=3/11, jaccard=0.21, prio=3), Lingganwuweijiangxinxiatangzheng(hits=3/11, jaccard=0.21, prio=3), Wutouchishizhiwanzheng(hits=3/12, jaccard=0.20, prio=1), Chishizhiyuyuliangtangzheng(hits=3/12, jaccard=0.20, prio=2), Gancaoganjiangfulingbaizhutangzheng(hits=3/12, jaccard=0.20, prio=3), Guizhijiadahuangtangzheng(hits=3/12, jaccard=0.20, prio=3)]
兼夹证：[]
加味药物：[]
配伍禁忌警告：[]

===== 苓甘五味姜辛汤证 =====
八纲：{表里=[里证], 寒热=[寒证], 虚实=[实证], 阴阳=[阴证], bagangTypes=[寒证, 里证, 实证, 阴证]}
六经：太阴病
方证：苓甘五味姜辛汤证
推荐方剂：苓味姜辛汤
药物组成：[茯苓, 甘草, 干姜, 五味子, 细辛]
六经列表：[太阴病]
合病标记：null
候选方证：[苓甘五味姜辛汤证, 越婢加半夏汤证, 苓甘五味加姜辛半杏大黄汤证, 理中汤证, 茯苓泽泻汤证, 桂枝加芍药汤证, 苓甘五味加姜辛半夏杏仁汤证, 苓甘五味姜辛夏汤证, 乌头赤石脂丸证, 赤石脂禹余粮汤证]
候选方证打分：[Lingganwuweijiangxintangzheng(hits=4/12, jaccard=0.31, prio=3), Yuebijiabanxiatangzheng(hits=3/13, jaccard=0.20, prio=3), Lingganwuweijiajiangxinbanxingdahuangtangzheng(hits=3/14, jaccard=0.19, prio=3), Lizhongtangzheng(hits=2/10, jaccard=0.15, prio=3), Fulingzexietangzheng(hits=2/11, jaccard=0.14, prio=3), Guizhijiashaoyaotangzheng(hits=2/11, jaccard=0.14, prio=3), Lingganwuweijiajiangxinbanxiaxingrentangzheng(hits=2/11, jaccard=0.14, prio=3), Lingganwuweijiangxinxiatangzheng(hits=2/11, jaccard=0.14, prio=3), Wutouchishizhiwanzheng(hits=2/12, jaccard=0.13, prio=1), Chishizhiyuyuliangtangzheng(hits=2/12, jaccard=0.13, prio=2)]
兼夹证：[]
加味药物：[]
配伍禁忌警告：[]

===== 苓甘五味姜辛夏汤证 =====
八纲：{表里=[里证], 寒热=[寒证], 虚实=[实证], 阴阳=[阴证], bagangTypes=[寒证, 里证, 实证, 阴证]}
六经：太阴病
方证：苓甘五味姜辛汤证
推荐方剂：苓味姜辛汤
药物组成：[茯苓, 甘草, 干姜, 五味子, 细辛]
六经列表：[太阴病]
合病标记：null
候选方证：[苓甘五味姜辛汤证, 苓甘五味姜辛夏汤证, 越婢加半夏汤证, 大建中汤证, 苓甘五味加姜辛半杏大黄汤证, 理中汤证, 茯苓泽泻汤证, 桂枝加芍药汤证, 苓甘五味加姜辛半夏杏仁汤证, 乌头赤石脂丸证]
候选方证打分：[Lingganwuweijiangxintangzheng(hits=4/12, jaccard=0.27, prio=3), Lingganwuweijiangxinxiatangzheng(hits=3/11, jaccard=0.20, prio=3), Yuebijiabanxiatangzheng(hits=3/13, jaccard=0.18, prio=3), Dajianzhongtangzheng(hits=3/14, jaccard=0.17, prio=1), Lingganwuweijiajiangxinbanxingdahuangtangzheng(hits=3/14, jaccard=0.17, prio=3), Lizhongtangzheng(hits=2/10, jaccard=0.13, prio=3), Fulingzexietangzheng(hits=2/11, jaccard=0.13, prio=3), Guizhijiashaoyaotangzheng(hits=2/11, jaccard=0.13, prio=3), Lingganwuweijiajiangxinbanxiaxingrentangzheng(hits=2/11, jaccard=0.13, prio=3), Wutouchishizhiwanzheng(hits=2/12, jaccard=0.12, prio=1)]
兼夹证：[]
加味药物：[]
配伍禁忌警告：[]

===== 苓甘五味加姜辛半夏杏仁汤证 =====
八纲：{表里=[里证], 寒热=[], 虚实=[], 阴阳=[阴证], bagangTypes=[里证, 阴证]}
六经：太阴病
方证：苓甘五味加姜辛半夏杏仁汤证
推荐方剂：苓甘五味加姜辛半夏杏仁汤
药物组成：[半夏, 茯苓, 甘草, 干姜, 五味子, 杏仁, 细辛]
六经列表：[太阴病]
合病标记：null
候选方证：[苓甘五味加姜辛半夏杏仁汤证, 理中汤证, 茯苓泽泻汤证, 桂枝加芍药汤证, 苓甘五味姜辛夏汤证, 乌头赤石脂丸证, 赤石脂禹余粮汤证, 甘草干姜茯苓白术汤证, 桂枝加大黄汤证, 桂枝加龙骨牡蛎汤证]
候选方证打分：[Lingganwuweijiajiangxinbanxiaxingrentangzheng(hits=3/11, jaccard=0.25, prio=3), Lizhongtangzheng(hits=2/10, jaccard=0.17, prio=3), Fulingzexietangzheng(hits=2/11, jaccard=0.15, prio=3), Guizhijiashaoyaotangzheng(hits=2/11, jaccard=0.15, prio=3), Lingganwuweijiangxinxiatangzheng(hits=2/11, jaccard=0.15, prio=3), Wutouchishizhiwanzheng(hits=2/12, jaccard=0.14, prio=1), Chishizhiyuyuliangtangzheng(hits=2/12, jaccard=0.14, prio=2), Gancaoganjiangfulingbaizhutangzheng(hits=2/12, jaccard=0.14, prio=3), Guizhijiadahuangtangzheng(hits=2/12, jaccard=0.14, prio=3), Guizhijialonggumulitangzheng(hits=2/12, jaccard=0.14, prio=3)]
兼夹证：[]
加味药物：[]
配伍禁忌警告：[]

===== 苓甘五味加姜辛半杏大黄汤证 =====
八纲：{表里=[里证], 寒热=[], 虚实=[], 阴阳=[阴证], bagangTypes=[里证, 阴证]}
六经：太阴病
方证：苓甘五味加姜辛半杏大黄汤证
推荐方剂：苓甘五味加姜辛半杏大黄汤
药物组成：[半夏, 大黄, 茯苓, 甘草, 干姜, 五味子, 杏仁, 细辛]
六经列表：[太阴病]
合病标记：null
候选方证：[苓甘五味加姜辛半杏大黄汤证, 理中汤证, 茯苓泽泻汤证, 桂枝加芍药汤证, 苓甘五味加姜辛半夏杏仁汤证, 苓甘五味姜辛夏汤证, 乌头赤石脂丸证, 赤石脂禹余粮汤证, 甘草干姜茯苓白术汤证, 桂枝加大黄汤证]
候选方证打分：[Lingganwuweijiajiangxinbanxingdahuangtangzheng(hits=3/14, jaccard=0.20, prio=3), Lizhongtangzheng(hits=2/10, jaccard=0.17, prio=3), Fulingzexietangzheng(hits=2/11, jaccard=0.15, prio=3), Guizhijiashaoyaotangzheng(hits=2/11, jaccard=0.15, prio=3), Lingganwuweijiajiangxinbanxiaxingrentangzheng(hits=2/11, jaccard=0.15, prio=3), Lingganwuweijiangxinxiatangzheng(hits=2/11, jaccard=0.15, prio=3), Wutouchishizhiwanzheng(hits=2/12, jaccard=0.14, prio=1), Chishizhiyuyuliangtangzheng(hits=2/12, jaccard=0.14, prio=2), Gancaoganjiangfulingbaizhutangzheng(hits=2/12, jaccard=0.14, prio=3), Guizhijiadahuangtangzheng(hits=2/12, jaccard=0.14, prio=3)]
兼夹证：[]
加味药物：[]
配伍禁忌警告：[]

===== 桂苓五味甘草汤证 =====
八纲：{表里=[里证], 寒热=[寒证], 虚实=[虚证], 阴阳=[阴证], bagangTypes=[寒证, 里证, 虚证, 阴证]}
六经：太阴病
方证：桂苓五味甘草汤证
推荐方剂：桂苓五味汤
药物组成：[茯苓, 甘草, 桂枝, 五味子]
六经列表：[太阴病]
合病标记：null
候选方证：[桂苓五味甘草汤证, 理中汤证, 茯苓泽泻汤证, 桂枝加芍药汤证, 苓甘五味加姜辛半夏杏仁汤证, 苓甘五味姜辛夏汤证, 乌头赤石脂丸证, 赤石脂禹余粮汤证, 甘草干姜茯苓白术汤证, 桂枝加大黄汤证]
候选方证打分：[Guilingwuweigancaotangzheng(hits=4/13, jaccard=0.24, prio=3), Lizhongtangzheng(hits=2/10, jaccard=0.13, prio=3), Fulingzexietangzheng(hits=2/11, jaccard=0.12, prio=3), Guizhijiashaoyaotangzheng(hits=2/11, jaccard=0.12, prio=3), Lingganwuweijiajiangxinbanxiaxingrentangzheng(hits=2/11, jaccard=0.12, prio=3), Lingganwuweijiangxinxiatangzheng(hits=2/11, jaccard=0.12, prio=3), Wutouchishizhiwanzheng(hits=2/12, jaccard=0.11, prio=1), Chishizhiyuyuliangtangzheng(hits=2/12, jaccard=0.11, prio=2), Gancaoganjiangfulingbaizhutangzheng(hits=2/12, jaccard=0.11, prio=3), Guizhijiadahuangtangzheng(hits=2/12, jaccard=0.11, prio=3)]
兼夹证：[]
加味药物：[]
配伍禁忌警告：[]

===== 桂枝生姜枳实汤证 =====
八纲：{表里=[里证], 寒热=[寒证], 虚实=[实证], 阴阳=[阴证], bagangTypes=[寒证, 里证, 实证, 阴证]}
六经：太阴病
方证：桂枝生姜枳实汤证
推荐方剂：桂枝生姜枳实汤
药物组成：[桂枝, 生姜, 枳实]
六经列表：[太阴病]
合病标记：null
候选方证：[桂枝生姜枳实汤证, 理中汤证, 茯苓泽泻汤证, 桂枝加芍药汤证, 苓甘五味加姜辛半夏杏仁汤证, 苓甘五味姜辛夏汤证, 乌头赤石脂丸证, 赤石脂禹余粮汤证, 甘草干姜茯苓白术汤证, 桂枝加大黄汤证]
候选方证打分：[Guizhishengjiangzhishitangzheng(hits=4/12, jaccard=0.29, prio=3), Lizhongtangzheng(hits=2/10, jaccard=0.14, prio=3), Fulingzexietangzheng(hits=2/11, jaccard=0.13, prio=3), Guizhijiashaoyaotangzheng(hits=2/11, jaccard=0.13, prio=3), Lingganwuweijiajiangxinbanxiaxingrentangzheng(hits=2/11, jaccard=0.13, prio=3), Lingganwuweijiangxinxiatangzheng(hits=2/11, jaccard=0.13, prio=3), Wutouchishizhiwanzheng(hits=2/12, jaccard=0.13, prio=1), Chishizhiyuyuliangtangzheng(hits=2/12, jaccard=0.13, prio=2), Gancaoganjiangfulingbaizhutangzheng(hits=2/12, jaccard=0.13, prio=3), Guizhijiadahuangtangzheng(hits=2/12, jaccard=0.13, prio=3)]
兼夹证：[]
加味药物：[]
配伍禁忌警告：[]

===== 越婢加术汤证 =====
八纲：{表里=[里证], 寒热=[热证], 虚实=[实证], 阴阳=[阳证, 阴证], bagangTypes=[里证, 热证, 实证, 阳证, 阴证]}
六经：太阴病
方证：越婢加术汤证
推荐方剂：Yuebijiazhutang
药物组成：[]
六经列表：[太阴病]
合病标记：null
候选方证：[越婢加术汤证, 理中汤证, 茯苓泽泻汤证, 桂枝加芍药汤证, 苓甘五味加姜辛半夏杏仁汤证, 苓甘五味姜辛夏汤证, 乌头赤石脂丸证, 赤石脂禹余粮汤证, 甘草干姜茯苓白术汤证, 桂枝加大黄汤证]
候选方证打分：[Yuebijiazhutangzheng(hits=4/12, jaccard=0.31, prio=3), Lizhongtangzheng(hits=2/10, jaccard=0.15, prio=3), Fulingzexietangzheng(hits=2/11, jaccard=0.14, prio=3), Guizhijiashaoyaotangzheng(hits=2/11, jaccard=0.14, prio=3), Lingganwuweijiajiangxinbanxiaxingrentangzheng(hits=2/11, jaccard=0.14, prio=3), Lingganwuweijiangxinxiatangzheng(hits=2/11, jaccard=0.14, prio=3), Wutouchishizhiwanzheng(hits=2/12, jaccard=0.13, prio=1), Chishizhiyuyuliangtangzheng(hits=2/12, jaccard=0.13, prio=2), Gancaoganjiangfulingbaizhutangzheng(hits=2/12, jaccard=0.13, prio=3), Guizhijiadahuangtangzheng(hits=2/12, jaccard=0.13, prio=3)]
兼夹证：[]
加味药物：[]
配伍禁忌警告：[]

===== 黄芪桂枝五物汤证 =====
八纲：{表里=[表证], 寒热=[寒证], 虚实=[虚证], 阴阳=[阳证], bagangTypes=[表证, 寒证, 虚证, 阳证]}
六经：太阳病
方证：茯苓桂枝甘草大枣汤证
推荐方剂：茯苓桂枝大枣汤
药物组成：[大枣, 茯苓, 甘草, 桂枝]
六经列表：[太阳病]
合病标记：null
候选方证：[茯苓桂枝甘草大枣汤证, 桂枝二麻黄一汤证, 桂枝麻黄各半汤证, 桂枝二越婢一汤证, 黄芩汤证, 黄芩加半夏生姜汤证, 茯苓甘草汤证, 苓桂术甘汤证, 柴胡桂枝汤证, 厚朴七物汤证]
候选方证打分：[Fulingguizhigancaodazaotangzheng(hits=2/5, jaccard=0.25, prio=3), Guizhiermahuangyitangzheng(hits=2/6, jaccard=0.22, prio=3), Guizhimahuanggebantangzheng(hits=2/6, jaccard=0.22, prio=3), Guizhieryuebiyitangzheng(hits=2/7, jaccard=0.20, prio=3), Huangqintangzheng(hits=2/13, jaccard=0.13, prio=3), Huangqinjiabanxiashengjiangtangzheng(hits=2/14, jaccard=0.12, prio=3), Fulinggancaotangzheng(hits=2/16, jaccard=0.11, prio=3), Lingguizhugantangzheng(hits=2/16, jaccard=0.11, prio=3), Chaihuguizhitangzheng(hits=2/17, jaccard=0.10, prio=3), Houpoqiwutangzheng(hits=2/20, jaccard=0.09, prio=2)]
兼夹证：[]
加味药物：[]
配伍禁忌警告：[]

===== 黄芪建中汤证 =====
八纲：{表里=[里证], 寒热=[], 虚实=[虚证], 阴阳=[阴证], bagangTypes=[里证, 虚证, 阴证]}
六经：太阴病
方证：黄芪建中汤证
推荐方剂：黄芪建中汤
药物组成：[大枣, 甘草, 桂枝, 黄芪, 芍药, 生姜, 饴糖]
六经列表：[太阴病]
合病标记：null
候选方证：[黄芪建中汤证, 小建中汤证, 理中汤证, 茯苓泽泻汤证, 桂枝加芍药汤证, 苓甘五味加姜辛半夏杏仁汤证, 苓甘五味姜辛夏汤证, 乌头赤石脂丸证, 赤石脂禹余粮汤证, 甘草干姜茯苓白术汤证]
候选方证打分：[Huangqijianzhongtangzheng(hits=4/12, jaccard=0.29, prio=3), Xiaojianzhongtangzheng(hits=3/12, jaccard=0.20, prio=3), Lizhongtangzheng(hits=2/10, jaccard=0.14, prio=3), Fulingzexietangzheng(hits=2/11, jaccard=0.13, prio=3), Guizhijiashaoyaotangzheng(hits=2/11, jaccard=0.13, prio=3), Lingganwuweijiajiangxinbanxiaxingrentangzheng(hits=2/11, jaccard=0.13, prio=3), Lingganwuweijiangxinxiatangzheng(hits=2/11, jaccard=0.13, prio=3), Wutouchishizhiwanzheng(hits=2/12, jaccard=0.13, prio=1), Chishizhiyuyuliangtangzheng(hits=2/12, jaccard=0.13, prio=2), Gancaoganjiangfulingbaizhutangzheng(hits=2/12, jaccard=0.13, prio=3)]
兼夹证：[]
加味药物：[]
配伍禁忌警告：[]

===== 栝楼瞿麦丸（十八反：瓜蒌根反附子） =====
八纲：{表里=[里证], 寒热=[], 虚实=[虚证], 阴阳=[阴证], bagangTypes=[里证, 虚证, 阴证]}
六经：六经难定
方证：栝楼瞿麦丸证
推荐方剂：栝楼瞿麦丸
药物组成：[茯苓, 附子, 瓜蒌根, 瞿麦, 山药]
六经列表：[]
合病标记：null
候选方证：[栝楼瞿麦丸证, 桃花汤证, 麻黄附子汤证, 四逆汤证, 茯苓四逆汤证, 通脉四逆汤证, 麻黄附子细辛汤证, 麻黄附子甘草汤证, 半夏散及汤证, 甘草汤证]
候选方证打分：[Gualouqumaiwanzheng(hits=3/3, jaccard=1.00, prio=3), Taohuatangzheng(hits=3/13, jaccard=0.23, prio=1), Mahuangfuzitangzheng(hits=3/14, jaccard=0.21, prio=3), Sinitangzheng(hits=2/10, jaccard=0.18, prio=1), Fulingsinitangzheng(hits=2/11, jaccard=0.17, prio=1), Tongmaisinitangzheng(hits=2/11, jaccard=0.17, prio=1), Mahuangfuzixixintangzheng(hits=2/11, jaccard=0.17, prio=2), Mahuangfuzigancaotangzheng(hits=2/11, jaccard=0.17, prio=3), Banxiasanjitangzheng(hits=2/11, jaccard=0.17, prio=5), Gancaotangzheng(hits=2/11, jaccard=0.17, prio=5)]
兼夹证：[]
加味药物：[]
配伍禁忌警告：[十八反：瓜蒌根 反 附子]

===== 内补当归建中汤证 =====
八纲：{表里=[里证], 寒热=[], 虚实=[虚证], 阴阳=[阴证], bagangTypes=[里证, 虚证, 阴证]}
六经：太阴病
方证：内补当归建中汤证
推荐方剂：内补当归建中汤
药物组成：[当归, 大枣, 甘草, 桂枝, 芍药, 生姜, 饴糖]
六经列表：[太阴病]
合病标记：null
候选方证：[内补当归建中汤证, 大建中汤证, 理中汤证, 茯苓泽泻汤证, 桂枝加芍药汤证, 苓甘五味加姜辛半夏杏仁汤证, 苓甘五味姜辛夏汤证, 乌头赤石脂丸证, 赤石脂禹余粮汤证, 甘草干姜茯苓白术汤证]
候选方证打分：[Neibudangguijianzhongtangzheng(hits=4/13, jaccard=0.25, prio=3), Dajianzhongtangzheng(hits=3/14, jaccard=0.17, prio=1), Lizhongtangzheng(hits=2/10, jaccard=0.13, prio=3), Fulingzexietangzheng(hits=2/11, jaccard=0.13, prio=3), Guizhijiashaoyaotangzheng(hits=2/11, jaccard=0.13, prio=3), Lingganwuweijiajiangxinbanxiaxingrentangzheng(hits=2/11, jaccard=0.13, prio=3), Lingganwuweijiangxinxiatangzheng(hits=2/11, jaccard=0.13, prio=3), Wutouchishizhiwanzheng(hits=2/12, jaccard=0.12, prio=1), Chishizhiyuyuliangtangzheng(hits=2/12, jaccard=0.12, prio=2), Gancaoganjiangfulingbaizhutangzheng(hits=2/12, jaccard=0.12, prio=3)]
兼夹证：[]
加味药物：[]
配伍禁忌警告：[]

===== 赤石脂禹余粮汤证 =====
八纲：{表里=[表证], 寒热=[寒证], 虚实=[虚证], 阴阳=[阳证], bagangTypes=[表证, 寒证, 虚证, 阳证]}
六经：太阳病
方证：茯苓桂枝甘草大枣汤证
推荐方剂：茯苓桂枝大枣汤
药物组成：[大枣, 茯苓, 甘草, 桂枝]
六经列表：[太阳病]
合病标记：null
候选方证：[茯苓桂枝甘草大枣汤证, 桂枝二麻黄一汤证, 桂枝麻黄各半汤证, 桂枝二越婢一汤证, 苓桂术甘汤证, 黄芩汤证, 黄芩加半夏生姜汤证, 茯苓甘草汤证, 柴胡桂枝汤证, 厚朴七物汤证]
候选方证打分：[Fulingguizhigancaodazaotangzheng(hits=2/5, jaccard=0.25, prio=3), Guizhiermahuangyitangzheng(hits=2/6, jaccard=0.22, prio=3), Guizhimahuanggebantangzheng(hits=2/6, jaccard=0.22, prio=3), Guizhieryuebiyitangzheng(hits=2/7, jaccard=0.20, prio=3), Lingguizhugantangzheng(hits=3/16, jaccard=0.17, prio=3), Huangqintangzheng(hits=2/13, jaccard=0.13, prio=3), Huangqinjiabanxiashengjiangtangzheng(hits=2/14, jaccard=0.12, prio=3), Fulinggancaotangzheng(hits=2/16, jaccard=0.11, prio=3), Chaihuguizhitangzheng(hits=2/17, jaccard=0.10, prio=3), Houpoqiwutangzheng(hits=2/20, jaccard=0.09, prio=2)]
兼夹证：[]
加味药物：[]
配伍禁忌警告：[]

===== 茵陈五苓散证 =====
八纲：{表里=[里证], 寒热=[], 虚实=[实证], 阴阳=[阳证], bagangTypes=[里证, 实证, 阳证]}
六经：阳明病
方证：茵陈五苓散证
推荐方剂：茵陈五苓散
药物组成：[白术, 茯苓, 桂枝, 茵陈蒿, 泽泻, 猪苓]
六经列表：[阳明病]
合病标记：null
候选方证：[茵陈五苓散证, 五苓散证, 厚朴七物汤证, 吴茱萸汤证]
候选方证打分：[Yinchenwulingsanzheng(hits=4/17, jaccard=0.22, prio=3), Wulingsanzheng(hits=4/20, jaccard=0.19, prio=3), Houpoqiwutangzheng(hits=3/20, jaccard=0.14, prio=2), Wuzhuyutangzheng(hits=2/37, jaccard=0.05, prio=3)]
兼夹证：[]
加味药物：[]
配伍禁忌警告：[]

===== 大建中汤证 =====
八纲：{表里=[里证], 寒热=[寒证], 虚实=[虚证], 阴阳=[阴证], bagangTypes=[寒证, 里证, 虚证, 阴证]}
六经：太阴病
方证：大建中汤证
推荐方剂：大建中汤
药物组成：[干姜, 人参, 蜀椒, 饴糖]
六经列表：[太阴病]
合病标记：null
候选方证：[大建中汤证, 理中汤证, 茯苓泽泻汤证, 桂枝加芍药汤证, 苓甘五味加姜辛半夏杏仁汤证, 苓甘五味姜辛夏汤证, 乌头赤石脂丸证, 赤石脂禹余粮汤证, 甘草干姜茯苓白术汤证, 桂枝加大黄汤证]
候选方证打分：[Dajianzhongtangzheng(hits=6/14, jaccard=0.40, prio=1), Lizhongtangzheng(hits=3/10, jaccard=0.21, prio=3), Fulingzexietangzheng(hits=3/11, jaccard=0.20, prio=3), Guizhijiashaoyaotangzheng(hits=3/11, jaccard=0.20, prio=3), Lingganwuweijiajiangxinbanxiaxingrentangzheng(hits=3/11, jaccard=0.20, prio=3), Lingganwuweijiangxinxiatangzheng(hits=3/11, jaccard=0.20, prio=3), Wutouchishizhiwanzheng(hits=3/12, jaccard=0.19, prio=1), Chishizhiyuyuliangtangzheng(hits=3/12, jaccard=0.19, prio=2), Gancaoganjiangfulingbaizhutangzheng(hits=3/12, jaccard=0.19, prio=3), Guizhijiadahuangtangzheng(hits=3/12, jaccard=0.19, prio=3)]
兼夹证：[]
加味药物：[]
配伍禁忌警告：[]

===== 甘草干姜汤证 =====
八纲：{表里=[里证], 寒热=[寒证], 虚实=[虚证], 阴阳=[阴证], bagangTypes=[寒证, 里证, 虚证, 阴证]}
六经：太阴病
方证：甘草干姜汤证
推荐方剂：干姜汤
药物组成：[甘草, 干姜]
六经列表：[太阴病]
合病标记：null
候选方证：[甘草干姜汤证, 理中汤证, 茯苓泽泻汤证, 桂枝加芍药汤证, 苓甘五味加姜辛半夏杏仁汤证, 苓甘五味姜辛夏汤证, 乌头赤石脂丸证, 赤石脂禹余粮汤证, 甘草干姜茯苓白术汤证, 桂枝加大黄汤证]
候选方证打分：[Gancaoganjiangtangzheng(hits=4/4, jaccard=0.57, prio=3), Lizhongtangzheng(hits=3/10, jaccard=0.21, prio=3), Fulingzexietangzheng(hits=3/11, jaccard=0.20, prio=3), Guizhijiashaoyaotangzheng(hits=3/11, jaccard=0.20, prio=3), Lingganwuweijiajiangxinbanxiaxingrentangzheng(hits=3/11, jaccard=0.20, prio=3), Lingganwuweijiangxinxiatangzheng(hits=3/11, jaccard=0.20, prio=3), Wutouchishizhiwanzheng(hits=3/12, jaccard=0.19, prio=1), Chishizhiyuyuliangtangzheng(hits=3/12, jaccard=0.19, prio=2), Gancaoganjiangfulingbaizhutangzheng(hits=3/12, jaccard=0.19, prio=3), Guizhijiadahuangtangzheng(hits=3/12, jaccard=0.19, prio=3)]
兼夹证：[]
加味药物：[]
配伍禁忌警告：[]

===== 甘草干姜茯苓白术汤证 =====
八纲：{表里=[里证], 寒热=[], 虚实=[虚证], 阴阳=[阴证], bagangTypes=[里证, 虚证, 阴证]}
六经：六经难定
方证：栝楼瞿麦丸证
推荐方剂：栝楼瞿麦丸
药物组成：[茯苓, 附子, 瓜蒌根, 瞿麦, 山药]
六经列表：[]
合病标记：null
候选方证：[栝楼瞿麦丸证, 甘草干姜茯苓白术汤证, 四逆汤证, 茯苓四逆汤证, 通脉四逆汤证, 麻黄附子细辛汤证, 麻黄附子甘草汤证, 半夏散及汤证, 甘草汤证, 白通加猪胆汁汤证]
候选方证打分：[Gualouqumaiwanzheng(hits=1/3, jaccard=0.14, prio=3), Gancaoganjiangfulingbaizhutangzheng(hits=2/12, jaccard=0.13, prio=3), Sinitangzheng(hits=1/10, jaccard=0.07, prio=1), Fulingsinitangzheng(hits=1/11, jaccard=0.07, prio=1), Tongmaisinitangzheng(hits=1/11, jaccard=0.07, prio=1), Mahuangfuzixixintangzheng(hits=1/11, jaccard=0.07, prio=2), Mahuangfuzigancaotangzheng(hits=1/11, jaccard=0.07, prio=3), Banxiasanjitangzheng(hits=1/11, jaccard=0.07, prio=5), Gancaotangzheng(hits=1/11, jaccard=0.07, prio=5), Baitongjiazhudanzhitangzheng(hits=1/12, jaccard=0.06, prio=1)]
兼夹证：[]
加味药物：[]
配伍禁忌警告：[十八反：瓜蒌根 反 附子]

===== 大建中汤证 =====
八纲：{表里=[里证], 寒热=[寒证], 虚实=[虚证], 阴阳=[阴证], bagangTypes=[寒证, 里证, 虚证, 阴证]}
六经：太阴病
方证：大建中汤证
推荐方剂：大建中汤
药物组成：[干姜, 人参, 蜀椒, 饴糖]
六经列表：[太阴病]
合病标记：null
候选方证：[大建中汤证, 理中汤证, 茯苓泽泻汤证, 桂枝加芍药汤证, 苓甘五味加姜辛半夏杏仁汤证, 苓甘五味姜辛夏汤证, 乌头赤石脂丸证, 赤石脂禹余粮汤证, 甘草干姜茯苓白术汤证, 桂枝加大黄汤证]
候选方证打分：[Dajianzhongtangzheng(hits=6/14, jaccard=0.40, prio=1), Lizhongtangzheng(hits=3/10, jaccard=0.21, prio=3), Fulingzexietangzheng(hits=3/11, jaccard=0.20, prio=3), Guizhijiashaoyaotangzheng(hits=3/11, jaccard=0.20, prio=3), Lingganwuweijiajiangxinbanxiaxingrentangzheng(hits=3/11, jaccard=0.20, prio=3), Lingganwuweijiangxinxiatangzheng(hits=3/11, jaccard=0.20, prio=3), Wutouchishizhiwanzheng(hits=3/12, jaccard=0.19, prio=1), Chishizhiyuyuliangtangzheng(hits=3/12, jaccard=0.19, prio=2), Gancaoganjiangfulingbaizhutangzheng(hits=3/12, jaccard=0.19, prio=3), Guizhijiadahuangtangzheng(hits=3/12, jaccard=0.19, prio=3)]
兼夹证：[]
加味药物：[]
配伍禁忌警告：[]

===== 术附汤证 =====
八纲：{表里=[半表半里, 里证], 寒热=[寒证], 虚实=[虚证], 阴阳=[阴证], bagangTypes=[半表半里, 寒证, 里证, 虚证, 阴证]}
六经：厥阴病
方证：术附汤证
推荐方剂：术附汤
药物组成：[白术, 附子, 甘草]
六经列表：[厥阴病]
合病标记：null
候选方证：[术附汤证, 白头翁加甘草阿胶汤证, 白头翁汤证, 当归四逆汤证, 乌梅丸证, 当归四逆加吴茱萸生姜汤证, 乌头汤证, 桂枝芍药知母汤证, 麻黄升麻汤证, 茯苓甘草汤证]
候选方证打分：[Shufutangzheng(hits=5/13, jaccard=0.36, prio=3), Baitouwengjiagancaojiaotangzheng(hits=2/11, jaccard=0.13, prio=3), Baitouwengtangzheng(hits=2/11, jaccard=0.13, prio=3), Dangguisinitangzheng(hits=2/11, jaccard=0.13, prio=3), Wumeiwanzheng(hits=2/12, jaccard=0.13, prio=2), Dangguisinijiawuzhuyushengjiangtangzheng(hits=2/12, jaccard=0.13, prio=3), Wutoutangzheng(hits=2/13, jaccard=0.12, prio=2), Guizhishaoyaozhimutangzheng(hits=2/13, jaccard=0.12, prio=3), Mahuangshengmatangzheng(hits=2/14, jaccard=0.11, prio=2), Fulinggancaotangzheng(hits=2/16, jaccard=0.10, prio=3)]
兼夹证：[]
加味药物：[]
配伍禁忌警告：[]

===== 太少两感（麻黄附子细辛汤证） =====
八纲：{表里=[表证], 寒热=[寒证], 虚实=[虚证], 阴阳=[阳证, 阴证], bagangTypes=[表证, 寒证, 虚证, 阳证, 阴证]}
六经：太少两感
方证：麻黄附子细辛汤证
推荐方剂：麻黄附子细辛汤
药物组成：[附子, 麻黄, 细辛]
六经列表：[少阴病, 太阳病]
合病标记：太少两感
候选方证：[麻黄附子细辛汤证, 麻黄附子甘草汤证, 麻黄附子汤证, 四逆汤证, 茯苓四逆汤证, 通脉四逆汤证, 半夏散及汤证, 甘草汤证, 茯苓桂枝甘草大枣汤证, 白通加猪胆汁汤证]
候选方证打分：[Mahuangfuzixixintangzheng(hits=4/11, jaccard=0.29, prio=2), Mahuangfuzigancaotangzheng(hits=4/11, jaccard=0.29, prio=3), Mahuangfuzitangzheng(hits=4/14, jaccard=0.24, prio=3), Sinitangzheng(hits=3/10, jaccard=0.21, prio=1), Fulingsinitangzheng(hits=3/11, jaccard=0.20, prio=1), Tongmaisinitangzheng(hits=3/11, jaccard=0.20, prio=1), Banxiasanjitangzheng(hits=3/11, jaccard=0.20, prio=5), Gancaotangzheng(hits=3/11, jaccard=0.20, prio=5), Fulingguizhigancaodazaotangzheng(hits=2/5, jaccard=0.20, prio=3), Baitongjiazhudanzhitangzheng(hits=3/12, jaccard=0.19, prio=1)]
兼夹证：[]
加味药物：[]
配伍禁忌警告：[]
[ERROR] Tests run: 54, Failures: 9, Errors: 0, Skipped: 0, Time elapsed: 46.71 s <<< FAILURE! -- in 【少阴·太阴】理中/四逆/真武/附子/麻黄附子/少阴杂方
[ERROR] com.ocean.ontologyframework.tcm.ShaoyinTaiyinFangzhengTest.t_tongmaisinitang -- Time elapsed: 0.003 s <<< FAILURE!
java.lang.AssertionError: ? 症状/脉象/舌象实例不存在于本体，请核对名称: [Weiyujuemai]
	at com.ocean.ontologyframework.tcm.JingfangTestSupport.assertInstancesExist(JingfangTestSupport.java:378)
	at com.ocean.ontologyframework.tcm.JingfangTestSupport.parseIris(JingfangTestSupport.java:319)
	at com.ocean.ontologyframework.tcm.JingfangTestSupport.assertFangzheng(JingfangTestSupport.java:391)
	at com.ocean.ontologyframework.tcm.JingfangTestSupport.assertFangzheng(JingfangTestSupport.java:384)
	at com.ocean.ontologyframework.tcm.ShaoyinTaiyinFangzhengTest.t_tongmaisinitang(ShaoyinTaiyinFangzhengTest.java:86)

[ERROR] com.ocean.ontologyframework.tcm.ShaoyinTaiyinFangzhengTest.t_fulingsinitang -- Time elapsed: 0.201 s <<< FAILURE!
org.opentest4j.AssertionFailedError: 

expected: "Fulingsinitangzheng"
 but was: "Guizhieryuebiyitangzheng"
	at com.ocean.ontologyframework.tcm.JingfangTestSupport.assertBasicResult(JingfangTestSupport.java:197)
	at com.ocean.ontologyframework.tcm.JingfangTestSupport.assertFangzheng(JingfangTestSupport.java:434)
	at com.ocean.ontologyframework.tcm.JingfangTestSupport.assertFangzheng(JingfangTestSupport.java:384)
	at com.ocean.ontologyframework.tcm.ShaoyinTaiyinFangzhengTest.t_fulingsinitang(ShaoyinTaiyinFangzhengTest.java:101)

[ERROR] com.ocean.ontologyframework.tcm.ShaoyinTaiyinFangzhengTest.t_gancaotang -- Time elapsed: 0.230 s <<< FAILURE!
org.opentest4j.AssertionFailedError: 

expected: "Gancaotangzheng"
 but was: "Banxiasanjitangzheng"
	at com.ocean.ontologyframework.tcm.JingfangTestSupport.assertBasicResult(JingfangTestSupport.java:197)
	at com.ocean.ontologyframework.tcm.JingfangTestSupport.assertFangzheng(JingfangTestSupport.java:434)
	at com.ocean.ontologyframework.tcm.JingfangTestSupport.assertFangzheng(JingfangTestSupport.java:384)
	at com.ocean.ontologyframework.tcm.ShaoyinTaiyinFangzhengTest.t_gancaotang(ShaoyinTaiyinFangzhengTest.java:159)

[ERROR] com.ocean.ontologyframework.tcm.ShaoyinTaiyinFangzhengTest.t_lingganwuweijiangxinxiatang -- Time elapsed: 0.229 s <<< FAILURE!
org.opentest4j.AssertionFailedError: 

expected: "Lingganwuweijiangxinxiatangzheng"
 but was: "Lingganwuweijiangxintangzheng"
	at com.ocean.ontologyframework.tcm.JingfangTestSupport.assertBasicResult(JingfangTestSupport.java:197)
	at com.ocean.ontologyframework.tcm.JingfangTestSupport.assertFangzheng(JingfangTestSupport.java:434)
	at com.ocean.ontologyframework.tcm.JingfangTestSupport.assertFangzheng(JingfangTestSupport.java:384)
	at com.ocean.ontologyframework.tcm.ShaoyinTaiyinFangzhengTest.t_lingganwuweijiangxinxiatang(ShaoyinTaiyinFangzhengTest.java:299)

[ERROR] com.ocean.ontologyframework.tcm.ShaoyinTaiyinFangzhengTest.t_guizhijialonggumulitang_taiyin -- Time elapsed: 0.001 s <<< FAILURE!
java.lang.AssertionError: ? 症状/脉象/舌象实例不存在于本体，请核对名称: [Jixukouchimai]
	at com.ocean.ontologyframework.tcm.JingfangTestSupport.assertInstancesExist(JingfangTestSupport.java:378)
	at com.ocean.ontologyframework.tcm.JingfangTestSupport.parseIris(JingfangTestSupport.java:319)
	at com.ocean.ontologyframework.tcm.JingfangTestSupport.assertFangzheng(JingfangTestSupport.java:391)
	at com.ocean.ontologyframework.tcm.JingfangTestSupport.assertFangzheng(JingfangTestSupport.java:384)
	at com.ocean.ontologyframework.tcm.ShaoyinTaiyinFangzhengTest.t_guizhijialonggumulitang_taiyin(ShaoyinTaiyinFangzhengTest.java:199)

[ERROR] com.ocean.ontologyframework.tcm.ShaoyinTaiyinFangzhengTest.t_huangqiguizhiwuwutang -- Time elapsed: 0.389 s <<< FAILURE!
org.opentest4j.AssertionFailedError: 

expected: "Huangqiguizhiwuwutangzheng"
 but was: "Fulingguizhigancaodazaotangzheng"
	at com.ocean.ontologyframework.tcm.JingfangTestSupport.assertBasicResult(JingfangTestSupport.java:197)
	at com.ocean.ontologyframework.tcm.JingfangTestSupport.assertFangzheng(JingfangTestSupport.java:434)
	at com.ocean.ontologyframework.tcm.JingfangTestSupport.assertFangzheng(JingfangTestSupport.java:384)
	at com.ocean.ontologyframework.tcm.ShaoyinTaiyinFangzhengTest.t_huangqiguizhiwuwutang(ShaoyinTaiyinFangzhengTest.java:326)

[ERROR] com.ocean.ontologyframework.tcm.ShaoyinTaiyinFangzhengTest.t_chishizhiyuyuliangtang -- Time elapsed: 0.151 s <<< FAILURE!
org.opentest4j.AssertionFailedError: 

expected: "Chishizhiyuyuliangtangzheng"
 but was: "Fulingguizhigancaodazaotangzheng"
	at com.ocean.ontologyframework.tcm.JingfangTestSupport.assertBasicResult(JingfangTestSupport.java:197)
	at com.ocean.ontologyframework.tcm.JingfangTestSupport.assertFangzheng(JingfangTestSupport.java:434)
	at com.ocean.ontologyframework.tcm.JingfangTestSupport.assertFangzheng(JingfangTestSupport.java:384)
	at com.ocean.ontologyframework.tcm.ShaoyinTaiyinFangzhengTest.t_chishizhiyuyuliangtang(ShaoyinTaiyinFangzhengTest.java:216)

[ERROR] com.ocean.ontologyframework.tcm.ShaoyinTaiyinFangzhengTest.t_xiaojianzhongtang -- Time elapsed: 0.001 s <<< FAILURE!
java.lang.AssertionError: ? 症状/脉象/舌象实例不存在于本体，请核对名称: [Fan]
	at com.ocean.ontologyframework.tcm.JingfangTestSupport.assertInstancesExist(JingfangTestSupport.java:378)
	at com.ocean.ontologyframework.tcm.JingfangTestSupport.parseIris(JingfangTestSupport.java:319)
	at com.ocean.ontologyframework.tcm.JingfangTestSupport.assertFangzheng(JingfangTestSupport.java:390)
	at com.ocean.ontologyframework.tcm.JingfangTestSupport.assertFangzheng(JingfangTestSupport.java:384)
	at com.ocean.ontologyframework.tcm.ShaoyinTaiyinFangzhengTest.t_xiaojianzhongtang(ShaoyinTaiyinFangzhengTest.java:360)

[ERROR] com.ocean.ontologyframework.tcm.ShaoyinTaiyinFangzhengTest.t_gancaoganjiangfulingbaizhutang -- Time elapsed: 0.216 s <<< FAILURE!
org.opentest4j.AssertionFailedError: 

expected: "Gancaoganjiangfulingbaizhutangzheng"
 but was: "Gualouqumaiwanzheng"
	at com.ocean.ontologyframework.tcm.JingfangTestSupport.assertBasicResult(JingfangTestSupport.java:197)
	at com.ocean.ontologyframework.tcm.JingfangTestSupport.assertFangzheng(JingfangTestSupport.java:434)
	at com.ocean.ontologyframework.tcm.JingfangTestSupport.assertFangzheng(JingfangTestSupport.java:384)
	at com.ocean.ontologyframework.tcm.ShaoyinTaiyinFangzhengTest.t_gancaoganjiangfulingbaizhutang(ShaoyinTaiyinFangzhengTest.java:375)

[INFO] 
[INFO] Results:
[INFO] 
[ERROR] Failures: 
[ERROR]   ShaoyinTaiyinFangzhengTest.t_chishizhiyuyuliangtang:216 
expected: "Chishizhiyuyuliangtangzheng"
 but was: "Fulingguizhigancaodazaotangzheng"
[ERROR]   ShaoyinTaiyinFangzhengTest.t_fulingsinitang:101 
expected: "Fulingsinitangzheng"
 but was: "Guizhieryuebiyitangzheng"
[ERROR]   ShaoyinTaiyinFangzhengTest.t_gancaoganjiangfulingbaizhutang:375 
expected: "Gancaoganjiangfulingbaizhutangzheng"
 but was: "Gualouqumaiwanzheng"
[ERROR]   ShaoyinTaiyinFangzhengTest.t_gancaotang:159 
expected: "Gancaotangzheng"
 but was: "Banxiasanjitangzheng"
[ERROR]   ShaoyinTaiyinFangzhengTest.t_guizhijialonggumulitang_taiyin:199 ? 症状/脉象/舌象实例不存在于本体，请核对名称: [Jixukouchimai]
[ERROR]   ShaoyinTaiyinFangzhengTest.t_huangqiguizhiwuwutang:326 
expected: "Huangqiguizhiwuwutangzheng"
 but was: "Fulingguizhigancaodazaotangzheng"
[ERROR]   ShaoyinTaiyinFangzhengTest.t_lingganwuweijiangxinxiatang:299 
expected: "Lingganwuweijiangxinxiatangzheng"
 but was: "Lingganwuweijiangxintangzheng"
[ERROR]   ShaoyinTaiyinFangzhengTest.t_tongmaisinitang:86 ? 症状/脉象/舌象实例不存在于本体，请核对名称: [Weiyujuemai]
[ERROR]   ShaoyinTaiyinFangzhengTest.t_xiaojianzhongtang:360 ? 症状/脉象/舌象实例不存在于本体，请核对名称: [Fan]
[INFO] 
[ERROR] Tests run: 54, Failures: 9, Errors: 0, Skipped: 0
[INFO] 
[INFO] ------------------------------------------------------------------------
[INFO] Reactor Summary for OntopOBDAHandler 0.0.1-SNAPSHOT:
[INFO] 
[INFO] OntopOBDAHandler ................................... SUCCESS [  1.445 s]
[INFO] OpenlletResolver ................................... SUCCESS [  0.905 s]
[INFO] OntologyFramework .................................. FAILURE [ 48.796 s]
[INFO] ------------------------------------------------------------------------
[INFO] BUILD FAILURE
[INFO] ------------------------------------------------------------------------
[INFO] Total time:  51.451 s
[INFO] Finished at: 2026-09-17T14:52:10+08:00
[INFO] ------------------------------------------------------------------------
[ERROR] Failed to execute goal org.apache.maven.plugins:maven-surefire-plugin:3.5.6:test (default-test) on project OntologyFramework: There are test failures.
[ERROR] 
[ERROR] See D:\work\Ontology\TraditionalChineseMedicineOntologyBasedonReasonerMiniBOxTBoxABox\OntologyMachine\OntologyFramework\target\surefire-reports for the individual test results.
[ERROR] See dump files (if any exist) [date].dump, [date]-jvmRun[N].dump and [date].dumpstream.
[ERROR] -> [Help 1]
[ERROR] 
[ERROR] To see the full stack trace of the errors, re-run Maven with the -e switch.
[ERROR] Re-run Maven using the -X switch to enable full debug logging.
[ERROR] 
[ERROR] For more information about the errors and possible solutions, please read the following articles:
[ERROR] [Help 1] http://cwiki.apache.org/confluence/display/MAVEN/MojoFailureException
[ERROR] 
[ERROR] After correcting the problems, you can resume the build with the command
[ERROR]   mvn <args> -rf :OntologyFramework
