SLF4J(W): Class path contains multiple SLF4J providers.
SLF4J(W): Found provider [ch.qos.logback.classic.spi.LogbackServiceProvider@1ed4004b]
SLF4J(W): Found provider [org.apache.logging.slf4j.SLF4JServiceProvider@ff5b51f]
SLF4J(W): Found provider [org.slf4j.simple.SimpleServiceProvider@25bbe1b6]
SLF4J(W): See https://www.slf4j.org/codes.html#multiple_bindings for an explanation.
SLF4J(I): Actual provider is of type [ch.qos.logback.classic.spi.LogbackServiceProvider@1ed4004b]
[probe] 公理=5486 subClassOf=1101 equivalentClass=95 classAssertion=736
[probe] Fare 的 subClassOf(索引)=1 (手工)=1 ; Panju_C6 的 equivalentClass(索引)=1 (手工)=1
[load] 1671 ms, 自身公理=5486, 闭包公理=5486, 类=822, 个体=726
   loaded core -> true 公理=454 类=158
   loaded zhengzhuang -> true 公理=2038 类=604
   loaded maixiang -> true 公理=403 类=74
   loaded shexiang -> true 公理=353 类=84
   loaded shexiang-abox -> true 公理=277 类=59
   loaded zhengzhuang-abox -> true 公理=1758 类=585
   loaded maixiang-abox -> true 公理=204 类=68
[composite] 脉=0
[reason] 22 患者, 24627 ms, 一致=true
[debug] 患者0 全部类型(13)=[Bagang, BagangPanju, Banbiaobanli, Huanzhe, Jueyinbing, Liujingbing, Panju_C3, Panju_C6, Panju_E6, Shaoyangbing, Thing, Yang, Yin]
[debug] 患者0 直接类型=[<http://www.tcm-classics.org/jingfang#Panju_C3>, <http://www.tcm-classics.org/jingfang#Huanzhe>, <http://www.tcm-classics.org/jingfang#Panju_E6>, <http://www.tcm-classics.org/jingfang#Panju_C6>, <http://www.tcm-classics.org/jingfang#Jueyinbing>]
[四逆散证] 八纲=[Banbiaobanli, Yang, Yin] 六经=[Jueyinbing, Shaoyangbing] 判据=[Panju_C3, Panju_C6, Panju_E6]
[瓜蒌牡蛎散证] 八纲=[] 六经=[] 判据=[]
[诃梨勒散证] 八纲=[] 六经=[] 判据=[]
[柴胡桂枝干姜汤证] 八纲=[Banbiaobanli, Li, Yang] 六经=[Shaoyangbing, Yangmingbing] 判据=[Panju_B8, Panju_C3, Panju_C6]
[白虎加桂枝汤证] 八纲=[] 六经=[] 判据=[]
[小承气汤证] 八纲=[] 六经=[] 判据=[]
[大黄附子汤证] 八纲=[] 六经=[] 判据=[]
[枳实栀子豉汤证] 八纲=[] 六经=[] 判据=[]
[麻黄附子细辛汤证] 八纲=[Biao, Yang, Yin] 六经=[Shaoyinbing, Taiyangbing] 判据=[Panju_A8, Panju_D7, Panju_E1]
[通脉四逆汤证] 八纲=[] 六经=[] 判据=[]
[苦酒汤证] 八纲=[] 六经=[] 判据=[]
[桂枝汤证] 八纲=[Yang] 六经=[] 判据=[Panju_D7, Panju_D8]
[桂枝去芍药汤证] 八纲=[Yang] 六经=[] 判据=[Panju_D7]
[桂枝甘草龙骨牡蛎汤证] 八纲=[] 六经=[] 判据=[]
[桂枝人参汤证] 八纲=[Yang] 六经=[] 判据=[Panju_D7, Panju_D8]
[麻黄汤证主证不全] 八纲=[Yang] 六经=[] 判据=[Panju_D7, Panju_D8]
[百合地黄汤证] 八纲=[] 六经=[] 判据=[]
[百合知母汤证] 八纲=[] 六经=[] 判据=[]
[滑石代赭汤证] 八纲=[] 六经=[] 判据=[]
[百合鸡子汤证] 八纲=[] 六经=[] 判据=[]
[百合洗方证] 八纲=[] 六经=[] 判据=[]
[百合滑石散证] 八纲=[] 六经=[] 判据=[]
[done] total=26370 ms
