SLF4J(W): Class path contains multiple SLF4J providers.
SLF4J(W): Found provider [ch.qos.logback.classic.spi.LogbackServiceProvider@1ed4004b]
SLF4J(W): Found provider [org.apache.logging.slf4j.SLF4JServiceProvider@ff5b51f]
SLF4J(W): Found provider [org.slf4j.simple.SimpleServiceProvider@25bbe1b6]
SLF4J(W): See https://www.slf4j.org/codes.html#multiple_bindings for an explanation.
SLF4J(I): Actual provider is of type [ch.qos.logback.classic.spi.LogbackServiceProvider@1ed4004b]
[probe] 公理=5486 subClassOf=1101 equivalentClass=95 classAssertion=736
[probe] Fare 的 subClassOf=0 ; Panju_C6 的 equivalentClass=0
[load] 1595 ms, 自身公理=5486, 闭包公理=5486, 类=822, 个体=726
   loaded core -> true 公理=454 类=158
   loaded zhengzhuang -> true 公理=2038 类=604
   loaded maixiang -> true 公理=403 类=74
   loaded shexiang -> true 公理=353 类=84
   loaded shexiang-abox -> true 公理=277 类=59
   loaded zhengzhuang-abox -> true 公理=1758 类=585
   loaded maixiang-abox -> true 公理=204 类=68
[composite] 脉=0
[reason] 22 患者, 2386 ms, 一致=true
[debug] 患者0 全部类型(9)=[Futong, Huanzhe, Kouku, Shouzuleng, Thing, Wanglaihanre, Xiali, Xianmai, Xiongxiekuman]
[debug] 患者0 直接类型=[<http://www.tcm-classics.org/jingfang/#Xiongxiekuman>, <http://www.tcm-classics.org/jingfang/#Xianmai>, <http://www.tcm-classics.org/jingfang/#Huanzhe>, <http://www.tcm-classics.org/jingfang/#Shouzuleng>, <http://www.tcm-classics.org/jingfang/#Wanglaihanre>, <http://www.tcm-classics.org/jingfang/#Futong>, <http://www.tcm-classics.org/jingfang/#Xiali>, <http://www.tcm-classics.org/jingfang/#Kouku>]
[四逆散证] 八纲=[] 六经=[] 判据=[]
[瓜蒌牡蛎散证] 八纲=[] 六经=[] 判据=[]
[诃梨勒散证] 八纲=[] 六经=[] 判据=[]
[柴胡桂枝干姜汤证] 八纲=[] 六经=[] 判据=[]
[白虎加桂枝汤证] 八纲=[] 六经=[] 判据=[]
[小承气汤证] 八纲=[] 六经=[] 判据=[]
[大黄附子汤证] 八纲=[] 六经=[] 判据=[]
[枳实栀子豉汤证] 八纲=[] 六经=[] 判据=[]
[麻黄附子细辛汤证] 八纲=[] 六经=[] 判据=[]
[通脉四逆汤证] 八纲=[] 六经=[] 判据=[]
[苦酒汤证] 八纲=[] 六经=[] 判据=[]
[桂枝汤证] 八纲=[] 六经=[] 判据=[]
[桂枝去芍药汤证] 八纲=[] 六经=[] 判据=[]
[桂枝甘草龙骨牡蛎汤证] 八纲=[] 六经=[] 判据=[]
[桂枝人参汤证] 八纲=[] 六经=[] 判据=[]
[麻黄汤证主证不全] 八纲=[] 六经=[] 判据=[]
[百合地黄汤证] 八纲=[] 六经=[] 判据=[]
[百合知母汤证] 八纲=[] 六经=[] 判据=[]
[滑石代赭汤证] 八纲=[] 六经=[] 判据=[]
[百合鸡子汤证] 八纲=[] 六经=[] 判据=[]
[百合洗方证] 八纲=[] 六经=[] 判据=[]
[百合滑石散证] 八纲=[] 六经=[] 判据=[]
[done] total=4117 ms
