SLF4J(W): Class path contains multiple SLF4J providers.
SLF4J(W): Found provider [ch.qos.logback.classic.spi.LogbackServiceProvider@1ed4004b]
SLF4J(W): Found provider [org.apache.logging.slf4j.SLF4JServiceProvider@ff5b51f]
SLF4J(W): Found provider [org.slf4j.simple.SimpleServiceProvider@25bbe1b6]
SLF4J(W): See https://www.slf4j.org/codes.html#multiple_bindings for an explanation.
SLF4J(I): Actual provider is of type [ch.qos.logback.classic.spi.LogbackServiceProvider@1ed4004b]
[probe] 公理=5486 subClassOf=1101 equivalentClass=95 classAssertion=736
[probe] Fare 的 subClassOf(索引)=0 (手工)=0 ; Panju_C6 的 equivalentClass(索引)=0 (手工)=0
[load] 1539 ms, 自身公理=5486, 闭包公理=5486, 类=822, 个体=726
   loaded core -> true 公理=454 类=158
   loaded zhengzhuang -> true 公理=2038 类=604
   loaded maixiang -> true 公理=403 类=74
   loaded shexiang -> true 公理=353 类=84
   loaded shexiang-abox -> true 公理=277 类=59
   loaded zhengzhuang-abox -> true 公理=1758 类=585
   loaded maixiang-abox -> true 公理=204 类=68
[composite] 脉=0
[warn] Shouzuleng 个体无类断言(手工扫描)
[warn] Wanglaihanre 个体无类断言(手工扫描)
[warn] Xiongxiekuman 个体无类断言(手工扫描)
[warn] Kouku 个体无类断言(手工扫描)
[warn] Futong 个体无类断言(手工扫描)
[warn] Xiali 个体无类断言(手工扫描)
[warn] Xianmai 个体无类断言(手工扫描)
[warn] Kouke 个体无类断言(手工扫描)
[warn] Kouku 个体无类断言(手工扫描)
[warn] Xiaobianchi 个体无类断言(手工扫描)
[warn] Weishumai 个体无类断言(手工扫描)
[warn] Xialiqi 个体无类断言(手工扫描)
[warn] Chenmai 个体无类断言(手工扫描)
[warn] Wanglaihanre 个体无类断言(手工扫描)
[warn] Xiongxiekuman 个体无类断言(手工扫描)
[warn] Xiaobianbuli 个体无类断言(手工扫描)
[warn] Kouke 个体无类断言(手工扫描)
[warn] Buou 个体无类断言(手工扫描)
[warn] Dantouhanchu 个体无类断言(手工扫描)
[warn] Xinfan 个体无类断言(手工扫描)
[warn] Fuman 个体无类断言(手工扫描)
[warn] Buke 个体无类断言(手工扫描)
[warn] Kouku 个体无类断言(手工扫描)
[warn] Xianmai 个体无类断言(手工扫描)
[warn] Ruomai 个体无类断言(手工扫描)
[warn] Danrebuhan 个体无类断言(手工扫描)
[warn] Gujietengfan 个体无类断言(手工扫描)
[warn] Dare 个体无类断言(手工扫描)
[warn] Dake 个体无类断言(手工扫描)
[warn] Dahan 个体无类断言(手工扫描)
[warn] Pingmai 个体无类断言(手工扫描)
[warn] Fuman 个体无类断言(手工扫描)
[warn] Chaore 个体无类断言(手工扫描)
[warn] Zhanyu 个体无类断言(手工扫描)
[warn] Huamai 个体无类断言(手工扫描)
[warn] Xiexiapiantong 个体无类断言(手工扫描)
[warn] Fare 个体无类断言(手工扫描)
[warn] Fuman 个体无类断言(手工扫描)
[warn] Xiali 个体无类断言(手工扫描)
[warn] Buke 个体无类断言(手工扫描)
[warn] Jinxianmai 个体无类断言(手工扫描)
[warn] Dabingchaihou 个体无类断言(手工扫描)
[warn] Laofu 个体无类断言(手工扫描)
[warn] Fumai 个体无类断言(手工扫描)
[warn] Fare 个体无类断言(手工扫描)
[warn] Ehan 个体无类断言(手工扫描)
[warn] Wuhan 个体无类断言(手工扫描)
[warn] Danyumei 个体无类断言(手工扫描)
[warn] Chenmai 个体无类断言(手工扫描)
[warn] Weiximai 个体无类断言(手工扫描)
[warn] Xialiqinggu 个体无类断言(手工扫描)
[warn] Shouzujueni 个体无类断言(手工扫描)
[warn] Mianchi 个体无类断言(手工扫描)
[warn] Buehan 个体无类断言(手工扫描)
[warn] Weiximai 个体无类断言(手工扫描)
[warn] Yanzhongshangshengchuang 个体无类断言(手工扫描)
[warn] Budeyu 个体无类断言(手工扫描)
[warn] Fumai 个体无类断言(手工扫描)
[warn] Fare 个体无类断言(手工扫描)
[warn] Efeng 个体无类断言(手工扫描)
[warn] Hanchu 个体无类断言(手工扫描)
[warn] Fumai 个体无类断言(手工扫描)
[warn] Huanmai 个体无类断言(手工扫描)
[warn] Xiongman 个体无类断言(手工扫描)
[warn] Efeng 个体无类断言(手工扫描)
[warn] Fare 个体无类断言(手工扫描)
[warn] Hanchu 个体无类断言(手工扫描)
[warn] Cumai 个体无类断言(手工扫描)
[warn] Fanzao 个体无类断言(手工扫描)
[warn] Fumai 个体无类断言(手工扫描)
[warn] Xinxiapiying 个体无类断言(手工扫描)
[warn] Xialibuzhi 个体无类断言(手工扫描)
[warn] Fare 个体无类断言(手工扫描)
[warn] Ehan 个体无类断言(手工扫描)
[warn] Fumai 个体无类断言(手工扫描)
[warn] Xumai 个体无类断言(手工扫描)
[warn] Fare 个体无类断言(手工扫描)
[warn] Ehan 个体无类断言(手工扫描)
[warn] Wuhan 个体无类断言(手工扫描)
[warn] Fumai 个体无类断言(手工扫描)
[warn] Jinmai 个体无类断言(手工扫描)
[warn] Kouku 个体无类断言(手工扫描)
[warn] Xiaobianchi 个体无类断言(手工扫描)
[warn] Weishumai 个体无类断言(手工扫描)
[warn] Kouku 个体无类断言(手工扫描)
[warn] Xiaobianchi 个体无类断言(手工扫描)
[warn] Xinfan 个体无类断言(手工扫描)
[warn] Weishumai 个体无类断言(手工扫描)
[warn] Kouku 个体无类断言(手工扫描)
[warn] Xiaobianchi 个体无类断言(手工扫描)
[warn] Xiaobianbuli 个体无类断言(手工扫描)
[warn] Weishumai 个体无类断言(手工扫描)
[warn] Kouku 个体无类断言(手工扫描)
[warn] Xiaobianchi 个体无类断言(手工扫描)
[warn] Xiongzhongfan 个体无类断言(手工扫描)
[warn] Weishumai 个体无类断言(手工扫描)
[warn] Kouke 个体无类断言(手工扫描)
[warn] Weishumai 个体无类断言(手工扫描)
[warn] Fare 个体无类断言(手工扫描)
[warn] Kouku 个体无类断言(手工扫描)
[warn] Xiaobianchi 个体无类断言(手工扫描)
[warn] Weishumai 个体无类断言(手工扫描)
[reason] 22 患者, 1820 ms, 一致=true
[debug] 患者0 全部类型(2)=[Huanzhe, Thing]
[debug] 患者0 直接类型=[<http://www.tcm-classics.org/jingfang/#Huanzhe>]
[四逆散证] 八纲=[] 六经=[] 判据=[]
[瓜蒌牡蛎散证] 八纲=[] 六经=[] 判据=[]
[诃梨勒散证] 八纲=[] 六经=[] 判据=[]
[柴胡桂枝干姜汤证] 八纲=[] 六经=[] 判据=[]
[白虎加桂枝汤证] 八纲=[] 六经=[] 判据=[]
[小承气汤证] 八纲=[] 六经=[] 判据=[]
[大黄附子汤证] 八纲=[] 六经=[] 判据=[]
[枳实栀子豉汤证] 八纲=[] 六经=[] 判据=[]
[麻黄附子细辛汤证] 八纲=[] 六经=[] 判据=[]
[通脉四逆汤证] 八纲=[] 六经=[] 判据=[]
[苦酒汤证] 八纲=[] 六经=[] 判据=[]
[桂枝汤证] 八纲=[] 六经=[] 判据=[]
[桂枝去芍药汤证] 八纲=[] 六经=[] 判据=[]
[桂枝甘草龙骨牡蛎汤证] 八纲=[] 六经=[] 判据=[]
[桂枝人参汤证] 八纲=[] 六经=[] 判据=[]
[麻黄汤证主证不全] 八纲=[] 六经=[] 判据=[]
[百合地黄汤证] 八纲=[] 六经=[] 判据=[]
[百合知母汤证] 八纲=[] 六经=[] 判据=[]
[滑石代赭汤证] 八纲=[] 六经=[] 判据=[]
[百合鸡子汤证] 八纲=[] 六经=[] 判据=[]
[百合洗方证] 八纲=[] 六经=[] 判据=[]
[百合滑石散证] 八纲=[] 六经=[] 判据=[]
[done] total=3445 ms
