SLF4J(W): Class path contains multiple SLF4J providers.
SLF4J(W): Found provider [ch.qos.logback.classic.spi.LogbackServiceProvider@27c20538]
SLF4J(W): Found provider [org.apache.logging.slf4j.SLF4JServiceProvider@72d818d1]
SLF4J(W): Found provider [org.slf4j.simple.SimpleServiceProvider@6e06451e]
SLF4J(W): See https://www.slf4j.org/codes.html#multiple_bindings for an explanation.
SLF4J(I): Actual provider is of type [ch.qos.logback.classic.spi.LogbackServiceProvider@27c20538]
[1] 加载 tcm-all.owl 后本体数 = 18
[2] TBox 闭包公理数 = 7452
[3] 加载 tcm-all-abox.owl 后本体数 = 22
[4] lookup 公理数 = 9694
[5] tbox 含 Taiyinbing 类? true
[5] tbox 含 Fuman 类? true
[5] tbox 中 Taiyinbing 等价类 = 1
[5] tbox 中 Li/Yin 子类公理数 = 11
[6] 患者公理数 = 5
      ClassAssertion(<http://www.tcm-classics.org/jingfang#Huanzhe> <http://www.tcm-classics.org/jingfang#ProbePatient>)
      ObjectPropertyAssertion(<http://www.tcm-classics.org/jingfang#you_zhengzhuang> <http://www.tcm-classics.org/jingfang#ProbePatient> <http://www.tcm-classics.org/jingfang#Fuman_instance>)
      ClassAssertion(<http://www.tcm-classics.org/jingfang#Fuman> <http://www.tcm-classics.org/jingfang#Fuman_instance>)
      ObjectPropertyAssertion(<http://www.tcm-classics.org/jingfang#you_maixiang> <http://www.tcm-classics.org/jingfang#ProbePatient> <http://www.tcm-classics.org/jingfang#Ruomai_instance>)
      ClassAssertion(<http://www.tcm-classics.org/jingfang#Ruomai> <http://www.tcm-classics.org/jingfang#Ruomai_instance>)
[7] 推理本体公理数 = 7457
[7] 推理本体含 Taiyinbing 等价类 = 1
[8] 开始推理（可能数分钟）...
[8] 推理完成，用时 772s
[9] 患者类型 = [Bagang, BagangPanju, Huanzhe, Li, Panju_B8, Thing]
