2026-08-10 11:08:03.365000+08:00 [notice] <0.45.0> Application syslog exited with reason: stopped
2026-08-10 11:08:03.389000+08:00 [notice] <0.209.0> Logging: switching to configured handler(s); following messages may not be visible in this log output

  ##  ##      RabbitMQ 4.3.4
  ##  ##
  ##########  Copyright (c) 2007-2026 Broadcom Inc and/or its subsidiaries
  ######  ##
  ##########  Licensed under the MPL 2.0. Website: https://rabbitmq.com

  Erlang:      28.5.0.3 [jit]
  TLS Library: OpenSSL - OpenSSL 3.5.5 27 Jan 2026
  Release series support status: see https://www.rabbitmq.com/release-information

  Doc guides:  https://www.rabbitmq.com/docs
  Support:     https://www.rabbitmq.com/docs/contact
  Tutorials:   https://www.rabbitmq.com/tutorials
  Monitoring:  https://www.rabbitmq.com/docs/monitoring
  Upgrading:   https://www.rabbitmq.com/docs/upgrade

  Logs: <stdout>
        c:/Users/ocean/AppData/Roaming/RabbitMQ/log/rabbit@Ocean-win-Desktop.log

  Config file(s): (none)

  Starting broker... completed with 3 plugins.
2026-08-10 11:14:35.275000+08:00 [notice] <0.45.0> Application syslog exited with reason: stopped
2026-08-10 11:14:35.294000+08:00 [notice] <0.209.0> Logging: switching to configured handler(s); following messages may not be visible in this log output

  ##  ##      RabbitMQ 4.3.4
  ##  ##
  ##########  Copyright (c) 2007-2026 Broadcom Inc and/or its subsidiaries
  ######  ##
  ##########  Licensed under the MPL 2.0. Website: https://rabbitmq.com

  Erlang:      28.5.0.3 [jit]
  TLS Library: OpenSSL - OpenSSL 3.5.5 27 Jan 2026
  Release series support status: see https://www.rabbitmq.com/release-information

  Doc guides:  https://www.rabbitmq.com/docs
  Support:     https://www.rabbitmq.com/docs/contact
  Tutorials:   https://www.rabbitmq.com/tutorials
  Monitoring:  https://www.rabbitmq.com/docs/monitoring
  Upgrading:   https://www.rabbitmq.com/docs/upgrade

  Logs: <stdout>
        c:/Users/ocean/AppData/Roaming/RabbitMQ/log/rabbit@Ocean-win-Desktop.log

  Config file(s): (none)

  Starting broker... completed with 3 plugins.
2026-08-10 11:16:45.274000+08:00 [notice] <0.45.0> Application syslog exited with reason: stopped
2026-08-10 11:16:45.298000+08:00 [notice] <0.209.0> Logging: switching to configured handler(s); following messages may not be visible in this log output

  ##  ##      RabbitMQ 4.3.4
  ##  ##
  ##########  Copyright (c) 2007-2026 Broadcom Inc and/or its subsidiaries
  ######  ##
  ##########  Licensed under the MPL 2.0. Website: https://rabbitmq.com

  Erlang:      28.5.0.3 [jit]
  TLS Library: OpenSSL - OpenSSL 3.5.5 27 Jan 2026
  Release series support status: see https://www.rabbitmq.com/release-information

  Doc guides:  https://www.rabbitmq.com/docs
  Support:     https://www.rabbitmq.com/docs/contact
  Tutorials:   https://www.rabbitmq.com/tutorials
  Monitoring:  https://www.rabbitmq.com/docs/monitoring
  Upgrading:   https://www.rabbitmq.com/docs/upgrade

  Logs: <stdout>
        c:/Users/ocean/AppData/Roaming/RabbitMQ/log/rabbit@Ocean-win-Desktop.log

  Config file(s): (none)

  Starting broker... completed with 3 plugins.
2026-08-10 11:18:37.300000+08:00 [notice] <0.45.0> Application syslog exited with reason: stopped
2026-08-10 11:18:37.313000+08:00 [notice] <0.209.0> Logging: switching to configured handler(s); following messages may not be visible in this log output

  ##  ##      RabbitMQ 4.3.4
  ##  ##
  ##########  Copyright (c) 2007-2026 Broadcom Inc and/or its subsidiaries
  ######  ##
  ##########  Licensed under the MPL 2.0. Website: https://rabbitmq.com

  Erlang:      28.5.0.3 [jit]
  TLS Library: OpenSSL - OpenSSL 3.5.5 27 Jan 2026
  Release series support status: see https://www.rabbitmq.com/release-information

  Doc guides:  https://www.rabbitmq.com/docs
  Support:     https://www.rabbitmq.com/docs/contact
  Tutorials:   https://www.rabbitmq.com/tutorials
  Monitoring:  https://www.rabbitmq.com/docs/monitoring
  Upgrading:   https://www.rabbitmq.com/docs/upgrade

  Logs: <stdout>
        c:/Users/ocean/AppData/Roaming/RabbitMQ/log/rabbit@Ocean-win-Desktop.log

  Config file(s): (none)

  Starting broker... completed with 3 plugins.
2026-08-10 11:29:18.433000+08:00 [notice] <0.45.0> Application syslog exited with reason: stopped
2026-08-10 11:29:18.446000+08:00 [notice] <0.209.0> Logging: switching to configured handler(s); following messages may not be visible in this log output

  ##  ##      RabbitMQ 4.3.4
  ##  ##
  ##########  Copyright (c) 2007-2026 Broadcom Inc and/or its subsidiaries
  ######  ##
  ##########  Licensed under the MPL 2.0. Website: https://rabbitmq.com

  Erlang:      28.5.0.3 [jit]
  TLS Library: OpenSSL - OpenSSL 3.5.5 27 Jan 2026
  Release series support status: see https://www.rabbitmq.com/release-information

  Doc guides:  https://www.rabbitmq.com/docs
  Support:     https://www.rabbitmq.com/docs/contact
  Tutorials:   https://www.rabbitmq.com/tutorials
  Monitoring:  https://www.rabbitmq.com/docs/monitoring
  Upgrading:   https://www.rabbitmq.com/docs/upgrade

  Logs: <stdout>
        c:/Users/ocean/AppData/Roaming/RabbitMQ/log/rabbit@Ocean-win-Desktop.log

  Config file(s): (none)

  Starting broker... completed with 3 plugins.
2026-08-10 11:36:13.591000+08:00 [notice] <0.45.0> Application syslog exited with reason: stopped
2026-08-10 11:36:13.605000+08:00 [notice] <0.209.0> Logging: switching to configured handler(s); following messages may not be visible in this log output

  ##  ##      RabbitMQ 4.3.4
  ##  ##
  ##########  Copyright (c) 2007-2026 Broadcom Inc and/or its subsidiaries
  ######  ##
  ##########  Licensed under the MPL 2.0. Website: https://rabbitmq.com

  Erlang:      28.5.0.3 [jit]
  TLS Library: OpenSSL - OpenSSL 3.5.5 27 Jan 2026
  Release series support status: see https://www.rabbitmq.com/release-information

  Doc guides:  https://www.rabbitmq.com/docs
  Support:     https://www.rabbitmq.com/docs/contact
  Tutorials:   https://www.rabbitmq.com/tutorials
  Monitoring:  https://www.rabbitmq.com/docs/monitoring
  Upgrading:   https://www.rabbitmq.com/docs/upgrade

  Logs: <stdout>
        c:/Users/ocean/AppData/Roaming/RabbitMQ/log/rabbit@Ocean-win-Desktop.log

  Config file(s): (none)

  Starting broker... completed with 3 plugins.
[os_mon] win32 supervisor port (win32sysinfo): Erlang has closed
