WARNING: A restricted method in java.lang.System has been called
WARNING: java.lang.System::load has been called by org.fusesource.jansi.internal.JansiLoader in an unnamed module (file:/C:/Users/ocean/.m2/wrapper/dists/apache-maven-3.9.16-bin/5grr65jo27hi51sujmtcldfovl/apache-maven-3.9.16/lib/jansi-2.4.3.jar)
WARNING: Use --enable-native-access=ALL-UNNAMED to avoid a warning for callers in this module
WARNING: Restricted methods will be blocked in a future release unless native access is enabled

[INFO] Scanning for projects...
[INFO] ------------------------------------------------------------------------
[INFO] Reactor Build Order:
[INFO] 
[INFO] OntopOBDAHandler                                                   [jar]
[INFO] OpenlletResolver                                                   [jar]
[INFO] OntologyFramework                                                  [jar]
[INFO] OntologyMachine                                                    [pom]
[INFO] 
[INFO] ---------------------< com.ocean:OntopOBDAHandler >---------------------
[INFO] Building OntopOBDAHandler 0.0.1-SNAPSHOT                           [1/4]
[INFO]   from OntopOBDAHandler\pom.xml
[INFO] --------------------------------[ jar ]---------------------------------
[INFO] 
[INFO] --- resources:3.5.0:resources (default-resources) @ OntopOBDAHandler ---
[INFO] Copying 1 resource from src\main\resources to target\classes
[INFO] Copying 0 resource from src\main\resources to target\classes
[INFO] 
[INFO] --- compiler:3.15.0:compile (default-compile) @ OntopOBDAHandler ---
[INFO] Nothing to compile - all classes are up to date.
[INFO] 
[INFO] --- resources:3.5.0:testResources (default-testResources) @ OntopOBDAHandler ---
[INFO] skip non existing resourceDirectory D:\work\Ontology\TraditionalChineseMedicineOntologyBasedonReasonerMiniBOxTBoxABox\OntologyMachine\OntopOBDAHandler\src\test\resources
[INFO] 
[INFO] --- compiler:3.15.0:testCompile (default-testCompile) @ OntopOBDAHandler ---
[INFO] Nothing to compile - all classes are up to date.
[INFO] 
[INFO] ---------------------< com.ocean:OpenlletResolver >---------------------
[INFO] Building OpenlletResolver 0.0.1-SNAPSHOT                           [2/4]
[INFO]   from OpenlletResolver\pom.xml
[INFO] --------------------------------[ jar ]---------------------------------
Downloading from central: https://repo.maven.apache.org/maven2/org/antlr/antlr-runtime/maven-metadata.xml
Progress (1): 881 B                   Downloaded from central: https://repo.maven.apache.org/maven2/org/antlr/antlr-runtime/maven-metadata.xml (881 B at 847 B/s)
Downloading from central: https://repo.maven.apache.org/maven2/net/sourceforge/owlapi/owlapi-distribution/maven-metadata.xml
Progress (1): 3.4 kB                    Downloaded from central: https://repo.maven.apache.org/maven2/net/sourceforge/owlapi/owlapi-distribution/maven-metadata.xml (3.4 kB at 9.3 kB/s)
Downloading from sonatype-nexus-snapshots: https://oss.sonatype.org/content/repositories/snapshots/com/google/guava/guava/maven-metadata.xml
Downloading from central: https://repo.maven.apache.org/maven2/com/google/guava/guava/maven-metadata.xml
Progress (1): 4.4 kBProgress (1): 5.9 kB                    Downloaded from central: https://repo.maven.apache.org/maven2/com/google/guava/guava/maven-metadata.xml (5.9 kB at 20 kB/s)
Downloading from central: https://repo.maven.apache.org/maven2/com/google/code/findbugs/jsr305/maven-metadata.xml
Downloading from sonatype-nexus-snapshots: https://oss.sonatype.org/content/repositories/snapshots/com/google/code/findbugs/jsr305/maven-metadata.xml
Progress (1): 461 B                   Downloaded from central: https://repo.maven.apache.org/maven2/com/google/code/findbugs/jsr305/maven-metadata.xml (461 B at 1.6 kB/s)
Downloading from central: https://repo.maven.apache.org/maven2/net/sourceforge/owlapi/owlapi-api/maven-metadata.xml
Downloading from sonatype-nexus-snapshots: https://oss.sonatype.org/content/repositories/snapshots/net/sourceforge/owlapi/owlapi-api/maven-metadata.xml
Progress (1): 3.3 kB                    Downloaded from central: https://repo.maven.apache.org/maven2/net/sourceforge/owlapi/owlapi-api/maven-metadata.xml (3.3 kB at 10 kB/s)
Downloading from central: https://repo.maven.apache.org/maven2/net/sourceforge/owlapi/owlapi-tools/maven-metadata.xml
Downloading from sonatype-nexus-snapshots: https://oss.sonatype.org/content/repositories/snapshots/net/sourceforge/owlapi/owlapi-tools/maven-metadata.xml
Progress (1): 3.3 kB                    Downloaded from central: https://repo.maven.apache.org/maven2/net/sourceforge/owlapi/owlapi-tools/maven-metadata.xml (3.3 kB at 9.8 kB/s)
Downloading from sonatype-nexus-snapshots: https://oss.sonatype.org/content/repositories/snapshots/net/sourceforge/owlapi/owlapi-parsers/maven-metadata.xml
Downloading from central: https://repo.maven.apache.org/maven2/net/sourceforge/owlapi/owlapi-parsers/maven-metadata.xml
Progress (1): 3.3 kB                    Downloaded from central: https://repo.maven.apache.org/maven2/net/sourceforge/owlapi/owlapi-parsers/maven-metadata.xml (3.3 kB at 10 kB/s)
[INFO] 
[INFO] --- resources:3.5.0:resources (default-resources) @ OpenlletResolver ---
[INFO] Copying 1 resource from src\main\resources to target\classes
[INFO] Copying 1 resource from src\main\resources to target\classes
[INFO] 
[INFO] --- compiler:3.15.0:compile (default-compile) @ OpenlletResolver ---
[INFO] Recompiling the module because of changed source code.
[INFO] Compiling 15 source files with javac [debug parameters release 26] to target\classes
[WARNING] /D:/work/Ontology/TraditionalChineseMedicineOntologyBasedonReasonerMiniBOxTBoxABox/OntologyMachine/OpenlletResolver/src/main/java/com/ocean/openlletresolver/GenericAxiomBuilder.java:[50,12] 未使用 @Deprecated 对已过时的项目进行批注
[INFO] /D:/work/Ontology/TraditionalChineseMedicineOntologyBasedonReasonerMiniBOxTBoxABox/OntologyMachine/OpenlletResolver/src/main/java/com/ocean/openlletresolver/BackendService.java: 某些输入文件使用或覆盖了已过时的 API。
[INFO] /D:/work/Ontology/TraditionalChineseMedicineOntologyBasedonReasonerMiniBOxTBoxABox/OntologyMachine/OpenlletResolver/src/main/java/com/ocean/openlletresolver/BackendService.java: 有关详细信息, 请使用 -Xlint:deprecation 重新编译。
[INFO] 
[INFO] --- resources:3.5.0:testResources (default-testResources) @ OpenlletResolver ---
[INFO] skip non existing resourceDirectory D:\work\Ontology\TraditionalChineseMedicineOntologyBasedonReasonerMiniBOxTBoxABox\OntologyMachine\OpenlletResolver\src\test\resources
[INFO] 
[INFO] --- compiler:3.15.0:testCompile (default-testCompile) @ OpenlletResolver ---
[INFO] Recompiling the module because of changed dependency.
[INFO] Compiling 4 source files with javac [debug parameters release 26] to target\test-classes
[INFO] /D:/work/Ontology/TraditionalChineseMedicineOntologyBasedonReasonerMiniBOxTBoxABox/OntologyMachine/OpenlletResolver/src/test/java/com/ocean/openlletresolver/OpenlletResolverTests.java: D:\work\Ontology\TraditionalChineseMedicineOntologyBasedonReasonerMiniBOxTBoxABox\OntologyMachine\OpenlletResolver\src\test\java\com\ocean\openlletresolver\OpenlletResolverTests.java使用或覆盖了已过时的 API。
[INFO] /D:/work/Ontology/TraditionalChineseMedicineOntologyBasedonReasonerMiniBOxTBoxABox/OntologyMachine/OpenlletResolver/src/test/java/com/ocean/openlletresolver/OpenlletResolverTests.java: 有关详细信息, 请使用 -Xlint:deprecation 重新编译。
[INFO] 
[INFO] --------------------< com.ocean:OntologyFramework >---------------------
[INFO] Building OntologyFramework 0.0.1-SNAPSHOT                          [3/4]
[INFO]   from OntologyFramework\pom.xml
[INFO] --------------------------------[ jar ]---------------------------------
[WARNING] The artifact io.camunda:spring-boot-starter-camunda-sdk:jar:8.9.6 has been relocated to io.camunda:camunda-spring-boot-starter:jar:8.9.6: The artifact 'spring-boot-starter-camunda-sdk' has been relocated to 'camunda-spring-boot-starter'.
        Note: Relocation for 'spring-boot-starter-camunda-sdk' will be removed starting from the 8.10 release.
        Please update your dependencies to use 'camunda-spring-boot-starter' to avoid build issues.
[INFO] 
[INFO] --- resources:3.5.0:resources (default-resources) @ OntologyFramework ---
[INFO] Copying 2 resources from src\main\resources to target\classes
[INFO] Copying 2 resources from src\main\resources to target\classes
[INFO] 
[INFO] --- compiler:3.15.0:compile (default-compile) @ OntologyFramework ---
[INFO] Recompiling the module because of changed dependency.
[INFO] Compiling 16 source files with javac [debug parameters release 26] to target\classes
[INFO] /D:/work/Ontology/TraditionalChineseMedicineOntologyBasedonReasonerMiniBOxTBoxABox/OntologyMachine/OntologyFramework/src/main/java/com/ocean/ontologyframework/PizzaOntologyJobWorker.java: D:\work\Ontology\TraditionalChineseMedicineOntologyBasedonReasonerMiniBOxTBoxABox\OntologyMachine\OntologyFramework\src\main\java\com\ocean\ontologyframework\PizzaOntologyJobWorker.java使用或覆盖了已过时的 API。
[INFO] /D:/work/Ontology/TraditionalChineseMedicineOntologyBasedonReasonerMiniBOxTBoxABox/OntologyMachine/OntologyFramework/src/main/java/com/ocean/ontologyframework/PizzaOntologyJobWorker.java: 有关详细信息, 请使用 -Xlint:deprecation 重新编译。
[INFO] 
[INFO] --- resources:3.5.0:testResources (default-testResources) @ OntologyFramework ---
[INFO] Copying 1 resource from src\test\resources to target\test-classes
[INFO] 
[INFO] --- compiler:3.15.0:testCompile (default-testCompile) @ OntologyFramework ---
[INFO] Recompiling the module because of changed dependency.
[INFO] Compiling 25 source files with javac [debug parameters release 26] to target\test-classes
[INFO] /D:/work/Ontology/TraditionalChineseMedicineOntologyBasedonReasonerMiniBOxTBoxABox/OntologyMachine/OntologyFramework/src/test/java/com/ocean/ontologyframework/JingfangDiagnosisProcessTest.java: 某些输入文件使用或覆盖了已过时的 API。
[INFO] /D:/work/Ontology/TraditionalChineseMedicineOntologyBasedonReasonerMiniBOxTBoxABox/OntologyMachine/OntologyFramework/src/test/java/com/ocean/ontologyframework/JingfangDiagnosisProcessTest.java: 有关详细信息, 请使用 -Xlint:deprecation 重新编译。
[INFO] /D:/work/Ontology/TraditionalChineseMedicineOntologyBasedonReasonerMiniBOxTBoxABox/OntologyMachine/OntologyFramework/src/test/java/com/ocean/ontologyframework/JingfangDiagnosisProcessTest.java: 某些输入文件使用了未经检查或不安全的操作。
[INFO] /D:/work/Ontology/TraditionalChineseMedicineOntologyBasedonReasonerMiniBOxTBoxABox/OntologyMachine/OntologyFramework/src/test/java/com/ocean/ontologyframework/JingfangDiagnosisProcessTest.java: 有关详细信息, 请使用 -Xlint:unchecked 重新编译。
[INFO] 
[INFO] --------------------< org.junzhang:OntologyMachine >--------------------
[INFO] Building OntologyMachine 0.0.1-SNAPSHOT                            [4/4]
[INFO]   from pom.xml
[INFO] --------------------------------[ pom ]---------------------------------
[INFO] ------------------------------------------------------------------------
[INFO] Reactor Summary for OntologyMachine 0.0.1-SNAPSHOT:
[INFO] 
[INFO] OntopOBDAHandler ................................... SUCCESS [  1.865 s]
[INFO] OpenlletResolver ................................... SUCCESS [  9.499 s]
[INFO] OntologyFramework .................................. SUCCESS [  6.542 s]
[INFO] OntologyMachine .................................... SUCCESS [  0.000 s]
[INFO] ------------------------------------------------------------------------
[INFO] BUILD SUCCESS
[INFO] ------------------------------------------------------------------------
[INFO] Total time:  18.320 s
[INFO] Finished at: 2026-09-20T08:06:42+08:00
[INFO] ------------------------------------------------------------------------
