09:39:46.819 |-WARN  in it.unibz.inf.ontop.cli.utils.EnvCli - Environment variable ONTOLOGY_FILE is deprecated. Please use ONTOP_ONTOLOGY_FILE instead
09:39:46.820 |-WARN  in it.unibz.inf.ontop.cli.utils.EnvCli - Ignoring environment variable ONTOLOGY_FILE=D:\work\Ontology\pizza-ontology\ontology\pizza-all-classes.owl for explicitly specified option -t
-------------------------------------------

    ####    #   #   #####    ####    #####
   #    #   ##  #     #     #    #   #    #
   #    #   # # #     #     #    #   #####
   #    #   #  ##     #     #    #   #
    ####    #   #     #      ####    #

   v5.5.0
   (Java 26.0.1, Windows 11 10.0)
-------------------------------------------




09:39:47.129 |-INFO  in i.u.i.o.e.OntopEndpointApplication - Starting OntopEndpointApplication v5.5.0 using Java 26.0.1 on Ocean-win-Desktop with PID 40112 (D:\work\Ontology\ontop-cli-5.5.0\lib\ontop-endpoint-5.5.0.jar started by ocean in D:\work\Ontology\pizza-ontology\ontology\database)
09:39:47.129 |-INFO  in i.u.i.o.e.OntopEndpointApplication - No active profile set, falling back to 1 default profile: "default"
WARNING: A restricted method in java.lang.System has been called
WARNING: java.lang.System::load has been called by org.apache.tomcat.jni.Library in an unnamed module (file:/D:/work/Ontology/ontop-cli-5.5.0/lib/tomcat-embed-core-9.0.111.jar)
WARNING: Use --enable-native-access=ALL-UNNAMED to avoid a warning for callers in this module
WARNING: Restricted methods will be blocked in a future release unless native access is enabled

09:39:47.896 |-INFO  in o.s.b.w.e.tomcat.TomcatWebServer - Tomcat initialized with port(s): 8080 (http)
09:39:47.902 |-INFO  in o.a.coyote.http11.Http11NioProtocol - Initializing ProtocolHandler ["http-nio-8080"]
09:39:47.903 |-INFO  in o.a.catalina.core.StandardService - Starting service [Tomcat]
09:39:47.903 |-INFO  in o.a.catalina.core.StandardEngine - Starting Servlet engine: [Apache Tomcat/9.0.111]
09:39:48.019 |-INFO  in o.a.c.c.C.[Tomcat].[localhost].[/] - Initializing Spring embedded WebApplicationContext
09:39:48.019 |-INFO  in o.s.b.w.s.c.ServletWebServerApplicationContext - Root WebApplicationContext: initialization completed in 859 ms
WARNING: A terminally deprecated method in sun.misc.Unsafe has been called
WARNING: sun.misc.Unsafe::objectFieldOffset has been called by com.google.common.util.concurrent.AbstractFuture$UnsafeAtomicHelper (file:/D:/work/Ontology/ontop-cli-5.5.0/lib/guava-32.0.1-jre.jar)
WARNING: Please consider reporting this to the maintainers of class com.google.common.util.concurrent.AbstractFuture$UnsafeAtomicHelper
WARNING: sun.misc.Unsafe::objectFieldOffset will be removed in a future release
09:39:48.873 |-INFO  in o.s.o.r.rdfxml.parser.AbstractState - Notice: root element does not have an xml:base. Relative IRIs will be resolved against file:/D:/work/Ontology/pizza-ontology/ontology/pizza-all-classes.owl
09:39:49.095 |-WARN  in i.u.i.o.s.o.o.OWLAPITranslatorOWL2QL - Axiom does not belong to OWL 2 QL: EquivalentClasses(<http://example.org/pizza/classes/VegetarianPizza> ObjectIntersectionOf(ObjectSomeValuesFrom(<http://example.org/pizza/classes/hasCheese> <http://example.org/pizza/components/classes/Cheese>) ObjectAllValuesFrom(<http://example.org/pizza/classes/hasTopping> <http://example.org/pizza/components/classes/VegetableTopping>))) (unsupported construct ObjectIntersectionOf(ObjectSomeValuesFrom(<http://example.org/pizza/classes/hasCheese> <http://example.org/pizza/components/classes/Cheese>) ObjectAllValuesFrom(<http://example.org/pizza/classes/hasTopping> <http://example.org/pizza/components/classes/VegetableTopping>)))
09:39:49.096 |-WARN  in i.u.i.o.s.o.o.OWLAPITranslatorOWL2QL - Axiom does not belong to OWL 2 QL: EquivalentClasses(<http://example.org/pizza/classes/Pizza> ObjectUnionOf(<http://example.org/pizza/classes/MarinaraPizza> <http://example.org/pizza/classes/NoSaucePizza> <http://example.org/pizza/classes/TomatoBasedPizza> <http://example.org/pizza/classes/WhitePizza>)) (unsupported construct ObjectUnionOf(<http://example.org/pizza/classes/MarinaraPizza> <http://example.org/pizza/classes/NoSaucePizza> <http://example.org/pizza/classes/TomatoBasedPizza> <http://example.org/pizza/classes/WhitePizza>))
09:39:49.096 |-WARN  in i.u.i.o.s.o.o.OWLAPITranslatorOWL2QL - Axiom does not belong to OWL 2 QL: SubClassOf(<http://example.org/pizza/classes/NeapolitanPizza> ObjectHasValue(<http://example.org/pizza/processes/classes/hasProcessStep> <http://example.org/pizza/processes/individuals/Task_BaseCheese>)) (unsupported operation in ObjectHasValue(<http://example.org/pizza/processes/classes/hasProcessStep> <http://example.org/pizza/processes/individuals/Task_BaseCheese>))
09:39:49.097 |-WARN  in i.u.i.o.s.o.o.OWLAPITranslatorOWL2QL - Axiom does not belong to OWL 2 QL: SubClassOf(<http://example.org/pizza/classes/DetroitPizza> DataHasValue(<http://example.org/pizza/classes/stackingOrder> "inverted"^^xsd:string)) (unsupported operation in DataHasValue(<http://example.org/pizza/classes/stackingOrder> "inverted"^^xsd:string))
09:39:49.097 |-WARN  in i.u.i.o.s.o.o.OWLAPITranslatorOWL2QL - Axiom does not belong to OWL 2 QL: SubClassOf(<http://example.org/pizza/classes/ItalianTraditionalPizza> ObjectExactCardinality(1 <http://example.org/pizza/classes/hasCheese> <http://example.org/pizza/components/classes/Cheese>)) (unsupported operation in ObjectExactCardinality(1 <http://example.org/pizza/classes/hasCheese> <http://example.org/pizza/components/classes/Cheese>))
09:39:49.097 |-WARN  in i.u.i.o.s.o.o.OWLAPITranslatorOWL2QL - Axiom does not belong to OWL 2 QL: SubClassOf(<http://example.org/pizza/classes/NoSaucePizza> ObjectExactCardinality(0 <http://example.org/pizza/classes/hasSauce> <http://example.org/pizza/components/classes/Sauce>)) (unsupported operation in ObjectExactCardinality(0 <http://example.org/pizza/classes/hasSauce> <http://example.org/pizza/components/classes/Sauce>))
09:39:49.097 |-WARN  in i.u.i.o.s.o.o.OWLAPITranslatorOWL2QL - Axiom does not belong to OWL 2 QL: SubClassOf(<http://example.org/pizza/classes/NeapolitanPizza> ObjectHasValue(<http://example.org/pizza/processes/classes/hasProcessStep> <http://example.org/pizza/processes/individuals/Task_DoughFerment>)) (unsupported operation in ObjectHasValue(<http://example.org/pizza/processes/classes/hasProcessStep> <http://example.org/pizza/processes/individuals/Task_DoughFerment>))
09:39:49.097 |-WARN  in i.u.i.o.s.o.o.OWLAPITranslatorOWL2QL - Axiom does not belong to OWL 2 QL: SubClassOf(<http://example.org/pizza/classes/NeapolitanPizza> ObjectHasValue(<http://example.org/pizza/processes/classes/hasProcessStep> <http://example.org/pizza/processes/individuals/Task_TomatoSauce>)) (unsupported operation in ObjectHasValue(<http://example.org/pizza/processes/classes/hasProcessStep> <http://example.org/pizza/processes/individuals/Task_TomatoSauce>))
09:39:49.097 |-WARN  in i.u.i.o.s.o.o.OWLAPITranslatorOWL2QL - Axiom does not belong to OWL 2 QL: SubClassOf(<http://example.org/pizza/classes/NeapolitanPizza> ObjectHasValue(<http://example.org/pizza/processes/classes/hasProcessStep> <http://example.org/pizza/processes/individuals/Task_DoughMix>)) (unsupported operation in ObjectHasValue(<http://example.org/pizza/processes/classes/hasProcessStep> <http://example.org/pizza/processes/individuals/Task_DoughMix>))
09:39:49.097 |-WARN  in i.u.i.o.s.o.o.OWLAPITranslatorOWL2QL - Axiom does not belong to OWL 2 QL: SubClassOf(<http://example.org/pizza/classes/WhitePizza> ObjectAllValuesFrom(<http://example.org/pizza/classes/hasSauce> ObjectComplementOf(<http://example.org/pizza/components/classes/TomatoSauce>))) (unsupported operation in ObjectAllValuesFrom(<http://example.org/pizza/classes/hasSauce> ObjectComplementOf(<http://example.org/pizza/components/classes/TomatoSauce>)))
09:39:49.097 |-WARN  in i.u.i.o.s.o.o.OWLAPITranslatorOWL2QL - Axiom does not belong to OWL 2 QL: SubClassOf(<http://example.org/pizza/classes/NeapolitanPizza> ObjectHasValue(<http://example.org/pizza/processes/classes/hasProcessStep> <http://example.org/pizza/processes/individuals/Task_Decorate>)) (unsupported operation in ObjectHasValue(<http://example.org/pizza/processes/classes/hasProcessStep> <http://example.org/pizza/processes/individuals/Task_Decorate>))
09:39:49.097 |-WARN  in i.u.i.o.s.o.o.OWLAPITranslatorOWL2QL - Axiom does not belong to OWL 2 QL: SubClassOf(<http://example.org/pizza/classes/ItalianTraditionalPizza> ObjectExactCardinality(1 <http://example.org/pizza/classes/hasCrust> <http://example.org/pizza/components/classes/Crust>)) (unsupported operation in ObjectExactCardinality(1 <http://example.org/pizza/classes/hasCrust> <http://example.org/pizza/components/classes/Crust>))
09:39:49.098 |-WARN  in i.u.i.o.s.o.o.OWLAPITranslatorOWL2QL - Axiom does not belong to OWL 2 QL: SubClassOf(<http://example.org/pizza/classes/MargheritaPizza> ObjectExactCardinality(1 <http://example.org/pizza/classes/hasTopping> <http://example.org/pizza/components/classes/Topping>)) (unsupported operation in ObjectExactCardinality(1 <http://example.org/pizza/classes/hasTopping> <http://example.org/pizza/components/classes/Topping>))
09:39:49.098 |-WARN  in i.u.i.o.s.o.o.OWLAPITranslatorOWL2QL - Axiom does not belong to OWL 2 QL: SubClassOf(<http://example.org/pizza/classes/NeapolitanPizza> ObjectHasValue(<http://example.org/pizza/processes/classes/hasProcessStep> <http://example.org/pizza/processes/individuals/Task_Finish>)) (unsupported operation in ObjectHasValue(<http://example.org/pizza/processes/classes/hasProcessStep> <http://example.org/pizza/processes/individuals/Task_Finish>))
09:39:49.098 |-WARN  in i.u.i.o.s.o.o.OWLAPITranslatorOWL2QL - Axiom does not belong to OWL 2 QL: SubClassOf(<http://example.org/pizza/classes/ChicagoDeepDishPizza> DataHasValue(<http://example.org/pizza/classes/stackingOrder> "inverted"^^xsd:string)) (unsupported operation in DataHasValue(<http://example.org/pizza/classes/stackingOrder> "inverted"^^xsd:string))
09:39:49.098 |-WARN  in i.u.i.o.s.o.o.OWLAPITranslatorOWL2QL - Axiom does not belong to OWL 2 QL: SubClassOf(<http://example.org/pizza/classes/MarinaraPizza> ObjectExactCardinality(0 <http://example.org/pizza/classes/hasCheese> <http://example.org/pizza/components/classes/Cheese>)) (unsupported operation in ObjectExactCardinality(0 <http://example.org/pizza/classes/hasCheese> <http://example.org/pizza/components/classes/Cheese>))
09:39:49.098 |-WARN  in i.u.i.o.s.o.o.OWLAPITranslatorOWL2QL - Axiom does not belong to OWL 2 QL: SubClassOf(<http://example.org/pizza/classes/NeapolitanPizza> ObjectHasValue(<http://example.org/pizza/processes/classes/hasProcessStep> <http://example.org/pizza/processes/individuals/Task_CrustForm>)) (unsupported operation in ObjectHasValue(<http://example.org/pizza/processes/classes/hasProcessStep> <http://example.org/pizza/processes/individuals/Task_CrustForm>))
09:39:49.098 |-WARN  in i.u.i.o.s.o.o.OWLAPITranslatorOWL2QL - Axiom does not belong to OWL 2 QL: SubClassOf(<http://example.org/pizza/classes/ItalianTraditionalPizza> ObjectExactCardinality(1 <http://example.org/pizza/classes/hasSauce> <http://example.org/pizza/components/classes/Sauce>)) (unsupported operation in ObjectExactCardinality(1 <http://example.org/pizza/classes/hasSauce> <http://example.org/pizza/components/classes/Sauce>))
09:39:49.098 |-WARN  in i.u.i.o.s.o.o.OWLAPITranslatorOWL2QL - Axiom does not belong to OWL 2 QL: SubClassOf(<http://example.org/pizza/classes/NeapolitanPizza> ObjectHasValue(<http://example.org/pizza/processes/classes/hasProcessStep> <http://example.org/pizza/processes/individuals/Task_Bake>)) (unsupported operation in ObjectHasValue(<http://example.org/pizza/processes/classes/hasProcessStep> <http://example.org/pizza/processes/individuals/Task_Bake>))
09:39:49.098 |-WARN  in i.u.i.o.s.o.o.OWLAPITranslatorOWL2QL - Axiom does not belong to OWL 2 QL: SubClassOf(<http://example.org/pizza/classes/MargheritaPizza> ObjectHasValue(<http://example.org/pizza/classes/hasTopping> <http://example.org/pizza/components/individuals/Basil>)) (unsupported operation in ObjectHasValue(<http://example.org/pizza/classes/hasTopping> <http://example.org/pizza/components/individuals/Basil>))
09:39:49.098 |-WARN  in i.u.i.o.s.o.o.OWLAPITranslatorOWL2QL - Axiom does not belong to OWL 2 QL: SubClassOf(<http://example.org/pizza/classes/NeapolitanPizza> ObjectHasValue(<http://example.org/pizza/processes/classes/hasProcessStep> <http://example.org/pizza/processes/individuals/Task_ToppingSpread>)) (unsupported operation in ObjectHasValue(<http://example.org/pizza/processes/classes/hasProcessStep> <http://example.org/pizza/processes/individuals/Task_ToppingSpread>))
09:39:49.098 |-WARN  in i.u.i.o.s.o.o.OWLAPITranslatorOWL2QL - Axiom does not belong to OWL 2 QL: SubClassOf(<http://example.org/pizza/classes/Pizza> ObjectExactCardinality(1 <http://example.org/pizza/classes/hasCrust> <http://example.org/pizza/components/classes/Crust>)) (unsupported operation in ObjectExactCardinality(1 <http://example.org/pizza/classes/hasCrust> <http://example.org/pizza/components/classes/Crust>))
09:39:49.103 |-WARN  in i.u.i.o.s.o.o.OWLAPITranslatorOWL2QL - Axiom does not belong to OWL 2 QL: DataPropertyRange(<http://example.org/pizza/components/classes/isDataValid> xsd:boolean) (unsupported datatype: XSD_BOOLEAN)
09:39:49.103 |-WARN  in i.u.i.o.s.o.o.OWLAPITranslatorOWL2QL - Axiom does not belong to OWL 2 QL: DataPropertyRange(<http://example.org/pizza/components/classes/crustThicknessMm> xsd:float) (unsupported datatype: XSD_FLOAT)
09:39:49.104 |-WARN  in i.u.i.o.s.o.o.OWLAPITranslatorOWL2QL - Axiom does not belong to OWL 2 QL: SubClassOf(<http://example.org/pizza/components/classes/RomanTondaCrust> DataAllValuesFrom(<http://example.org/pizza/components/classes/crustThicknessMm> DatatypeRestriction(xsd:float facetRestriction(minInclusive "3.0"^^xsd:float) facetRestriction(maxInclusive "7.0"^^xsd:float)))) (unsupported operation in DataAllValuesFrom(<http://example.org/pizza/components/classes/crustThicknessMm> DatatypeRestriction(xsd:float facetRestriction(minInclusive "3.0"^^xsd:float) facetRestriction(maxInclusive "7.0"^^xsd:float))))
09:39:49.104 |-WARN  in i.u.i.o.s.o.o.OWLAPITranslatorOWL2QL - Axiom does not belong to OWL 2 QL: SubClassOf(<http://example.org/pizza/components/classes/SicilianCrust> DataAllValuesFrom(<http://example.org/pizza/components/classes/crustThicknessMm> DatatypeRestriction(xsd:float facetRestriction(minInclusive "20.0"^^xsd:float) facetRestriction(maxInclusive "80.0"^^xsd:float)))) (unsupported operation in DataAllValuesFrom(<http://example.org/pizza/components/classes/crustThicknessMm> DatatypeRestriction(xsd:float facetRestriction(minInclusive "20.0"^^xsd:float) facetRestriction(maxInclusive "80.0"^^xsd:float))))
09:39:49.104 |-WARN  in i.u.i.o.s.o.o.OWLAPITranslatorOWL2QL - Axiom does not belong to OWL 2 QL: SubClassOf(<http://example.org/pizza/components/classes/RomanAlTaglioCrust> DataAllValuesFrom(<http://example.org/pizza/components/classes/crustThicknessMm> DatatypeRestriction(xsd:float facetRestriction(minInclusive "20.0"^^xsd:float) facetRestriction(maxInclusive "80.0"^^xsd:float)))) (unsupported operation in DataAllValuesFrom(<http://example.org/pizza/components/classes/crustThicknessMm> DatatypeRestriction(xsd:float facetRestriction(minInclusive "20.0"^^xsd:float) facetRestriction(maxInclusive "80.0"^^xsd:float))))
09:39:49.104 |-WARN  in i.u.i.o.s.o.o.OWLAPITranslatorOWL2QL - Axiom does not belong to OWL 2 QL: SubClassOf(<http://example.org/pizza/components/classes/ArgentinianThickCrust> DataAllValuesFrom(<http://example.org/pizza/components/classes/crustThicknessMm> DatatypeRestriction(xsd:float facetRestriction(minInclusive "20.0"^^xsd:float) facetRestriction(maxInclusive "80.0"^^xsd:float)))) (unsupported operation in DataAllValuesFrom(<http://example.org/pizza/components/classes/crustThicknessMm> DatatypeRestriction(xsd:float facetRestriction(minInclusive "20.0"^^xsd:float) facetRestriction(maxInclusive "80.0"^^xsd:float))))
09:39:49.104 |-WARN  in i.u.i.o.s.o.o.OWLAPITranslatorOWL2QL - Axiom does not belong to OWL 2 QL: SubClassOf(<http://example.org/pizza/components/classes/StLouisCrackerCrust> DataAllValuesFrom(<http://example.org/pizza/components/classes/crustThicknessMm> DatatypeRestriction(xsd:float facetRestriction(minInclusive "3.0"^^xsd:float) facetRestriction(maxInclusive "7.0"^^xsd:float)))) (unsupported operation in DataAllValuesFrom(<http://example.org/pizza/components/classes/crustThicknessMm> DatatypeRestriction(xsd:float facetRestriction(minInclusive "3.0"^^xsd:float) facetRestriction(maxInclusive "7.0"^^xsd:float))))
09:39:49.104 |-WARN  in i.u.i.o.s.o.o.OWLAPITranslatorOWL2QL - Axiom does not belong to OWL 2 QL: SubClassOf(<http://example.org/pizza/components/classes/FrenchThinCrust> DataAllValuesFrom(<http://example.org/pizza/components/classes/crustThicknessMm> DatatypeRestriction(xsd:float facetRestriction(minInclusive "3.0"^^xsd:float) facetRestriction(maxInclusive "7.0"^^xsd:float)))) (unsupported operation in DataAllValuesFrom(<http://example.org/pizza/components/classes/crustThicknessMm> DatatypeRestriction(xsd:float facetRestriction(minInclusive "3.0"^^xsd:float) facetRestriction(maxInclusive "7.0"^^xsd:float))))
09:39:49.104 |-WARN  in i.u.i.o.s.o.o.OWLAPITranslatorOWL2QL - Axiom does not belong to OWL 2 QL: SubClassOf(<http://example.org/pizza/components/classes/NewYorkCrust> DataAllValuesFrom(<http://example.org/pizza/components/classes/crustThicknessMm> DatatypeRestriction(xsd:float facetRestriction(minInclusive "3.0"^^xsd:float) facetRestriction(maxInclusive "7.0"^^xsd:float)))) (unsupported operation in DataAllValuesFrom(<http://example.org/pizza/components/classes/crustThicknessMm> DatatypeRestriction(xsd:float facetRestriction(minInclusive "3.0"^^xsd:float) facetRestriction(maxInclusive "7.0"^^xsd:float))))
09:39:49.105 |-WARN  in i.u.i.o.s.o.o.OWLAPITranslatorOWL2QL - Axiom does not belong to OWL 2 QL: SubClassOf(<http://example.org/pizza/components/classes/ChicagoDeepDishCrust> DataAllValuesFrom(<http://example.org/pizza/components/classes/crustThicknessMm> DatatypeRestriction(xsd:float facetRestriction(minInclusive "20.0"^^xsd:float) facetRestriction(maxInclusive "80.0"^^xsd:float)))) (unsupported operation in DataAllValuesFrom(<http://example.org/pizza/components/classes/crustThicknessMm> DatatypeRestriction(xsd:float facetRestriction(minInclusive "20.0"^^xsd:float) facetRestriction(maxInclusive "80.0"^^xsd:float))))
09:39:49.105 |-WARN  in i.u.i.o.s.o.o.OWLAPITranslatorOWL2QL - Axiom does not belong to OWL 2 QL: SubClassOf(<http://example.org/pizza/components/classes/NeapolitanCrust> DataAllValuesFrom(<http://example.org/pizza/components/classes/crustThicknessMm> DatatypeRestriction(xsd:float facetRestriction(minInclusive "3.0"^^xsd:float) facetRestriction(maxInclusive "7.0"^^xsd:float)))) (unsupported operation in DataAllValuesFrom(<http://example.org/pizza/components/classes/crustThicknessMm> DatatypeRestriction(xsd:float facetRestriction(minInclusive "3.0"^^xsd:float) facetRestriction(maxInclusive "7.0"^^xsd:float))))
09:39:49.105 |-WARN  in i.u.i.o.s.o.o.OWLAPITranslatorOWL2QL - Axiom does not belong to OWL 2 QL: SubClassOf(<http://example.org/pizza/components/classes/DetroitCrust> DataAllValuesFrom(<http://example.org/pizza/components/classes/crustThicknessMm> DatatypeRestriction(xsd:float facetRestriction(minInclusive "20.0"^^xsd:float) facetRestriction(maxInclusive "80.0"^^xsd:float)))) (unsupported operation in DataAllValuesFrom(<http://example.org/pizza/components/classes/crustThicknessMm> DatatypeRestriction(xsd:float facetRestriction(minInclusive "20.0"^^xsd:float) facetRestriction(maxInclusive "80.0"^^xsd:float))))
09:39:49.912 |-INFO  in i.u.i.o.a.impl.OntopQueryEngineImpl - Ontop has completed the setup and it is ready for query answering!
09:39:49.912 |-INFO  in i.u.i.o.r.r.i.OntopVirtualRepository - Ontop virtual repository initialized successfully!
09:39:50.175 |-INFO  in o.s.b.a.e.web.EndpointLinksResolver - Exposing 1 endpoint(s) beneath base path '/actuator'
09:39:50.194 |-INFO  in o.a.coyote.http11.Http11NioProtocol - Starting ProtocolHandler ["http-nio-8080"]
09:39:50.212 |-INFO  in o.s.b.w.e.tomcat.TomcatWebServer - Tomcat started on port(s): 8080 (http) with context path ''
09:39:50.221 |-INFO  in i.u.i.o.e.OntopEndpointApplication - Started OntopEndpointApplication in 3.332 seconds (JVM running for 3.863)
^C终止批处理操作吗(Y/N)? 