SLF4J(W): Class path contains multiple SLF4J providers.
SLF4J(W): Found provider [ch.qos.logback.classic.spi.LogbackServiceProvider@3c1e3314]
SLF4J(W): Found provider [org.apache.logging.slf4j.SLF4JServiceProvider@4b770e40]
SLF4J(W): Found provider [org.slf4j.simple.SimpleServiceProvider@78e16155]
SLF4J(W): See https://www.slf4j.org/codes.html#multiple_bindings for an explanation.
SLF4J(I): Actual provider is of type [ch.qos.logback.classic.spi.LogbackServiceProvider@3c1e3314]
? Deploying TMSD BPMN from: ontology/bpmn/TowerMidDesign.bpmn
14:39:45.683 [main] WARN io.camunda.zeebe.client.impl.ZeebeClientImpl -- ZeebeClient is deprecated and will be removed in version 8.10. Please migrate to io.camunda.client.CamundaClient.
WARNING: A terminally deprecated method in sun.misc.Unsafe has been called
WARNING: sun.misc.Unsafe::arrayBaseOffset has been called by com.google.protobuf.UnsafeUtil (file:/C:/Users/ocean/.m2/repository/com/google/protobuf/protobuf-java/4.34.2/protobuf-java-4.34.2.jar)
WARNING: Please consider reporting this to the maintainers of class com.google.protobuf.UnsafeUtil
WARNING: sun.misc.Unsafe::arrayBaseOffset will be removed in a future release
? 流程已部署，version=5

===== 样例0-正向设计 =====
机型：V12 / 升降机：钢绳导向 / 区域：中国 / 连接：焊接式
中段：[2, 3, 4, 5]
满足方案数：1 / 1，否决：0
推荐方案：间距取大·数量最少
本体一致：true
输出文件数：33
   本体校验：[第2段：注入 245 条 ABox 公理，Openllet 一致性判定=一致（满足全部 Restriction）, 第3段：注入 255 条 ABox 公理，Openllet 一致性判定=一致（满足全部 Restriction）, 第4段：注入 328 条 ABox 公理，Openllet 一致性判定=一致（满足全部 Restriction）, 第5段：注入 328 条 ABox 公理，Openllet 一致性判定=一致（满足全部 Restriction）]

===== 样例1-正向设计 =====
机型：V15 / 升降机：钢绳导向 / 区域：中国 / 连接：焊接式
中段：[2, 3, 4, 5]
满足方案数：1 / 1，否决：0
推荐方案：间距取大·数量最少
本体一致：true
输出文件数：33
   本体校验：[第2段：注入 245 条 ABox 公理，Openllet 一致性判定=一致（满足全部 Restriction）, 第3段：注入 255 条 ABox 公理，Openllet 一致性判定=一致（满足全部 Restriction）, 第4段：注入 328 条 ABox 公理，Openllet 一致性判定=一致（满足全部 Restriction）, 第5段：注入 328 条 ABox 公理，Openllet 一致性判定=一致（满足全部 Restriction）]

===== 样例2-正向设计 =====
机型：V17 / 升降机：钢绳导向 / 区域：中国 / 连接：焊接式
中段：[2, 3, 4, 5]
满足方案数：1 / 1，否决：0
推荐方案：间距取大·数量最少
本体一致：true
输出文件数：33
   本体校验：[第2段：注入 245 条 ABox 公理，Openllet 一致性判定=一致（满足全部 Restriction）, 第3段：注入 255 条 ABox 公理，Openllet 一致性判定=一致（满足全部 Restriction）, 第4段：注入 328 条 ABox 公理，Openllet 一致性判定=一致（满足全部 Restriction）, 第5段：注入 328 条 ABox 公理，Openllet 一致性判定=一致（满足全部 Restriction）]

===== 样例3-正向设计 =====
机型：V19 / 升降机：钢绳导向 / 区域：中国 / 连接：焊接式
中段：[2, 3, 4, 5]
满足方案数：1 / 1，否决：0
推荐方案：间距取大·数量最少
本体一致：true
输出文件数：33
   本体校验：[第2段：注入 245 条 ABox 公理，Openllet 一致性判定=一致（满足全部 Restriction）, 第3段：注入 255 条 ABox 公理，Openllet 一致性判定=一致（满足全部 Restriction）, 第4段：注入 328 条 ABox 公理，Openllet 一致性判定=一致（满足全部 Restriction）, 第5段：注入 328 条 ABox 公理，Openllet 一致性判定=一致（满足全部 Restriction）]

===== 样例4-正向设计 =====
机型：V12 / 升降机：钢绳导向 / 区域：中国 / 连接：焊接式
中段：[2, 3, 4, 5]
满足方案数：1 / 1，否决：0
推荐方案：间距取大·数量最少
本体一致：true
输出文件数：33
   本体校验：[第2段：注入 245 条 ABox 公理，Openllet 一致性判定=一致（满足全部 Restriction）, 第3段：注入 255 条 ABox 公理，Openllet 一致性判定=一致（满足全部 Restriction）, 第4段：注入 328 条 ABox 公理，Openllet 一致性判定=一致（满足全部 Restriction）, 第5段：注入 328 条 ABox 公理，Openllet 一致性判定=一致（满足全部 Restriction）]

===== 样例5-正向设计 =====
机型：V15 / 升降机：钢绳导向 / 区域：中国 / 连接：焊接式
中段：[2, 3, 4, 5]
满足方案数：1 / 1，否决：0
推荐方案：间距取大·数量最少
本体一致：true
输出文件数：33
   本体校验：[第2段：注入 245 条 ABox 公理，Openllet 一致性判定=一致（满足全部 Restriction）, 第3段：注入 255 条 ABox 公理，Openllet 一致性判定=一致（满足全部 Restriction）, 第4段：注入 328 条 ABox 公理，Openllet 一致性判定=一致（满足全部 Restriction）, 第5段：注入 328 条 ABox 公理，Openllet 一致性判定=一致（满足全部 Restriction）]

===== 样例6-正向设计 =====
机型：V17 / 升降机：钢绳导向 / 区域：中国 / 连接：焊接式
中段：[2, 3, 4, 5]
满足方案数：1 / 1，否决：0
推荐方案：间距取大·数量最少
本体一致：true
输出文件数：33
   本体校验：[第2段：注入 245 条 ABox 公理，Openllet 一致性判定=一致（满足全部 Restriction）, 第3段：注入 255 条 ABox 公理，Openllet 一致性判定=一致（满足全部 Restriction）, 第4段：注入 328 条 ABox 公理，Openllet 一致性判定=一致（满足全部 Restriction）, 第5段：注入 328 条 ABox 公理，Openllet 一致性判定=一致（满足全部 Restriction）]
