==================================================
 [START] 开始初始化本体环境服务（按 application.yaml 配置启停 RabbitMQ/Ontop/Camunda） 
==================================================
[INFO] 已加载配置: D:\work\Ontology\GoldenWind\OntologyMachine\OntologyFramework\src\main\resources\application.yaml
[INFO] 模块根目录: D:\work\Ontology\GoldenWind\OntologyMachine\OntologyFramework
[STOP] Camunda: 执行 c8run.exe stop ...
       [OK] Camunda 停止指令已发送
[SKIP] Ontop: application.yaml 未配置齐全的 Ontop 参数（env-prepare.java-home/ontop-home 与 ontology.obda-path/obda-properties-path/main-path），跳过停止。
[SKIP] RabbitMQ: 未定义 env-prepare.rabbitmq，跳过停止。
[SKIP] RabbitMQ: 未定义 env-prepare.rabbitmq，跳过启动。
[SKIP] Ontop: application.yaml 未配置齐全的 Ontop 参数（env-prepare.java-home/ontop-home 与 ontology.obda-path/obda-properties-path/main-path），跳过启动。
[START] Camunda: D:\work\Ontology\c8run-8.9.6\c8run.exe start --port 9080
       [OK] Camunda 已启动 (PID=21856)
       日志输出: D:\work\Ontology\GoldenWind\OntologyMachine\OntologyFramework\logs\camunda.log

==================================================
 [OK] 环境服务处理完成（按配置启动的服务已就绪）。
 [INFO] MySQL 请另行运行 EnvPrepare createdb 初始化（含删旧建库建表 + 灌数）。
 [INFO] 统一日志目录: D:\work\Ontology\GoldenWind\OntologyMachine\OntologyFramework\logs
 [INFO] 按 Ctrl+C 停止所有服务并退出。
==================================================

