==================================================
 [START] 开始初始化本体环境服务（按 application.yaml 配置启停 RabbitMQ/Ontop/Camunda） 
==================================================
[INFO] 已加载配置: D:\work\Ontology\GoldenWind\OntologyMachine\OntologyFrameworkExample\src\main\resources\application.yaml
[INFO] 模块根目录: D:\work\Ontology\GoldenWind\OntologyMachine\OntologyFrameworkExample
[STOP] Camunda: 执行 c8run.exe stop ...
       [OK] Camunda 停止指令已发送
[STOP] Ontop: 查找并终止进程树 ...
       [INFO] 未发现运行中的 Ontop 进程
[STOP] RabbitMQ: 查找并终止 Erlang 节点 ...
       正在终止 PID=26192 ...
       [OK] RabbitMQ 已完全停止，端口 25672 已释放
[START] RabbitMQ: D:\work\Ontology\rabbitmq_server-4.3.4\sbin\rabbitmq-server.bat
       [OK] RabbitMQ 已启动 (PID=6980)
       日志输出: D:\work\Ontology\GoldenWind\OntologyMachine\OntologyFrameworkExample\logs\rabbitmq.log
       Properties: file:///D:/work/Ontology/GoldenWind/OntologyMachine/OntologyFrameworkExample/ontology/database/myPizza.properties
       Mapping:    file:///D:/work/Ontology/GoldenWind/OntologyMachine/OntologyFrameworkExample/ontology/database/myPizza.obda
       Ontology:   file:///D:/work/Ontology/GoldenWind/OntologyMachine/OntologyFrameworkExample/ontology/pizza-all.owl
       Catalog:    D:\work\Ontology\GoldenWind\OntologyMachine\OntologyFrameworkExample\ontology\catalog-v001.xml
[START] Ontop: D:\work\Ontology\ontop-cli-5.5.0\ontop.bat endpoint --properties file:///D:/work/Ontology/GoldenWind/OntologyMachine/OntologyFrameworkExample/ontology/database/myPizza.properties --xml-catalog D:\work\Ontology\GoldenWind\OntologyMachine\OntologyFrameworkExample\ontology\catalog-v001.xml -m file:///D:/work/Ontology/GoldenWind/OntologyMachine/OntologyFrameworkExample/ontology/database/myPizza.obda -t file:///D:/work/Ontology/GoldenWind/OntologyMachine/OntologyFrameworkExample/ontology/pizza-all.owl
       [OK] Ontop 已启动 (PID=24232)
       日志输出: D:\work\Ontology\GoldenWind\OntologyMachine\OntologyFrameworkExample\logs\ontop.log
[START] Camunda: D:\work\Ontology\c8run-8.9.6\c8run.exe start --port 9080
       [OK] Camunda 已启动 (PID=25108)
       日志输出: D:\work\Ontology\GoldenWind\OntologyMachine\OntologyFrameworkExample\logs\camunda.log

==================================================
 [OK] 环境服务处理完成（按配置启动的服务已就绪）。
 [INFO] MySQL 请另行运行 EnvPrepare createdb 初始化（含删旧建库建表 + 灌数）。
 [INFO] 统一日志目录: D:\work\Ontology\GoldenWind\OntologyMachine\OntologyFrameworkExample\logs
 [INFO] 按 Ctrl+C 停止所有服务并退出。
==================================================

