 M ../../.gitignore
 M OntologyFramework/pom.xml
 D OntologyFramework/src/main/java/com/ocean/ontologyframework/JingFangInference.java
 D OntologyFramework/src/main/java/com/ocean/ontologyframework/PulseParser.java
 D OntologyFramework/src/main/java/com/ocean/ontologyframework/TCMApplication.java
 D OntologyFramework/src/main/java/com/ocean/ontologyframework/TCMOntologyJobWorker.java
 M OntologyFramework/src/main/java/com/ocean/ontologyframework/TMSDApplication.java
 M OntologyFramework/src/main/java/com/ocean/ontologyframework/TMSDOntologyJobWorker.java
 D OntologyFramework/src/main/java/com/ocean/ontologyframework/tcm/DefinitionGapUtils.java
 D OntologyFramework/src/main/java/com/ocean/ontologyframework/tcm/InferenceResult.java
 D OntologyFramework/src/main/java/com/ocean/ontologyframework/tcm/SixChannelInferenceEngine.java
 D OntologyFramework/src/main/java/com/ocean/ontologyframework/tcm/app/LlmClient.java
 D OntologyFramework/src/main/java/com/ocean/ontologyframework/tcm/app/SymptomCatalog.java
 D OntologyFramework/src/main/java/com/ocean/ontologyframework/tcm/app/SymptomMappingService.java
 D OntologyFramework/src/main/java/com/ocean/ontologyframework/tcm/app/TCMDiagnosisController.java
 D OntologyFramework/src/main/java/com/ocean/ontologyframework/tcm/app/TCMDiagnosisService.java
 M OntologyFramework/src/main/java/com/ocean/ontologyframework/tmsd/TmsdOntologyService.java
 M OntologyFramework/src/main/java/com/ocean/ontologyframework/tmsd/TmsdVocabulary.java
 D OntologyFramework/src/main/resources/application-TMSDBPMN.yml
 M OntologyFramework/src/main/resources/application.yml
 D OntologyFramework/src/main/resources/ipf_pattern_weight_matrix.csv
 D OntologyFramework/src/main/resources/static/index.html
 D OntologyFramework/src/test/java/com/ocean/ontologyframework/JingfangDiagnosisProcessTest.java
 D OntologyFramework/src/test/java/com/ocean/ontologyframework/OntologyFrameworkTCMTests.java
 D OntologyFramework/src/test/java/com/ocean/ontologyframework/tcm/AbstractJingfangDiagnosisTest.java
 D OntologyFramework/src/test/java/com/ocean/ontologyframework/tcm/AllFangzhengSuiteTest.java
 D OntologyFramework/src/test/java/com/ocean/ontologyframework/tcm/DeployProbe.java
 D OntologyFramework/src/test/java/com/ocean/ontologyframework/tcm/DuliFangzhengTest.java
 D OntologyFramework/src/test/java/com/ocean/ontologyframework/tcm/FangzhengSuiteRunner.java
 D OntologyFramework/src/test/java/com/ocean/ontologyframework/tcm/HebingFangzhengTest.java
 D OntologyFramework/src/test/java/com/ocean/ontologyframework/tcm/HerbRuleEngineTest.java
 D OntologyFramework/src/test/java/com/ocean/ontologyframework/tcm/JianjiaFangzhengTest.java
 D OntologyFramework/src/test/java/com/ocean/ontologyframework/tcm/JingfangBpmnStructureTest.java
 D OntologyFramework/src/test/java/com/ocean/ontologyframework/tcm/JingfangDiagnosisFlowTest.java
 D OntologyFramework/src/test/java/com/ocean/ontologyframework/tcm/JingfangTestSupport.java
 D OntologyFramework/src/test/java/com/ocean/ontologyframework/tcm/JueyinFangzhengTest.java
 D OntologyFramework/src/test/java/com/ocean/ontologyframework/tcm/OntologyLiujingConsistencyProbeTest.java
 D OntologyFramework/src/test/java/com/ocean/ontologyframework/tcm/ProbeBpmnSwrlTest.java
 D OntologyFramework/src/test/java/com/ocean/ontologyframework/tcm/ProbeE2eTest.java
 D OntologyFramework/src/test/java/com/ocean/ontologyframework/tcm/ShaoyangYangmingFangzhengTest.java
 D OntologyFramework/src/test/java/com/ocean/ontologyframework/tcm/ShaoyinTaiyinFangzhengTest.java
 D OntologyFramework/src/test/java/com/ocean/ontologyframework/tcm/SizhenToHerbModificationFlowTest.java
 D OntologyFramework/src/test/java/com/ocean/ontologyframework/tcm/SwrlParseProbeTest.java
 D OntologyFramework/src/test/java/com/ocean/ontologyframework/tcm/SwrlTypeProbeTest.java
 D OntologyFramework/src/test/java/com/ocean/ontologyframework/tcm/TaiyangFangzhengTest.java
 D OntologyFramework/src/test/java/com/ocean/ontologyframework/tcm/TaiyinbingDefinitionTest.java
 D OntologyFramework/src/test/java/com/ocean/ontologyframework/tcm/ZabingFangzhengTest.java
 D OntologyFramework/src/test/java/com/ocean/ontologyframework/tcm/app/SkosAliasTest.java
 D OntologyFramework/src/test/java/com/ocean/ontologyframework/tcm/app/SymptomCatalogTest.java
 D OntologyFramework/src/test/java/com/ocean/ontologyframework/tcm/app/SymptomMappingServiceTest.java
 M OntologyFramework/src/test/java/com/ocean/ontologyframework/tmsd/TmsdOntologyLoadTest.java
 M OntologyFramework/src/test/java/com/ocean/ontologyframework/tmsd/TmsdTestConfig.java
 M "OntologyFramework/tmsd-output/\347\224\250\344\276\2132-\346\226\271\346\241\210\345\257\271\346\257\224\346\212\245\345\221\212.md"
 M "OntologyFramework/tmsd-output/\347\224\250\344\276\2132-\347\254\2542\346\256\265-\347\255\222\344\275\223\344\277\241\346\201\257\345\205\263\347\263\273\345\274\217.txt"
 M "OntologyFramework/tmsd-output/\347\224\250\344\276\2132-\347\254\2542\346\256\265-\350\277\236\346\216\245\346\263\225\345\205\260\345\205\263\347\263\273\345\274\217.txt"
 M "OntologyFramework/tmsd-output/\347\224\250\344\276\2132-\347\254\2542\346\256\265-\351\231\204\344\273\266\344\277\241\346\201\257\345\205\263\347\263\273\345\274\217.txt"
 M "OntologyFramework/tmsd-output/\347\224\250\344\276\2132-\347\254\2543\346\256\265-\347\255\222\344\275\223\344\277\241\346\201\257\345\205\263\347\263\273\345\274\217.txt"
 M "OntologyFramework/tmsd-output/\347\224\250\344\276\2132-\347\254\2543\346\256\265-\350\277\236\346\216\245\346\263\225\345\205\260\345\205\263\347\263\273\345\274\217.txt"
 M "OntologyFramework/tmsd-output/\347\224\250\344\276\2132-\347\254\2543\346\256\265-\351\231\204\344\273\266\344\277\241\346\201\257\345\205\263\347\263\273\345\274\217.txt"
 M "OntologyFramework/tmsd-output/\347\224\250\344\276\2132-\347\254\2544\346\256\265-\347\255\222\344\275\223\344\277\241\346\201\257\345\205\263\347\263\273\345\274\217.txt"
 M "OntologyFramework/tmsd-output/\347\224\250\344\276\2132-\347\254\2544\346\256\265-\350\277\236\346\216\245\346\263\225\345\205\260\345\205\263\347\263\273\345\274\217.txt"
 M "OntologyFramework/tmsd-output/\347\224\250\344\276\2132-\347\254\2544\346\256\265-\351\231\204\344\273\266\344\277\241\346\201\257\345\205\263\347\263\273\345\274\217.txt"
 M "OntologyFramework/tmsd-output/\347\224\250\344\276\2132-\347\254\2545\346\256\265-\347\255\222\344\275\223\344\277\241\346\201\257\345\205\263\347\263\273\345\274\217.txt"
 M "OntologyFramework/tmsd-output/\347\224\250\344\276\2132-\347\254\2545\346\256\265-\350\277\236\346\216\245\346\263\225\345\205\260\345\205\263\347\263\273\345\274\217.txt"
 M "OntologyFramework/tmsd-output/\347\224\250\344\276\2132-\347\254\2545\346\256\265-\351\231\204\344\273\266\344\277\241\346\201\257\345\205\263\347\263\273\345\274\217.txt"
 M "../design/\345\241\224\346\236\266\344\270\255\346\256\265\350\256\276\350\256\241\345\272\224\347\224\250\357\274\210TMSD\357\274\211\346\265\213\350\257\225\347\224\250\344\276\213\350\256\276\350\256\241\346\226\207\346\241\243.md"
 M ../ontology/TowerMidSection.owl
 M "../../TraditionalChineseMedicineOntologyBasedonReasoner/\346\217\220\347\244\272\350\257\215\345\267\245\347\250\213.docx"
 M ../../TraditionalChineseMedicineOntologyBasedonReasonerMiniBOxTBoxABox/OntologyMachine/EnvPrepare/scripts/logs/rabbitmq.log
 M "../../TraditionalChineseMedicineOntologyBasedonReasonerMiniBOxTBoxABox/design/01. \346\225\264\344\275\223\346\265\201\347\250\213.md"
 M "../../TraditionalChineseMedicineOntologyBasedonReasonerMiniBOxTBoxABox/design/02. \351\241\266\345\261\202\350\256\276\350\256\241.md"
 M "../../TraditionalChineseMedicineOntologyBasedonReasonerMiniBOxTBoxABox/design/03 TBoxABox\345\210\206\347\246\273\350\256\276\350\256\241.md"
 M "../../TraditionalChineseMedicineOntologyBasedonReasonerMiniBOxTBoxABox/design/04 \346\210\226\347\204\266\347\227\207\346\216\245\345\205\245\344\270\216\345\217\214\350\267\257\345\276\204\350\276\223\345\207\272\350\256\276\350\256\241.md"
 M "../../TraditionalChineseMedicineOntologyBasedonReasonerMiniBOxTBoxABox/design/07. \346\231\272\350\203\275\350\257\212\346\226\255\345\272\224\347\224\250\350\256\276\350\256\241.md"
 M "../../TraditionalChineseMedicineOntologyBasedonReasonerMiniBOxTBoxABox/design/21\347\237\233\347\233\276\347\224\250\344\276\213\345\275\222\345\233\240\344\270\216\344\277\256\346\255\243\346\226\271\346\241\210.md"
 M "../../TraditionalChineseMedicineOntologyBasedonReasonerMiniBOxTBoxABox/design/22 \347\246\273\347\272\277\346\265\213\350\257\225\345\212\240\350\275\275\344\270\216\345\245\227\344\273\266\350\277\220\350\241\214\345\231\250\347\274\272\351\231\267\344\277\256\345\244\215.md"
 M "../../TraditionalChineseMedicineOntologyBasedonReasonerMiniBOxTBoxABox/design/HWCodeArtsDir\345\216\206\345\217\262\344\270\216\350\256\260\345\277\206\346\200\273\347\273\223.md"
 M "../../TraditionalChineseMedicineOntologyBasedonReasonerMiniBOxTBoxABox/design/Openllet\350\260\203\344\274\230\350\257\264\346\230\216.md"
 M "../../TraditionalChineseMedicineOntologyBasedonReasonerMiniBOxTBoxABox/design/\344\270\232\345\212\241\346\265\201\347\250\213.md"
 M "../../TraditionalChineseMedicineOntologyBasedonReasonerMiniBOxTBoxABox/design/\344\270\232\345\212\241\351\223\201\345\276\213.md"
 M "../../TraditionalChineseMedicineOntologyBasedonReasonerMiniBOxTBoxABox/design/\345\205\253\347\272\262\345\205\255\347\273\217\345\275\222\345\261\236\345\205\254\347\220\206-\345\205\250\351\207\217\345\214\273\347\220\206\345\256\241\350\256\241.md"
 M "../../TraditionalChineseMedicineOntologyBasedonReasonerMiniBOxTBoxABox/design/\345\205\263\351\224\256\346\200\247\350\203\275\350\260\203\344\274\230.md"
 M "../../TraditionalChineseMedicineOntologyBasedonReasonerMiniBOxTBoxABox/design/\345\212\240\345\207\217\346\226\271\350\256\276\350\256\241.md"
 M "../../TraditionalChineseMedicineOntologyBasedonReasonerMiniBOxTBoxABox/design/\345\256\241\350\256\241\346\212\245\345\221\212_\347\256\227\346\263\225\344\276\235\346\215\256\344\270\216\351\223\201\345\276\213\345\220\210\350\247\204.md"
 M "../../TraditionalChineseMedicineOntologyBasedonReasonerMiniBOxTBoxABox/design/\346\226\271\350\257\201-\345\205\274\345\244\271\346\234\254\344\275\223\350\256\276\350\256\241.md"
 M "../../TraditionalChineseMedicineOntologyBasedonReasonerMiniBOxTBoxABox/design/\346\234\254\344\275\223\345\233\272\345\214\226\350\256\260\345\275\225.md"
 M "../../TraditionalChineseMedicineOntologyBasedonReasonerMiniBOxTBoxABox/design/\346\234\254\344\275\223\346\226\207\344\273\266\347\273\223\346\236\204.md"
 M "../../TraditionalChineseMedicineOntologyBasedonReasonerMiniBOxTBoxABox/design/\346\234\254\344\275\223\351\241\266\345\261\202\350\256\276\350\256\241.md"
 M "../../TraditionalChineseMedicineOntologyBasedonReasonerMiniBOxTBoxABox/design/\351\223\201\345\276\213\345\205\250\351\233\206.md"
 M "../../\346\234\254\344\275\223\351\251\261\345\212\250\347\232\204\346\231\272\350\203\275\344\270\232\345\212\241\346\265\201\347\250\213\346\236\266\346\236\204.pptx"
?? ../HWCodeArtsDir/git-status.log
?? ../HWCodeArtsDir/git-tree.log
?? ../HWCodeArtsDir/tmsd-test.log
?? OntologyFramework/src/main/java/com/ocean/ontologyframework/tmsd/web/
?? OntologyFramework/src/main/resources/static/tmsd-config.html
?? OntologyFrameworkExample/
?? "../../TraditionalChineseMedicineOntologyBasedonReasonerMiniBOxTBoxABox - bak/"
?? "../../TraditionalChineseMedicineOntologyBasedonReasonerMiniBOxTBoxABox/design/\346\234\254\344\275\223\345\267\245\347\250\213\346\234\200\344\275\263\345\256\236\350\267\265.md"
