.gitattributes
.gitignore
.merkle-snapshot.json
.mvn/wrapper/maven-wrapper.properties
EnvPrepare/scripts/camunda-c8run.log
EnvPrepare/scripts/erl_crash.dump
EnvPrepare/scripts/logs/ontop.log
EnvPrepare/scripts/logs/rabbitmq.log
EnvPrepare/scripts/rabbitmq-server.log
EnvPrepare/scripts/start_all.py
EnvPrepare/scripts/startup-config.properties
OntologyFramework/.gitattributes
OntologyFramework/.gitignore
OntologyFramework/.mvn/wrapper/maven-wrapper.properties
OntologyFramework/cp.txt
"OntologyFramework/docs/\345\241\224\346\236\266\344\270\255\346\256\265-\346\255\243\345\220\221\350\256\276\350\256\241\346\265\201\347\250\213.md"
OntologyFramework/mvnw
OntologyFramework/mvnw.cmd
OntologyFramework/pom.xml
OntologyFramework/src/main/java/com/ocean/ontologyframework/JingFangInference.java
OntologyFramework/src/main/java/com/ocean/ontologyframework/PizzaApplication.java
OntologyFramework/src/main/java/com/ocean/ontologyframework/PizzaOntologyJobWorker.java
OntologyFramework/src/main/java/com/ocean/ontologyframework/PulseParser.java
OntologyFramework/src/main/java/com/ocean/ontologyframework/RabbitMqHandler.java
OntologyFramework/src/main/java/com/ocean/ontologyframework/StopOnTimeoutExtension.java
OntologyFramework/src/main/java/com/ocean/ontologyframework/TCMApplication.java
OntologyFramework/src/main/java/com/ocean/ontologyframework/TCMOntologyJobWorker.java
OntologyFramework/src/main/java/com/ocean/ontologyframework/TMSDApplication.java
OntologyFramework/src/main/java/com/ocean/ontologyframework/TMSDOntologyJobWorker.java
OntologyFramework/src/main/java/com/ocean/ontologyframework/Utilities.java
OntologyFramework/src/main/java/com/ocean/ontologyframework/tcm/DefinitionGapUtils.java
OntologyFramework/src/main/java/com/ocean/ontologyframework/tcm/InferenceResult.java
OntologyFramework/src/main/java/com/ocean/ontologyframework/tcm/SixChannelInferenceEngine.java
OntologyFramework/src/main/java/com/ocean/ontologyframework/tcm/app/LlmClient.java
OntologyFramework/src/main/java/com/ocean/ontologyframework/tcm/app/SymptomCatalog.java
OntologyFramework/src/main/java/com/ocean/ontologyframework/tcm/app/SymptomMappingService.java
OntologyFramework/src/main/java/com/ocean/ontologyframework/tcm/app/TCMDiagnosisController.java
OntologyFramework/src/main/java/com/ocean/ontologyframework/tcm/app/TCMDiagnosisService.java
OntologyFramework/src/main/java/com/ocean/ontologyframework/tmsd/AccessoryConnectionType.java
OntologyFramework/src/main/java/com/ocean/ontologyframework/tmsd/ElevatorType.java
OntologyFramework/src/main/java/com/ocean/ontologyframework/tmsd/LayoutSpec.java
OntologyFramework/src/main/java/com/ocean/ontologyframework/tmsd/TmsdDesignPipeline.java
OntologyFramework/src/main/java/com/ocean/ontologyframework/tmsd/TmsdOntologyModel.java
OntologyFramework/src/main/java/com/ocean/ontologyframework/tmsd/TmsdOntologyService.java
OntologyFramework/src/main/java/com/ocean/ontologyframework/tmsd/TmsdOutputWriter.java
OntologyFramework/src/main/java/com/ocean/ontologyframework/tmsd/TmsdVocabulary.java
OntologyFramework/src/main/java/com/ocean/ontologyframework/tmsd/TowerDesignEngine.java
OntologyFramework/src/main/java/com/ocean/ontologyframework/tmsd/TowerDesignRequest.java
OntologyFramework/src/main/java/com/ocean/ontologyframework/tmsd/TowerExcelReader.java
OntologyFramework/src/main/java/com/ocean/ontologyframework/tmsd/TowerGeometry.java
OntologyFramework/src/main/resources/application-TMSDBPMN.yml
OntologyFramework/src/main/resources/application.properties
OntologyFramework/src/main/resources/application.yml
OntologyFramework/src/main/resources/ipf_pattern_weight_matrix.csv
OntologyFramework/src/main/resources/openllet-tuning.properties
OntologyFramework/src/main/resources/static/index.html
OntologyFramework/src/test/java/com/ocean/ontologyframework/ConsistencyTest.java
OntologyFramework/src/test/java/com/ocean/ontologyframework/JingfangDiagnosisProcessTest.java
OntologyFramework/src/test/java/com/ocean/ontologyframework/OntologyFrameworkPizzaTests.java
OntologyFramework/src/test/java/com/ocean/ontologyframework/OntologyFrameworkTCMTests.java
OntologyFramework/src/test/java/com/ocean/ontologyframework/TMSDDesignProcessTest.java
OntologyFramework/src/test/java/com/ocean/ontologyframework/pizza/PizzaOntologyValidator.java
OntologyFramework/src/test/java/com/ocean/ontologyframework/pizza/ValidationResult.java
OntologyFramework/src/test/java/com/ocean/ontologyframework/tcm/AbstractJingfangDiagnosisTest.java
OntologyFramework/src/test/java/com/ocean/ontologyframework/tcm/AllFangzhengSuiteTest.java
OntologyFramework/src/test/java/com/ocean/ontologyframework/tcm/DeployProbe.java
OntologyFramework/src/test/java/com/ocean/ontologyframework/tcm/DuliFangzhengTest.java
OntologyFramework/src/test/java/com/ocean/ontologyframework/tcm/FangzhengSuiteRunner.java
OntologyFramework/src/test/java/com/ocean/ontologyframework/tcm/HebingFangzhengTest.java
OntologyFramework/src/test/java/com/ocean/ontologyframework/tcm/HerbRuleEngineTest.java
OntologyFramework/src/test/java/com/ocean/ontologyframework/tcm/JianjiaFangzhengTest.java
OntologyFramework/src/test/java/com/ocean/ontologyframework/tcm/JingfangBpmnStructureTest.java
OntologyFramework/src/test/java/com/ocean/ontologyframework/tcm/JingfangDiagnosisFlowTest.java
OntologyFramework/src/test/java/com/ocean/ontologyframework/tcm/JingfangTestSupport.java
OntologyFramework/src/test/java/com/ocean/ontologyframework/tcm/JueyinFangzhengTest.java
OntologyFramework/src/test/java/com/ocean/ontologyframework/tcm/OntologyLiujingConsistencyProbeTest.java
OntologyFramework/src/test/java/com/ocean/ontologyframework/tcm/ProbeBpmnSwrlTest.java
OntologyFramework/src/test/java/com/ocean/ontologyframework/tcm/ProbeE2eTest.java
OntologyFramework/src/test/java/com/ocean/ontologyframework/tcm/ShaoyangYangmingFangzhengTest.java
OntologyFramework/src/test/java/com/ocean/ontologyframework/tcm/ShaoyinTaiyinFangzhengTest.java
OntologyFramework/src/test/java/com/ocean/ontologyframework/tcm/SizhenToHerbModificationFlowTest.java
OntologyFramework/src/test/java/com/ocean/ontologyframework/tcm/SwrlParseProbeTest.java
OntologyFramework/src/test/java/com/ocean/ontologyframework/tcm/SwrlTypeProbeTest.java
OntologyFramework/src/test/java/com/ocean/ontologyframework/tcm/TaiyangFangzhengTest.java
OntologyFramework/src/test/java/com/ocean/ontologyframework/tcm/TaiyinbingDefinitionTest.java
OntologyFramework/src/test/java/com/ocean/ontologyframework/tcm/ZabingFangzhengTest.java
OntologyFramework/src/test/java/com/ocean/ontologyframework/tcm/app/SkosAliasTest.java
OntologyFramework/src/test/java/com/ocean/ontologyframework/tcm/app/SymptomCatalogTest.java
OntologyFramework/src/test/java/com/ocean/ontologyframework/tcm/app/SymptomMappingServiceTest.java
OntologyFramework/src/test/java/com/ocean/ontologyframework/tmsd/TMSDDesignPipelineTest.java
OntologyFramework/src/test/java/com/ocean/ontologyframework/tmsd/TMSDForwardRulesTest.java
OntologyFramework/src/test/java/com/ocean/ontologyframework/tmsd/TMSDProcessTest.java
OntologyFramework/src/test/java/com/ocean/ontologyframework/tmsd/TmsdDebugTest.java
OntologyFramework/src/test/java/com/ocean/ontologyframework/tmsd/TmsdOntologyLoadTest.java
OntologyFramework/src/test/java/com/ocean/ontologyframework/tmsd/TmsdTestConfig.java
OntologyFramework/src/test/resources/pizzaInstances.json
OntologyFramework/tmsd-output/tmsd-output.rar
"OntologyFramework/tmsd-output/\346\240\267\344\276\2130-\346\226\271\346\241\210\345\257\271\346\257\224\346\212\245\345\221\212.md"
"OntologyFramework/tmsd-output/\346\240\267\344\276\2130-\347\254\2542\346\256\265-\347\255\222\344\275\223\344\277\241\346\201\257\345\205\263\347\263\273\345\274\217.txt"
"OntologyFramework/tmsd-output/\346\240\267\344\276\2130-\347\254\2542\346\256\265-\350\277\236\346\216\245\346\263\225\345\205\260\345\205\263\347\263\273\345\274\217.txt"
"OntologyFramework/tmsd-output/\346\240\267\344\276\2130-\347\254\2542\346\256\265-\351\231\204\344\273\266\344\277\241\346\201\257\345\205\263\347\263\273\345\274\217.txt"
"OntologyFramework/tmsd-output/\346\240\267\344\276\2130-\347\254\2543\346\256\265-\347\255\222\344\275\223\344\277\241\346\201\257\345\205\263\347\263\273\345\274\217.txt"
"OntologyFramework/tmsd-output/\346\240\267\344\276\2130-\347\254\2543\346\256\265-\350\277\236\346\216\245\346\263\225\345\205\260\345\205\263\347\263\273\345\274\217.txt"
"OntologyFramework/tmsd-output/\346\240\267\344\276\2130-\347\254\2543\346\256\265-\351\231\204\344\273\266\344\277\241\346\201\257\345\205\263\347\263\273\345\274\217.txt"
"OntologyFramework/tmsd-output/\346\240\267\344\276\2130-\347\254\2544\346\256\265-\347\255\222\344\275\223\344\277\241\346\201\257\345\205\263\347\263\273\345\274\217.txt"
"OntologyFramework/tmsd-output/\346\240\267\344\276\2130-\347\254\2544\346\256\265-\350\277\236\346\216\245\346\263\225\345\205\260\345\205\263\347\263\273\345\274\217.txt"
"OntologyFramework/tmsd-output/\346\240\267\344\276\2130-\347\254\2544\346\256\265-\351\231\204\344\273\266\344\277\241\346\201\257\345\205\263\347\263\273\345\274\217.txt"
"OntologyFramework/tmsd-output/\346\240\267\344\276\2130-\347\254\2545\346\256\265-\347\255\222\344\275\223\344\277\241\346\201\257\345\205\263\347\263\273\345\274\217.txt"
"OntologyFramework/tmsd-output/\346\240\267\344\276\2130-\347\254\2545\346\256\265-\350\277\236\346\216\245\346\263\225\345\205\260\345\205\263\347\263\273\345\274\217.txt"
"OntologyFramework/tmsd-output/\346\240\267\344\276\2130-\347\254\2545\346\256\265-\351\231\204\344\273\266\344\277\241\346\201\257\345\205\263\347\263\273\345\274\217.txt"
"OntologyFramework/tmsd-output/\346\240\267\344\276\2131-\346\226\271\346\241\210\345\257\271\346\257\224\346\212\245\345\221\212.md"
"OntologyFramework/tmsd-output/\346\240\267\344\276\2131-\347\254\2542\346\256\265-\347\255\222\344\275\223\344\277\241\346\201\257\345\205\263\347\263\273\345\274\217.txt"
"OntologyFramework/tmsd-output/\346\240\267\344\276\2131-\347\254\2542\346\256\265-\350\277\236\346\216\245\346\263\225\345\205\260\345\205\263\347\263\273\345\274\217.txt"
"OntologyFramework/tmsd-output/\346\240\267\344\276\2131-\347\254\2542\346\256\265-\351\231\204\344\273\266\344\277\241\346\201\257\345\205\263\347\263\273\345\274\217.txt"
"OntologyFramework/tmsd-output/\346\240\267\344\276\2131-\347\254\2543\346\256\265-\347\255\222\344\275\223\344\277\241\346\201\257\345\205\263\347\263\273\345\274\217.txt"
"OntologyFramework/tmsd-output/\346\240\267\344\276\2131-\347\254\2543\346\256\265-\350\277\236\346\216\245\346\263\225\345\205\260\345\205\263\347\263\273\345\274\217.txt"
"OntologyFramework/tmsd-output/\346\240\267\344\276\2131-\347\254\2543\346\256\265-\351\231\204\344\273\266\344\277\241\346\201\257\345\205\263\347\263\273\345\274\217.txt"
"OntologyFramework/tmsd-output/\346\240\267\344\276\2131-\347\254\2544\346\256\265-\347\255\222\344\275\223\344\277\241\346\201\257\345\205\263\347\263\273\345\274\217.txt"
"OntologyFramework/tmsd-output/\346\240\267\344\276\2131-\347\254\2544\346\256\265-\350\277\236\346\216\245\346\263\225\345\205\260\345\205\263\347\263\273\345\274\217.txt"
"OntologyFramework/tmsd-output/\346\240\267\344\276\2131-\347\254\2544\346\256\265-\351\231\204\344\273\266\344\277\241\346\201\257\345\205\263\347\263\273\345\274\217.txt"
"OntologyFramework/tmsd-output/\346\240\267\344\276\2131-\347\254\2545\346\256\265-\347\255\222\344\275\223\344\277\241\346\201\257\345\205\263\347\263\273\345\274\217.txt"
"OntologyFramework/tmsd-output/\346\240\267\344\276\2131-\347\254\2545\346\256\265-\350\277\236\346\216\245\346\263\225\345\205\260\345\205\263\347\263\273\345\274\217.txt"
"OntologyFramework/tmsd-output/\346\240\267\344\276\2131-\347\254\2545\346\256\265-\351\231\204\344\273\266\344\277\241\346\201\257\345\205\263\347\263\273\345\274\217.txt"
"OntologyFramework/tmsd-output/\346\240\267\344\276\2132-\346\226\271\346\241\210\345\257\271\346\257\224\346\212\245\345\221\212.md"
"OntologyFramework/tmsd-output/\346\240\267\344\276\2132-\347\254\2542\346\256\265-\347\255\222\344\275\223\344\277\241\346\201\257\345\205\263\347\263\273\345\274\217.txt"
"OntologyFramework/tmsd-output/\346\240\267\344\276\2132-\347\254\2542\346\256\265-\350\277\236\346\216\245\346\263\225\345\205\260\345\205\263\347\263\273\345\274\217.txt"
"OntologyFramework/tmsd-output/\346\240\267\344\276\2132-\347\254\2542\346\256\265-\351\231\204\344\273\266\344\277\241\346\201\257\345\205\263\347\263\273\345\274\217.txt"
"OntologyFramework/tmsd-output/\346\240\267\344\276\2132-\347\254\2543\346\256\265-\347\255\222\344\275\223\344\277\241\346\201\257\345\205\263\347\263\273\345\274\217.txt"
"OntologyFramework/tmsd-output/\346\240\267\344\276\2132-\347\254\2543\346\256\265-\350\277\236\346\216\245\346\263\225\345\205\260\345\205\263\347\263\273\345\274\217.txt"
"OntologyFramework/tmsd-output/\346\240\267\344\276\2132-\347\254\2543\346\256\265-\351\231\204\344\273\266\344\277\241\346\201\257\345\205\263\347\263\273\345\274\217.txt"
"OntologyFramework/tmsd-output/\346\240\267\344\276\2132-\347\254\2544\346\256\265-\347\255\222\344\275\223\344\277\241\346\201\257\345\205\263\347\263\273\345\274\217.txt"
"OntologyFramework/tmsd-output/\346\240\267\344\276\2132-\347\254\2544\346\256\265-\350\277\236\346\216\245\346\263\225\345\205\260\345\205\263\347\263\273\345\274\217.txt"
"OntologyFramework/tmsd-output/\346\240\267\344\276\2132-\347\254\2544\346\256\265-\351\231\204\344\273\266\344\277\241\346\201\257\345\205\263\347\263\273\345\274\217.txt"
"OntologyFramework/tmsd-output/\346\240\267\344\276\2132-\347\254\2545\346\256\265-\347\255\222\344\275\223\344\277\241\346\201\257\345\205\263\347\263\273\345\274\217.txt"
"OntologyFramework/tmsd-output/\346\240\267\344\276\2132-\347\254\2545\346\256\265-\350\277\236\346\216\245\346\263\225\345\205\260\345\205\263\347\263\273\345\274\217.txt"
"OntologyFramework/tmsd-output/\346\240\267\344\276\2132-\347\254\2545\346\256\265-\351\231\204\344\273\266\344\277\241\346\201\257\345\205\263\347\263\273\345\274\217.txt"
"OntologyFramework/tmsd-output/\346\240\267\344\276\2133-\346\226\271\346\241\210\345\257\271\346\257\224\346\212\245\345\221\212.md"
"OntologyFramework/tmsd-output/\346\240\267\344\276\2133-\347\254\2542\346\256\265-\347\255\222\344\275\223\344\277\241\346\201\257\345\205\263\347\263\273\345\274\217.txt"
"OntologyFramework/tmsd-output/\346\240\267\344\276\2133-\347\254\2542\346\256\265-\350\277\236\346\216\245\346\263\225\345\205\260\345\205\263\347\263\273\345\274\217.txt"
"OntologyFramework/tmsd-output/\346\240\267\344\276\2133-\347\254\2542\346\256\265-\351\231\204\344\273\266\344\277\241\346\201\257\345\205\263\347\263\273\345\274\217.txt"
"OntologyFramework/tmsd-output/\346\240\267\344\276\2133-\347\254\2543\346\256\265-\347\255\222\344\275\223\344\277\241\346\201\257\345\205\263\347\263\273\345\274\217.txt"
"OntologyFramework/tmsd-output/\346\240\267\344\276\2133-\347\254\2543\346\256\265-\350\277\236\346\216\245\346\263\225\345\205\260\345\205\263\347\263\273\345\274\217.txt"
"OntologyFramework/tmsd-output/\346\240\267\344\276\2133-\347\254\2543\346\256\265-\351\231\204\344\273\266\344\277\241\346\201\257\345\205\263\347\263\273\345\274\217.txt"
"OntologyFramework/tmsd-output/\346\240\267\344\276\2133-\347\254\2544\346\256\265-\347\255\222\344\275\223\344\277\241\346\201\257\345\205\263\347\263\273\345\274\217.txt"
"OntologyFramework/tmsd-output/\346\240\267\344\276\2133-\347\254\2544\346\256\265-\350\277\236\346\216\245\346\263\225\345\205\260\345\205\263\347\263\273\345\274\217.txt"
"OntologyFramework/tmsd-output/\346\240\267\344\276\2133-\347\254\2544\346\256\265-\351\231\204\344\273\266\344\277\241\346\201\257\345\205\263\347\263\273\345\274\217.txt"
"OntologyFramework/tmsd-output/\346\240\267\344\276\2133-\347\254\2545\346\256\265-\347\255\222\344\275\223\344\277\241\346\201\257\345\205\263\347\263\273\345\274\217.txt"
"OntologyFramework/tmsd-output/\346\240\267\344\276\2133-\347\254\2545\346\256\265-\350\277\236\346\216\245\346\263\225\345\205\260\345\205\263\347\263\273\345\274\217.txt"
"OntologyFramework/tmsd-output/\346\240\267\344\276\2133-\347\254\2545\346\256\265-\351\231\204\344\273\266\344\277\241\346\201\257\345\205\263\347\263\273\345\274\217.txt"
"OntologyFramework/tmsd-output/\346\240\267\344\276\2134-\346\226\271\346\241\210\345\257\271\346\257\224\346\212\245\345\221\212.md"
"OntologyFramework/tmsd-output/\346\240\267\344\276\2134-\347\254\2542\346\256\265-\347\255\222\344\275\223\344\277\241\346\201\257\345\205\263\347\263\273\345\274\217.txt"
"OntologyFramework/tmsd-output/\346\240\267\344\276\2134-\347\254\2542\346\256\265-\350\277\236\346\216\245\346\263\225\345\205\260\345\205\263\347\263\273\345\274\217.txt"
"OntologyFramework/tmsd-output/\346\240\267\344\276\2134-\347\254\2542\346\256\265-\351\231\204\344\273\266\344\277\241\346\201\257\345\205\263\347\263\273\345\274\217.txt"
"OntologyFramework/tmsd-output/\346\240\267\344\276\2134-\347\254\2543\346\256\265-\347\255\222\344\275\223\344\277\241\346\201\257\345\205\263\347\263\273\345\274\217.txt"
"OntologyFramework/tmsd-output/\346\240\267\344\276\2134-\347\254\2543\346\256\265-\350\277\236\346\216\245\346\263\225\345\205\260\345\205\263\347\263\273\345\274\217.txt"
"OntologyFramework/tmsd-output/\346\240\267\344\276\2134-\347\254\2543\346\256\265-\351\231\204\344\273\266\344\277\241\346\201\257\345\205\263\347\263\273\345\274\217.txt"
"OntologyFramework/tmsd-output/\346\240\267\344\276\2134-\347\254\2544\346\256\265-\347\255\222\344\275\223\344\277\241\346\201\257\345\205\263\347\263\273\345\274\217.txt"
"OntologyFramework/tmsd-output/\346\240\267\344\276\2134-\347\254\2544\346\256\265-\350\277\236\346\216\245\346\263\225\345\205\260\345\205\263\347\263\273\345\274\217.txt"
"OntologyFramework/tmsd-output/\346\240\267\344\276\2134-\347\254\2544\346\256\265-\351\231\204\344\273\266\344\277\241\346\201\257\345\205\263\347\263\273\345\274\217.txt"
"OntologyFramework/tmsd-output/\346\240\267\344\276\2134-\347\254\2545\346\256\265-\347\255\222\344\275\223\344\277\241\346\201\257\345\205\263\347\263\273\345\274\217.txt"
"OntologyFramework/tmsd-output/\346\240\267\344\276\2134-\347\254\2545\346\256\265-\350\277\236\346\216\245\346\263\225\345\205\260\345\205\263\347\263\273\345\274\217.txt"
"OntologyFramework/tmsd-output/\346\240\267\344\276\2134-\347\254\2545\346\256\265-\351\231\204\344\273\266\344\277\241\346\201\257\345\205\263\347\263\273\345\274\217.txt"
"OntologyFramework/tmsd-output/\346\240\267\344\276\2135-\346\226\271\346\241\210\345\257\271\346\257\224\346\212\245\345\221\212.md"
"OntologyFramework/tmsd-output/\346\240\267\344\276\2135-\347\254\2542\346\256\265-\347\255\222\344\275\223\344\277\241\346\201\257\345\205\263\347\263\273\345\274\217.txt"
"OntologyFramework/tmsd-output/\346\240\267\344\276\2135-\347\254\2542\346\256\265-\350\277\236\346\216\245\346\263\225\345\205\260\345\205\263\347\263\273\345\274\217.txt"
"OntologyFramework/tmsd-output/\346\240\267\344\276\2135-\347\254\2542\346\256\265-\351\231\204\344\273\266\344\277\241\346\201\257\345\205\263\347\263\273\345\274\217.txt"
"OntologyFramework/tmsd-output/\346\240\267\344\276\2135-\347\254\2543\346\256\265-\347\255\222\344\275\223\344\277\241\346\201\257\345\205\263\347\263\273\345\274\217.txt"
"OntologyFramework/tmsd-output/\346\240\267\344\276\2135-\347\254\2543\346\256\265-\350\277\236\346\216\245\346\263\225\345\205\260\345\205\263\347\263\273\345\274\217.txt"
"OntologyFramework/tmsd-output/\346\240\267\344\276\2135-\347\254\2543\346\256\265-\351\231\204\344\273\266\344\277\241\346\201\257\345\205\263\347\263\273\345\274\217.txt"
"OntologyFramework/tmsd-output/\346\240\267\344\276\2135-\347\254\2544\346\256\265-\347\255\222\344\275\223\344\277\241\346\201\257\345\205\263\347\263\273\345\274\217.txt"
"OntologyFramework/tmsd-output/\346\240\267\344\276\2135-\347\254\2544\346\256\265-\350\277\236\346\216\245\346\263\225\345\205\260\345\205\263\347\263\273\345\274\217.txt"
"OntologyFramework/tmsd-output/\346\240\267\344\276\2135-\347\254\2544\346\256\265-\351\231\204\344\273\266\344\277\241\346\201\257\345\205\263\347\263\273\345\274\217.txt"
"OntologyFramework/tmsd-output/\346\240\267\344\276\2135-\347\254\2545\346\256\265-\347\255\222\344\275\223\344\277\241\346\201\257\345\205\263\347\263\273\345\274\217.txt"
"OntologyFramework/tmsd-output/\346\240\267\344\276\2135-\347\254\2545\346\256\265-\350\277\236\346\216\245\346\263\225\345\205\260\345\205\263\347\263\273\345\274\217.txt"
"OntologyFramework/tmsd-output/\346\240\267\344\276\2135-\347\254\2545\346\256\265-\351\231\204\344\273\266\344\277\241\346\201\257\345\205\263\347\263\273\345\274\217.txt"
"OntologyFramework/tmsd-output/\346\240\267\344\276\2136-\346\226\271\346\241\210\345\257\271\346\257\224\346\212\245\345\221\212.md"
"OntologyFramework/tmsd-output/\346\240\267\344\276\2136-\347\254\2542\346\256\265-\347\255\222\344\275\223\344\277\241\346\201\257\345\205\263\347\263\273\345\274\217.txt"
"OntologyFramework/tmsd-output/\346\240\267\344\276\2136-\347\254\2542\346\256\265-\350\277\236\346\216\245\346\263\225\345\205\260\345\205\263\347\263\273\345\274\217.txt"
"OntologyFramework/tmsd-output/\346\240\267\344\276\2136-\347\254\2542\346\256\265-\351\231\204\344\273\266\344\277\241\346\201\257\345\205\263\347\263\273\345\274\217.txt"
"OntologyFramework/tmsd-output/\346\240\267\344\276\2136-\347\254\2543\346\256\265-\347\255\222\344\275\223\344\277\241\346\201\257\345\205\263\347\263\273\345\274\217.txt"
"OntologyFramework/tmsd-output/\346\240\267\344\276\2136-\347\254\2543\346\256\265-\350\277\236\346\216\245\346\263\225\345\205\260\345\205\263\347\263\273\345\274\217.txt"
"OntologyFramework/tmsd-output/\346\240\267\344\276\2136-\347\254\2543\346\256\265-\351\231\204\344\273\266\344\277\241\346\201\257\345\205\263\347\263\273\345\274\217.txt"
"OntologyFramework/tmsd-output/\346\240\267\344\276\2136-\347\254\2544\346\256\265-\347\255\222\344\275\223\344\277\241\346\201\257\345\205\263\347\263\273\345\274\217.txt"
"OntologyFramework/tmsd-output/\346\240\267\344\276\2136-\347\254\2544\346\256\265-\350\277\236\346\216\245\346\263\225\345\205\260\345\205\263\347\263\273\345\274\217.txt"
"OntologyFramework/tmsd-output/\346\240\267\344\276\2136-\347\254\2544\346\256\265-\351\231\204\344\273\266\344\277\241\346\201\257\345\205\263\347\263\273\345\274\217.txt"
"OntologyFramework/tmsd-output/\346\240\267\344\276\2136-\347\254\2545\346\256\265-\347\255\222\344\275\223\344\277\241\346\201\257\345\205\263\347\263\273\345\274\217.txt"
"OntologyFramework/tmsd-output/\346\240\267\344\276\2136-\347\254\2545\346\256\265-\350\277\236\346\216\245\346\263\225\345\205\260\345\205\263\347\263\273\345\274\217.txt"
"OntologyFramework/tmsd-output/\346\240\267\344\276\2136-\347\254\2545\346\256\265-\351\231\204\344\273\266\344\277\241\346\201\257\345\205\263\347\263\273\345\274\217.txt"
"OntologyFramework/tmsd-output/\347\224\250\344\276\2132-\346\226\271\346\241\210\345\257\271\346\257\224\346\212\245\345\221\212.md"
"OntologyFramework/tmsd-output/\347\224\250\344\276\2132-\347\254\2542\346\256\265-\347\255\222\344\275\223\344\277\241\346\201\257\345\205\263\347\263\273\345\274\217.txt"
"OntologyFramework/tmsd-output/\347\224\250\344\276\2132-\347\254\2542\346\256\265-\350\277\236\346\216\245\346\263\225\345\205\260\345\205\263\347\263\273\345\274\217.txt"
"OntologyFramework/tmsd-output/\347\224\250\344\276\2132-\347\254\2542\346\256\265-\351\231\204\344\273\266\344\277\241\346\201\257\345\205\263\347\263\273\345\274\217.txt"
"OntologyFramework/tmsd-output/\347\224\250\344\276\2132-\347\254\2543\346\256\265-\347\255\222\344\275\223\344\277\241\346\201\257\345\205\263\347\263\273\345\274\217.txt"
"OntologyFramework/tmsd-output/\347\224\250\344\276\2132-\347\254\2543\346\256\265-\350\277\236\346\216\245\346\263\225\345\205\260\345\205\263\347\263\273\345\274\217.txt"
"OntologyFramework/tmsd-output/\347\224\250\344\276\2132-\347\254\2543\346\256\265-\351\231\204\344\273\266\344\277\241\346\201\257\345\205\263\347\263\273\345\274\217.txt"
"OntologyFramework/tmsd-output/\347\224\250\344\276\2132-\347\254\2544\346\256\265-\347\255\222\344\275\223\344\277\241\346\201\257\345\205\263\347\263\273\345\274\217.txt"
"OntologyFramework/tmsd-output/\347\224\250\344\276\2132-\347\254\2544\346\256\265-\350\277\236\346\216\245\346\263\225\345\205\260\345\205\263\347\263\273\345\274\217.txt"
"OntologyFramework/tmsd-output/\347\224\250\344\276\2132-\347\254\2544\346\256\265-\351\231\204\344\273\266\344\277\241\346\201\257\345\205\263\347\263\273\345\274\217.txt"
"OntologyFramework/tmsd-output/\347\224\250\344\276\2132-\347\254\2545\346\256\265-\347\255\222\344\275\223\344\277\241\346\201\257\345\205\263\347\263\273\345\274\217.txt"
"OntologyFramework/tmsd-output/\347\224\250\344\276\2132-\347\254\2545\346\256\265-\350\277\236\346\216\245\346\263\225\345\205\260\345\205\263\347\263\273\345\274\217.txt"
"OntologyFramework/tmsd-output/\347\224\250\344\276\2132-\347\254\2545\346\256\265-\351\231\204\344\273\266\344\277\241\346\201\257\345\205\263\347\263\273\345\274\217.txt"
"OntologyFramework/tmsd-output/\347\224\250\344\276\2132-\347\255\222\350\212\202\345\221\275\344\270\255-\346\226\271\346\241\210\345\257\271\346\257\224\346\212\245\345\221\212.md"
"OntologyFramework/tmsd-output/\347\224\250\344\276\2132-\347\255\222\350\212\202\345\221\275\344\270\255-\347\254\2542\346\256\265-\345\235\207\345\214\200\346\216\222\345\270\203\302\267\351\227\264\350\267\235\350\266\213\350\277\221 1680mm _ \346\211\266\346\214\201\351\201\277\350\256\251 +200mm-\346\250\241\345\236\213\345\217\202\346\225\260.txt"
"OntologyFramework/tmsd-output/\347\224\250\344\276\2132-\347\255\222\350\212\202\345\221\275\344\270\255-\347\254\2542\346\256\265-\345\235\207\345\214\200\346\216\222\345\270\203\302\267\351\227\264\350\267\235\350\266\213\350\277\221 1680mm _ \346\211\266\346\214\201\351\201\277\350\256\251 -200mm-\346\250\241\345\236\213\345\217\202\346\225\260.txt"
"OntologyFramework/tmsd-output/\347\224\250\344\276\2132-\347\255\222\350\212\202\345\221\275\344\270\255-\347\254\2542\346\256\265-\345\235\207\345\214\200\346\216\222\345\270\203\302\267\351\227\264\350\267\235\350\266\213\350\277\221 1960mm _ \346\211\266\346\214\201\351\201\277\350\256\251 +200mm-\346\250\241\345\236\213\345\217\202\346\225\260.txt"
"OntologyFramework/tmsd-output/\347\224\250\344\276\2132-\347\255\222\350\212\202\345\221\275\344\270\255-\347\254\2542\346\256\265-\345\235\207\345\214\200\346\216\222\345\270\203\302\267\351\227\264\350\267\235\350\266\213\350\277\221 1960mm _ \346\211\266\346\214\201\351\201\277\350\256\251 -200mm-\346\250\241\345\236\213\345\217\202\346\225\260.txt"
"OntologyFramework/tmsd-output/\347\224\250\344\276\2132-\347\255\222\350\212\202\345\221\275\344\270\255-\347\254\2543\346\256\265-\345\235\207\345\214\200\346\216\222\345\270\203\302\267\351\227\264\350\267\235\350\266\213\350\277\221 1680mm _ \346\211\266\346\214\201\351\201\277\350\256\251 +200mm-\346\250\241\345\236\213\345\217\202\346\225\260.txt"
"OntologyFramework/tmsd-output/\347\224\250\344\276\2132-\347\255\222\350\212\202\345\221\275\344\270\255-\347\254\2543\346\256\265-\345\235\207\345\214\200\346\216\222\345\270\203\302\267\351\227\264\350\267\235\350\266\213\350\277\221 1680mm _ \346\211\266\346\214\201\351\201\277\350\256\251 -200mm-\346\250\241\345\236\213\345\217\202\346\225\260.txt"
"OntologyFramework/tmsd-output/\347\224\250\344\276\2132-\347\255\222\350\212\202\345\221\275\344\270\255-\347\254\2543\346\256\265-\345\235\207\345\214\200\346\216\222\345\270\203\302\267\351\227\264\350\267\235\350\266\213\350\277\221 1960mm _ \346\211\266\346\214\201\351\201\277\350\256\251 +200mm-\346\250\241\345\236\213\345\217\202\346\225\260.txt"
"OntologyFramework/tmsd-output/\347\224\250\344\276\2132-\347\255\222\350\212\202\345\221\275\344\270\255-\347\254\2543\346\256\265-\345\235\207\345\214\200\346\216\222\345\270\203\302\267\351\227\264\350\267\235\350\266\213\350\277\221 1960mm _ \346\211\266\346\214\201\351\201\277\350\256\251 -200mm-\346\250\241\345\236\213\345\217\202\346\225\260.txt"
"OntologyFramework/tmsd-output/\347\224\250\344\276\2132-\347\255\222\350\212\202\345\221\275\344\270\255-\347\254\2544\346\256\265-\345\235\207\345\214\200\346\216\222\345\270\203\302\267\351\227\264\350\267\235\350\266\213\350\277\221 1680mm _ \346\211\266\346\214\201\351\201\277\350\256\251 +200mm-\346\250\241\345\236\213\345\217\202\346\225\260.txt"
"OntologyFramework/tmsd-output/\347\224\250\344\276\2132-\347\255\222\350\212\202\345\221\275\344\270\255-\347\254\2544\346\256\265-\345\235\207\345\214\200\346\216\222\345\270\203\302\267\351\227\264\350\267\235\350\266\213\350\277\221 1680mm _ \346\211\266\346\214\201\351\201\277\350\256\251 -200mm-\346\250\241\345\236\213\345\217\202\346\225\260.txt"
"OntologyFramework/tmsd-output/\347\224\250\344\276\2132-\347\255\222\350\212\202\345\221\275\344\270\255-\347\254\2544\346\256\265-\345\235\207\345\214\200\346\216\222\345\270\203\302\267\351\227\264\350\267\235\350\266\213\350\277\221 1960mm _ \346\211\266\346\214\201\351\201\277\350\256\251 +200mm-\346\250\241\345\236\213\345\217\202\346\225\260.txt"
"OntologyFramework/tmsd-output/\347\224\250\344\276\2132-\347\255\222\350\212\202\345\221\275\344\270\255-\347\254\2544\346\256\265-\345\235\207\345\214\200\346\216\222\345\270\203\302\267\351\227\264\350\267\235\350\266\213\350\277\221 1960mm _ \346\211\266\346\214\201\351\201\277\350\256\251 -200mm-\346\250\241\345\236\213\345\217\202\346\225\260.txt"
"OntologyFramework/tmsd-output/\347\224\250\344\276\2132-\347\255\222\350\212\202\345\221\275\344\270\255-\347\254\2545\346\256\265-\345\235\207\345\214\200\346\216\222\345\270\203\302\267\351\227\264\350\267\235\350\266\213\350\277\221 1680mm _ \346\211\266\346\214\201\351\201\277\350\256\251 +200mm-\346\250\241\345\236\213\345\217\202\346\225\260.txt"
"OntologyFramework/tmsd-output/\347\224\250\344\276\2132-\347\255\222\350\212\202\345\221\275\344\270\255-\347\254\2545\346\256\265-\345\235\207\345\214\200\346\216\222\345\270\203\302\267\351\227\264\350\267\235\350\266\213\350\277\221 1680mm _ \346\211\266\346\214\201\351\201\277\350\256\251 -200mm-\346\250\241\345\236\213\345\217\202\346\225\260.txt"
"OntologyFramework/tmsd-output/\347\224\250\344\276\2132-\347\255\222\350\212\202\345\221\275\344\270\255-\347\254\2545\346\256\265-\345\235\207\345\214\200\346\216\222\345\270\203\302\267\351\227\264\350\267\235\350\266\213\350\277\221 1960mm _ \346\211\266\346\214\201\351\201\277\350\256\251 +200mm-\346\250\241\345\236\213\345\217\202\346\225\260.txt"
"OntologyFramework/tmsd-output/\347\224\250\344\276\2132-\347\255\222\350\212\202\345\221\275\344\270\255-\347\254\2545\346\256\265-\345\235\207\345\214\200\346\216\222\345\270\203\302\267\351\227\264\350\267\235\350\266\213\350\277\221 1960mm _ \346\211\266\346\214\201\351\201\277\350\256\251 -200mm-\346\250\241\345\236\213\345\217\202\346\225\260.txt"
"OntologyFramework/tmsd-output/\347\224\250\344\276\2133-\351\253\230\345\272\246\345\221\275\344\270\255-\346\226\271\346\241\210\345\257\271\346\257\224\346\212\245\345\221\212.md"
"OntologyFramework/tmsd-output/\347\224\250\344\276\2133-\351\253\230\345\272\246\345\221\275\344\270\255-\347\254\2542\346\256\265-\345\235\207\345\214\200\346\216\222\345\270\203\302\267\351\227\264\350\267\235\350\266\213\350\277\221 1680mm _ \346\211\266\346\214\201\351\201\277\350\256\251 +200mm-\346\250\241\345\236\213\345\217\202\346\225\260.txt"
"OntologyFramework/tmsd-output/\347\224\250\344\276\2133-\351\253\230\345\272\246\345\221\275\344\270\255-\347\254\2542\346\256\265-\345\235\207\345\214\200\346\216\222\345\270\203\302\267\351\227\264\350\267\235\350\266\213\350\277\221 1680mm _ \346\211\266\346\214\201\351\201\277\350\256\251 -200mm-\346\250\241\345\236\213\345\217\202\346\225\260.txt"
"OntologyFramework/tmsd-output/\347\224\250\344\276\2133-\351\253\230\345\272\246\345\221\275\344\270\255-\347\254\2542\346\256\265-\345\235\207\345\214\200\346\216\222\345\270\203\302\267\351\227\264\350\267\235\350\266\213\350\277\221 1960mm _ \346\211\266\346\214\201\351\201\277\350\256\251 +200mm-\346\250\241\345\236\213\345\217\202\346\225\260.txt"
"OntologyFramework/tmsd-output/\347\224\250\344\276\2133-\351\253\230\345\272\246\345\221\275\344\270\255-\347\254\2542\346\256\265-\345\235\207\345\214\200\346\216\222\345\270\203\302\267\351\227\264\350\267\235\350\266\213\350\277\221 1960mm _ \346\211\266\346\214\201\351\201\277\350\256\251 -200mm-\346\250\241\345\236\213\345\217\202\346\225\260.txt"
"OntologyFramework/tmsd-output/\347\224\250\344\276\2133-\351\253\230\345\272\246\345\221\275\344\270\255-\347\254\2543\346\256\265-\345\235\207\345\214\200\346\216\222\345\270\203\302\267\351\227\264\350\267\235\350\266\213\350\277\221 1680mm _ \346\211\266\346\214\201\351\201\277\350\256\251 +200mm-\346\250\241\345\236\213\345\217\202\346\225\260.txt"
"OntologyFramework/tmsd-output/\347\224\250\344\276\2133-\351\253\230\345\272\246\345\221\275\344\270\255-\347\254\2543\346\256\265-\345\235\207\345\214\200\346\216\222\345\270\203\302\267\351\227\264\350\267\235\350\266\213\350\277\221 1680mm _ \346\211\266\346\214\201\351\201\277\350\256\251 -200mm-\346\250\241\345\236\213\345\217\202\346\225\260.txt"
"OntologyFramework/tmsd-output/\347\224\250\344\276\2133-\351\253\230\345\272\246\345\221\275\344\270\255-\347\254\2543\346\256\265-\345\235\207\345\214\200\346\216\222\345\270\203\302\267\351\227\264\350\267\235\350\266\213\350\277\221 1960mm _ \346\211\266\346\214\201\351\201\277\350\256\251 +200mm-\346\250\241\345\236\213\345\217\202\346\225\260.txt"
"OntologyFramework/tmsd-output/\347\224\250\344\276\2133-\351\253\230\345\272\246\345\221\275\344\270\255-\347\254\2543\346\256\265-\345\235\207\345\214\200\346\216\222\345\270\203\302\267\351\227\264\350\267\235\350\266\213\350\277\221 1960mm _ \346\211\266\346\214\201\351\201\277\350\256\251 -200mm-\346\250\241\345\236\213\345\217\202\346\225\260.txt"
"OntologyFramework/tmsd-output/\347\224\250\344\276\2133-\351\253\230\345\272\246\345\221\275\344\270\255-\347\254\2544\346\256\265-\345\235\207\345\214\200\346\216\222\345\270\203\302\267\351\227\264\350\267\235\350\266\213\350\277\221 1680mm _ \346\211\266\346\214\201\351\201\277\350\256\251 +200mm-\346\250\241\345\236\213\345\217\202\346\225\260.txt"
"OntologyFramework/tmsd-output/\347\224\250\344\276\2133-\351\253\230\345\272\246\345\221\275\344\270\255-\347\254\2544\346\256\265-\345\235\207\345\214\200\346\216\222\345\270\203\302\267\351\227\264\350\267\235\350\266\213\350\277\221 1680mm _ \346\211\266\346\214\201\351\201\277\350\256\251 -200mm-\346\250\241\345\236\213\345\217\202\346\225\260.txt"
"OntologyFramework/tmsd-output/\347\224\250\344\276\2133-\351\253\230\345\272\246\345\221\275\344\270\255-\347\254\2544\346\256\265-\345\235\207\345\214\200\346\216\222\345\270\203\302\267\351\227\264\350\267\235\350\266\213\350\277\221 1960mm _ \346\211\266\346\214\201\351\201\277\350\256\251 +200mm-\346\250\241\345\236\213\345\217\202\346\225\260.txt"
"OntologyFramework/tmsd-output/\347\224\250\344\276\2133-\351\253\230\345\272\246\345\221\275\344\270\255-\347\254\2544\346\256\265-\345\235\207\345\214\200\346\216\222\345\270\203\302\267\351\227\264\350\267\235\350\266\213\350\277\221 1960mm _ \346\211\266\346\214\201\351\201\277\350\256\251 -200mm-\346\250\241\345\236\213\345\217\202\346\225\260.txt"
"OntologyFramework/tmsd-output/\347\224\250\344\276\2133-\351\253\230\345\272\246\345\221\275\344\270\255-\347\254\2545\346\256\265-\345\235\207\345\214\200\346\216\222\345\270\203\302\267\351\227\264\350\267\235\350\266\213\350\277\221 1680mm _ \346\211\266\346\214\201\351\201\277\350\256\251 +200mm-\346\250\241\345\236\213\345\217\202\346\225\260.txt"
"OntologyFramework/tmsd-output/\347\224\250\344\276\2133-\351\253\230\345\272\246\345\221\275\344\270\255-\347\254\2545\346\256\265-\345\235\207\345\214\200\346\216\222\345\270\203\302\267\351\227\264\350\267\235\350\266\213\350\277\221 1680mm _ \346\211\266\346\214\201\351\201\277\350\256\251 -200mm-\346\250\241\345\236\213\345\217\202\346\225\260.txt"
"OntologyFramework/tmsd-output/\347\224\250\344\276\2133-\351\253\230\345\272\246\345\221\275\344\270\255-\347\254\2545\346\256\265-\345\235\207\345\214\200\346\216\222\345\270\203\302\267\351\227\264\350\267\235\350\266\213\350\277\221 1960mm _ \346\211\266\346\214\201\351\201\277\350\256\251 +200mm-\346\250\241\345\236\213\345\217\202\346\225\260.txt"
"OntologyFramework/tmsd-output/\347\224\250\344\276\2133-\351\253\230\345\272\246\345\221\275\344\270\255-\347\254\2545\346\256\265-\345\235\207\345\214\200\346\216\222\345\270\203\302\267\351\227\264\350\267\235\350\266\213\350\277\221 1960mm _ \346\211\266\346\214\201\351\201\277\350\256\251 -200mm-\346\250\241\345\236\213\345\217\202\346\225\260.txt"
"OntologyFramework/tmsd-output/\347\224\250\344\276\2134-\347\233\264\345\276\204\345\221\275\344\270\255-\346\226\271\346\241\210\345\257\271\346\257\224\346\212\245\345\221\212.md"
"OntologyFramework/tmsd-output/\347\224\250\344\276\2134-\347\233\264\345\276\204\345\221\275\344\270\255-\347\254\2542\346\256\265-\345\235\207\345\214\200\346\216\222\345\270\203\302\267\351\227\264\350\267\235\350\266\213\350\277\221 1680mm _ \346\211\266\346\214\201\351\201\277\350\256\251 +200mm-\346\250\241\345\236\213\345\217\202\346\225\260.txt"
"OntologyFramework/tmsd-output/\347\224\250\344\276\2134-\347\233\264\345\276\204\345\221\275\344\270\255-\347\254\2542\346\256\265-\345\235\207\345\214\200\346\216\222\345\270\203\302\267\351\227\264\350\267\235\350\266\213\350\277\221 1680mm _ \346\211\266\346\214\201\351\201\277\350\256\251 -200mm-\346\250\241\345\236\213\345\217\202\346\225\260.txt"
"OntologyFramework/tmsd-output/\347\224\250\344\276\2134-\347\233\264\345\276\204\345\221\275\344\270\255-\347\254\2542\346\256\265-\345\235\207\345\214\200\346\216\222\345\270\203\302\267\351\227\264\350\267\235\350\266\213\350\277\221 1960mm _ \346\211\266\346\214\201\351\201\277\350\256\251 +200mm-\346\250\241\345\236\213\345\217\202\346\225\260.txt"
"OntologyFramework/tmsd-output/\347\224\250\344\276\2134-\347\233\264\345\276\204\345\221\275\344\270\255-\347\254\2542\346\256\265-\345\235\207\345\214\200\346\216\222\345\270\203\302\267\351\227\264\350\267\235\350\266\213\350\277\221 1960mm _ \346\211\266\346\214\201\351\201\277\350\256\251 -200mm-\346\250\241\345\236\213\345\217\202\346\225\260.txt"
"OntologyFramework/tmsd-output/\347\224\250\344\276\2134-\347\233\264\345\276\204\345\221\275\344\270\255-\347\254\2543\346\256\265-\345\235\207\345\214\200\346\216\222\345\270\203\302\267\351\227\264\350\267\235\350\266\213\350\277\221 1680mm _ \346\211\266\346\214\201\351\201\277\350\256\251 +200mm-\346\250\241\345\236\213\345\217\202\346\225\260.txt"
"OntologyFramework/tmsd-output/\347\224\250\344\276\2134-\347\233\264\345\276\204\345\221\275\344\270\255-\347\254\2543\346\256\265-\345\235\207\345\214\200\346\216\222\345\270\203\302\267\351\227\264\350\267\235\350\266\213\350\277\221 1680mm _ \346\211\266\346\214\201\351\201\277\350\256\251 -200mm-\346\250\241\345\236\213\345\217\202\346\225\260.txt"
"OntologyFramework/tmsd-output/\347\224\250\344\276\2134-\347\233\264\345\276\204\345\221\275\344\270\255-\347\254\2543\346\256\265-\345\235\207\345\214\200\346\216\222\345\270\203\302\267\351\227\264\350\267\235\350\266\213\350\277\221 1960mm _ \346\211\266\346\214\201\351\201\277\350\256\251 +200mm-\346\250\241\345\236\213\345\217\202\346\225\260.txt"
"OntologyFramework/tmsd-output/\347\224\250\344\276\2134-\347\233\264\345\276\204\345\221\275\344\270\255-\347\254\2543\346\256\265-\345\235\207\345\214\200\346\216\222\345\270\203\302\267\351\227\264\350\267\235\350\266\213\350\277\221 1960mm _ \346\211\266\346\214\201\351\201\277\350\256\251 -200mm-\346\250\241\345\236\213\345\217\202\346\225\260.txt"
"OntologyFramework/tmsd-output/\347\224\250\344\276\2134-\347\233\264\345\276\204\345\221\275\344\270\255-\347\254\2544\346\256\265-\345\235\207\345\214\200\346\216\222\345\270\203\302\267\351\227\264\350\267\235\350\266\213\350\277\221 1680mm _ \346\211\266\346\214\201\351\201\277\350\256\251 +200mm-\346\250\241\345\236\213\345\217\202\346\225\260.txt"
"OntologyFramework/tmsd-output/\347\224\250\344\276\2134-\347\233\264\345\276\204\345\221\275\344\270\255-\347\254\2544\346\256\265-\345\235\207\345\214\200\346\216\222\345\270\203\302\267\351\227\264\350\267\235\350\266\213\350\277\221 1680mm _ \346\211\266\346\214\201\351\201\277\350\256\251 -200mm-\346\250\241\345\236\213\345\217\202\346\225\260.txt"
"OntologyFramework/tmsd-output/\347\224\250\344\276\2134-\347\233\264\345\276\204\345\221\275\344\270\255-\347\254\2544\346\256\265-\345\235\207\345\214\200\346\216\222\345\270\203\302\267\351\227\264\350\267\235\350\266\213\350\277\221 1960mm _ \346\211\266\346\214\201\351\201\277\350\256\251 +200mm-\346\250\241\345\236\213\345\217\202\346\225\260.txt"
"OntologyFramework/tmsd-output/\347\224\250\344\276\2134-\347\233\264\345\276\204\345\221\275\344\270\255-\347\254\2544\346\256\265-\345\235\207\345\214\200\346\216\222\345\270\203\302\267\351\227\264\350\267\235\350\266\213\350\277\221 1960mm _ \346\211\266\346\214\201\351\201\277\350\256\251 -200mm-\346\250\241\345\236\213\345\217\202\346\225\260.txt"
"OntologyFramework/tmsd-output/\347\224\250\344\276\2134-\347\233\264\345\276\204\345\221\275\344\270\255-\347\254\2545\346\256\265-\345\235\207\345\214\200\346\216\222\345\270\203\302\267\351\227\264\350\267\235\350\266\213\350\277\221 1680mm _ \346\211\266\346\214\201\351\201\277\350\256\251 +200mm-\346\250\241\345\236\213\345\217\202\346\225\260.txt"
"OntologyFramework/tmsd-output/\347\224\250\344\276\2134-\347\233\264\345\276\204\345\221\275\344\270\255-\347\254\2545\346\256\265-\345\235\207\345\214\200\346\216\222\345\270\203\302\267\351\227\264\350\267\235\350\266\213\350\277\221 1680mm _ \346\211\266\346\214\201\351\201\277\350\256\251 -200mm-\346\250\241\345\236\213\345\217\202\346\225\260.txt"
"OntologyFramework/tmsd-output/\347\224\250\344\276\2134-\347\233\264\345\276\204\345\221\275\344\270\255-\347\254\2545\346\256\265-\345\235\207\345\214\200\346\216\222\345\270\203\302\267\351\227\264\350\267\235\350\266\213\350\277\221 1960mm _ \346\211\266\346\214\201\351\201\277\350\256\251 +200mm-\346\250\241\345\236\213\345\217\202\346\225\260.txt"
"OntologyFramework/tmsd-output/\347\224\250\344\276\2134-\347\233\264\345\276\204\345\221\275\344\270\255-\347\254\2545\346\256\265-\345\235\207\345\214\200\346\216\222\345\270\203\302\267\351\227\264\350\267\235\350\266\213\350\277\221 1960mm _ \346\211\266\346\214\201\351\201\277\350\256\251 -200mm-\346\250\241\345\236\213\345\217\202\346\225\260.txt"
"OntologyFramework/tmsd-output/\347\224\250\344\276\2135-\350\277\236\346\216\245\346\226\271\345\274\217\345\221\275\344\270\255-\346\226\271\346\241\210\345\257\271\346\257\224\346\212\245\345\221\212.md"
"OntologyFramework/tmsd-output/\347\224\250\344\276\2135-\350\277\236\346\216\245\346\226\271\345\274\217\345\221\275\344\270\255-\347\254\2542\346\256\265-\345\235\207\345\214\200\346\216\222\345\270\203\302\267\351\227\264\350\267\235\350\266\213\350\277\221 1680mm _ \346\211\266\346\214\201\351\201\277\350\256\251 +200mm-\346\250\241\345\236\213\345\217\202\346\225\260.txt"
"OntologyFramework/tmsd-output/\347\224\250\344\276\2135-\350\277\236\346\216\245\346\226\271\345\274\217\345\221\275\344\270\255-\347\254\2542\346\256\265-\345\235\207\345\214\200\346\216\222\345\270\203\302\267\351\227\264\350\267\235\350\266\213\350\277\221 1680mm _ \346\211\266\346\214\201\351\201\277\350\256\251 -200mm-\346\250\241\345\236\213\345\217\202\346\225\260.txt"
"OntologyFramework/tmsd-output/\347\224\250\344\276\2135-\350\277\236\346\216\245\346\226\271\345\274\217\345\221\275\344\270\255-\347\254\2542\346\256\265-\345\235\207\345\214\200\346\216\222\345\270\203\302\267\351\227\264\350\267\235\350\266\213\350\277\221 1960mm _ \346\211\266\346\214\201\351\201\277\350\256\251 +200mm-\346\250\241\345\236\213\345\217\202\346\225\260.txt"
"OntologyFramework/tmsd-output/\347\224\250\344\276\2135-\350\277\236\346\216\245\346\226\271\345\274\217\345\221\275\344\270\255-\347\254\2542\346\256\265-\345\235\207\345\214\200\346\216\222\345\270\203\302\267\351\227\264\350\267\235\350\266\213\350\277\221 1960mm _ \346\211\266\346\214\201\351\201\277\350\256\251 -200mm-\346\250\241\345\236\213\345\217\202\346\225\260.txt"
"OntologyFramework/tmsd-output/\347\224\250\344\276\2135-\350\277\236\346\216\245\346\226\271\345\274\217\345\221\275\344\270\255-\347\254\2543\346\256\265-\345\235\207\345\214\200\346\216\222\345\270\203\302\267\351\227\264\350\267\235\350\266\213\350\277\221 1680mm _ \346\211\266\346\214\201\351\201\277\350\256\251 +200mm-\346\250\241\345\236\213\345\217\202\346\225\260.txt"
"OntologyFramework/tmsd-output/\347\224\250\344\276\2135-\350\277\236\346\216\245\346\226\271\345\274\217\345\221\275\344\270\255-\347\254\2543\346\256\265-\345\235\207\345\214\200\346\216\222\345\270\203\302\267\351\227\264\350\267\235\350\266\213\350\277\221 1680mm _ \346\211\266\346\214\201\351\201\277\350\256\251 -200mm-\346\250\241\345\236\213\345\217\202\346\225\260.txt"
"OntologyFramework/tmsd-output/\347\224\250\344\276\2135-\350\277\236\346\216\245\346\226\271\345\274\217\345\221\275\344\270\255-\347\254\2543\346\256\265-\345\235\207\345\214\200\346\216\222\345\270\203\302\267\351\227\264\350\267\235\350\266\213\350\277\221 1960mm _ \346\211\266\346\214\201\351\201\277\350\256\251 +200mm-\346\250\241\345\236\213\345\217\202\346\225\260.txt"
"OntologyFramework/tmsd-output/\347\224\250\344\276\2135-\350\277\236\346\216\245\346\226\271\345\274\217\345\221\275\344\270\255-\347\254\2543\346\256\265-\345\235\207\345\214\200\346\216\222\345\270\203\302\267\351\227\264\350\267\235\350\266\213\350\277\221 1960mm _ \346\211\266\346\214\201\351\201\277\350\256\251 -200mm-\346\250\241\345\236\213\345\217\202\346\225\260.txt"
"OntologyFramework/tmsd-output/\347\224\250\344\276\2135-\350\277\236\346\216\245\346\226\271\345\274\217\345\221\275\344\270\255-\347\254\2544\346\256\265-\345\235\207\345\214\200\346\216\222\345\270\203\302\267\351\227\264\350\267\235\350\266\213\350\277\221 1680mm _ \346\211\266\346\214\201\351\201\277\350\256\251 +200mm-\346\250\241\345\236\213\345\217\202\346\225\260.txt"
"OntologyFramework/tmsd-output/\347\224\250\344\276\2135-\350\277\236\346\216\245\346\226\271\345\274\217\345\221\275\344\270\255-\347\254\2544\346\256\265-\345\235\207\345\214\200\346\216\222\345\270\203\302\267\351\227\264\350\267\235\350\266\213\350\277\221 1680mm _ \346\211\266\346\214\201\351\201\277\350\256\251 -200mm-\346\250\241\345\236\213\345\217\202\346\225\260.txt"
"OntologyFramework/tmsd-output/\347\224\250\344\276\2135-\350\277\236\346\216\245\346\226\271\345\274\217\345\221\275\344\270\255-\347\254\2544\346\256\265-\345\235\207\345\214\200\346\216\222\345\270\203\302\267\351\227\264\350\267\235\350\266\213\350\277\221 1960mm _ \346\211\266\346\214\201\351\201\277\350\256\251 +200mm-\346\250\241\345\236\213\345\217\202\346\225\260.txt"
"OntologyFramework/tmsd-output/\347\224\250\344\276\2135-\350\277\236\346\216\245\346\226\271\345\274\217\345\221\275\344\270\255-\347\254\2544\346\256\265-\345\235\207\345\214\200\346\216\222\345\270\203\302\267\351\227\264\350\267\235\350\266\213\350\277\221 1960mm _ \346\211\266\346\214\201\351\201\277\350\256\251 -200mm-\346\250\241\345\236\213\345\217\202\346\225\260.txt"
"OntologyFramework/tmsd-output/\347\224\250\344\276\2135-\350\277\236\346\216\245\346\226\271\345\274\217\345\221\275\344\270\255-\347\254\2545\346\256\265-\345\235\207\345\214\200\346\216\222\345\270\203\302\267\351\227\264\350\267\235\350\266\213\350\277\221 1680mm _ \346\211\266\346\214\201\351\201\277\350\256\251 +200mm-\346\250\241\345\236\213\345\217\202\346\225\260.txt"
"OntologyFramework/tmsd-output/\347\224\250\344\276\2135-\350\277\236\346\216\245\346\226\271\345\274\217\345\221\275\344\270\255-\347\254\2545\346\256\265-\345\235\207\345\214\200\346\216\222\345\270\203\302\267\351\227\264\350\267\235\350\266\213\350\277\221 1680mm _ \346\211\266\346\214\201\351\201\277\350\256\251 -200mm-\346\250\241\345\236\213\345\217\202\346\225\260.txt"
"OntologyFramework/tmsd-output/\347\224\250\344\276\2135-\350\277\236\346\216\245\346\226\271\345\274\217\345\221\275\344\270\255-\347\254\2545\346\256\265-\345\235\207\345\214\200\346\216\222\345\270\203\302\267\351\227\264\350\267\235\350\266\213\350\277\221 1960mm _ \346\211\266\346\214\201\351\201\277\350\256\251 +200mm-\346\250\241\345\236\213\345\217\202\346\225\260.txt"
"OntologyFramework/tmsd-output/\347\224\250\344\276\2135-\350\277\236\346\216\245\346\226\271\345\274\217\345\221\275\344\270\255-\347\254\2545\346\256\265-\345\235\207\345\214\200\346\216\222\345\270\203\302\267\351\227\264\350\267\235\350\266\213\350\277\221 1960mm _ \346\211\266\346\214\201\351\201\277\350\256\251 -200mm-\346\250\241\345\236\213\345\217\202\346\225\260.txt"
"OntologyFramework/tmsd-output/\347\224\250\344\276\2136-\346\234\272\345\236\213\345\221\275\344\270\255-\346\226\271\346\241\210\345\257\271\346\257\224\346\212\245\345\221\212.md"
"OntologyFramework/tmsd-output/\347\224\250\344\276\2136-\346\234\272\345\236\213\345\221\275\344\270\255-\347\254\2542\346\256\265-\345\235\207\345\214\200\346\216\222\345\270\203\302\267\351\227\264\350\267\235\350\266\213\350\277\221 1680mm _ \346\211\266\346\214\201\351\201\277\350\256\251 +200mm-\346\250\241\345\236\213\345\217\202\346\225\260.txt"
"OntologyFramework/tmsd-output/\347\224\250\344\276\2136-\346\234\272\345\236\213\345\221\275\344\270\255-\347\254\2542\346\256\265-\345\235\207\345\214\200\346\216\222\345\270\203\302\267\351\227\264\350\267\235\350\266\213\350\277\221 1680mm _ \346\211\266\346\214\201\351\201\277\350\256\251 -200mm-\346\250\241\345\236\213\345\217\202\346\225\260.txt"
"OntologyFramework/tmsd-output/\347\224\250\344\276\2136-\346\234\272\345\236\213\345\221\275\344\270\255-\347\254\2542\346\256\265-\345\235\207\345\214\200\346\216\222\345\270\203\302\267\351\227\264\350\267\235\350\266\213\350\277\221 1960mm _ \346\211\266\346\214\201\351\201\277\350\256\251 +200mm-\346\250\241\345\236\213\345\217\202\346\225\260.txt"
"OntologyFramework/tmsd-output/\347\224\250\344\276\2136-\346\234\272\345\236\213\345\221\275\344\270\255-\347\254\2542\346\256\265-\345\235\207\345\214\200\346\216\222\345\270\203\302\267\351\227\264\350\267\235\350\266\213\350\277\221 1960mm _ \346\211\266\346\214\201\351\201\277\350\256\251 -200mm-\346\250\241\345\236\213\345\217\202\346\225\260.txt"
"OntologyFramework/tmsd-output/\347\224\250\344\276\2136-\346\234\272\345\236\213\345\221\275\344\270\255-\347\254\2543\346\256\265-\345\235\207\345\214\200\346\216\222\345\270\203\302\267\351\227\264\350\267\235\350\266\213\350\277\221 1680mm _ \346\211\266\346\214\201\351\201\277\350\256\251 +200mm-\346\250\241\345\236\213\345\217\202\346\225\260.txt"
"OntologyFramework/tmsd-output/\347\224\250\344\276\2136-\346\234\272\345\236\213\345\221\275\344\270\255-\347\254\2543\346\256\265-\345\235\207\345\214\200\346\216\222\345\270\203\302\267\351\227\264\350\267\235\350\266\213\350\277\221 1680mm _ \346\211\266\346\214\201\351\201\277\350\256\251 -200mm-\346\250\241\345\236\213\345\217\202\346\225\260.txt"
"OntologyFramework/tmsd-output/\347\224\250\344\276\2136-\346\234\272\345\236\213\345\221\275\344\270\255-\347\254\2543\346\256\265-\345\235\207\345\214\200\346\216\222\345\270\203\302\267\351\227\264\350\267\235\350\266\213\350\277\221 1960mm _ \346\211\266\346\214\201\351\201\277\350\256\251 +200mm-\346\250\241\345\236\213\345\217\202\346\225\260.txt"
"OntologyFramework/tmsd-output/\347\224\250\344\276\2136-\346\234\272\345\236\213\345\221\275\344\270\255-\347\254\2543\346\256\265-\345\235\207\345\214\200\346\216\222\345\270\203\302\267\351\227\264\350\267\235\350\266\213\350\277\221 1960mm _ \346\211\266\346\214\201\351\201\277\350\256\251 -200mm-\346\250\241\345\236\213\345\217\202\346\225\260.txt"
"OntologyFramework/tmsd-output/\347\224\250\344\276\2136-\346\234\272\345\236\213\345\221\275\344\270\255-\347\254\2544\346\256\265-\345\235\207\345\214\200\346\216\222\345\270\203\302\267\351\227\264\350\267\235\350\266\213\350\277\221 1680mm _ \346\211\266\346\214\201\351\201\277\350\256\251 +200mm-\346\250\241\345\236\213\345\217\202\346\225\260.txt"
"OntologyFramework/tmsd-output/\347\224\250\344\276\2136-\346\234\272\345\236\213\345\221\275\344\270\255-\347\254\2544\346\256\265-\345\235\207\345\214\200\346\216\222\345\270\203\302\267\351\227\264\350\267\235\350\266\213\350\277\221 1680mm _ \346\211\266\346\214\201\351\201\277\350\256\251 -200mm-\346\250\241\345\236\213\345\217\202\346\225\260.txt"
"OntologyFramework/tmsd-output/\347\224\250\344\276\2136-\346\234\272\345\236\213\345\221\275\344\270\255-\347\254\2544\346\256\265-\345\235\207\345\214\200\346\216\222\345\270\203\302\267\351\227\264\350\267\235\350\266\213\350\277\221 1960mm _ \346\211\266\346\214\201\351\201\277\350\256\251 +200mm-\346\250\241\345\236\213\345\217\202\346\225\260.txt"
"OntologyFramework/tmsd-output/\347\224\250\344\276\2136-\346\234\272\345\236\213\345\221\275\344\270\255-\347\254\2544\346\256\265-\345\235\207\345\214\200\346\216\222\345\270\203\302\267\351\227\264\350\267\235\350\266\213\350\277\221 1960mm _ \346\211\266\346\214\201\351\201\277\350\256\251 -200mm-\346\250\241\345\236\213\345\217\202\346\225\260.txt"
"OntologyFramework/tmsd-output/\347\224\250\344\276\2136-\346\234\272\345\236\213\345\221\275\344\270\255-\347\254\2545\346\256\265-\345\235\207\345\214\200\346\216\222\345\270\203\302\267\351\227\264\350\267\235\350\266\213\350\277\221 1680mm _ \346\211\266\346\214\201\351\201\277\350\256\251 +200mm-\346\250\241\345\236\213\345\217\202\346\225\260.txt"
"OntologyFramework/tmsd-output/\347\224\250\344\276\2136-\346\234\272\345\236\213\345\221\275\344\270\255-\347\254\2545\346\256\265-\345\235\207\345\214\200\346\216\222\345\270\203\302\267\351\227\264\350\267\235\350\266\213\350\277\221 1680mm _ \346\211\266\346\214\201\351\201\277\350\256\251 -200mm-\346\250\241\345\236\213\345\217\202\346\225\260.txt"
"OntologyFramework/tmsd-output/\347\224\250\344\276\2136-\346\234\272\345\236\213\345\221\275\344\270\255-\347\254\2545\346\256\265-\345\235\207\345\214\200\346\216\222\345\270\203\302\267\351\227\264\350\267\235\350\266\213\350\277\221 1960mm _ \346\211\266\346\214\201\351\201\277\350\256\251 +200mm-\346\250\241\345\236\213\345\217\202\346\225\260.txt"
"OntologyFramework/tmsd-output/\347\224\250\344\276\2136-\346\234\272\345\236\213\345\221\275\344\270\255-\347\254\2545\346\256\265-\345\235\207\345\214\200\346\216\222\345\270\203\302\267\351\227\264\350\267\235\350\266\213\350\277\221 1960mm _ \346\211\266\346\214\201\351\201\277\350\256\251 -200mm-\346\250\241\345\236\213\345\217\202\346\225\260.txt"
"OntologyFramework/tmsd-output/\347\224\250\344\276\2137-\345\205\250\346\234\252\345\221\275\344\270\255-\346\226\271\346\241\210\345\257\271\346\257\224\346\212\245\345\221\212.md"
"OntologyFramework/tmsd-output/\347\224\250\344\276\2137-\345\205\250\346\234\252\345\221\275\344\270\255-\347\254\2542\346\256\265-\345\235\207\345\214\200\346\216\222\345\270\203\302\267\351\227\264\350\267\235\350\266\213\350\277\221 1680mm _ \346\211\266\346\214\201\351\201\277\350\256\251 +200mm-\346\250\241\345\236\213\345\217\202\346\225\260.txt"
"OntologyFramework/tmsd-output/\347\224\250\344\276\2137-\345\205\250\346\234\252\345\221\275\344\270\255-\347\254\2542\346\256\265-\345\235\207\345\214\200\346\216\222\345\270\203\302\267\351\227\264\350\267\235\350\266\213\350\277\221 1680mm _ \346\211\266\346\214\201\351\201\277\350\256\251 -200mm-\346\250\241\345\236\213\345\217\202\346\225\260.txt"
"OntologyFramework/tmsd-output/\347\224\250\344\276\2137-\345\205\250\346\234\252\345\221\275\344\270\255-\347\254\2542\346\256\265-\345\235\207\345\214\200\346\216\222\345\270\203\302\267\351\227\264\350\267\235\350\266\213\350\277\221 1960mm _ \346\211\266\346\214\201\351\201\277\350\256\251 +200mm-\346\250\241\345\236\213\345\217\202\346\225\260.txt"
"OntologyFramework/tmsd-output/\347\224\250\344\276\2137-\345\205\250\346\234\252\345\221\275\344\270\255-\347\254\2542\346\256\265-\345\235\207\345\214\200\346\216\222\345\270\203\302\267\351\227\264\350\267\235\350\266\213\350\277\221 1960mm _ \346\211\266\346\214\201\351\201\277\350\256\251 -200mm-\346\250\241\345\236\213\345\217\202\346\225\260.txt"
"OntologyFramework/tmsd-output/\347\224\250\344\276\2137-\345\205\250\346\234\252\345\221\275\344\270\255-\347\254\2543\346\256\265-\345\235\207\345\214\200\346\216\222\345\270\203\302\267\351\227\264\350\267\235\350\266\213\350\277\221 1680mm _ \346\211\266\346\214\201\351\201\277\350\256\251 +200mm-\346\250\241\345\236\213\345\217\202\346\225\260.txt"
"OntologyFramework/tmsd-output/\347\224\250\344\276\2137-\345\205\250\346\234\252\345\221\275\344\270\255-\347\254\2543\346\256\265-\345\235\207\345\214\200\346\216\222\345\270\203\302\267\351\227\264\350\267\235\350\266\213\350\277\221 1680mm _ \346\211\266\346\214\201\351\201\277\350\256\251 -200mm-\346\250\241\345\236\213\345\217\202\346\225\260.txt"
"OntologyFramework/tmsd-output/\347\224\250\344\276\2137-\345\205\250\346\234\252\345\221\275\344\270\255-\347\254\2543\346\256\265-\345\235\207\345\214\200\346\216\222\345\270\203\302\267\351\227\264\350\267\235\350\266\213\350\277\221 1960mm _ \346\211\266\346\214\201\351\201\277\350\256\251 +200mm-\346\250\241\345\236\213\345\217\202\346\225\260.txt"
"OntologyFramework/tmsd-output/\347\224\250\344\276\2137-\345\205\250\346\234\252\345\221\275\344\270\255-\347\254\2543\346\256\265-\345\235\207\345\214\200\346\216\222\345\270\203\302\267\351\227\264\350\267\235\350\266\213\350\277\221 1960mm _ \346\211\266\346\214\201\351\201\277\350\256\251 -200mm-\346\250\241\345\236\213\345\217\202\346\225\260.txt"
"OntologyFramework/tmsd-output/\347\224\250\344\276\2137-\345\205\250\346\234\252\345\221\275\344\270\255-\347\254\2544\346\256\265-\345\235\207\345\214\200\346\216\222\345\270\203\302\267\351\227\264\350\267\235\350\266\213\350\277\221 1680mm _ \346\211\266\346\214\201\351\201\277\350\256\251 +200mm-\346\250\241\345\236\213\345\217\202\346\225\260.txt"
"OntologyFramework/tmsd-output/\347\224\250\344\276\2137-\345\205\250\346\234\252\345\221\275\344\270\255-\347\254\2544\346\256\265-\345\235\207\345\214\200\346\216\222\345\270\203\302\267\351\227\264\350\267\235\350\266\213\350\277\221 1680mm _ \346\211\266\346\214\201\351\201\277\350\256\251 -200mm-\346\250\241\345\236\213\345\217\202\346\225\260.txt"
"OntologyFramework/tmsd-output/\347\224\250\344\276\2137-\345\205\250\346\234\252\345\221\275\344\270\255-\347\254\2544\346\256\265-\345\235\207\345\214\200\346\216\222\345\270\203\302\267\351\227\264\350\267\235\350\266\213\350\277\221 1960mm _ \346\211\266\346\214\201\351\201\277\350\256\251 +200mm-\346\250\241\345\236\213\345\217\202\346\225\260.txt"
"OntologyFramework/tmsd-output/\347\224\250\344\276\2137-\345\205\250\346\234\252\345\221\275\344\270\255-\347\254\2544\346\256\265-\345\235\207\345\214\200\346\216\222\345\270\203\302\267\351\227\264\350\267\235\350\266\213\350\277\221 1960mm _ \346\211\266\346\214\201\351\201\277\350\256\251 -200mm-\346\250\241\345\236\213\345\217\202\346\225\260.txt"
"OntologyFramework/tmsd-output/\347\224\250\344\276\2137-\345\205\250\346\234\252\345\221\275\344\270\255-\347\254\2545\346\256\265-\345\235\207\345\214\200\346\216\222\345\270\203\302\267\351\227\264\350\267\235\350\266\213\350\277\221 1680mm _ \346\211\266\346\214\201\351\201\277\350\256\251 +200mm-\346\250\241\345\236\213\345\217\202\346\225\260.txt"
"OntologyFramework/tmsd-output/\347\224\250\344\276\2137-\345\205\250\346\234\252\345\221\275\344\270\255-\347\254\2545\346\256\265-\345\235\207\345\214\200\346\216\222\345\270\203\302\267\351\227\264\350\267\235\350\266\213\350\277\221 1680mm _ \346\211\266\346\214\201\351\201\277\350\256\251 -200mm-\346\250\241\345\236\213\345\217\202\346\225\260.txt"
"OntologyFramework/tmsd-output/\347\224\250\344\276\2137-\345\205\250\346\234\252\345\221\275\344\270\255-\347\254\2545\346\256\265-\345\235\207\345\214\200\346\216\222\345\270\203\302\267\351\227\264\350\267\235\350\266\213\350\277\221 1960mm _ \346\211\266\346\214\201\351\201\277\350\256\251 +200mm-\346\250\241\345\236\213\345\217\202\346\225\260.txt"
"OntologyFramework/tmsd-output/\347\224\250\344\276\2137-\345\205\250\346\234\252\345\221\275\344\270\255-\347\254\2545\346\256\265-\345\235\207\345\214\200\346\216\222\345\270\203\302\267\351\227\264\350\267\235\350\266\213\350\277\221 1960mm _ \346\211\266\346\214\201\351\201\277\350\256\251 -200mm-\346\250\241\345\236\213\345\217\202\346\225\260.txt"
OntopOBDAHandler/.gitattributes
OntopOBDAHandler/.gitignore
OntopOBDAHandler/.mvn/wrapper/maven-wrapper.properties
OntopOBDAHandler/bk/ObdaMappingParser.java
OntopOBDAHandler/mvnw
OntopOBDAHandler/mvnw.cmd
OntopOBDAHandler/pom.xml
OntopOBDAHandler/src/main/java/com/ocean/ontopobdahandler/ABoxTypeFixer.java
OntopOBDAHandler/src/main/java/com/ocean/ontopobdahandler/API.md
OntopOBDAHandler/src/main/java/com/ocean/ontopobdahandler/ConnectionPoolManager.java
OntopOBDAHandler/src/main/java/com/ocean/ontopobdahandler/GenericDbWriter.java
OntopOBDAHandler/src/main/java/com/ocean/ontopobdahandler/OBDAHandler.java
OntopOBDAHandler/src/main/java/com/ocean/ontopobdahandler/ObdaQueryUtils.java
OntopOBDAHandler/src/main/java/com/ocean/ontopobdahandler/OntopMappingResolver.java
OntopOBDAHandler/src/main/java/com/ocean/ontopobdahandler/VkgController.java
OntopOBDAHandler/src/main/java/com/ocean/ontopobdahandler/WriteResult.java
OntopOBDAHandler/src/main/resources/application.properties
OntopOBDAHandler/src/test/java/com/ocean/ontopobdahandler/OntopObdaHandlerApplication.java
OntopOBDAHandler/src/test/java/com/ocean/ontopobdahandler/OntopObdaHandlerApplicationTests.java
OpenlletResolver/.gitattributes
OpenlletResolver/.gitignore
OpenlletResolver/.mvn/wrapper/maven-wrapper.properties
OpenlletResolver/mvnw
OpenlletResolver/mvnw.cmd
OpenlletResolver/pom.xml
OpenlletResolver/src/main/java/com/ocean/openlletresolver/BackendService.java
OpenlletResolver/src/main/java/com/ocean/openlletresolver/DeleteService.java
OpenlletResolver/src/main/java/com/ocean/openlletresolver/GenericAxiomBuilder.java
OpenlletResolver/src/main/java/com/ocean/openlletresolver/InsertService.java
OpenlletResolver/src/main/java/com/ocean/openlletresolver/JoinKeyDistributor.java
OpenlletResolver/src/main/java/com/ocean/openlletresolver/MiniContext.java
OpenlletResolver/src/main/java/com/ocean/openlletresolver/MiniReasoningContextManager.java
OpenlletResolver/src/main/java/com/ocean/openlletresolver/OntologyModuleUtils.java
OpenlletResolver/src/main/java/com/ocean/openlletresolver/OntologyService.java
OpenlletResolver/src/main/java/com/ocean/openlletresolver/OpenlletTuning.java
OpenlletResolver/src/main/java/com/ocean/openlletresolver/QueryService.java
OpenlletResolver/src/main/java/com/ocean/openlletresolver/ReasonerService.java
OpenlletResolver/src/main/java/com/ocean/openlletresolver/SkosSynonymReader.java
OpenlletResolver/src/main/java/com/ocean/openlletresolver/SwrlRuleTriggerListener.java
OpenlletResolver/src/main/java/com/ocean/openlletresolver/UpdateService.java
OpenlletResolver/src/main/java/utilities/SWRLValidator.java
OpenlletResolver/src/main/resources/application.properties
OpenlletResolver/src/main/resources/log4j2.xml
OpenlletResolver/src/test/java/com/ocean/openlletresolver/GenerateSWRLPizzaRulesFile.java
OpenlletResolver/src/test/java/com/ocean/openlletresolver/OpenlletExample.java
OpenlletResolver/src/test/java/com/ocean/openlletresolver/OpenlletResolverTests.java
OpenlletResolver/src/test/java/com/ocean/openlletresolver/OpenlletSWRLExample.java
OpenlletResolver/src/test/java/com/ocean/openlletresolver/SwrlFangzhengVerificationTest.java
app_run_v4.log
mvnw
mvnw.cmd
pom.xml
