[INFO] Scanning for projects...
[INFO] 
[INFO] ---------------------< com.ocean:OpenlletResolver >---------------------
[INFO] Building OpenlletResolver 0.0.1-SNAPSHOT
[INFO]   from pom.xml
[INFO] --------------------------------[ jar ]---------------------------------
[INFO] 
[INFO] --- resources:3.5.0:resources (default-resources) @ OpenlletResolver ---
[INFO] Copying 1 resource from src\main\resources to target\classes
[INFO] Copying 2 resources from src\main\resources to target\classes
[INFO] 
[INFO] --- compiler:3.15.0:compile (default-compile) @ OpenlletResolver ---
[INFO] Nothing to compile - all classes are up to date.
[INFO] 
[INFO] --- resources:3.5.0:testResources (default-testResources) @ OpenlletResolver ---
[INFO] skip non existing resourceDirectory D:\work\Ontology\GoldenWind\OntologyMachine\OpenlletResolver\src\test\resources
[INFO] 
[INFO] --- compiler:3.15.0:testCompile (default-testCompile) @ OpenlletResolver ---
[INFO] Recompiling the module because of changed source code.
[INFO] Compiling 5 source files with javac [debug parameters release 26] to target\test-classes
[INFO] /D:/work/Ontology/GoldenWind/OntologyMachine/OpenlletResolver/src/test/java/com/ocean/openlletresolver/OpenlletResolverTests.java: D:\work\Ontology\GoldenWind\OntologyMachine\OpenlletResolver\src\test\java\com\ocean\openlletresolver\OpenlletResolverTests.java使用或覆盖了已过时的 API。
[INFO] /D:/work/Ontology/GoldenWind/OntologyMachine/OpenlletResolver/src/test/java/com/ocean/openlletresolver/OpenlletResolverTests.java: 有关详细信息, 请使用 -Xlint:deprecation 重新编译。
[INFO] 
[INFO] --- surefire:3.5.6:test (default-test) @ OpenlletResolver ---
[INFO] Using auto detected provider org.apache.maven.surefire.junitplatform.JUnitPlatformProvider
[INFO] 
[INFO] -------------------------------------------------------
[INFO]  T E S T S
[INFO] -------------------------------------------------------
[INFO] Running com.ocean.openlletresolver.OpenlletResolverTests
SLF4J(W): Class path contains multiple SLF4J providers.
SLF4J(W): Found provider [ch.qos.logback.classic.spi.LogbackServiceProvider@53d102a2]
SLF4J(W): Found provider [org.slf4j.simple.SimpleServiceProvider@6c45ee6e]
SLF4J(W): Found provider [org.apache.logging.slf4j.SLF4JServiceProvider@6b3e12b5]
SLF4J(W): See https://www.slf4j.org/codes.html#multiple_bindings for an explanation.
SLF4J(I): Actual provider is of type [ch.qos.logback.classic.spi.LogbackServiceProvider@53d102a2]
18:33:58.634 [main] INFO com.ocean.openlletresolver.BackendService -- ? [TBox] 加载本体并执行 Openllet OWL DL 推理...
18:33:58.915 [main] INFO com.ocean.openlletresolver.OntologyService -- ? AutoIRIMapper 已启用，扫描目录: D:\work\Ontology\GoldenWind\OntologyMachine\OntologyFrameworkExample\ontology
18:33:59.073 [main] INFO com.ocean.openlletresolver.OntologyService -- ? 已手动注册 1 个 TTL 本体映射
18:33:59.100 [main] INFO org.semanticweb.owlapi.rdf.rdfxml.parser.AbstractState -- Notice: root element does not have an xml:base. Relative IRIs will be resolved against file:/D:/work/Ontology/GoldenWind/OntologyMachine/OntologyFrameworkExample/ontology/pizza-all.owl
18:33:59.324 [main] INFO com.ocean.openlletresolver.OntologyService -- 已加载本体数: 7
18:33:59.324 [main] INFO com.ocean.openlletresolver.OntologyService -- ========== [加载验证] 已加载本体列表 ==========
18:33:59.324 [main] INFO com.ocean.openlletresolver.OntologyService -- [加载验证] http://example.org/pizza/all  ->  file:/D:/work/Ontology/GoldenWind/OntologyMachine/OntologyFrameworkExample/ontology/pizza-all.owl
18:33:59.324 [main] INFO com.ocean.openlletresolver.OntologyService -- [加载验证] http://example.org/pizza/processes  ->  file:/D:/work/Ontology/GoldenWind/OntologyMachine/OntologyFrameworkExample/ontology/pizza-processes.owl
18:33:59.325 [main] INFO com.ocean.openlletresolver.OntologyService -- [加载验证] http://example.org/pizza/term  ->  file:/D:/work/Ontology/GoldenWind/OntologyMachine/OntologyFrameworkExample/ontology/pizza-terminology.ttl
18:33:59.325 [main] INFO com.ocean.openlletresolver.OntologyService -- [加载验证] http://example.org/pizza/core  ->  file:/D:/work/Ontology/GoldenWind/OntologyMachine/OntologyFrameworkExample/ontology/pizza.owl
18:33:59.325 [main] INFO com.ocean.openlletresolver.OntologyService -- [加载验证] http://example.org/pizza/components-rules  ->  file:/D:/work/Ontology/GoldenWind/OntologyMachine/OntologyFrameworkExample/ontology/pizza-components-rules.owl
18:33:59.325 [main] INFO com.ocean.openlletresolver.OntologyService -- [加载验证] http://example.org/pizza/components  ->  file:/D:/work/Ontology/GoldenWind/OntologyMachine/OntologyFrameworkExample/ontology/pizza-components.owl
18:33:59.325 [main] INFO com.ocean.openlletresolver.OntologyService -- [加载验证] http://example.org/pizza/processes-abox  ->  file:/D:/work/Ontology/GoldenWind/OntologyMachine/OntologyFrameworkExample/ontology/pizza-processes-abox.owl
18:33:59.325 [main] INFO com.ocean.openlletresolver.OntologyService -- ========== [加载验证] 结束 ==========
18:33:59.773 [main] INFO com.ocean.openlletresolver.OntologyService -- 加载: D:\work\Ontology\GoldenWind\OntologyMachine\OntologyFrameworkExample\ontology\pizza-all.owl
18:33:59.812 [main] INFO com.ocean.openlletresolver.OntologyService -- 已注册前缀数量: 9
18:33:59.812 [main] INFO com.ocean.openlletresolver.OntologyService -- 合并后 SWRL 规则数量: 5
18:33:59.813 [main] INFO com.ocean.openlletresolver.BackendService -- 合并本体公理总数：888
18:33:59.813 [main] INFO com.ocean.openlletresolver.BackendService -- Manager已加载本体个数：8
18:33:59.813 [main] INFO com.ocean.openlletresolver.BackendService -- ? TBox 推理完成！隐式公理已展开。

18:33:59.813 [main] INFO com.ocean.openlletresolver.BackendService -- ?? [ABox] 连接 Ontop VKG Endpoint...
18:33:59.813 [main] INFO com.ocean.openlletresolver.BackendService -- ABox 单例初始化成功

18:33:59.936 [main] INFO com.ocean.openlletresolver.ReasonerService -- [ReasonerService] 推理器创建 + flush 完成，耗时 121 ms
18:34:00.066 [main] INFO com.ocean.openlletresolver.ReasonerService -- [ReasonerService] TBox 层 precompute 完成，耗时 129 ms
18:34:00.066 [main] INFO com.ocean.openlletresolver.ReasonerService -- [ReasonerService] 池化已禁用（POOL_SIZE=0），跳过
18:34:00.066 [main] INFO com.ocean.openlletresolver.ReasonerService -- [ReasonerService] 初始化完成，总耗时 251 ms
18:34:00.067 [main] INFO com.ocean.ontopobdahandler.OBDAHandler -- ? 已加载数据库配置: D:/work/Ontology/GoldenWind/OntologyMachine/OntologyFrameworkExample/ontology/database/myPizza.properties
18:34:00.068 [main] INFO com.ocean.ontopobdahandler.OBDAHandler -- ?? 使用 SPARQL Endpoint (from properties/default): http://localhost:8080/sparql
WARNING: A terminally deprecated method in sun.misc.Unsafe has been called
WARNING: sun.misc.Unsafe::objectFieldOffset has been called by com.google.common.util.concurrent.AbstractFuture$UnsafeAtomicHelper (file:/C:/Users/ocean/.m2/repository/com/google/guava/guava/33.0.0-jre/guava-33.0.0-jre.jar)
WARNING: Please consider reporting this to the maintainers of class com.google.common.util.concurrent.AbstractFuture$UnsafeAtomicHelper
WARNING: sun.misc.Unsafe::objectFieldOffset will be removed in a future release
   ? Resolved → pizza_components.name
   ? Resolved → pizza_components.name
   ? Resolved → pizza_components.type
   ? Resolved → pizza_components.status
   ? Resolved → pizza_components.supplier
   ? Resolved → pizza_components.batch_number
   ? Resolved → pizza_components.price
   ? Resolved → pizza_components.purchase_date
   ? Resolved → pizza_components.shelf_life_days
   ? Resolved → pizza_components.stock_quantity
   ? Resolved → crust_components.crust_thickness_mm
   ? Resolved → crust_components.baking_temperature_celsius
   ? Resolved → crust_components.baking_time_seconds
   ? Resolved → crust_components.flour_type
   ? Resolved → crust_components.fermentation
   ? Resolved → myPizza.name
   ? Resolved → myPizza.type
   ? Resolved → myPizza.price
   ? Resolved → myPizza.production_date
   ? Resolved → myPizza.crust_name
   ? Resolved → myPizza.cheese_name
   ? Resolved → myPizza.sauce_name
   ? Resolved → myPizza.topping_name
18:34:01.774 [main] INFO com.ocean.ontopobdahandler.OBDAHandler -- ? OntopMappingResolver 已随 Holder 自动加载 | path=D:/work/Ontology/GoldenWind/OntologyMachine/OntologyFrameworkExample/ontology/database/myPizza.obda | 属性数=23
18:34:01.907 [main] INFO com.zaxxer.hikari.HikariDataSource -- OntologyPool - Starting...
18:34:01.918 [main] INFO com.zaxxer.hikari.pool.HikariPool -- OntologyPool - Added connection com.mysql.cj.jdbc.ConnectionImpl@75d61b62
18:34:01.920 [main] INFO com.zaxxer.hikari.HikariDataSource -- OntologyPool - Start completed.
18:34:01.920 [main] INFO com.ocean.ontopobdahandler.ConnectionPoolManager -- ? 数据库连接池已初始化: url=jdbc:mysql://localhost:3306/mypizzadb?allowPublicKeyRetrieval=true&useSSL=false&serverTimezone=UTC, maxPoolSize=10, minIdle=2
18:34:01.920 [main] INFO com.ocean.ontopobdahandler.OBDAHandler -- ? GenericDbWriter 已通过 ConnectionPoolManager 初始化
[DEBUG] ind=http://example.org/pizza/core-abox/那不勒斯蘑菇披萨
[DEBUG] prop=http://example.org/pizza/core/hasCrust
[DEBUG] containsIndividual=true
[DEBUG] total objPropAssertion axioms=8
[DEBUG] total classAssertion axioms=337
[DEBUG] hasCrust objPropAssertion axioms=0
[DEBUG] asserted objProp axioms total=0
[DEBUG] hasCrust direct values = []
[ERROR] Tests run: 1, Failures: 1, Errors: 0, Skipped: 0, Time elapsed: 3.805 s <<< FAILURE! -- in com.ocean.openlletresolver.OpenlletResolverTests
[ERROR] com.ocean.openlletresolver.OpenlletResolverTests.testGetObjectPropertyDirectValueOfIndividual -- Time elapsed: 0.022 s <<< FAILURE!
org.opentest4j.AssertionFailedError: expected: <true> but was: <false>
	at org.junit.jupiter.api.AssertionFailureBuilder.build(AssertionFailureBuilder.java:158)
	at org.junit.jupiter.api.AssertionFailureBuilder.buildAndThrow(AssertionFailureBuilder.java:139)
	at org.junit.jupiter.api.AssertTrue.failNotTrue(AssertTrue.java:69)
	at org.junit.jupiter.api.AssertTrue.assertTrue(AssertTrue.java:41)
	at org.junit.jupiter.api.AssertTrue.assertTrue(AssertTrue.java:35)
	at org.junit.jupiter.api.Assertions.assertTrue(Assertions.java:195)
	at com.ocean.openlletresolver.OpenlletResolverTests.testGetObjectPropertyDirectValueOfIndividual(OpenlletResolverTests.java:254)

[INFO] 
[INFO] Results:
[INFO] 
[ERROR] Failures: 
[ERROR]   OpenlletResolverTests.testGetObjectPropertyDirectValueOfIndividual:254 expected: <true> but was: <false>
[INFO] 
[ERROR] Tests run: 1, Failures: 1, Errors: 0, Skipped: 0
[INFO] 
[INFO] ------------------------------------------------------------------------
[INFO] BUILD FAILURE
[INFO] ------------------------------------------------------------------------
[INFO] Total time:  9.002 s
[INFO] Finished at: 2026-09-29T18:34:02+08:00
[INFO] ------------------------------------------------------------------------
[ERROR] Failed to execute goal org.apache.maven.plugins:maven-surefire-plugin:3.5.6:test (default-test) on project OpenlletResolver: There are test failures.
[ERROR] 
[ERROR] See D:\work\Ontology\GoldenWind\OntologyMachine\OpenlletResolver\target\surefire-reports for the individual test results.
[ERROR] See dump files (if any exist) [date].dump, [date]-jvmRun[N].dump and [date].dumpstream.
[ERROR] -> [Help 1]
[ERROR] 
[ERROR] To see the full stack trace of the errors, re-run Maven with the -e switch.
[ERROR] Re-run Maven using the -X switch to enable full debug logging.
[ERROR] 
[ERROR] For more information about the errors and possible solutions, please read the following articles:
[ERROR] [Help 1] http://cwiki.apache.org/confluence/display/MAVEN/MojoFailureException
