[INFO] Scanning for projects...
[INFO] ------------------------------------------------------------------------
[INFO] Reactor Build Order:
[INFO] 
[INFO] OntopOBDAHandler                                                   [jar]
[INFO] OpenlletResolver                                                   [jar]
[INFO] Utilities                                                          [jar]
[INFO] OntologyFramework                                                  [jar]
[INFO] 
[INFO] ---------------------< com.ocean:OntopOBDAHandler >---------------------
[INFO] Building OntopOBDAHandler 0.0.1-SNAPSHOT                           [1/4]
[INFO]   from pom.xml
[INFO] --------------------------------[ jar ]---------------------------------
[INFO] 
[INFO] --- resources:3.5.0:resources (default-resources) @ OntopOBDAHandler ---
[INFO] Copying 1 resource from src\main\resources to target\classes
[INFO] Copying 0 resource from src\main\resources to target\classes
[INFO] 
[INFO] --- compiler:3.15.0:compile (default-compile) @ OntopOBDAHandler ---
[INFO] Nothing to compile - all classes are up to date.
[INFO] 
[INFO] --- resources:3.5.0:testResources (default-testResources) @ OntopOBDAHandler ---
[INFO] skip non existing resourceDirectory D:\work\Ontology\GoldenWind\OntologyMachine\OntopOBDAHandler\src\test\resources
[INFO] 
[INFO] --- compiler:3.15.0:testCompile (default-testCompile) @ OntopOBDAHandler ---
[INFO] Nothing to compile - all classes are up to date.
[INFO] 
[INFO] --- surefire:3.5.6:test (default-test) @ OntopOBDAHandler ---
[INFO] Tests are skipped.
[INFO] 
[INFO] --- jar:3.5.0:jar (default-jar) @ OntopOBDAHandler ---
[INFO] 
[INFO] --- spring-boot:4.1.0:repackage (repackage) @ OntopOBDAHandler ---
[INFO] 
[INFO] --- install:3.1.4:install (default-install) @ OntopOBDAHandler ---
[INFO] Installing D:\work\Ontology\GoldenWind\OntologyMachine\OntopOBDAHandler\pom.xml to C:\Users\ocean\.m2\repository\com\ocean\OntopOBDAHandler\0.0.1-SNAPSHOT\OntopOBDAHandler-0.0.1-SNAPSHOT.pom
[INFO] Installing D:\work\Ontology\GoldenWind\OntologyMachine\OntopOBDAHandler\target\OntopOBDAHandler-0.0.1-SNAPSHOT.jar to C:\Users\ocean\.m2\repository\com\ocean\OntopOBDAHandler\0.0.1-SNAPSHOT\OntopOBDAHandler-0.0.1-SNAPSHOT.jar
[INFO] 
[INFO] ---------------------< com.ocean:OpenlletResolver >---------------------
[INFO] Building OpenlletResolver 0.0.1-SNAPSHOT                           [2/4]
[INFO]   from D:\work\Ontology\GoldenWind\OntologyMachine\OpenlletResolver\pom.xml
[INFO] --------------------------------[ jar ]---------------------------------
[INFO] 
[INFO] --- resources:3.5.0:resources (default-resources) @ OpenlletResolver ---
[INFO] Copying 1 resource from src\main\resources to target\classes
[INFO] Copying 2 resources from src\main\resources to target\classes
[INFO] 
[INFO] --- compiler:3.15.0:compile (default-compile) @ OpenlletResolver ---
[INFO] Nothing to compile - all classes are up to date.
[INFO] 
[INFO] --- resources:3.5.0:testResources (default-testResources) @ OpenlletResolver ---
[INFO] skip non existing resourceDirectory D:\work\Ontology\GoldenWind\OntologyMachine\OpenlletResolver\src\test\resources
[INFO] 
[INFO] --- compiler:3.15.0:testCompile (default-testCompile) @ OpenlletResolver ---
[INFO] Nothing to compile - all classes are up to date.
[INFO] 
[INFO] --- surefire:3.5.6:test (default-test) @ OpenlletResolver ---
[INFO] Tests are skipped.
[INFO] 
[INFO] --- jar:3.5.0:jar (default-jar) @ OpenlletResolver ---
[INFO] 
[INFO] --- spring-boot:4.1.0:repackage (repackage) @ OpenlletResolver ---
[INFO] 
[INFO] --- install:3.1.4:install (default-install) @ OpenlletResolver ---
[INFO] Installing D:\work\Ontology\GoldenWind\OntologyMachine\OpenlletResolver\pom.xml to C:\Users\ocean\.m2\repository\com\ocean\OpenlletResolver\0.0.1-SNAPSHOT\OpenlletResolver-0.0.1-SNAPSHOT.pom
[INFO] Installing D:\work\Ontology\GoldenWind\OntologyMachine\OpenlletResolver\target\OpenlletResolver-0.0.1-SNAPSHOT.jar to C:\Users\ocean\.m2\repository\com\ocean\OpenlletResolver\0.0.1-SNAPSHOT\OpenlletResolver-0.0.1-SNAPSHOT.jar
[INFO] 
[INFO] ------------------------< com.ocean:Utilities >-------------------------
[INFO] Building Utilities 0.0.1-SNAPSHOT                                  [3/4]
[INFO]   from D:\work\Ontology\GoldenWind\OntologyMachine\Utilities\pom.xml
[INFO] --------------------------------[ jar ]---------------------------------
[INFO] 
[INFO] --- resources:3.5.0:resources (default-resources) @ Utilities ---
[INFO] skip non existing resourceDirectory D:\work\Ontology\GoldenWind\OntologyMachine\Utilities\src\main\resources
[INFO] skip non existing resourceDirectory D:\work\Ontology\GoldenWind\OntologyMachine\Utilities\src\main\resources
[INFO] 
[INFO] --- compiler:3.15.0:compile (default-compile) @ Utilities ---
[INFO] Nothing to compile - all classes are up to date.
[INFO] 
[INFO] --- resources:3.5.0:testResources (default-testResources) @ Utilities ---
[INFO] skip non existing resourceDirectory D:\work\Ontology\GoldenWind\OntologyMachine\Utilities\src\test\resources
[INFO] 
[INFO] --- compiler:3.15.0:testCompile (default-testCompile) @ Utilities ---
[INFO] No sources to compile
[INFO] 
[INFO] --- surefire:3.5.6:test (default-test) @ Utilities ---
[INFO] Tests are skipped.
[INFO] 
[INFO] --- jar:3.5.0:jar (default-jar) @ Utilities ---
[INFO] 
[INFO] --- install:3.1.4:install (default-install) @ Utilities ---
[INFO] Installing D:\work\Ontology\GoldenWind\OntologyMachine\Utilities\pom.xml to C:\Users\ocean\.m2\repository\com\ocean\Utilities\0.0.1-SNAPSHOT\Utilities-0.0.1-SNAPSHOT.pom
[INFO] Installing D:\work\Ontology\GoldenWind\OntologyMachine\Utilities\target\Utilities-0.0.1-SNAPSHOT.jar to C:\Users\ocean\.m2\repository\com\ocean\Utilities\0.0.1-SNAPSHOT\Utilities-0.0.1-SNAPSHOT.jar
[INFO] 
[INFO] --------------------< com.ocean:OntologyFramework >---------------------
[INFO] Building OntologyFramework 0.0.1-SNAPSHOT                          [4/4]
[INFO]   from D:\work\Ontology\GoldenWind\OntologyMachine\OntologyFramework\pom.xml
[INFO] --------------------------------[ jar ]---------------------------------
[WARNING] The artifact io.camunda:spring-boot-starter-camunda-sdk:jar:8.9.6 has been relocated to io.camunda:camunda-spring-boot-starter:jar:8.9.6: The artifact 'spring-boot-starter-camunda-sdk' has been relocated to 'camunda-spring-boot-starter'.
        Note: Relocation for 'spring-boot-starter-camunda-sdk' will be removed starting from the 8.10 release.
        Please update your dependencies to use 'camunda-spring-boot-starter' to avoid build issues.
[INFO] 
[INFO] --- resources:3.5.0:resources (default-resources) @ OntologyFramework ---
[INFO] Copying 2 resources from src\main\resources to target\classes
[INFO] Copying 1 resource from src\main\resources to target\classes
[INFO] 
[INFO] --- compiler:3.15.0:compile (default-compile) @ OntologyFramework ---
[INFO] Nothing to compile - all classes are up to date.
[INFO] 
[INFO] --- resources:3.5.0:testResources (default-testResources) @ OntologyFramework ---
[INFO] Copying 0 resource from src\test\resources to target\test-classes
[INFO] 
[INFO] --- compiler:3.15.0:testCompile (default-testCompile) @ OntologyFramework ---
[INFO] Nothing to compile - all classes are up to date.
[INFO] 
[INFO] --- surefire:3.5.6:test (default-test) @ OntologyFramework ---
[INFO] Tests are skipped.
[INFO] 
[INFO] --- jar:3.5.0:jar (default-jar) @ OntologyFramework ---
[INFO] 
[INFO] --- spring-boot:4.1.0:repackage (repackage) @ OntologyFramework ---
[INFO] 
[INFO] --- install:3.1.4:install (default-install) @ OntologyFramework ---
[INFO] Installing D:\work\Ontology\GoldenWind\OntologyMachine\OntologyFramework\pom.xml to C:\Users\ocean\.m2\repository\com\ocean\OntologyFramework\0.0.1-SNAPSHOT\OntologyFramework-0.0.1-SNAPSHOT.pom
[INFO] Installing D:\work\Ontology\GoldenWind\OntologyMachine\OntologyFramework\target\OntologyFramework-0.0.1-SNAPSHOT.jar to C:\Users\ocean\.m2\repository\com\ocean\OntologyFramework\0.0.1-SNAPSHOT\OntologyFramework-0.0.1-SNAPSHOT.jar
[INFO] ------------------------------------------------------------------------
[INFO] Reactor Summary for OntopOBDAHandler 0.0.1-SNAPSHOT:
[INFO] 
[INFO] OntopOBDAHandler ................................... SUCCESS [  1.937 s]
[INFO] OpenlletResolver ................................... SUCCESS [  0.960 s]
[INFO] Utilities .......................................... SUCCESS [  0.287 s]
[INFO] OntologyFramework .................................. SUCCESS [  1.148 s]
[INFO] ------------------------------------------------------------------------
[INFO] BUILD SUCCESS
[INFO] ------------------------------------------------------------------------
[INFO] Total time:  4.743 s
[INFO] Finished at: 2026-09-30T10:19:49+08:00
[INFO] ------------------------------------------------------------------------
