SLF4J(W): Class path contains multiple SLF4J providers.
SLF4J(W): Found provider [org.slf4j.simple.SimpleServiceProvider@344f4dea]
SLF4J(W): Found provider [ch.qos.logback.classic.spi.LogbackServiceProvider@1b7c473a]
SLF4J(W): See https://www.slf4j.org/codes.html#multiple_bindings for an explanation.
SLF4J(I): Actual provider is of type [org.slf4j.simple.SimpleServiceProvider@344f4dea]
? OBDAHandler 单例就绪 | props=../OntologyFrameworkExample/ontology/database/myPizza.properties | obda=../OntologyFrameworkExample/ontology/database/myPizza.obda
[main] INFO com.ocean.ontopobdahandler.OBDAHandler - ? 已加载数据库配置: ../OntologyFrameworkExample/ontology/database/myPizza.properties
[main] INFO com.ocean.ontopobdahandler.OBDAHandler - ?? 使用 SPARQL Endpoint (from properties/default): http://localhost:8080/sparql
WARNING: A terminally deprecated method in sun.misc.Unsafe has been called
WARNING: sun.misc.Unsafe::objectFieldOffset has been called by com.google.common.util.concurrent.AbstractFuture$UnsafeAtomicHelper (file:/C:/Users/ocean/.m2/repository/com/google/guava/guava/32.0.1-jre/guava-32.0.1-jre.jar)
WARNING: Please consider reporting this to the maintainers of class com.google.common.util.concurrent.AbstractFuture$UnsafeAtomicHelper
WARNING: sun.misc.Unsafe::objectFieldOffset will be removed in a future release
   ? Resolved → pizza_components.name
   ? Resolved → pizza_components.name
   ? Resolved → pizza_components.type
   ? Resolved → pizza_components.status
   ? Resolved → pizza_components.supplier
   ? Resolved → pizza_components.batch_number
   ? Resolved → pizza_components.price
   ? Resolved → pizza_components.purchase_date
   ? Resolved → pizza_components.shelf_life_days
   ? Resolved → pizza_components.stock_quantity
   ? Resolved → crust_components.crust_thickness_mm
   ? Resolved → crust_components.baking_temperature_celsius
   ? Resolved → crust_components.baking_time_seconds
   ? Resolved → crust_components.flour_type
   ? Resolved → crust_components.fermentation
   ? Resolved → myPizza.name
   ? Resolved → myPizza.type
   ? Resolved → myPizza.price
   ? Resolved → myPizza.production_date
   ? Resolved → myPizza.crust_name
   ? Resolved → myPizza.cheese_name
   ? Resolved → myPizza.sauce_name
   ? Resolved → myPizza.topping_name
[main] INFO com.ocean.ontopobdahandler.OBDAHandler - ? OntopMappingResolver 已随 Holder 自动加载 | path=../OntologyFrameworkExample/ontology/database/myPizza.obda | 属性数=23
[main] INFO com.zaxxer.hikari.HikariDataSource - OntologyPool - Starting...
[main] INFO com.zaxxer.hikari.pool.HikariPool - OntologyPool - Added connection com.mysql.cj.jdbc.ConnectionImpl@ff21443
[main] INFO com.zaxxer.hikari.HikariDataSource - OntologyPool - Start completed.
[main] INFO com.ocean.ontopobdahandler.ConnectionPoolManager - ? 数据库连接池已初始化: url=jdbc:mysql://localhost:3306/mypizzadb?allowPublicKeyRetrieval=true&useSSL=false&serverTimezone=UTC, maxPoolSize=10, minIdle=2
[main] INFO com.ocean.ontopobdahandler.OBDAHandler - ? GenericDbWriter 已通过 ConnectionPoolManager 初始化
属性数量: 20
聚合结果共 46 个供应商分组:
  供应商: ListenerTestSupplier | 数量: 6 | 均价: 8.00
  供应商: E2ETestSupplier      | 数量: 3 | 均价: 9.50
  供应商: NewSupplier          | 数量: 3 | 均价: 15.50
  供应商: SupplierX            | 数量: 3 | 均价: 12.99
  供应商: FlourSupplierA       | 数量: 3 | 均价: 22.50
  供应商: OldSupplier          | 数量: 3 | 均价: 18.88
  供应商:                      | 数量: 3 | 均价: 9.99
  供应商: 香草园                  | 数量: 2 | 均价: 1.10
  供应商: 法国面粉厂                | 数量: 1 | 均价: 8.00
  供应商: 阿根廷谷物供应商             | 数量: 1 | 均价: 11.50
  供应商: 圣马扎诺番茄农场             | 数量: 1 | 均价: 4.50
  供应商: 加州番茄加工厂              | 数量: 1 | 均价: 3.50
  供应商: 乳品供应商A               | 数量: 1 | 均价: 5.00
  供应商: 通用调味品公司              | 数量: 1 | 均价: 4.00
  供应商: 坎帕尼亚水牛乳品             | 数量: 1 | 均价: 15.00
  供应商: 威斯康星奶酪厂              | 数量: 1 | 均价: 10.00
  供应商: 帕尔马奶酪公司              | 数量: 1 | 均价: 12.00
  供应商: 圣路易斯乳制品              | 数量: 1 | 均价: 9.00
  供应商: 肉类供应商C               | 数量: 1 | 均价: 5.00
  供应商: 萨拉米加工厂               | 数量: 1 | 均价: 7.50
  供应商: 火腿制造商                | 数量: 1 | 均价: 9.00
  供应商: 培根供应商                | 数量: 1 | 均价: 10.00
  供应商: 鸡肉加工厂                | 数量: 1 | 均价: 9.50
  供应商: 西西里面粉供应商             | 数量: 1 | 均价: 11.00
  供应商: 牛肉供应商                | 数量: 1 | 均价: 14.00
  供应商: 海鲜供应商A               | 数量: 1 | 均价: 8.50
  供应商: 海鲜供应商B               | 数量: 1 | 均价: 9.00
  供应商: 海鲜供应商C               | 数量: 1 | 均价: 12.00
  供应商: 贝类供应商                | 数量: 1 | 均价: 11.00
  供应商: 蘑菇农场                 | 数量: 1 | 均价: 3.00
  供应商: 橄榄供应商                | 数量: 1 | 均价: 2.50
  供应商: 蔬菜配送公司               | 数量: 1 | 均价: 5.00
  供应商: 洋葱种植户                | 数量: 1 | 均价: 2.00
  供应商: 绿叶蔬菜农场               | 数量: 1 | 均价: 3.50
  供应商: 玉米供应商                | 数量: 1 | 均价: 3.00
  供应商: 那不勒斯面粉厂              | 数量: 1 | 均价: 10.00
  供应商: 大蒜农场                 | 数量: 1 | 均价: 2.00
  供应商: 热带水果公司               | 数量: 1 | 均价: 2.80
  供应商: 榴莲进口商                | 数量: 1 | 均价: 20.00
  供应商: 纽约面粉公司               | 数量: 1 | 均价: 8.50
  供应商: 烤鸭专供店                | 数量: 1 | 均价: 18.00
  供应商: 芝加哥谷物供应商             | 数量: 1 | 均价: 12.00
  供应商: 底特律原料商               | 数量: 1 | 均价: 9.00
  供应商: 圣路易斯面粉厂              | 数量: 1 | 均价: 7.50
  供应商: 罗马面粉公司               | 数量: 1 | 均价: 9.50
  供应商: 罗马原料商                | 数量: 1 | 均价: 10.50
  TomatoSauce → PizzaComponent
  Topping → PizzaComponent
  WhiteSauce → PizzaComponent
  HerbTopping → PizzaComponent
  Cheese → PizzaComponent
[main] INFO com.ocean.ontopobdahandler.GenericDbWriter - ? INSERT 成功 | table=pizza_components | rows=1
[main] INFO com.ocean.ontopobdahandler.GenericDbWriter - ? UPDATE 成功 | table=pizza_components | rows=1
[main] INFO com.ocean.ontopobdahandler.GenericDbWriter - ? DELETE 成功 | table=pizza_components | rows=1
[main] INFO com.ocean.ontopobdahandler.OBDAHandler - ? 正在关闭 VKG 单例资源...
[main] INFO com.zaxxer.hikari.HikariDataSource - OntologyPool - Shutdown initiated...
[main] INFO com.zaxxer.hikari.HikariDataSource - OntologyPool - Shutdown completed.
[main] INFO com.ocean.ontopobdahandler.ConnectionPoolManager - ? 数据库连接池已关闭
[main] INFO com.ocean.ontopobdahandler.OBDAHandler - ? VKG 资源已全部释放
