SLF4J(W): Class path contains multiple SLF4J providers.
SLF4J(W): Found provider [ch.qos.logback.classic.spi.LogbackServiceProvider@4233e892]
SLF4J(W): Found provider [org.apache.logging.slf4j.SLF4JServiceProvider@77d2e85]
SLF4J(W): Found provider [org.slf4j.simple.SimpleServiceProvider@3ecd267f]
SLF4J(W): See https://www.slf4j.org/codes.html#multiple_bindings for an explanation.
SLF4J(I): Actual provider is of type [ch.qos.logback.classic.spi.LogbackServiceProvider@4233e892]

  .   ____          _            __ _ _
 /\\ / ___'_ __ _ _(_)_ __  __ _ \ \ \ \
( ( )\___ | '_ | '_| | '_ \/ _` | \ \ \ \
 \\/  ___)| |_)| | | | | || (_| |  ) ) ) )
  '  |____| .__|_| |_|_| |_\__, | / / / /
 =========|_|==============|___/=/_/_/_/

 :: Spring Boot ::                (v4.1.0)

2026-09-29 18:49:43.268 [main] INFO  c.o.o.e.OntologyFrameworkPizzaTests - Starting OntologyFrameworkPizzaTests using Java 26.0.1 with PID 41752 (started by ocean in D:\work\Ontology\GoldenWind\OntologyMachine\OntologyFrameworkExample)
2026-09-29 18:49:43.270 [main] INFO  c.o.o.e.OntologyFrameworkPizzaTests - The following 1 profile is active: "PizzaJunitTest"
2026-09-29 18:49:43.305 [main] WARN  i.c.c.s.p.CamundaClientPropertiesPostProcessor - Legacy property 'camunda.client.tenant-ids' found, setting to 'camunda.client.worker.defaults.tenant-ids'. Please update your setup to use the latest property
2026-09-29 18:49:43.305 [main] WARN  i.c.c.s.p.CamundaClientPropertiesPostProcessor - No 'camunda.client.auth.method' detected, will be set to 'none'
2026-09-29 18:49:44.439 [main] WARN  i.c.c.m.MeteredCamundaClientExecutorService - MeterRegistry is null. Skipping the registration of ScheduledExecutorService metrics.
2026-09-29 18:49:45.547 [main] INFO  c.o.o.e.OntologyFrameworkPizzaTests - Started OntologyFrameworkPizzaTests in 2.621 seconds (process running for 3.825)
2026-09-29 18:49:45.559 [main] INFO  c.o.o.e.OntologyFrameworkPizzaTests - === 初始化 TBox/ABox 分离架构测试环境 ===
2026-09-29 18:49:45.563 [main] INFO  c.o.openlletresolver.BackendService - ? [TBox] 加载本体并执行 Openllet OWL DL 推理...
2026-09-29 18:49:45.782 [main] INFO  c.o.openlletresolver.OntologyService - ? AutoIRIMapper 已启用，扫描目录: D:\work\Ontology\GoldenWind\OntologyMachine\OntologyFrameworkExample\ontology
2026-09-29 18:49:45.931 [main] INFO  c.o.openlletresolver.OntologyService - ? 已手动注册 1 个 TTL 本体映射
2026-09-29 18:49:45.941 [main] INFO  o.s.o.r.rdfxml.parser.AbstractState - Notice: root element does not have an xml:base. Relative IRIs will be resolved against file:/D:/work/Ontology/GoldenWind/OntologyMachine/OntologyFrameworkExample/ontology/pizza-all.owl
2026-09-29 18:49:46.198 [main] INFO  c.o.openlletresolver.OntologyService - 已加载本体数: 7
2026-09-29 18:49:46.198 [main] INFO  c.o.openlletresolver.OntologyService - ========== [加载验证] 已加载本体列表 ==========
2026-09-29 18:49:46.198 [main] INFO  c.o.openlletresolver.OntologyService - [加载验证] http://example.org/pizza/all  ->  file:/D:/work/Ontology/GoldenWind/OntologyMachine/OntologyFrameworkExample/ontology/pizza-all.owl
2026-09-29 18:49:46.198 [main] INFO  c.o.openlletresolver.OntologyService - [加载验证] http://example.org/pizza/processes  ->  file:/D:/work/Ontology/GoldenWind/OntologyMachine/OntologyFrameworkExample/ontology/pizza-processes.owl
2026-09-29 18:49:46.199 [main] INFO  c.o.openlletresolver.OntologyService - [加载验证] http://example.org/pizza/term  ->  file:/D:/work/Ontology/GoldenWind/OntologyMachine/OntologyFrameworkExample/ontology/pizza-terminology.ttl
2026-09-29 18:49:46.199 [main] INFO  c.o.openlletresolver.OntologyService - [加载验证] http://example.org/pizza/core  ->  file:/D:/work/Ontology/GoldenWind/OntologyMachine/OntologyFrameworkExample/ontology/pizza.owl
2026-09-29 18:49:46.199 [main] INFO  c.o.openlletresolver.OntologyService - [加载验证] http://example.org/pizza/components-rules  ->  file:/D:/work/Ontology/GoldenWind/OntologyMachine/OntologyFrameworkExample/ontology/pizza-components-rules.owl
2026-09-29 18:49:46.199 [main] INFO  c.o.openlletresolver.OntologyService - [加载验证] http://example.org/pizza/components  ->  file:/D:/work/Ontology/GoldenWind/OntologyMachine/OntologyFrameworkExample/ontology/pizza-components.owl
2026-09-29 18:49:46.199 [main] INFO  c.o.openlletresolver.OntologyService - [加载验证] http://example.org/pizza/processes-abox  ->  file:/D:/work/Ontology/GoldenWind/OntologyMachine/OntologyFrameworkExample/ontology/pizza-processes-abox.owl
2026-09-29 18:49:46.199 [main] INFO  c.o.openlletresolver.OntologyService - ========== [加载验证] 结束 ==========
2026-09-29 18:49:46.614 [main] INFO  c.o.openlletresolver.OntologyService - 加载: D:\work\Ontology\GoldenWind\OntologyMachine\OntologyFrameworkExample\ontology\pizza-all.owl
2026-09-29 18:49:46.659 [main] INFO  c.o.openlletresolver.OntologyService - 已注册前缀数量: 9
2026-09-29 18:49:46.659 [main] INFO  c.o.openlletresolver.OntologyService - 合并后 SWRL 规则数量: 5
2026-09-29 18:49:46.659 [main] INFO  c.o.openlletresolver.BackendService - ? TBox 推理完成！隐式公理已展开。

2026-09-29 18:49:46.799 [main] INFO  c.o.openlletresolver.ReasonerService - [ReasonerService] 推理器创建 + flush 完成，耗时 137 ms
2026-09-29 18:49:46.979 [main] INFO  c.o.openlletresolver.ReasonerService - [ReasonerService] TBox 层 precompute 完成，耗时 180 ms
2026-09-29 18:49:46.980 [main] INFO  c.o.openlletresolver.ReasonerService - [ReasonerService] 池化已禁用（POOL_SIZE=0），跳过
2026-09-29 18:49:46.980 [main] INFO  c.o.openlletresolver.ReasonerService - [ReasonerService] 初始化完成，总耗时 318 ms
2026-09-29 18:49:46.995 [main] INFO  o.s.b.f.a.AutowiredAnnotationBeanPostProcessor - Autowired annotation is not supported on static fields: private static java.lang.String com.ocean.ontologyframework.example.OntologyFrameworkPizzaTests.TBOX_FILE
2026-09-29 18:49:46.995 [main] INFO  o.s.b.f.a.AutowiredAnnotationBeanPostProcessor - Autowired annotation is not supported on static fields: private static java.lang.String com.ocean.ontologyframework.example.OntologyFrameworkPizzaTests.obdaPath
2026-09-29 18:49:46.995 [main] INFO  o.s.b.f.a.AutowiredAnnotationBeanPostProcessor - Autowired annotation is not supported on static fields: private static java.lang.String com.ocean.ontologyframework.example.OntologyFrameworkPizzaTests.obdaPropertiesPath
2026-09-29 18:49:46.995 [main] INFO  o.s.b.f.a.AutowiredAnnotationBeanPostProcessor - Autowired annotation is not supported on static fields: private static org.springframework.core.env.Environment com.ocean.ontologyframework.example.OntologyFrameworkPizzaTests.env
Mockito is currently self-attaching to enable the inline-mock-maker. This will no longer work in future releases of the JDK. Please add Mockito as an agent to your build as described in Mockito's documentation: https://javadoc.io/doc/org.mockito/mockito-core/latest/org.mockito/org/mockito/Mockito.html#0.3
WARNING: A Java agent has been loaded dynamically (C:\Users\ocean\.m2\repository\net\bytebuddy\byte-buddy-agent\1.18.10\byte-buddy-agent-1.18.10.jar)
WARNING: If a serviceability tool is in use, please run with -XX:+EnableDynamicAgentLoading to hide this warning
WARNING: If a serviceability tool is not in use, please run with -Djdk.instrument.traceUsage for more information
WARNING: Dynamic loading of agents will be disallowed by default in a future release
Java HotSpot(TM) 64-Bit Server VM warning: Sharing is only supported for boot loader classes because bootstrap classpath has been appended
2026-09-29 18:49:47.386 [main] INFO  c.o.o.e.OntologyFrameworkPizzaTests - ? 全量快照已保存，基线公理数: 888
2026-09-29 18:49:47.395 [main] INFO  c.ocean.ontopobdahandler.OBDAHandler - ? 已加载数据库配置: ontology/database/myPizza.properties
2026-09-29 18:49:47.396 [main] INFO  c.ocean.ontopobdahandler.OBDAHandler - ?? 使用 SPARQL Endpoint (from properties/default): http://localhost:8080/sparql
WARNING: A terminally deprecated method in sun.misc.Unsafe has been called
WARNING: sun.misc.Unsafe::objectFieldOffset has been called by com.google.common.util.concurrent.AbstractFuture$UnsafeAtomicHelper (file:/C:/Users/ocean/.m2/repository/com/google/guava/guava/33.0.0-jre/guava-33.0.0-jre.jar)
WARNING: Please consider reporting this to the maintainers of class com.google.common.util.concurrent.AbstractFuture$UnsafeAtomicHelper
WARNING: sun.misc.Unsafe::objectFieldOffset will be removed in a future release
   ? Resolved → pizza_components.name
   ? Resolved → pizza_components.name
   ? Resolved → pizza_components.type
   ? Resolved → pizza_components.status
   ? Resolved → pizza_components.supplier
   ? Resolved → pizza_components.batch_number
   ? Resolved → pizza_components.price
   ? Resolved → pizza_components.purchase_date
   ? Resolved → pizza_components.shelf_life_days
   ? Resolved → pizza_components.stock_quantity
   ? Resolved → crust_components.crust_thickness_mm
   ? Resolved → crust_components.baking_temperature_celsius
   ? Resolved → crust_components.baking_time_seconds
   ? Resolved → crust_components.flour_type
   ? Resolved → crust_components.fermentation
   ? Resolved → myPizza.name
   ? Resolved → myPizza.type
   ? Resolved → myPizza.price
   ? Resolved → myPizza.production_date
   ? Resolved → myPizza.crust_name
   ? Resolved → myPizza.cheese_name
   ? Resolved → myPizza.sauce_name
   ? Resolved → myPizza.topping_name
2026-09-29 18:49:49.287 [main] INFO  c.ocean.ontopobdahandler.OBDAHandler - ? OntopMappingResolver 已随 Holder 自动加载 | path=ontology/database/myPizza.obda | 属性数=23
2026-09-29 18:49:49.333 [main] INFO  com.zaxxer.hikari.HikariDataSource - OntologyPool - Starting...
2026-09-29 18:49:49.347 [main] INFO  com.zaxxer.hikari.pool.HikariPool - OntologyPool - Added connection com.mysql.cj.jdbc.ConnectionImpl@1a738139
2026-09-29 18:49:49.348 [main] INFO  com.zaxxer.hikari.HikariDataSource - OntologyPool - Start completed.
2026-09-29 18:49:49.349 [main] INFO  c.o.o.ConnectionPoolManager - ? 数据库连接池已初始化: url=jdbc:mysql://localhost:3306/mypizzadb?allowPublicKeyRetrieval=true&useSSL=false&serverTimezone=UTC, maxPoolSize=10, minIdle=2
2026-09-29 18:49:49.349 [main] INFO  c.ocean.ontopobdahandler.OBDAHandler - ? GenericDbWriter 已通过 ConnectionPoolManager 初始化
2026-09-29 18:49:49.562 [main] INFO  c.o.o.e.OntologyFrameworkPizzaTests - ? 场景1通过: 共检索到 34 条饼底-供应商记录
2026-09-29 18:49:49.565 [main] INFO  c.o.o.e.OntologyFrameworkPizzaTests - ? 本体无变更，无需恢复
2026-09-29 18:49:49.576 [main] INFO  c.o.o.e.OntologyFrameworkPizzaTests - ? 全量快照已保存，基线公理数: 888
2026-09-29 18:49:49.888 [main] INFO  c.o.openlletresolver.QueryService - [OntologyQuery] rootClass=http://example.org/pizza/components/PizzaComponent | properties=[http://example.org/pizza/components/supplier, http://example.org/pizza/components/price] | max=200
2026-09-29 18:49:50.016 [main] INFO  c.o.openlletresolver.QueryService - [OntologyQuery] ? 完成: 64 个实例 (上限 200)
2026-09-29 18:49:50.018 [main] INFO  c.o.o.e.OntologyFrameworkPizzaTests - ? 场景2通过: 共查询到 64 个 PizzaComponent 实例
2026-09-29 18:49:50.018 [main] INFO  c.o.o.e.OntologyFrameworkPizzaTests -    ? AnchovyInstance ? Thing | 供应商: 海鲜供应商A | 价格: 8.5
2026-09-29 18:49:50.018 [main] INFO  c.o.o.e.OntologyFrameworkPizzaTests -    ? MultiUpdateTest_1790676219577 ? Crust, Thing | 供应商: NewSupplier | 价格: 15.5
2026-09-29 18:49:50.018 [main] INFO  c.o.o.e.OntologyFrameworkPizzaTests -    ? MultiUpdateTest_1790675298466 ? Crust, Thing | 供应商: NewSupplier | 价格: 15.5
2026-09-29 18:49:50.018 [main] INFO  c.o.o.e.OntologyFrameworkPizzaTests -    ? ChicagoDeepDishCrustInstance ? Crust, Thing | 供应商: 芝加哥谷物供应商 | 价格: 12.0
2026-09-29 18:49:50.018 [main] INFO  c.o.o.e.OntologyFrameworkPizzaTests -    ? ListenerTriggerTest_1790675434306 ? Crust, Thing | 供应商: ListenerTestSupplier | 价格: 8.0
2026-09-29 18:49:50.018 [main] INFO  c.o.o.e.OntologyFrameworkPizzaTests -    ? CornInstance ? Thing | 供应商: 玉米供应商 | 价格: 3.0
2026-09-29 18:49:50.019 [main] INFO  c.o.o.e.OntologyFrameworkPizzaTests -    ? ClamInstance ? Thing | 供应商: 贝类供应商 | 价格: 11.0
2026-09-29 18:49:50.019 [main] INFO  c.o.o.e.OntologyFrameworkPizzaTests -    ? SicilianCrustInstance ? Crust, Thing | 供应商: 西西里面粉供应商 | 价格: 11.0
2026-09-29 18:49:50.019 [main] INFO  c.o.o.e.OntologyFrameworkPizzaTests -    ? RollbackUpdateTest_1790675434207 ? Crust, Thing | 供应商:  | 价格: 9.99
2026-09-29 18:49:50.019 [main] INFO  c.o.o.e.OntologyFrameworkPizzaTests -    ? NewYorkCrustInstance ? Crust, Thing | 供应商: 纽约面粉公司 | 价格: 8.5
2026-09-29 18:49:50.019 [main] INFO  c.o.o.e.OntologyFrameworkPizzaTests -    ? BaconInstance ? Thing | 供应商: 培根供应商 | 价格: 10.0
2026-09-29 18:49:50.019 [main] INFO  c.o.o.e.OntologyFrameworkPizzaTests -    ? GarlicInstance ? Thing | 供应商: 大蒜农场 | 价格: 2.0
2026-09-29 18:49:50.019 [main] INFO  c.o.o.e.OntologyFrameworkPizzaTests -    ? ListenerTriggerTest_1790676220105 ? Crust, Thing | 供应商: ListenerTestSupplier | 价格: 8.0
2026-09-29 18:49:50.019 [main] INFO  c.o.o.e.OntologyFrameworkPizzaTests -    ? MultiTblAuto_1790675434079 ? Crust, Thing | 供应商: FlourSupplierA | 价格: 22.5
2026-09-29 18:49:50.019 [main] INFO  c.o.o.e.OntologyFrameworkPizzaTests -    ? MultiTblAuto_1790675298732 ? Crust, Thing | 供应商: FlourSupplierA | 价格: 22.5
2026-09-29 18:49:50.020 [main] INFO  c.o.o.e.OntologyFrameworkPizzaTests -    ? NeapolitanCrustInstanceTest_1790676219516 ? Crust, Thing | 供应商: SupplierX | 价格: 12.99
2026-09-29 18:49:50.020 [main] INFO  c.o.o.e.OntologyFrameworkPizzaTests -    ? WhiteSauceInstance ? Thing | 供应商: 乳品供应商A | 价格: 5.0
2026-09-29 18:49:50.020 [main] INFO  c.o.o.e.OntologyFrameworkPizzaTests -    ? CrossTableTest_1790675298805 ? Crust, Thing | 供应商: OldSupplier | 价格: 18.88
2026-09-29 18:49:50.020 [main] INFO  c.o.o.e.OntologyFrameworkPizzaTests -    ? PineappleInstance ? Thing | 供应商: 热带水果公司 | 价格: 2.8
2026-09-29 18:49:50.020 [main] INFO  c.o.o.e.OntologyFrameworkPizzaTests -    ? ListenerTriggerTest_1790676220476 ? Crust, Thing | 供应商: ListenerTestSupplier | 价格: 8.0
2026-09-29 18:49:50.020 [main] INFO  c.o.o.e.OntologyFrameworkPizzaTests -    ? NeapolitanCrustInstance ? Crust, Thing | 供应商: 那不勒斯面粉厂 | 价格: 10.0
2026-09-29 18:49:50.020 [main] INFO  c.o.o.e.OntologyFrameworkPizzaTests -    ? ListenerTriggerTest_1790675298656 ? Crust, Thing | 供应商: ListenerTestSupplier | 价格: 8.0
2026-09-29 18:49:50.020 [main] INFO  c.o.o.e.OntologyFrameworkPizzaTests -    ? RollbackUpdateTest_1790676220341 ? Crust, Thing | 供应商:  | 价格: 9.99
2026-09-29 18:49:50.020 [main] INFO  c.o.o.e.OntologyFrameworkPizzaTests -    ? E2EDeliveryTest_1790675299188 ? Crust, Thing | 供应商: E2ETestSupplier | 价格: 9.5
2026-09-29 18:49:50.020 [main] INFO  c.o.o.e.OntologyFrameworkPizzaTests -    ? FrenchThinCrustInstance ? Crust, FrenchThinCrust, Thing | 供应商: 法国面粉厂 | 价格: 8.0
2026-09-29 18:49:50.020 [main] INFO  c.o.o.e.OntologyFrameworkPizzaTests -    ? E2EDeliveryTest_1790675434549 ? Crust, Thing | 供应商: E2ETestSupplier | 价格: 9.5
2026-09-29 18:49:50.020 [main] INFO  c.o.o.e.OntologyFrameworkPizzaTests -    ? OnionInstance ? Thing | 供应商: 洋葱种植户 | 价格: 2.0
2026-09-29 18:49:50.020 [main] INFO  c.o.o.e.OntologyFrameworkPizzaTests -    ? ArgentinianThickCrustInstance ? Crust, Thing | 供应商: 阿根廷谷物供应商 | 价格: 11.5
2026-09-29 18:49:50.021 [main] INFO  c.o.o.e.OntologyFrameworkPizzaTests -    ? ChickenTeriyakiInstance ? Thing | 供应商: 鸡肉加工厂 | 价格: 9.5
2026-09-29 18:49:50.021 [main] INFO  c.o.o.e.OntologyFrameworkPizzaTests -    ? DetroitCrustInstance ? Crust, Thing | 供应商: 底特律原料商 | 价格: 9.0
2026-09-29 18:49:50.021 [main] INFO  c.o.o.e.OntologyFrameworkPizzaTests -    ? MultiTblAuto_1790676220200 ? Crust, Thing | 供应商: FlourSupplierA | 价格: 22.5
2026-09-29 18:49:50.021 [main] INFO  c.o.o.e.OntologyFrameworkPizzaTests -    ? SpinachInstance ? Thing | 供应商: 绿叶蔬菜农场 | 价格: 3.5
2026-09-29 18:49:50.021 [main] INFO  c.o.o.e.OntologyFrameworkPizzaTests -    ? ListenerTriggerTest_1790675433997 ? Crust, Thing | 供应商: ListenerTestSupplier | 价格: 8.0
2026-09-29 18:49:50.021 [main] INFO  c.o.o.e.OntologyFrameworkPizzaTests -    ? ShrimpInstance ? Thing | 供应商: 海鲜供应商B | 价格: 9.0
2026-09-29 18:49:50.021 [main] INFO  c.o.o.e.OntologyFrameworkPizzaTests -    ? BuffaloMozzarellaInstance ? Thing | 供应商: 坎帕尼亚水牛乳品 | 价格: 15.0
2026-09-29 18:49:50.021 [main] INFO  c.o.o.e.OntologyFrameworkPizzaTests -    ? E2EDeliveryTest_1790676220971 ? Crust, Thing | 供应商: E2ETestSupplier | 价格: 9.5
2026-09-29 18:49:50.021 [main] INFO  c.o.o.e.OntologyFrameworkPizzaTests -    ? BasilInstance ? Thing, Topping | 供应商: 香草园 | 价格: 1.0
2026-09-29 18:49:50.021 [main] INFO  c.o.o.e.OntologyFrameworkPizzaTests -    ? OreganoInstance ? Thing | 供应商: 香草园 | 价格: 1.2
2026-09-29 18:49:50.021 [main] INFO  c.o.o.e.OntologyFrameworkPizzaTests -    ? StLouisCrackerCrustInstance ? Crust, Thing | 供应商: 圣路易斯面粉厂 | 价格: 7.5
2026-09-29 18:49:50.021 [main] INFO  c.o.o.e.OntologyFrameworkPizzaTests -    ? RoastDuckInstance ? Thing | 供应商: 烤鸭专供店 | 价格: 18.0
2026-09-29 18:49:50.021 [main] INFO  c.o.o.e.OntologyFrameworkPizzaTests -    ? ProvelCheeseInstance ? Thing | 供应商: 圣路易斯乳制品 | 价格: 9.0
2026-09-29 18:49:50.021 [main] INFO  c.o.o.e.OntologyFrameworkPizzaTests -    ? BellPepperInstance ? Thing | 供应商: 蔬菜配送公司 | 价格: 5.0
2026-09-29 18:49:50.022 [main] INFO  c.o.o.e.OntologyFrameworkPizzaTests -    ? RollbackUpdateTest_1790675298834 ? Crust, Thing | 供应商:  | 价格: 9.99
2026-09-29 18:49:50.022 [main] INFO  c.o.o.e.OntologyFrameworkPizzaTests -    ? NeapolitanTomatoSauceInstance ? Thing | 供应商: 圣马扎诺番茄农场 | 价格: 4.5
2026-09-29 18:49:50.022 [main] INFO  c.o.o.e.OntologyFrameworkPizzaTests -    ? SquidInstance ? Thing | 供应商: 海鲜供应商C | 价格: 12.0
2026-09-29 18:49:50.022 [main] INFO  c.o.o.e.OntologyFrameworkPizzaTests -    ? RomanAlTaglioCrustInstance ? Crust, Thing | 供应商: 罗马原料商 | 价格: 10.5
2026-09-29 18:49:50.022 [main] INFO  c.o.o.e.OntologyFrameworkPizzaTests -    ? SpicyBeefInstance ? Thing | 供应商: 牛肉供应商 | 价格: 14.0
2026-09-29 18:49:50.022 [main] INFO  c.o.o.e.OntologyFrameworkPizzaTests -    ? HamInstance ? Thing | 供应商: 火腿制造商 | 价格: 9.0
2026-09-29 18:49:50.022 [main] INFO  c.o.o.e.OntologyFrameworkPizzaTests -    ? NeapolitanCrustInstanceTest_1790675298425 ? Crust, Thing | 供应商: SupplierX | 价格: 12.99
2026-09-29 18:49:50.022 [main] INFO  c.o.o.e.OntologyFrameworkPizzaTests -    ? OtherSauceInstance ? Thing | 供应商: 通用调味品公司 | 价格: 4.0
2026-09-29 18:49:50.022 [main] INFO  c.o.o.e.OntologyFrameworkPizzaTests -    ? CrossTableTest_1790676220287 ? Crust, Thing | 供应商: OldSupplier | 价格: 18.88
2026-09-29 18:49:50.022 [main] INFO  c.o.o.e.OntologyFrameworkPizzaTests -    ? DurianInstance ? Thing | 供应商: 榴莲进口商 | 价格: 20.0
2026-09-29 18:49:50.022 [main] INFO  c.o.o.e.OntologyFrameworkPizzaTests -    ? OliveInstance ? Thing | 供应商: 橄榄供应商 | 价格: 2.5
2026-09-29 18:49:50.022 [main] INFO  c.o.o.e.OntologyFrameworkPizzaTests -    ? PepperoniInstance ? Thing | 供应商: 肉类供应商C | 价格: 5.0
2026-09-29 18:49:50.022 [main] INFO  c.o.o.e.OntologyFrameworkPizzaTests -    ? LowMoistureMozzarellaInstance ? Thing | 供应商: 威斯康星奶酪厂 | 价格: 10.0
2026-09-29 18:49:50.022 [main] INFO  c.o.o.e.OntologyFrameworkPizzaTests -    ? MultiUpdateTest_1790675433811 ? Crust, Thing | 供应商: NewSupplier | 价格: 15.5
2026-09-29 18:49:50.022 [main] INFO  c.o.o.e.OntologyFrameworkPizzaTests -    ? SalamiInstance ? Thing | 供应商: 萨拉米加工厂 | 价格: 7.5
2026-09-29 18:49:50.023 [main] INFO  c.o.o.e.OntologyFrameworkPizzaTests -    ? ListenerTriggerTest_1790675298953 ? Crust, Thing | 供应商: ListenerTestSupplier | 价格: 8.0
2026-09-29 18:49:50.023 [main] INFO  c.o.o.e.OntologyFrameworkPizzaTests -    ? MushroomInstance ? Thing | 供应商: 蘑菇农场 | 价格: 3.0
2026-09-29 18:49:50.023 [main] INFO  c.o.o.e.OntologyFrameworkPizzaTests -    ? CrossTableTest_1790675434169 ? Crust, Thing | 供应商: OldSupplier | 价格: 18.88
2026-09-29 18:49:50.023 [main] INFO  c.o.o.e.OntologyFrameworkPizzaTests -    ? AmericanTomatoSauceInstance ? Thing | 供应商: 加州番茄加工厂 | 价格: 3.5
2026-09-29 18:49:50.023 [main] INFO  c.o.o.e.OntologyFrameworkPizzaTests -    ? NeapolitanCrustInstanceTest_1790675433786 ? Crust, Thing | 供应商: SupplierX | 价格: 12.99
2026-09-29 18:49:50.023 [main] INFO  c.o.o.e.OntologyFrameworkPizzaTests -    ? ParmesanInstance ? Thing | 供应商: 帕尔马奶酪公司 | 价格: 12.0
2026-09-29 18:49:50.023 [main] INFO  c.o.o.e.OntologyFrameworkPizzaTests -    ? RomanTondaCrustInstance ? Crust, Thing | 供应商: 罗马面粉公司 | 价格: 9.5
2026-09-29 18:49:50.024 [main] WARN  c.o.o.e.OntologyFrameworkPizzaTests - ?? 检测到本体漂移，正在原子恢复...
2026-09-29 18:49:50.051 [main] INFO  c.o.o.e.OntologyFrameworkPizzaTests - ? 本体及推理器已恢复至基线状态，当前公理数: 888
2026-09-29 18:49:50.055 [main] INFO  c.o.o.e.OntologyFrameworkPizzaTests - ? 全量快照已保存，基线公理数: 888
2026-09-29 18:49:50.065 [main] ERROR c.o.openlletresolver.OntologyService - ? 非法: 类 SpicyChicken (http://example.org/pizza/components/SpicyChicken) 未在 TBox 中定义，无法作为 rdf:type 的目标
2026-09-29 18:49:50.066 [main] INFO  c.o.openlletresolver.OntologyService - ? 存在非法的 rdf:type 断言，请检查上方错误日志
2026-09-29 18:49:50.066 [main] INFO  c.o.o.e.OntologyFrameworkPizzaTests - ? 场景3通过: 预期异常已捕获 [IllegalArgumentException] rdf:type 校验未通过，中止数据库写入。请检查上方错误日志。
2026-09-29 18:49:50.066 [main] INFO  c.o.o.e.OntologyFrameworkPizzaTests - ? 本体无变更，无需恢复
2026-09-29 18:49:50.072 [main] INFO  c.o.o.e.OntologyFrameworkPizzaTests - ? 全量快照已保存，基线公理数: 888
2026-09-29 18:49:50.073 [main] INFO  c.o.openlletresolver.OntologyService - ? 所有 rdf:type 断言均合法且在 TBox 中有定义，共 1 条
2026-09-29 18:49:50.074 [main] INFO  c.o.openlletresolver.BackendService - [Step 1] 注入前基线一致性检查...
2026-09-29 18:49:50.079 [main] INFO  c.o.openlletresolver.BackendService - [Step 2] 注入 4 条临时公理...
2026-09-29 18:49:50.080 [main] INFO  c.o.openlletresolver.BackendService - [Step 3] 执行推理一致性预校验...
2026-09-29 18:49:50.085 [main] INFO  c.o.openlletresolver.BackendService - ? 预校验通过，无逻辑矛盾
2026-09-29 18:49:50.085 [main] INFO  c.o.openlletresolver.BackendService - [Step 4] 执行数据库持久化（事务模式）...
2026-09-29 18:49:50.123 [main] WARN  c.ocean.ontopobdahandler.OBDAHandler - ?? 事务已回滚
2026-09-29 18:49:50.125 [main] ERROR c.o.openlletresolver.BackendService - ? 数据库写入失败，事务已回滚
java.lang.RuntimeException: ? 跨表写入事务失败，已回滚
	at com.ocean.ontopobdahandler.OBDAHandler.executeInTransaction(OBDAHandler.java:533)
	at com.ocean.openlletresolver.BackendService.safeVerifyAndDBExecutionImp(BackendService.java:875)
	at com.ocean.openlletresolver.BackendService.safeVerifyAndDBExecution(BackendService.java:824)
	at com.ocean.openlletresolver.InsertService.insertComponentAutoSplit(InsertService.java:114)
	at com.ocean.ontologyframework.example.OntologyFrameworkPizzaTests.lambda$testInsertDuplicateNameShouldFail$0(OntologyFrameworkPizzaTests.java:304)
	at org.junit.jupiter.api.AssertThrows.assertThrows(AssertThrows.java:54)
	at org.junit.jupiter.api.AssertThrows.assertThrows(AssertThrows.java:40)
	at org.junit.jupiter.api.Assertions.assertThrows(Assertions.java:3249)
	at com.ocean.ontologyframework.example.OntologyFrameworkPizzaTests.testInsertDuplicateNameShouldFail(OntologyFrameworkPizzaTests.java:303)
	at java.base/jdk.internal.reflect.DirectMethodHandleAccessor.invoke(DirectMethodHandleAccessor.java:104)
	at java.base/java.lang.reflect.Method.invoke(Method.java:565)
	at org.junit.platform.commons.util.ReflectionUtils.invokeMethod(ReflectionUtils.java:701)
	at org.junit.platform.commons.support.ReflectionSupport.invokeMethod(ReflectionSupport.java:502)
	at org.junit.jupiter.engine.support.MethodReflectionUtils.invoke(MethodReflectionUtils.java:45)
	at org.junit.jupiter.engine.execution.MethodInvocation.proceed(MethodInvocation.java:61)
	at org.junit.jupiter.engine.execution.InvocationInterceptorChain$ValidatingInvocation.proceed(InvocationInterceptorChain.java:124)
	at org.junit.jupiter.engine.extension.TimeoutExtension.intercept(TimeoutExtension.java:163)
	at org.junit.jupiter.engine.extension.TimeoutExtension.interceptTestableMethod(TimeoutExtension.java:148)
	at org.junit.jupiter.engine.extension.TimeoutExtension.interceptTestMethod(TimeoutExtension.java:86)
	at org.junit.jupiter.engine.execution.InterceptingExecutableInvoker$ReflectiveInterceptorCall.lambda$ofVoidMethod$0(InterceptingExecutableInvoker.java:123)
	at org.junit.jupiter.engine.execution.InterceptingExecutableInvoker.lambda$invoke$0(InterceptingExecutableInvoker.java:105)
	at org.junit.jupiter.engine.execution.InvocationInterceptorChain$InterceptedInvocation.proceed(InvocationInterceptorChain.java:99)
	at org.junit.jupiter.engine.execution.InvocationInterceptorChain.proceed(InvocationInterceptorChain.java:66)
	at org.junit.jupiter.engine.execution.InvocationInterceptorChain.chainAndInvoke(InvocationInterceptorChain.java:47)
	at org.junit.jupiter.engine.execution.InvocationInterceptorChain.invoke(InvocationInterceptorChain.java:39)
	at org.junit.jupiter.engine.execution.InterceptingExecutableInvoker.invoke(InterceptingExecutableInvoker.java:104)
	at org.junit.jupiter.engine.execution.InterceptingExecutableInvoker.invoke(InterceptingExecutableInvoker.java:98)
	at org.junit.jupiter.engine.execution.InterceptingExecutableInvoker.invokeVoid(InterceptingExecutableInvoker.java:71)
	at org.junit.jupiter.engine.descriptor.TestMethodTestDescriptor.lambda$invokeTestMethod$0(TestMethodTestDescriptor.java:219)
	at org.junit.platform.engine.support.hierarchical.ThrowableCollector.execute(ThrowableCollector.java:74)
	at org.junit.jupiter.engine.descriptor.TestMethodTestDescriptor.invokeTestMethod(TestMethodTestDescriptor.java:215)
	at org.junit.jupiter.engine.descriptor.TestMethodTestDescriptor.execute(TestMethodTestDescriptor.java:157)
	at org.junit.jupiter.engine.descriptor.TestMethodTestDescriptor.execute(TestMethodTestDescriptor.java:70)
	at org.junit.platform.engine.support.hierarchical.NodeTestTask.lambda$executeRecursively$2(NodeTestTask.java:176)
	at org.junit.platform.engine.support.hierarchical.ThrowableCollector.execute(ThrowableCollector.java:74)
	at org.junit.platform.engine.support.hierarchical.NodeTestTask.lambda$executeRecursively$1(NodeTestTask.java:166)
	at org.junit.platform.engine.support.hierarchical.Node.around(Node.java:138)
	at org.junit.platform.engine.support.hierarchical.NodeTestTask.lambda$executeRecursively$0(NodeTestTask.java:164)
	at org.junit.platform.engine.support.hierarchical.ThrowableCollector.execute(ThrowableCollector.java:74)
	at org.junit.platform.engine.support.hierarchical.NodeTestTask.executeRecursively(NodeTestTask.java:163)
	at org.junit.platform.engine.support.hierarchical.NodeTestTask.execute(NodeTestTask.java:116)
	at java.base/java.util.ArrayList.forEach(ArrayList.java:1612)
	at org.junit.platform.engine.support.hierarchical.SameThreadHierarchicalTestExecutorService.invokeAll(SameThreadHierarchicalTestExecutorService.java:42)
	at org.junit.platform.engine.support.hierarchical.NodeTestTask.lambda$executeRecursively$2(NodeTestTask.java:180)
	at org.junit.platform.engine.support.hierarchical.ThrowableCollector.execute(ThrowableCollector.java:74)
	at org.junit.platform.engine.support.hierarchical.NodeTestTask.lambda$executeRecursively$1(NodeTestTask.java:166)
	at org.junit.platform.engine.support.hierarchical.Node.around(Node.java:138)
	at org.junit.platform.engine.support.hierarchical.NodeTestTask.lambda$executeRecursively$0(NodeTestTask.java:164)
	at org.junit.platform.engine.support.hierarchical.ThrowableCollector.execute(ThrowableCollector.java:74)
	at org.junit.platform.engine.support.hierarchical.NodeTestTask.executeRecursively(NodeTestTask.java:163)
	at org.junit.platform.engine.support.hierarchical.NodeTestTask.execute(NodeTestTask.java:116)
	at java.base/java.util.ArrayList.forEach(ArrayList.java:1612)
	at org.junit.platform.engine.support.hierarchical.SameThreadHierarchicalTestExecutorService.invokeAll(SameThreadHierarchicalTestExecutorService.java:42)
	at org.junit.platform.engine.support.hierarchical.NodeTestTask.lambda$executeRecursively$2(NodeTestTask.java:180)
	at org.junit.platform.engine.support.hierarchical.ThrowableCollector.execute(ThrowableCollector.java:74)
	at org.junit.platform.engine.support.hierarchical.NodeTestTask.lambda$executeRecursively$1(NodeTestTask.java:166)
	at org.junit.platform.engine.support.hierarchical.Node.around(Node.java:138)
	at org.junit.platform.engine.support.hierarchical.NodeTestTask.lambda$executeRecursively$0(NodeTestTask.java:164)
	at org.junit.platform.engine.support.hierarchical.ThrowableCollector.execute(ThrowableCollector.java:74)
	at org.junit.platform.engine.support.hierarchical.NodeTestTask.executeRecursively(NodeTestTask.java:163)
	at org.junit.platform.engine.support.hierarchical.NodeTestTask.execute(NodeTestTask.java:116)
	at org.junit.platform.engine.support.hierarchical.SameThreadHierarchicalTestExecutorService.submit(SameThreadHierarchicalTestExecutorService.java:36)
	at org.junit.platform.engine.support.hierarchical.HierarchicalTestExecutor.execute(HierarchicalTestExecutor.java:52)
	at org.junit.platform.engine.support.hierarchical.HierarchicalTestEngine.execute(HierarchicalTestEngine.java:58)
	at org.junit.platform.launcher.core.EngineExecutionOrchestrator.executeEngine(EngineExecutionOrchestrator.java:246)
	at org.junit.platform.launcher.core.EngineExecutionOrchestrator.failOrExecuteEngine(EngineExecutionOrchestrator.java:218)
	at org.junit.platform.launcher.core.EngineExecutionOrchestrator.execute(EngineExecutionOrchestrator.java:179)
	at org.junit.platform.launcher.core.EngineExecutionOrchestrator.execute(EngineExecutionOrchestrator.java:108)
	at org.junit.platform.launcher.core.EngineExecutionOrchestrator.lambda$execute$0(EngineExecutionOrchestrator.java:66)
	at org.junit.platform.launcher.core.EngineExecutionOrchestrator.withInterceptedStreams(EngineExecutionOrchestrator.java:157)
	at org.junit.platform.launcher.core.EngineExecutionOrchestrator.execute(EngineExecutionOrchestrator.java:65)
	at org.junit.platform.launcher.core.DefaultLauncher.execute(DefaultLauncher.java:125)
	at org.junit.platform.launcher.core.DefaultLauncher.execute(DefaultLauncher.java:114)
	at org.junit.platform.launcher.core.DelegatingLauncher.execute(DelegatingLauncher.java:58)
	at org.junit.platform.launcher.core.InterceptingLauncher.lambda$execute$2(InterceptingLauncher.java:57)
	at org.junit.platform.launcher.core.ClasspathAlignmentCheckingLauncherInterceptor.intercept(ClasspathAlignmentCheckingLauncherInterceptor.java:25)
	at org.junit.platform.launcher.core.InterceptingLauncher.execute(InterceptingLauncher.java:56)
	at org.junit.platform.launcher.core.DelegatingLauncher.execute(DelegatingLauncher.java:58)
	at java.base/jdk.internal.reflect.DirectMethodHandleAccessor.invoke(DirectMethodHandleAccessor.java:104)
	at java.base/java.lang.reflect.Method.invoke(Method.java:565)
	at org.apache.maven.surefire.api.util.ReflectionUtils.invokeMethodWithArray(ReflectionUtils.java:125)
	at org.apache.maven.surefire.junitplatform.LauncherAdapter.executeWithCancellationToken(LauncherAdapter.java:68)
	at org.apache.maven.surefire.junitplatform.LauncherAdapter.execute(LauncherAdapter.java:54)
	at org.apache.maven.surefire.junitplatform.JUnitPlatformProvider.execute(JUnitPlatformProvider.java:203)
	at org.apache.maven.surefire.junitplatform.JUnitPlatformProvider.invokeAllTests(JUnitPlatformProvider.java:168)
	at org.apache.maven.surefire.junitplatform.JUnitPlatformProvider.invoke(JUnitPlatformProvider.java:136)
	at org.apache.maven.surefire.booter.ForkedBooter.runSuitesInProcess(ForkedBooter.java:385)
	at org.apache.maven.surefire.booter.ForkedBooter.execute(ForkedBooter.java:162)
	at org.apache.maven.surefire.booter.ForkedBooter.run(ForkedBooter.java:507)
	at org.apache.maven.surefire.booter.ForkedBooter.main(ForkedBooter.java:495)
Caused by: java.lang.RuntimeException: java.sql.SQLIntegrityConstraintViolationException: Duplicate entry 'NeapolitanCrustInstance' for key 'pizza_components.uk_name'
	at com.ocean.openlletresolver.InsertService.lambda$insertComponentAutoSplit$4(InsertService.java:108)
	at com.ocean.ontopobdahandler.OBDAHandler.executeInTransaction(OBDAHandler.java:525)
	... 89 common frames omitted
Caused by: java.sql.SQLIntegrityConstraintViolationException: Duplicate entry 'NeapolitanCrustInstance' for key 'pizza_components.uk_name'
	at com.mysql.cj.jdbc.exceptions.SQLError.createSQLException(SQLError.java:109)
	at com.mysql.cj.jdbc.exceptions.SQLExceptionsMapping.translateException(SQLExceptionsMapping.java:114)
	at com.mysql.cj.jdbc.ClientPreparedStatement.executeInternal(ClientPreparedStatement.java:988)
	at com.mysql.cj.jdbc.ClientPreparedStatement.executeUpdateInternal(ClientPreparedStatement.java:1166)
	at com.mysql.cj.jdbc.ClientPreparedStatement.executeUpdateInternal(ClientPreparedStatement.java:1101)
	at com.mysql.cj.jdbc.ClientPreparedStatement.executeLargeUpdate(ClientPreparedStatement.java:1448)
	at com.mysql.cj.jdbc.ClientPreparedStatement.executeUpdate(ClientPreparedStatement.java:1084)
	at com.zaxxer.hikari.pool.ProxyPreparedStatement.executeUpdate(ProxyPreparedStatement.java:61)
	at com.zaxxer.hikari.pool.HikariProxyPreparedStatement.executeUpdate(HikariProxyPreparedStatement.java)
	at com.ocean.ontopobdahandler.OBDAHandler.addComponentWithConnection(OBDAHandler.java:251)
	at com.ocean.openlletresolver.InsertService.lambda$insertComponentAutoSplit$4(InsertService.java:106)
	... 90 common frames omitted
2026-09-29 18:49:50.129 [main] INFO  c.o.openlletresolver.BackendService - [Step 5] 清理临时公理，恢复本体基线...
2026-09-29 18:49:50.129 [main] INFO  c.o.openlletresolver.BackendService - ? 已移除 4 条临时公理，本体基线已恢复
2026-09-29 18:49:50.129 [main] INFO  c.o.o.e.OntologyFrameworkPizzaTests - ? 场景4通过: 预期异常已捕获 [RuntimeException] ? 跨表写入事务失败，已回滚
2026-09-29 18:49:50.130 [main] INFO  c.o.o.e.OntologyFrameworkPizzaTests - ? 本体无变更，无需恢复
2026-09-29 18:49:50.136 [main] INFO  c.o.o.e.OntologyFrameworkPizzaTests - ? 全量快照已保存，基线公理数: 888
2026-09-29 18:49:50.138 [main] ERROR c.o.openlletresolver.InsertService - ? Insert 操作必须包含至少一条合法的 rdf:type 声明
2026-09-29 18:49:50.138 [main] INFO  c.o.o.e.OntologyFrameworkPizzaTests - ? 场景5通过: 缺少 type 时正确拒绝写入
2026-09-29 18:49:50.138 [main] INFO  c.o.o.e.OntologyFrameworkPizzaTests - ? 本体无变更，无需恢复
2026-09-29 18:49:50.143 [main] INFO  c.o.o.e.OntologyFrameworkPizzaTests - ? 全量快照已保存，基线公理数: 888
2026-09-29 18:49:50.145 [main] INFO  c.o.openlletresolver.OntologyService - ? 所有 rdf:type 断言均合法且在 TBox 中有定义，共 1 条
2026-09-29 18:49:50.145 [main] INFO  c.o.openlletresolver.BackendService - [Step 1] 注入前基线一致性检查...
2026-09-29 18:49:50.148 [main] INFO  c.o.openlletresolver.BackendService - [Step 2] 注入 4 条临时公理...
2026-09-29 18:49:50.149 [main] INFO  c.o.openlletresolver.BackendService - [Step 3] 执行推理一致性预校验...
2026-09-29 18:49:50.151 [main] INFO  c.o.openlletresolver.BackendService - ? 预校验通过，无逻辑矛盾
2026-09-29 18:49:50.151 [main] INFO  c.o.openlletresolver.BackendService - [Step 4] 执行数据库持久化（事务模式）...
2026-09-29 18:49:50.152 [main] INFO  c.o.openlletresolver.InsertService - [Insert] 写入 pizza_components | 字段数=4 | cols=[name, type, supplier, price]
2026-09-29 18:49:50.156 [main] INFO  c.o.openlletresolver.BackendService - ? 数据库写入成功
2026-09-29 18:49:50.156 [main] INFO  c.o.openlletresolver.BackendService - [Step 5] 清理临时公理，恢复本体基线...
2026-09-29 18:49:50.156 [main] INFO  c.o.openlletresolver.BackendService - ? 已移除 4 条临时公理，本体基线已恢复
2026-09-29 18:49:50.156 [main] INFO  c.o.openlletresolver.InsertService - ? 原子写入完成: 涉及1张表 | 总属性=4 | JOIN填充=0
2026-09-29 18:49:50.156 [main] INFO  c.o.o.e.OntologyFrameworkPizzaTests - ? 场景6: 自动拆分写入完成 name=NeapolitanCrustInstanceTest_1790678990143 | 属性数=4
2026-09-29 18:49:50.174 [main] INFO  c.o.o.e.OntologyFrameworkPizzaTests - ? 场景6通过: name=NeapolitanCrustInstanceTest_1790678990143 | supplier=SupplierX | price=12.99
2026-09-29 18:49:50.175 [main] INFO  c.o.o.e.OntologyFrameworkPizzaTests - ? 本体无变更，无需恢复
2026-09-29 18:49:50.179 [main] INFO  c.o.o.e.OntologyFrameworkPizzaTests - ? 全量快照已保存，基线公理数: 888
2026-09-29 18:49:50.181 [main] INFO  c.o.openlletresolver.OntologyService - ? 所有 rdf:type 断言均合法且在 TBox 中有定义，共 1 条
2026-09-29 18:49:50.181 [main] INFO  c.o.openlletresolver.BackendService - [Step 1] 注入前基线一致性检查...
2026-09-29 18:49:50.182 [main] INFO  c.o.openlletresolver.BackendService - [Step 2] 注入 5 条临时公理...
2026-09-29 18:49:50.183 [main] INFO  c.o.openlletresolver.BackendService - [Step 3] 执行推理一致性预校验...
2026-09-29 18:49:50.189 [main] INFO  c.o.openlletresolver.BackendService - ? 预校验通过，无逻辑矛盾
2026-09-29 18:49:50.190 [main] INFO  c.o.openlletresolver.BackendService - [Step 4] 执行数据库持久化（事务模式）...
2026-09-29 18:49:50.192 [main] INFO  c.o.openlletresolver.InsertService - [Insert] 写入 pizza_components | 字段数=5 | cols=[name, type, supplier, price, stock_quantity]
2026-09-29 18:49:50.194 [main] INFO  c.o.openlletresolver.BackendService - ? 数据库写入成功
2026-09-29 18:49:50.194 [main] INFO  c.o.openlletresolver.BackendService - [Step 5] 清理临时公理，恢复本体基线...
2026-09-29 18:49:50.194 [main] INFO  c.o.openlletresolver.BackendService - ? 已移除 5 条临时公理，本体基线已恢复
2026-09-29 18:49:50.194 [main] INFO  c.o.openlletresolver.InsertService - ? 原子写入完成: 涉及1张表 | 总属性=5 | JOIN填充=0
2026-09-29 18:49:50.194 [main] INFO  c.o.o.e.OntologyFrameworkPizzaTests - ? 场景7: 前置插入完成 name=MultiUpdateTest_1790678990179 | supplier=OldSupplier | price=9.99 | stock=100
2026-09-29 18:49:50.196 [main] INFO  c.o.openlletresolver.OntologyService - ? 所有 rdf:type 断言均合法且在 TBox 中有定义，共 0 条
2026-09-29 18:49:50.196 [main] INFO  c.o.openlletresolver.BackendService - [Step 1] 注入前基线一致性检查...
2026-09-29 18:49:50.196 [main] INFO  c.o.openlletresolver.BackendService - [Step 2] 注入 0 条临时公理...
2026-09-29 18:49:50.196 [main] INFO  c.o.openlletresolver.BackendService - [Step 3] 执行推理一致性预校验...
2026-09-29 18:49:50.198 [main] INFO  c.o.openlletresolver.BackendService - ? 预校验通过，无逻辑矛盾
2026-09-29 18:49:50.198 [main] INFO  c.o.openlletresolver.BackendService - [Step 4] 执行数据库持久化（事务模式）...
2026-09-29 18:49:50.200 [main] INFO  c.o.openlletresolver.UpdateService - [Update] 写入 pizza_components | SET字段数=4 | WHERE字段数=1 | cols=[type, supplier, price, stock_quantity]
2026-09-29 18:49:50.203 [main] INFO  c.o.openlletresolver.BackendService - ? 数据库写入成功
2026-09-29 18:49:50.203 [main] INFO  c.o.openlletresolver.BackendService - [Step 5] 清理临时公理，恢复本体基线...
2026-09-29 18:49:50.203 [main] INFO  c.o.openlletresolver.BackendService - ? 已移除 0 条临时公理，本体基线已恢复
2026-09-29 18:49:50.203 [main] INFO  c.o.openlletresolver.UpdateService - ? 多表严格原子更新完成: 涉及1张表 | 总属性=4 | JOIN填充=0
2026-09-29 18:49:50.203 [main] INFO  c.o.o.e.OntologyFrameworkPizzaTests - ? 场景7: 多属性覆盖更新执行完毕 supplier→NewSupplier | price→15.50 | stock→42
2026-09-29 18:49:50.221 [main] INFO  c.o.o.e.OntologyFrameworkPizzaTests - ? 场景7通过: name=MultiUpdateTest_1790678990179 | supplier=NewSupplier | price=15.50 | stock=42
2026-09-29 18:49:50.221 [main] INFO  c.o.o.e.OntologyFrameworkPizzaTests - ? 本体无变更，无需恢复
2026-09-29 18:49:50.226 [main] INFO  c.o.o.e.OntologyFrameworkPizzaTests - ? 全量快照已保存，基线公理数: 888
2026-09-29 18:49:50.227 [main] INFO  c.o.o.e.OntologyFrameworkPizzaTests - ? 场景8: 已构造低库存组件公理 name=SwrlLowStockTest_1790678990226 | stockQuantity=8
2026-09-29 18:49:50.227 [main] INFO  c.o.o.e.OntologyFrameworkPizzaTests - ? 场景8: 已通过 BackendService 注入 5 条公理并刷新推理器
2026-09-29 18:49:50.270 [main] INFO  c.o.o.e.OntologyFrameworkPizzaTests - ? 场景8通过: name=SwrlLowStockTest_1790678990226 | stock=8 → 成功推导为 LowStockCrust
2026-09-29 18:49:50.270 [main] INFO  c.o.o.e.OntologyFrameworkPizzaTests - ? 场景8: 已通过 BackendService 清理临时公理
2026-09-29 18:49:50.271 [main] INFO  c.o.o.e.OntologyFrameworkPizzaTests - ? 本体无变更，无需恢复
2026-09-29 18:49:50.275 [main] INFO  c.o.o.e.OntologyFrameworkPizzaTests - ? 全量快照已保存，基线公理数: 888
2026-09-29 18:49:50.276 [main] INFO  c.o.o.e.OntologyFrameworkPizzaTests - ? 场景9-阶段1: 注入安全库存 name=SwrlDynamicTest_1790678990275 | stock=50
2026-09-29 18:49:50.308 [main] INFO  c.o.o.e.OntologyFrameworkPizzaTests - ? 场景9-阶段1通过: stock=50 → 未推导出 LowStockCrust
2026-09-29 18:49:50.311 [main] INFO  c.o.o.e.OntologyFrameworkPizzaTests - ? 场景9-阶段2: 库存变更 name=SwrlDynamicTest_1790678990275 | stock=50→5
2026-09-29 18:49:50.342 [main] INFO  c.o.o.e.OntologyFrameworkPizzaTests - ? 场景9-阶段2通过: stock=5 → 成功推导出 LowStockCrust
2026-09-29 18:49:50.344 [main] INFO  c.o.o.e.OntologyFrameworkPizzaTests - ? 场景9-阶段3: 库存恢复 name=SwrlDynamicTest_1790678990275 | stock=5→30
2026-09-29 18:49:50.371 [main] INFO  c.o.o.e.OntologyFrameworkPizzaTests - ? 场景9-阶段3通过: stock=30 → LowStockCrust 推导已正确撤销
2026-09-29 18:49:50.372 [main] INFO  c.o.o.e.OntologyFrameworkPizzaTests - ? 场景9完成: SWRL 动态响应性测试全部通过 | 个体=SwrlDynamicTest_1790678990275
2026-09-29 18:49:50.373 [main] INFO  c.o.o.e.OntologyFrameworkPizzaTests - ? 场景9: 已清理所有临时公理
2026-09-29 18:49:50.374 [main] INFO  c.o.o.e.OntologyFrameworkPizzaTests - ? 本体无变更，无需恢复
2026-09-29 18:49:50.377 [main] INFO  c.o.o.e.OntologyFrameworkPizzaTests - ? 全量快照已保存，基线公理数: 888
2026-09-29 18:49:50.382 [main] INFO  c.o.o.SwrlRuleTriggerListener - ? [SwrlListener] 已启动 | 监控类: http://example.org/pizza/components/LowStockCrust | 初始实例数: 0 | Manager哈希: 1899285391
2026-09-29 18:49:50.382 [main] INFO  c.o.o.e.OntologyFrameworkPizzaTests - ? 场景10: SwrlRuleTriggerListener 已启动 监控目标=http://example.org/pizza/components/LowStockCrust
2026-09-29 18:49:50.383 [main] INFO  c.o.openlletresolver.OntologyService - ? 所有 rdf:type 断言均合法且在 TBox 中有定义，共 1 条
2026-09-29 18:49:50.383 [main] INFO  c.o.openlletresolver.BackendService - [Step 1] 注入前基线一致性检查...
2026-09-29 18:49:50.383 [main] INFO  c.o.openlletresolver.BackendService - [Step 2] 注入 5 条临时公理...
2026-09-29 18:49:50.386 [main] INFO  c.o.o.SwrlRuleTriggerListener - ? [SwrlListener] 检测到 1 个新触发实例: [http://example.org/pizza/components-abox/ListenerTriggerTest_1790678990382]
2026-09-29 18:49:50.387 [main] INFO  c.o.openlletresolver.BackendService - [Step 3] 执行推理一致性预校验...
2026-09-29 18:49:50.388 [pool-7-thread-1] INFO  c.o.o.e.OntologyFrameworkPizzaTests - [回调执行] 低库存告警触发: http://example.org/pizza/components-abox/ListenerTriggerTest_1790678990382
2026-09-29 18:49:50.388 [main] INFO  c.o.openlletresolver.BackendService - ? 预校验通过，无逻辑矛盾
2026-09-29 18:49:50.388 [main] INFO  c.o.openlletresolver.BackendService - [Step 4] 执行数据库持久化（事务模式）...
2026-09-29 18:49:50.390 [main] INFO  c.o.openlletresolver.InsertService - [Insert] 写入 pizza_components | 字段数=5 | cols=[name, type, supplier, price, stock_quantity]
2026-09-29 18:49:50.393 [main] INFO  c.o.openlletresolver.BackendService - ? 数据库写入成功
2026-09-29 18:49:50.393 [main] INFO  c.o.openlletresolver.BackendService - [Step 5] 清理临时公理，恢复本体基线...
2026-09-29 18:49:50.395 [main] INFO  c.o.openlletresolver.BackendService - ? 已移除 5 条临时公理，本体基线已恢复
2026-09-29 18:49:50.395 [main] INFO  c.o.openlletresolver.InsertService - ? 原子写入完成: 涉及1张表 | 总属性=5 | JOIN填充=0
2026-09-29 18:49:50.395 [main] INFO  c.o.o.e.OntologyFrameworkPizzaTests - ? 场景10: 低库存组件已写入 name=ListenerTriggerTest_1790678990382 | stock=3
2026-09-29 18:49:50.396 [main] INFO  c.o.o.e.OntologyFrameworkPizzaTests - ? 场景10通过: 捕获到 1 次回调 实例=[http://example.org/pizza/components-abox/ListenerTriggerTest_1790678990382]
2026-09-29 18:49:50.396 [main] INFO  c.o.o.SwrlRuleTriggerListener - ? [SwrlListener] 已关闭
2026-09-29 18:49:50.396 [main] INFO  c.o.o.e.OntologyFrameworkPizzaTests - ? 场景10: SwrlRuleTriggerListener 已关闭
2026-09-29 18:49:50.397 [main] INFO  c.o.o.e.OntologyFrameworkPizzaTests - ? 本体无变更，无需恢复
2026-09-29 18:49:50.402 [main] INFO  c.o.o.e.OntologyFrameworkPizzaTests - ? 全量快照已保存，基线公理数: 888
2026-09-29 18:49:50.404 [main] INFO  c.o.openlletresolver.OntologyService - ? 所有 rdf:type 断言均合法且在 TBox 中有定义，共 1 条
2026-09-29 18:49:50.404 [main] INFO  c.o.openlletresolver.BackendService - [Step 1] 注入前基线一致性检查...
2026-09-29 18:49:50.404 [main] INFO  c.o.openlletresolver.BackendService - [Step 2] 注入 4 条临时公理...
2026-09-29 18:49:50.404 [main] INFO  c.o.openlletresolver.BackendService - [Step 3] 执行推理一致性预校验...
2026-09-29 18:49:50.407 [main] INFO  c.o.openlletresolver.BackendService - ? 预校验通过，无逻辑矛盾
2026-09-29 18:49:50.407 [main] INFO  c.o.openlletresolver.BackendService - [Step 4] 执行数据库持久化（事务模式）...
2026-09-29 18:49:50.408 [main] INFO  c.o.openlletresolver.InsertService - [Insert] 写入 pizza_components | 字段数=4 | cols=[name, type, supplier, price]
2026-09-29 18:49:50.411 [main] INFO  c.o.openlletresolver.BackendService - ? 数据库写入成功
2026-09-29 18:49:50.411 [main] INFO  c.o.openlletresolver.BackendService - [Step 5] 清理临时公理，恢复本体基线...
2026-09-29 18:49:50.412 [main] INFO  c.o.openlletresolver.BackendService - ? 已移除 4 条临时公理，本体基线已恢复
2026-09-29 18:49:50.412 [main] INFO  c.o.openlletresolver.InsertService - ? 原子写入完成: 涉及1张表 | 总属性=4 | JOIN填充=0
2026-09-29 18:49:50.423 [main] INFO  c.o.o.e.OntologyFrameworkPizzaTests - ? 场景11: 前置插入验证通过 name=ToDeleteTest_1790678990403
2026-09-29 18:49:50.425 [main] INFO  c.o.openlletresolver.OntologyService - ? 所有 rdf:type 断言均合法且在 TBox 中有定义，共 0 条
2026-09-29 18:49:50.425 [main] INFO  c.o.openlletresolver.BackendService - [Step 1] 注入前基线一致性检查...
2026-09-29 18:49:50.425 [main] INFO  c.o.openlletresolver.BackendService - [Step 2] 注入 0 条临时公理...
2026-09-29 18:49:50.426 [main] INFO  c.o.openlletresolver.BackendService - [Step 3] 执行推理一致性预校验...
2026-09-29 18:49:50.427 [main] INFO  c.o.openlletresolver.BackendService - ? 预校验通过，无逻辑矛盾
2026-09-29 18:49:50.427 [main] INFO  c.o.openlletresolver.BackendService - [Step 4] 执行数据库持久化（事务模式）...
2026-09-29 18:49:50.428 [main] INFO  c.o.openlletresolver.DeleteService - [Delete] 写入 pizza_components | WHERE字段数=1 | cols=[name]
2026-09-29 18:49:50.431 [main] INFO  c.o.openlletresolver.BackendService - ? 数据库写入成功
2026-09-29 18:49:50.431 [main] INFO  c.o.openlletresolver.BackendService - [Step 5] 清理临时公理，恢复本体基线...
2026-09-29 18:49:50.431 [main] INFO  c.o.openlletresolver.BackendService - ? 已移除 0 条临时公理，本体基线已恢复
2026-09-29 18:49:50.431 [main] INFO  c.o.openlletresolver.DeleteService - ? 多表严格原子删除完成: 涉及1张表 | 总标识符=1 | JOIN填充=0
2026-09-29 18:49:50.438 [main] INFO  c.o.o.e.OntologyFrameworkPizzaTests - ? 场景11通过: name=ToDeleteTest_1790678990403 已成功删除
2026-09-29 18:49:50.439 [main] INFO  c.o.o.e.OntologyFrameworkPizzaTests - ? 本体无变更，无需恢复
2026-09-29 18:49:50.443 [main] INFO  c.o.o.e.OntologyFrameworkPizzaTests - ? 全量快照已保存，基线公理数: 888
2026-09-29 18:49:50.443 [main] INFO  c.o.openlletresolver.OntologyService - ? 所有 rdf:type 断言均合法且在 TBox 中有定义，共 0 条
2026-09-29 18:49:50.443 [main] INFO  c.o.openlletresolver.BackendService - [Step 1] 注入前基线一致性检查...
2026-09-29 18:49:50.443 [main] INFO  c.o.openlletresolver.BackendService - [Step 2] 注入 0 条临时公理...
2026-09-29 18:49:50.443 [main] INFO  c.o.openlletresolver.BackendService - [Step 3] 执行推理一致性预校验...
2026-09-29 18:49:50.443 [main] INFO  c.o.openlletresolver.BackendService - ? 预校验通过，无逻辑矛盾
2026-09-29 18:49:50.443 [main] INFO  c.o.openlletresolver.BackendService - [Step 4] 执行数据库持久化（事务模式）...
2026-09-29 18:49:50.445 [main] INFO  c.o.openlletresolver.DeleteService - [Delete] 写入 pizza_components | WHERE字段数=1 | cols=[name]
2026-09-29 18:49:50.446 [main] INFO  c.o.openlletresolver.BackendService - ? 数据库写入成功
2026-09-29 18:49:50.446 [main] INFO  c.o.openlletresolver.BackendService - [Step 5] 清理临时公理，恢复本体基线...
2026-09-29 18:49:50.446 [main] INFO  c.o.openlletresolver.BackendService - ? 已移除 0 条临时公理，本体基线已恢复
2026-09-29 18:49:50.446 [main] INFO  c.o.openlletresolver.DeleteService - ? 多表严格原子删除完成: 涉及1张表 | 总标识符=1 | JOIN填充=0
2026-09-29 18:49:50.457 [main] INFO  c.o.o.e.OntologyFrameworkPizzaTests - ? 场景12通过: 删除不存在个体 name=NonExistent_1790678990443 未抛异常且数据库状态无变化
2026-09-29 18:49:50.458 [main] INFO  c.o.o.e.OntologyFrameworkPizzaTests - ? 本体无变更，无需恢复
2026-09-29 18:49:50.463 [main] INFO  c.o.o.e.OntologyFrameworkPizzaTests - ? 全量快照已保存，基线公理数: 888
2026-09-29 18:49:50.465 [main] INFO  c.o.o.JoinKeyDistributor - ? INSERT JOIN 键分发完成: 1个字段已填充 | 去重前=5 | 去重后=1
2026-09-29 18:49:50.466 [main] INFO  c.o.openlletresolver.OntologyService - ? 所有 rdf:type 断言均合法且在 TBox 中有定义，共 1 条
2026-09-29 18:49:50.466 [main] INFO  c.o.openlletresolver.BackendService - [Step 1] 注入前基线一致性检查...
2026-09-29 18:49:50.466 [main] INFO  c.o.openlletresolver.BackendService - [Step 2] 注入 8 条临时公理...
2026-09-29 18:49:50.467 [main] INFO  c.o.openlletresolver.BackendService - [Step 3] 执行推理一致性预校验...
2026-09-29 18:49:50.471 [main] INFO  c.o.openlletresolver.BackendService - ? 预校验通过，无逻辑矛盾
2026-09-29 18:49:50.471 [main] INFO  c.o.openlletresolver.BackendService - [Step 4] 执行数据库持久化（事务模式）...
2026-09-29 18:49:50.473 [main] INFO  c.o.openlletresolver.InsertService - [Insert] 写入 pizza_components | 字段数=5 | cols=[name, type, price, supplier, stock_quantity]
2026-09-29 18:49:50.474 [main] INFO  c.o.openlletresolver.InsertService - [Insert] 写入 crust_components | 字段数=4 | cols=[crust_thickness_mm, baking_temperature_celsius, flour_type, name]
2026-09-29 18:49:50.475 [main] INFO  c.o.openlletresolver.BackendService - ? 数据库写入成功
2026-09-29 18:49:50.476 [main] INFO  c.o.openlletresolver.BackendService - [Step 5] 清理临时公理，恢复本体基线...
2026-09-29 18:49:50.476 [main] INFO  c.o.openlletresolver.BackendService - ? 已移除 8 条临时公理，本体基线已恢复
2026-09-29 18:49:50.476 [main] INFO  c.o.openlletresolver.InsertService - ? 原子写入完成: 涉及2张表 | 总属性=8 | JOIN填充=1
2026-09-29 18:49:50.476 [main] INFO  c.o.o.e.OntologyFrameworkPizzaTests - ? 场景13: 单调用多表写入完成 name=MultiTblAuto_1790678990464 | 总属性=8
2026-09-29 18:49:50.476 [main] INFO  c.o.o.e.OntologyFrameworkPizzaTests - ? 场景13: 正向映射验证 8/8 个属性已成功解析
2026-09-29 18:49:50.500 [main] INFO  c.o.o.e.OntologyFrameworkPizzaTests - ? 场景13通过: 单调用多表自动拆分+事务原子性+查询闭环验证成功 | name=MultiTblAuto_1790678990464
2026-09-29 18:49:50.501 [main] INFO  c.o.o.e.OntologyFrameworkPizzaTests - ? 本体无变更，无需恢复
2026-09-29 18:49:50.506 [main] INFO  c.o.o.e.OntologyFrameworkPizzaTests - ? 全量快照已保存，基线公理数: 888
2026-09-29 18:49:50.507 [main] INFO  c.o.o.e.OntologyFrameworkPizzaTests - ? 场景14: 正向映射验证 共 10 个属性已解析 | 缓存总条目=23
2026-09-29 18:49:50.508 [main] INFO  c.o.o.e.OntologyFrameworkPizzaTests - ? 场景14: 映射缓存只读保护验证通过
2026-09-29 18:49:50.508 [main] INFO  c.o.o.e.OntologyFrameworkPizzaTests - ? 场景14通过: 正向映射完整性验证完成 | 缓存条目数=23
2026-09-29 18:49:50.508 [main] INFO  c.o.o.e.OntologyFrameworkPizzaTests - ? 本体无变更，无需恢复
2026-09-29 18:49:50.511 [main] INFO  c.o.o.e.OntologyFrameworkPizzaTests - ? 全量快照已保存，基线公理数: 888
2026-09-29 18:49:50.513 [main] INFO  c.o.o.JoinKeyDistributor - ? INSERT JOIN 键分发完成: 1个字段已填充 | 去重前=5 | 去重后=1
2026-09-29 18:49:50.514 [main] INFO  c.o.openlletresolver.OntologyService - ? 所有 rdf:type 断言均合法且在 TBox 中有定义，共 1 条
2026-09-29 18:49:50.514 [main] INFO  c.o.openlletresolver.BackendService - [Step 1] 注入前基线一致性检查...
2026-09-29 18:49:50.515 [main] INFO  c.o.openlletresolver.BackendService - [Step 2] 注入 8 条临时公理...
2026-09-29 18:49:50.516 [main] INFO  c.o.openlletresolver.BackendService - [Step 3] 执行推理一致性预校验...
2026-09-29 18:49:50.519 [main] ERROR c.o.openlletresolver.ReasonerService - 
? [诊断] 正在分析不一致原因...
2026-09-29 18:49:50.526 [main] ERROR c.o.openlletresolver.ReasonerService -    → [DatatypeRestriction] 个体 http://example.org/pizza/components-abox/RollbackTest_1790678990512 属性 <crustThicknessMm> 值 -999.99 < 最小值 3.00
2026-09-29 18:49:50.526 [main] INFO  c.o.openlletresolver.BackendService - [Step 5] 清理临时公理，恢复本体基线...
2026-09-29 18:49:50.527 [main] INFO  c.o.openlletresolver.BackendService - ? 已移除 8 条临时公理，本体基线已恢复
2026-09-29 18:49:50.527 [main] INFO  c.o.o.e.OntologyFrameworkPizzaTests - ?? 场景15: 预期异常已捕获 name=RollbackTest_1790678990512 | 第二表写入失败触发事务回滚
2026-09-29 18:49:50.540 [main] INFO  c.o.o.e.OntologyFrameworkPizzaTests - ? 场景15通过: 第二表写入失败 → 第一表 INSERT 已完整回滚 | name=RollbackTest_1790678990512
2026-09-29 18:49:50.541 [main] INFO  c.o.o.e.OntologyFrameworkPizzaTests - ? 本体无变更，无需恢复
2026-09-29 18:49:50.545 [main] INFO  c.o.o.e.OntologyFrameworkPizzaTests - ? 全量快照已保存，基线公理数: 888
2026-09-29 18:49:50.546 [main] INFO  c.o.o.JoinKeyDistributor - ? INSERT JOIN 键分发完成: 1个字段已填充 | 去重前=5 | 去重后=1
2026-09-29 18:49:50.546 [main] INFO  c.o.openlletresolver.OntologyService - ? 所有 rdf:type 断言均合法且在 TBox 中有定义，共 1 条
2026-09-29 18:49:50.546 [main] INFO  c.o.openlletresolver.BackendService - [Step 1] 注入前基线一致性检查...
2026-09-29 18:49:50.548 [main] INFO  c.o.openlletresolver.BackendService - [Step 2] 注入 5 条临时公理...
2026-09-29 18:49:50.548 [main] INFO  c.o.openlletresolver.BackendService - [Step 3] 执行推理一致性预校验...
2026-09-29 18:49:50.549 [main] INFO  c.o.openlletresolver.BackendService - ? 预校验通过，无逻辑矛盾
2026-09-29 18:49:50.549 [main] INFO  c.o.openlletresolver.BackendService - [Step 4] 执行数据库持久化（事务模式）...
2026-09-29 18:49:50.551 [main] INFO  c.o.openlletresolver.InsertService - [Insert] 写入 pizza_components | 字段数=4 | cols=[name, type, supplier, price]
2026-09-29 18:49:50.551 [main] INFO  c.o.openlletresolver.InsertService - [Insert] 写入 crust_components | 字段数=2 | cols=[crust_thickness_mm, name]
2026-09-29 18:49:50.554 [main] INFO  c.o.openlletresolver.BackendService - ? 数据库写入成功
2026-09-29 18:49:50.554 [main] INFO  c.o.openlletresolver.BackendService - [Step 5] 清理临时公理，恢复本体基线...
2026-09-29 18:49:50.554 [main] INFO  c.o.openlletresolver.BackendService - ? 已移除 5 条临时公理，本体基线已恢复
2026-09-29 18:49:50.554 [main] INFO  c.o.openlletresolver.InsertService - ? 原子写入完成: 涉及2张表 | 总属性=5 | JOIN填充=1
2026-09-29 18:49:50.554 [main] INFO  c.o.o.e.OntologyFrameworkPizzaTests - ? 场景16: 前置跨表插入完成 name=CrossTableTest_1790678990545 | price=9.99 | crustThicknessMm=5
2026-09-29 18:49:50.554 [main] INFO  c.o.o.JoinKeyDistributor - ? UPDATE JOIN 键分发完成: 1个字段已填充 | 去重前=5 | 去重后=1
2026-09-29 18:49:50.554 [main] INFO  c.o.openlletresolver.OntologyService - ? 所有 rdf:type 断言均合法且在 TBox 中有定义，共 0 条
2026-09-29 18:49:50.554 [main] INFO  c.o.openlletresolver.BackendService - [Step 1] 注入前基线一致性检查...
2026-09-29 18:49:50.556 [main] INFO  c.o.openlletresolver.BackendService - [Step 2] 注入 0 条临时公理...
2026-09-29 18:49:50.556 [main] INFO  c.o.openlletresolver.BackendService - [Step 3] 执行推理一致性预校验...
2026-09-29 18:49:50.557 [main] INFO  c.o.openlletresolver.BackendService - ? 预校验通过，无逻辑矛盾
2026-09-29 18:49:50.557 [main] INFO  c.o.openlletresolver.BackendService - [Step 4] 执行数据库持久化（事务模式）...
2026-09-29 18:49:50.559 [main] INFO  c.o.openlletresolver.UpdateService - [Update] 写入 pizza_components | SET字段数=2 | WHERE字段数=1 | cols=[type, price]
2026-09-29 18:49:50.559 [main] INFO  c.o.openlletresolver.UpdateService - [Update] 写入 crust_components | SET字段数=1 | WHERE字段数=1 | cols=[crust_thickness_mm]
2026-09-29 18:49:50.561 [main] INFO  c.o.openlletresolver.BackendService - ? 数据库写入成功
2026-09-29 18:49:50.561 [main] INFO  c.o.openlletresolver.BackendService - [Step 5] 清理临时公理，恢复本体基线...
2026-09-29 18:49:50.561 [main] INFO  c.o.openlletresolver.BackendService - ? 已移除 0 条临时公理，本体基线已恢复
2026-09-29 18:49:50.561 [main] INFO  c.o.openlletresolver.UpdateService - ? 多表严格原子更新完成: 涉及2张表 | 总属性=3 | JOIN填充=1
2026-09-29 18:49:50.561 [main] INFO  c.o.o.e.OntologyFrameworkPizzaTests - ? 场景16: 跨表更新执行完毕 price→18.88 | crustThicknessMm→12
2026-09-29 18:49:50.574 [main] INFO  c.o.o.e.OntologyFrameworkPizzaTests - ? 场景16通过: name=CrossTableTest_1790678990545 | price=18.88 | crustThicknessMm=5
2026-09-29 18:49:50.576 [main] INFO  c.o.o.e.OntologyFrameworkPizzaTests - ? 本体无变更，无需恢复
2026-09-29 18:49:50.579 [main] INFO  c.o.o.e.OntologyFrameworkPizzaTests - ? 全量快照已保存，基线公理数: 888
2026-09-29 18:49:50.580 [main] INFO  c.o.openlletresolver.OntologyService - ? 所有 rdf:type 断言均合法且在 TBox 中有定义，共 1 条
2026-09-29 18:49:50.580 [main] INFO  c.o.openlletresolver.BackendService - [Step 1] 注入前基线一致性检查...
2026-09-29 18:49:50.580 [main] INFO  c.o.openlletresolver.BackendService - [Step 2] 注入 3 条临时公理...
2026-09-29 18:49:50.582 [main] INFO  c.o.openlletresolver.BackendService - [Step 3] 执行推理一致性预校验...
2026-09-29 18:49:50.583 [main] INFO  c.o.openlletresolver.BackendService - ? 预校验通过，无逻辑矛盾
2026-09-29 18:49:50.583 [main] INFO  c.o.openlletresolver.BackendService - [Step 4] 执行数据库持久化（事务模式）...
2026-09-29 18:49:50.585 [main] INFO  c.o.openlletresolver.InsertService - [Insert] 写入 pizza_components | 字段数=3 | cols=[name, type, price]
2026-09-29 18:49:50.586 [main] INFO  c.o.openlletresolver.BackendService - ? 数据库写入成功
2026-09-29 18:49:50.586 [main] INFO  c.o.openlletresolver.BackendService - [Step 5] 清理临时公理，恢复本体基线...
2026-09-29 18:49:50.586 [main] INFO  c.o.openlletresolver.BackendService - ? 已移除 3 条临时公理，本体基线已恢复
2026-09-29 18:49:50.586 [main] INFO  c.o.openlletresolver.InsertService - ? 原子写入完成: 涉及1张表 | 总属性=3 | JOIN填充=0
2026-09-29 18:49:50.586 [main] INFO  c.o.o.e.OntologyFrameworkPizzaTests - ? 场景17: 前置插入完成(仅主表) name=RollbackUpdateTest_1790678990579 | price=9.99
2026-09-29 18:49:50.588 [main] INFO  c.o.o.e.OntologyFrameworkPizzaTests - ?? 场景17: 预期异常已捕获 ? 以下属性无有效 OBDA 映射，更新已中止: [http://example.org/pizza/components/crustThicknessMm_notexist]
2026-09-29 18:49:50.601 [main] INFO  c.o.o.e.OntologyFrameworkPizzaTests - ? 场景17通过: 主表 price 保持原值 9.99，子表更新失败已正确回滚整个事务
2026-09-29 18:49:50.602 [main] INFO  c.o.o.e.OntologyFrameworkPizzaTests - ? 本体无变更，无需恢复
2026-09-29 18:49:50.605 [main] INFO  c.o.o.e.OntologyFrameworkPizzaTests - ? 全量快照已保存，基线公理数: 888
2026-09-29 18:49:50.607 [main] INFO  c.o.o.JoinKeyDistributor - ? INSERT JOIN 键分发完成: 1个字段已填充 | 去重前=5 | 去重后=1
2026-09-29 18:49:50.607 [main] INFO  c.o.openlletresolver.OntologyService - ? 所有 rdf:type 断言均合法且在 TBox 中有定义，共 1 条
2026-09-29 18:49:50.607 [main] INFO  c.o.openlletresolver.BackendService - [Step 1] 注入前基线一致性检查...
2026-09-29 18:49:50.608 [main] INFO  c.o.openlletresolver.BackendService - [Step 2] 注入 5 条临时公理...
2026-09-29 18:49:50.609 [main] INFO  c.o.openlletresolver.BackendService - [Step 3] 执行推理一致性预校验...
2026-09-29 18:49:50.611 [main] INFO  c.o.openlletresolver.BackendService - ? 预校验通过，无逻辑矛盾
2026-09-29 18:49:50.611 [main] INFO  c.o.openlletresolver.BackendService - [Step 4] 执行数据库持久化（事务模式）...
2026-09-29 18:49:50.612 [main] INFO  c.o.openlletresolver.InsertService - [Insert] 写入 pizza_components | 字段数=4 | cols=[name, type, supplier, price]
2026-09-29 18:49:50.613 [main] INFO  c.o.openlletresolver.InsertService - [Insert] 写入 crust_components | 字段数=2 | cols=[crust_thickness_mm, name]
2026-09-29 18:49:50.615 [main] INFO  c.o.openlletresolver.BackendService - ? 数据库写入成功
2026-09-29 18:49:50.615 [main] INFO  c.o.openlletresolver.BackendService - [Step 5] 清理临时公理，恢复本体基线...
2026-09-29 18:49:50.616 [main] INFO  c.o.openlletresolver.BackendService - ? 已移除 5 条临时公理，本体基线已恢复
2026-09-29 18:49:50.616 [main] INFO  c.o.openlletresolver.InsertService - ? 原子写入完成: 涉及2张表 | 总属性=5 | JOIN填充=1
2026-09-29 18:49:50.616 [main] INFO  c.o.o.e.OntologyFrameworkPizzaTests - ? 场景18: 前置跨表插入完成 name=CrossDelSuccess_1790678990606 | price=12.50 | crustThicknessMm=4
2026-09-29 18:49:50.630 [main] INFO  c.o.openlletresolver.OntologyService - ? 所有 rdf:type 断言均合法且在 TBox 中有定义，共 0 条
2026-09-29 18:49:50.630 [main] INFO  c.o.openlletresolver.BackendService - [Step 1] 注入前基线一致性检查...
2026-09-29 18:49:50.630 [main] INFO  c.o.openlletresolver.BackendService - [Step 2] 注入 0 条临时公理...
2026-09-29 18:49:50.630 [main] INFO  c.o.openlletresolver.BackendService - [Step 3] 执行推理一致性预校验...
2026-09-29 18:49:50.631 [main] INFO  c.o.openlletresolver.BackendService - ? 预校验通过，无逻辑矛盾
2026-09-29 18:49:50.631 [main] INFO  c.o.openlletresolver.BackendService - [Step 4] 执行数据库持久化（事务模式）...
2026-09-29 18:49:50.632 [main] INFO  c.o.openlletresolver.DeleteService - [Delete] 写入 pizza_components | WHERE字段数=1 | cols=[name]
2026-09-29 18:49:50.635 [main] INFO  c.o.openlletresolver.BackendService - ? 数据库写入成功
2026-09-29 18:49:50.635 [main] INFO  c.o.openlletresolver.BackendService - [Step 5] 清理临时公理，恢复本体基线...
2026-09-29 18:49:50.635 [main] INFO  c.o.openlletresolver.BackendService - ? 已移除 0 条临时公理，本体基线已恢复
2026-09-29 18:49:50.635 [main] INFO  c.o.openlletresolver.DeleteService - ? 多表严格原子删除完成: 涉及1张表 | 总标识符=1 | JOIN填充=0
2026-09-29 18:49:50.635 [main] INFO  c.o.o.e.OntologyFrameworkPizzaTests - ?? 场景18: 跨表删除执行完毕 name=CrossDelSuccess_1790678990606
2026-09-29 18:49:50.666 [main] INFO  c.o.o.e.OntologyFrameworkPizzaTests - ? 场景18通过: name=CrossDelSuccess_1790678990606 跨表删除成功，主表+子表均已清除
2026-09-29 18:49:50.667 [main] INFO  c.o.o.e.OntologyFrameworkPizzaTests - ? 本体无变更，无需恢复
2026-09-29 18:49:50.670 [main] INFO  c.o.o.e.OntologyFrameworkPizzaTests - ? 全量快照已保存，基线公理数: 888
2026-09-29 18:49:50.671 [main] WARN  o.s.a.r.c.CachingConnectionFactory - ***
Automatic Recovery was Enabled in the provided connection factory;
while Spring AMQP is generally compatible with this feature, there
are some corner cases where problems arise. Spring AMQP
prefers to use its own recovery mechanisms; when this option is true, you may receive
'AutoRecoverConnectionNotCurrentlyOpenException's until the connection is recovered.
It has therefore been disabled; if you really wish to enable it, use
'getRabbitConnectionFactory().setAutomaticRecoveryEnabled(true)',
but this is discouraged.
2026-09-29 18:49:50.673 [main] INFO  c.o.o.SwrlRuleTriggerListener - ? [SwrlListener] 已启动 | 监控类: http://example.org/pizza/components/LowStockCrust | 初始实例数: 0 | Manager哈希: 1899285391
2026-09-29 18:49:50.673 [main] INFO  c.o.o.e.OntologyFrameworkPizzaTests - ? 场景19: Listener已启动，监控目标=http://example.org/pizza/components/LowStockCrust
2026-09-29 18:49:50.674 [main] INFO  c.o.openlletresolver.OntologyService - ? 所有 rdf:type 断言均合法且在 TBox 中有定义，共 1 条
2026-09-29 18:49:50.674 [main] INFO  c.o.openlletresolver.BackendService - [Step 1] 注入前基线一致性检查...
2026-09-29 18:49:50.674 [main] INFO  c.o.openlletresolver.BackendService - [Step 2] 注入 5 条临时公理...
2026-09-29 18:49:50.677 [main] INFO  c.o.o.SwrlRuleTriggerListener - ? [SwrlListener] 检测到 1 个新触发实例: [http://example.org/pizza/components-abox/ListenerTriggerTest_1790678990673]
2026-09-29 18:49:50.678 [main] INFO  c.o.openlletresolver.BackendService - [Step 3] 执行推理一致性预校验...
2026-09-29 18:49:50.678 [main] INFO  c.o.openlletresolver.BackendService - ? 预校验通过，无逻辑矛盾
2026-09-29 18:49:50.678 [main] INFO  c.o.openlletresolver.BackendService - [Step 4] 执行数据库持久化（事务模式）...
2026-09-29 18:49:50.678 [pool-9-thread-1] INFO  c.o.o.e.OntologyFrameworkPizzaTests - [回调执行] 检测到低库存推导: http://example.org/pizza/components-abox/ListenerTriggerTest_1790678990673
2026-09-29 18:49:50.679 [main] INFO  c.o.openlletresolver.InsertService - [Insert] 写入 pizza_components | 字段数=5 | cols=[name, type, supplier, price, stock_quantity]
2026-09-29 18:49:50.682 [main] INFO  c.o.openlletresolver.BackendService - ? 数据库写入成功
2026-09-29 18:49:50.683 [main] INFO  c.o.openlletresolver.BackendService - [Step 5] 清理临时公理，恢复本体基线...
2026-09-29 18:49:50.685 [main] INFO  c.o.openlletresolver.BackendService - ? 已移除 5 条临时公理，本体基线已恢复
2026-09-29 18:49:50.685 [main] INFO  c.o.openlletresolver.InsertService - ? 原子写入完成: 涉及1张表 | 总属性=5 | JOIN填充=0
2026-09-29 18:49:50.685 [main] INFO  c.o.o.e.OntologyFrameworkPizzaTests - ? 场景19: 低库存组件已写入 name=ListenerTriggerTest_1790678990673 | stock=3
2026-09-29 18:49:50.708 [pool-9-thread-1] INFO  o.s.a.r.c.CachingConnectionFactory - Attempting to connect to: localhost:5672
2026-09-29 18:49:50.777 [pool-9-thread-1] INFO  o.s.a.r.c.CachingConnectionFactory - Created new connection: SpringAMQP#33da0a25:0/SimpleConnection@7a8278f3 [delegate=amqp://guest@127.0.0.1:5672/, localPort=64964]
2026-09-29 18:49:50.801 [pool-9-thread-1] INFO  c.o.o.e.OntologyFrameworkPizzaTests - [MQ发送成功] {"name":"ListenerTriggerTest_1790678990673","type":"NeapolitanCrust","supplier":"ListenerTestSupplier","stockQuantity":"3","price":"8.00"}
2026-09-29 18:49:50.802 [main] INFO  c.o.o.e.OntologyFrameworkPizzaTests - ? 场景19通过: MQ消息内容={"name":"ListenerTriggerTest_1790678990673","type":"NeapolitanCrust","supplier":"ListenerTestSupplier","stockQuantity":"3","price":"8.00"}
2026-09-29 18:49:50.802 [main] INFO  c.o.o.SwrlRuleTriggerListener - ? [SwrlListener] 已关闭
2026-09-29 18:49:50.802 [AMQP Connection 127.0.0.1:5672] ERROR o.s.a.r.c.CachingConnectionFactory - Shutdown Signal: channel error; protocol method: #method<channel.close>(reply-code=404, reply-text=NOT_FOUND - no exchange 'pizza.low-stock.exchange' in vhost '/', class-id=60, method-id=40)
2026-09-29 18:49:50.868 [main] INFO  c.o.o.e.OntologyFrameworkPizzaTests - ? 场景19: 资源已清理
2026-09-29 18:49:50.869 [main] INFO  c.o.o.e.OntologyFrameworkPizzaTests - ? 本体无变更，无需恢复
2026-09-29 18:49:50.871 [main] INFO  c.o.o.e.OntologyFrameworkPizzaTests - ? 全量快照已保存，基线公理数: 888
2026-09-29 18:49:50.872 [main] WARN  o.s.a.r.c.CachingConnectionFactory - ***
Automatic Recovery was Enabled in the provided connection factory;
while Spring AMQP is generally compatible with this feature, there
are some corner cases where problems arise. Spring AMQP
prefers to use its own recovery mechanisms; when this option is true, you may receive
'AutoRecoverConnectionNotCurrentlyOpenException's until the connection is recovered.
It has therefore been disabled; if you really wish to enable it, use
'getRabbitConnectionFactory().setAutomaticRecoveryEnabled(true)',
but this is discouraged.
2026-09-29 18:49:50.874 [main] INFO  o.s.a.r.c.CachingConnectionFactory - Attempting to connect to: localhost:5672
2026-09-29 18:49:50.877 [main] INFO  o.s.a.r.c.CachingConnectionFactory - Created new connection: SpringAMQP#6258accb:0/SimpleConnection@6d194f34 [delegate=amqp://guest@127.0.0.1:5672/, localPort=64965]
2026-09-29 18:49:51.052 [main] INFO  c.o.o.e.OntologyFrameworkPizzaTests - ?? 场景20: AMQP 拓扑已声明 | Exchange=pizza.low-stock.exchange | Queue=pizzaQueue | RoutingKey=low.stock.alert
2026-09-29 18:49:51.163 [main] INFO  c.o.o.e.OntologyFrameworkPizzaTests - ? 场景20: 队列 [pizzaQueue] 初始状态为空，无需清理
2026-09-29 18:49:51.164 [main] INFO  c.o.o.SwrlRuleTriggerListener - ? [SwrlListener] 已启动 | 监控类: http://example.org/pizza/components/LowStockCrust | 初始实例数: 0 | Manager哈希: 1899285391
2026-09-29 18:49:51.164 [main] INFO  c.o.o.e.OntologyFrameworkPizzaTests - ? 场景20: Listener已启动，监控目标=http://example.org/pizza/components/LowStockCrust
2026-09-29 18:49:51.165 [main] INFO  c.o.openlletresolver.OntologyService - ? 所有 rdf:type 断言均合法且在 TBox 中有定义，共 1 条
2026-09-29 18:49:51.165 [main] INFO  c.o.openlletresolver.BackendService - [Step 1] 注入前基线一致性检查...
2026-09-29 18:49:51.165 [main] INFO  c.o.openlletresolver.BackendService - [Step 2] 注入 5 条临时公理...
2026-09-29 18:49:51.166 [main] INFO  c.o.openlletresolver.BackendService - [Step 3] 执行推理一致性预校验...
2026-09-29 18:49:51.167 [main] INFO  c.o.openlletresolver.BackendService - ? 预校验通过，无逻辑矛盾
2026-09-29 18:49:51.167 [main] INFO  c.o.openlletresolver.BackendService - [Step 4] 执行数据库持久化（事务模式）...
2026-09-29 18:49:51.168 [main] INFO  c.o.openlletresolver.InsertService - [Insert] 写入 pizza_components | 字段数=5 | cols=[name, type, supplier, price, stock_quantity]
2026-09-29 18:49:51.170 [main] INFO  c.o.openlletresolver.BackendService - ? 数据库写入成功
2026-09-29 18:49:51.170 [main] INFO  c.o.openlletresolver.BackendService - [Step 5] 清理临时公理，恢复本体基线...
2026-09-29 18:49:51.171 [main] INFO  c.o.o.SwrlRuleTriggerListener - ? [SwrlListener] 检测到 1 个新触发实例: [http://example.org/pizza/components-abox/E2EDeliveryTest_1790678991164]
2026-09-29 18:49:51.171 [main] INFO  c.o.openlletresolver.BackendService - ? 已移除 5 条临时公理，本体基线已恢复
2026-09-29 18:49:51.171 [main] INFO  c.o.openlletresolver.InsertService - ? 原子写入完成: 涉及1张表 | 总属性=5 | JOIN填充=0
2026-09-29 18:49:51.171 [main] INFO  c.o.o.e.OntologyFrameworkPizzaTests - ? 场景20: 低库存组件已写入 name=E2EDeliveryTest_1790678991164 | stock=2
2026-09-29 18:49:51.171 [pool-13-thread-1] INFO  c.o.o.e.OntologyFrameworkPizzaTests - [回调执行] 检测到低库存推导: http://example.org/pizza/components-abox/E2EDeliveryTest_1790678991164
2026-09-29 18:49:51.171 [pool-13-thread-1] INFO  c.o.o.e.OntologyFrameworkPizzaTests - ? 即将发送消息到 exchange=pizza.low-stock.exchange, routingKey=low.stock.alert
2026-09-29 18:49:51.173 [pool-13-thread-1] INFO  c.o.o.e.OntologyFrameworkPizzaTests - ? send() 方法调用完成
2026-09-29 18:49:51.173 [pool-13-thread-1] INFO  c.o.o.e.OntologyFrameworkPizzaTests - [MQ发送成功] {"name":"E2EDeliveryTest_1790678991164","type":"NeapolitanCrust","supplier":"E2ETestSupplier","stockQuantity":"2","price":"9.50"}
2026-09-29 18:49:51.178 [main] INFO  c.o.o.e.OntologyFrameworkPizzaTests - ? 场景20: 从队列消费到消息={"name":"E2EDeliveryTest_1790678991164","type":"NeapolitanCrust","supplier":"E2ETestSupplier","stockQuantity":"2","price":"9.50"}
2026-09-29 18:49:51.178 [main] INFO  c.o.o.e.OntologyFrameworkPizzaTests - ? 场景20通过: 端到端投递验证成功 | Queue=pizzaQueue | MsgLength=129
2026-09-29 18:49:51.200 [main] INFO  c.o.o.e.OntologyFrameworkPizzaTests - ? [API验证] 请求URL: http://localhost:15672/api/queues/%2F/pizzaQueue
2026-09-29 18:49:51.455 [main] INFO  c.o.o.e.OntologyFrameworkPizzaTests - ? [API验证] 第 1 次查询 message_stats 尚未就绪（管理统计异步聚合），500ms 后重试
2026-09-29 18:49:51.958 [main] INFO  c.o.o.e.OntologyFrameworkPizzaTests - ? [API验证] 第 2 次查询 message_stats 尚未就绪（管理统计异步聚合），500ms 后重试
2026-09-29 18:49:52.461 [main] INFO  c.o.o.e.OntologyFrameworkPizzaTests - ? [API验证] 第 3 次查询 message_stats 尚未就绪（管理统计异步聚合），500ms 后重试
2026-09-29 18:49:52.963 [main] INFO  c.o.o.e.OntologyFrameworkPizzaTests - ? [API验证] 第 4 次查询 message_stats 尚未就绪（管理统计异步聚合），500ms 后重试
2026-09-29 18:49:53.465 [main] INFO  c.o.o.e.OntologyFrameworkPizzaTests - ? [API验证] 第 5 次查询 message_stats 尚未就绪（管理统计异步聚合），500ms 后重试
2026-09-29 18:49:53.969 [main] INFO  c.o.o.e.OntologyFrameworkPizzaTests - ? [API验证] 第 6 次查询 message_stats 尚未就绪（管理统计异步聚合），500ms 后重试
2026-09-29 18:49:54.472 [main] INFO  c.o.o.e.OntologyFrameworkPizzaTests - ? [API验证] 第 7 次查询 message_stats 尚未就绪（管理统计异步聚合），500ms 后重试
2026-09-29 18:49:54.975 [main] INFO  c.o.o.e.OntologyFrameworkPizzaTests - ? [API验证] pizzaQueue 的历史 Publish 累计计数: 1（第 8 次查询命中）
2026-09-29 18:49:54.975 [main] INFO  c.o.o.SwrlRuleTriggerListener - ? [SwrlListener] 已关闭
2026-09-29 18:49:54.994 [main] INFO  c.o.o.e.OntologyFrameworkPizzaTests - ? 场景20: Exchange 已清理，Queue[pizzaQueue] 已保留
2026-09-29 18:49:54.996 [main] INFO  c.o.o.e.OntologyFrameworkPizzaTests - ? 场景20: 本地资源已清理
2026-09-29 18:49:54.996 [main] INFO  c.o.o.e.OntologyFrameworkPizzaTests - ? 本体无变更，无需恢复
2026-09-29 18:49:54.998 [main] INFO  c.o.o.e.OntologyFrameworkPizzaTests - ? 全量快照已保存，基线公理数: 888
2026-09-29 18:49:55.016 [main] INFO  c.o.o.e.OntologyFrameworkPizzaTests - ? 场景21: 成功加载 10 条披萨实例 from /pizzaInstances.json
2026-09-29 18:49:55.017 [main] INFO  c.o.o.e.pizza.PizzaOntologyValidator - ? 反向映射表构建完成 | 总条目数: 22
2026-09-29 18:49:55.017 [main] INFO  c.o.o.e.pizza.PizzaOntologyValidator - ?? 本体验证器初始化成功 | myPizza 映射属性数: 8 | pizza_components 映射属性数: 10 | crust_components 映射属性数: 5
2026-09-29 18:49:55.017 [main] INFO  c.o.o.e.OntologyFrameworkPizzaTests - ?? 场景21: 本体推理验证器已通过 BackendService 初始化
2026-09-29 18:49:55.175 [main] INFO  c.o.openlletresolver.OntologyService - ? 所有 rdf:type 断言均合法且在 TBox 中有定义，共 5 条
2026-09-29 18:49:55.175 [main] INFO  c.o.openlletresolver.BackendService - [Step 1] 注入前基线一致性检查...
2026-09-29 18:49:55.176 [main] INFO  c.o.openlletresolver.BackendService - [Step 2] 注入 28 条临时公理...
2026-09-29 18:49:55.178 [main] INFO  c.o.openlletresolver.BackendService - [Step 3] 执行推理一致性预校验...
2026-09-29 18:49:55.180 [main] INFO  c.o.openlletresolver.BackendService - ? 预校验通过，无逻辑矛盾
2026-09-29 18:49:55.180 [main] INFO  c.o.openlletresolver.BackendService - 结束校验，不做数据库操作
2026-09-29 18:49:55.180 [main] INFO  c.o.openlletresolver.BackendService - [Step 5] 清理临时公理，恢复本体基线...
2026-09-29 18:49:55.180 [main] INFO  c.o.openlletresolver.BackendService - ? 已移除 28 条临时公理，本体基线已恢复
2026-09-29 18:49:55.183 [main] INFO  c.o.o.e.OntologyFrameworkPizzaTests - ? [经典玛格丽特] 合规
2026-09-29 18:49:55.290 [main] ERROR c.o.openlletresolver.OntologyService - ? 非法: 类 GenericNeapolitanPizza1 (http://example.org/pizza/core/GenericNeapolitanPizza1) 未在 TBox 中定义，无法作为 rdf:type 的目标
2026-09-29 18:49:55.290 [main] INFO  c.o.openlletresolver.OntologyService - ? 存在非法的 rdf:type 断言，请检查上方错误日志
2026-09-29 18:49:55.291 [main] WARN  c.o.o.e.OntologyFrameworkPizzaTests - ?? [那不勒斯蘑菇披萨] 不合规，原因如下:
2026-09-29 18:49:55.291 [main] WARN  c.o.o.e.OntologyFrameworkPizzaTests -    - 本体一致性校验失败: rdf:type 校验未通过，中止数据库写入。请检查上方错误日志。
2026-09-29 18:49:55.493 [main] INFO  c.o.openlletresolver.OntologyService - ? 所有 rdf:type 断言均合法且在 TBox 中有定义，共 5 条
2026-09-29 18:49:55.493 [main] INFO  c.o.openlletresolver.BackendService - [Step 1] 注入前基线一致性检查...
2026-09-29 18:49:55.495 [main] INFO  c.o.openlletresolver.BackendService - [Step 2] 注入 28 条临时公理...
2026-09-29 18:49:55.496 [main] INFO  c.o.openlletresolver.BackendService - [Step 3] 执行推理一致性预校验...
2026-09-29 18:49:55.498 [main] INFO  c.o.openlletresolver.BackendService - ? 预校验通过，无逻辑矛盾
2026-09-29 18:49:55.498 [main] INFO  c.o.openlletresolver.BackendService - 结束校验，不做数据库操作
2026-09-29 18:49:55.498 [main] INFO  c.o.openlletresolver.BackendService - [Step 5] 清理临时公理，恢复本体基线...
2026-09-29 18:49:55.499 [main] INFO  c.o.openlletresolver.BackendService - ? 已移除 28 条临时公理，本体基线已恢复
2026-09-29 18:49:55.499 [main] INFO  c.o.o.e.OntologyFrameworkPizzaTests - ? [芝加哥深盘经典] 合规
2026-09-29 18:49:55.544 [main] WARN  c.o.o.e.pizza.PizzaOntologyValidator - ? [DetroitCrustInstance1] 库里没有这个组件 (pizza_components 查询为空)，跳过附加属性查询
2026-09-29 18:49:55.608 [main] INFO  c.o.openlletresolver.OntologyService - ? 所有 rdf:type 断言均合法且在 TBox 中有定义，共 4 条
2026-09-29 18:49:55.608 [main] INFO  c.o.openlletresolver.BackendService - [Step 1] 注入前基线一致性检查...
2026-09-29 18:49:55.609 [main] INFO  c.o.openlletresolver.BackendService - [Step 2] 注入 22 条临时公理...
2026-09-29 18:49:55.610 [main] INFO  c.o.openlletresolver.BackendService - [Step 3] 执行推理一致性预校验...
2026-09-29 18:49:55.612 [main] INFO  c.o.openlletresolver.BackendService - ? 预校验通过，无逻辑矛盾
2026-09-29 18:49:55.612 [main] INFO  c.o.openlletresolver.BackendService - 结束校验，不做数据库操作
2026-09-29 18:49:55.612 [main] INFO  c.o.openlletresolver.BackendService - [Step 5] 清理临时公理，恢复本体基线...
2026-09-29 18:49:55.612 [main] INFO  c.o.openlletresolver.BackendService - ? 已移除 22 条临时公理，本体基线已恢复
2026-09-29 18:49:55.613 [main] WARN  c.o.o.e.OntologyFrameworkPizzaTests - ?? [底特律方形培根披萨] 不合规，原因如下:
2026-09-29 18:49:55.613 [main] WARN  c.o.o.e.OntologyFrameworkPizzaTests -    - 组件 DetroitCrustInstance1 在 pizza_components 表中不存在
2026-09-29 18:49:55.737 [main] INFO  c.o.openlletresolver.OntologyService - ? 所有 rdf:type 断言均合法且在 TBox 中有定义，共 5 条
2026-09-29 18:49:55.737 [main] INFO  c.o.openlletresolver.BackendService - [Step 1] 注入前基线一致性检查...
2026-09-29 18:49:55.739 [main] INFO  c.o.openlletresolver.BackendService - [Step 2] 注入 28 条临时公理...
2026-09-29 18:49:55.739 [main] INFO  c.o.openlletresolver.BackendService - [Step 3] 执行推理一致性预校验...
2026-09-29 18:49:55.741 [main] INFO  c.o.openlletresolver.BackendService - ? 预校验通过，无逻辑矛盾
2026-09-29 18:49:55.741 [main] INFO  c.o.openlletresolver.BackendService - 结束校验，不做数据库操作
2026-09-29 18:49:55.741 [main] INFO  c.o.openlletresolver.BackendService - [Step 5] 清理临时公理，恢复本体基线...
2026-09-29 18:49:55.741 [main] INFO  c.o.openlletresolver.BackendService - ? 已移除 28 条临时公理，本体基线已恢复
2026-09-29 18:49:55.741 [main] INFO  c.o.o.e.OntologyFrameworkPizzaTests - ? [纽约薄饼辣肠披萨] 合规
2026-09-29 18:49:55.908 [main] INFO  c.o.openlletresolver.OntologyService - ? 所有 rdf:type 断言均合法且在 TBox 中有定义，共 5 条
2026-09-29 18:49:55.908 [main] INFO  c.o.openlletresolver.BackendService - [Step 1] 注入前基线一致性检查...
2026-09-29 18:49:55.909 [main] INFO  c.o.openlletresolver.BackendService - [Step 2] 注入 28 条临时公理...
2026-09-29 18:49:55.910 [main] INFO  c.o.openlletresolver.BackendService - [Step 3] 执行推理一致性预校验...
2026-09-29 18:49:55.911 [main] INFO  c.o.openlletresolver.BackendService - ? 预校验通过，无逻辑矛盾
2026-09-29 18:49:55.911 [main] INFO  c.o.openlletresolver.BackendService - 结束校验，不做数据库操作
2026-09-29 18:49:55.911 [main] INFO  c.o.openlletresolver.BackendService - [Step 5] 清理临时公理，恢复本体基线...
2026-09-29 18:49:55.912 [main] INFO  c.o.openlletresolver.BackendService - ? 已移除 28 条临时公理，本体基线已恢复
2026-09-29 18:49:55.912 [main] INFO  c.o.o.e.OntologyFrameworkPizzaTests - ? [圣路易斯火腿披萨] 合规
2026-09-29 18:49:56.043 [main] INFO  c.o.openlletresolver.OntologyService - ? 所有 rdf:type 断言均合法且在 TBox 中有定义，共 5 条
2026-09-29 18:49:56.043 [main] INFO  c.o.openlletresolver.BackendService - [Step 1] 注入前基线一致性检查...
2026-09-29 18:49:56.044 [main] INFO  c.o.openlletresolver.BackendService - [Step 2] 注入 28 条临时公理...
2026-09-29 18:49:56.045 [main] INFO  c.o.openlletresolver.BackendService - [Step 3] 执行推理一致性预校验...
2026-09-29 18:49:56.046 [main] INFO  c.o.openlletresolver.BackendService - ? 预校验通过，无逻辑矛盾
2026-09-29 18:49:56.046 [main] INFO  c.o.openlletresolver.BackendService - 结束校验，不做数据库操作
2026-09-29 18:49:56.046 [main] INFO  c.o.openlletresolver.BackendService - [Step 5] 清理临时公理，恢复本体基线...
2026-09-29 18:49:56.046 [main] INFO  c.o.openlletresolver.BackendService - ? 已移除 28 条临时公理，本体基线已恢复
2026-09-29 18:49:56.047 [main] INFO  c.o.o.e.OntologyFrameworkPizzaTests - ? [西西里厚底洋葱披萨] 合规
2026-09-29 18:49:56.164 [main] INFO  c.o.openlletresolver.OntologyService - ? 所有 rdf:type 断言均合法且在 TBox 中有定义，共 5 条
2026-09-29 18:49:56.164 [main] INFO  c.o.openlletresolver.BackendService - [Step 1] 注入前基线一致性检查...
2026-09-29 18:49:56.166 [main] INFO  c.o.openlletresolver.BackendService - [Step 2] 注入 28 条临时公理...
2026-09-29 18:49:56.167 [main] INFO  c.o.openlletresolver.BackendService - [Step 3] 执行推理一致性预校验...
2026-09-29 18:49:56.169 [main] INFO  c.o.openlletresolver.BackendService - ? 预校验通过，无逻辑矛盾
2026-09-29 18:49:56.169 [main] INFO  c.o.openlletresolver.BackendService - 结束校验，不做数据库操作
2026-09-29 18:49:56.169 [main] INFO  c.o.openlletresolver.BackendService - [Step 5] 清理临时公理，恢复本体基线...
2026-09-29 18:49:56.169 [main] INFO  c.o.openlletresolver.BackendService - ? 已移除 28 条临时公理，本体基线已恢复
2026-09-29 18:49:56.169 [main] INFO  c.o.o.e.OntologyFrameworkPizzaTests - ? [北京烤鸭披萨] 合规
2026-09-29 18:49:56.286 [main] INFO  c.o.openlletresolver.OntologyService - ? 所有 rdf:type 断言均合法且在 TBox 中有定义，共 5 条
2026-09-29 18:49:56.286 [main] INFO  c.o.openlletresolver.BackendService - [Step 1] 注入前基线一致性检查...
2026-09-29 18:49:56.287 [main] INFO  c.o.openlletresolver.BackendService - [Step 2] 注入 28 条临时公理...
2026-09-29 18:49:56.289 [main] INFO  c.o.openlletresolver.BackendService - [Step 3] 执行推理一致性预校验...
2026-09-29 18:49:56.293 [main] INFO  c.o.openlletresolver.BackendService - ? 预校验通过，无逻辑矛盾
2026-09-29 18:49:56.293 [main] INFO  c.o.openlletresolver.BackendService - 结束校验，不做数据库操作
2026-09-29 18:49:56.293 [main] INFO  c.o.openlletresolver.BackendService - [Step 5] 清理临时公理，恢复本体基线...
2026-09-29 18:49:56.293 [main] INFO  c.o.openlletresolver.BackendService - ? 已移除 28 条临时公理，本体基线已恢复
2026-09-29 18:49:56.294 [main] INFO  c.o.o.e.OntologyFrameworkPizzaTests - ? [猫山王榴莲披萨] 合规
2026-09-29 18:49:56.404 [main] INFO  c.o.openlletresolver.OntologyService - ? 所有 rdf:type 断言均合法且在 TBox 中有定义，共 4 条
2026-09-29 18:49:56.404 [main] INFO  c.o.openlletresolver.BackendService - [Step 1] 注入前基线一致性检查...
2026-09-29 18:49:56.405 [main] INFO  c.o.openlletresolver.BackendService - [Step 2] 注入 22 条临时公理...
2026-09-29 18:49:56.406 [main] INFO  c.o.openlletresolver.BackendService - [Step 3] 执行推理一致性预校验...
2026-09-29 18:49:56.408 [main] INFO  c.o.openlletresolver.BackendService - ? 预校验通过，无逻辑矛盾
2026-09-29 18:49:56.408 [main] INFO  c.o.openlletresolver.BackendService - 结束校验，不做数据库操作
2026-09-29 18:49:56.408 [main] INFO  c.o.openlletresolver.BackendService - [Step 5] 清理临时公理，恢复本体基线...
2026-09-29 18:49:56.408 [main] INFO  c.o.openlletresolver.BackendService - ? 已移除 22 条临时公理，本体基线已恢复
2026-09-29 18:49:56.408 [main] INFO  c.o.o.e.OntologyFrameworkPizzaTests - ? [玛瑞纳拉素食披萨] 合规
2026-09-29 18:49:56.408 [main] INFO  c.o.o.e.OntologyFrameworkPizzaTests - ? 场景21: 验证完成 | 总计=10 | 合规=8 | 不合规=2
2026-09-29 18:49:56.409 [main] INFO  c.o.o.e.OntologyFrameworkPizzaTests - ? 不合规详情: [那不勒斯蘑菇披萨] 本体一致性校验失败: rdf:type 校验未通过，中止数据库写入。请检查上方错误日志。
2026-09-29 18:49:56.409 [main] INFO  c.o.o.e.OntologyFrameworkPizzaTests - ? 不合规详情: [底特律方形培根披萨] 组件 DetroitCrustInstance1 在 pizza_components 表中不存在
2026-09-29 18:49:56.409 [main] INFO  c.o.o.e.OntologyFrameworkPizzaTests - ?? 场景21: 发现 2 条不合规记录，已全部输出原因
2026-09-29 18:49:56.409 [main] INFO  c.o.o.e.OntologyFrameworkPizzaTests - ? 场景21通过: JSON披萨实例本体合规性验证完成 | Valid=8 | Invalid=2
2026-09-29 18:49:56.409 [main] INFO  c.o.o.e.OntologyFrameworkPizzaTests - ? 场景21: 本地资源已清理
2026-09-29 18:49:56.409 [main] INFO  c.o.o.e.OntologyFrameworkPizzaTests - ? 本体无变更，无需恢复
