SLF4J(W): Class path contains multiple SLF4J providers.
SLF4J(W): Found provider [ch.qos.logback.classic.spi.LogbackServiceProvider@51bde877]
SLF4J(W): Found provider [org.apache.logging.slf4j.SLF4JServiceProvider@60b85ba1]
SLF4J(W): Found provider [org.slf4j.simple.SimpleServiceProvider@492fc69e]
SLF4J(W): See https://www.slf4j.org/codes.html#multiple_bindings for an explanation.
SLF4J(I): Actual provider is of type [ch.qos.logback.classic.spi.LogbackServiceProvider@51bde877]
? Deploying TMSD BPMN from: D:/work/Ontology/GoldenWind/OntologyMachine/OntologyFramework/src/main/resources/tmsd/TowerMidDesign.bpmn
23:41:34.567 [main] WARN io.camunda.zeebe.client.impl.ZeebeClientImpl -- ZeebeClient is deprecated and will be removed in version 8.10. Please migrate to io.camunda.client.CamundaClient.
WARNING: A terminally deprecated method in sun.misc.Unsafe has been called
WARNING: sun.misc.Unsafe::arrayBaseOffset has been called by com.google.protobuf.UnsafeUtil (file:/C:/Users/ocean/.m2/repository/com/google/protobuf/protobuf-java/4.34.2/protobuf-java-4.34.2.jar)
WARNING: Please consider reporting this to the maintainers of class com.google.protobuf.UnsafeUtil
WARNING: sun.misc.Unsafe::arrayBaseOffset will be removed in a future release
? 流程已部署，version=2
[ERROR] Tests run: 7, Failures: 0, Errors: 7, Skipped: 0, Time elapsed: 1052 s <<< FAILURE! -- in com.ocean.ontologyframework.TMSDDesignProcessTest
[ERROR] com.ocean.ontologyframework.TMSDDesignProcessTest.case0 -- Time elapsed: 150.1 s <<< ERROR!
io.camunda.zeebe.client.api.command.ClientStatusException: Time out between gateway and broker: Request command-api-1 to localhost:26501 timed out in PT2M30S
	at io.camunda.zeebe.client.impl.ZeebeClientFutureImpl.transformExecutionException(ZeebeClientFutureImpl.java:129)
	at io.camunda.zeebe.client.impl.ZeebeClientFutureImpl.join(ZeebeClientFutureImpl.java:61)
	at com.ocean.ontologyframework.TMSDDesignProcessTest.run(TMSDDesignProcessTest.java:177)
	at com.ocean.ontologyframework.TMSDDesignProcessTest.assertDesignCase(TMSDDesignProcessTest.java:141)
	at com.ocean.ontologyframework.TMSDDesignProcessTest.case0(TMSDDesignProcessTest.java:91)
Caused by: java.util.concurrent.ExecutionException: io.grpc.StatusRuntimeException: DEADLINE_EXCEEDED: Time out between gateway and broker: Request command-api-1 to localhost:26501 timed out in PT2M30S
	at java.base/java.util.concurrent.CompletableFuture.wrapInExecutionException(CompletableFuture.java:345)
	at java.base/java.util.concurrent.CompletableFuture.reportGet(CompletableFuture.java:440)
	at java.base/java.util.concurrent.CompletableFuture.get(CompletableFuture.java:2094)
	at io.camunda.zeebe.client.impl.ZeebeClientFutureImpl.join(ZeebeClientFutureImpl.java:59)
	... 3 more
Caused by: io.grpc.StatusRuntimeException: DEADLINE_EXCEEDED: Time out between gateway and broker: Request command-api-1 to localhost:26501 timed out in PT2M30S
	at io.grpc.Status.asRuntimeException(Status.java:532)
	at io.grpc.stub.ClientCalls$StreamObserverToCallListenerAdapter.onClose(ClientCalls.java:581)
	at io.grpc.internal.ClientCallImpl.closeObserver(ClientCallImpl.java:566)
	at io.grpc.internal.ClientCallImpl.access$100(ClientCallImpl.java:72)
	at io.grpc.internal.ClientCallImpl$ClientStreamListenerImpl$1StreamClosed.runInternal(ClientCallImpl.java:734)
	at io.grpc.internal.ClientCallImpl$ClientStreamListenerImpl$1StreamClosed.runInContext(ClientCallImpl.java:715)
	at io.grpc.internal.ContextRunnable.run(ContextRunnable.java:37)
	at io.grpc.internal.SerializingExecutor.run(SerializingExecutor.java:133)
	at java.base/java.util.concurrent.ThreadPoolExecutor.runWorker(ThreadPoolExecutor.java:1090)
	at java.base/java.util.concurrent.ThreadPoolExecutor$Worker.run(ThreadPoolExecutor.java:614)
	at java.base/java.lang.Thread.run(Thread.java:1516)

[ERROR] com.ocean.ontologyframework.TMSDDesignProcessTest.case1 -- Time elapsed: 150.0 s <<< ERROR!
io.camunda.zeebe.client.api.command.ClientStatusException: Time out between gateway and broker: Request command-api-1 to localhost:26501 timed out in PT2M30S
	at io.camunda.zeebe.client.impl.ZeebeClientFutureImpl.transformExecutionException(ZeebeClientFutureImpl.java:129)
	at io.camunda.zeebe.client.impl.ZeebeClientFutureImpl.join(ZeebeClientFutureImpl.java:61)
	at com.ocean.ontologyframework.TMSDDesignProcessTest.run(TMSDDesignProcessTest.java:177)
	at com.ocean.ontologyframework.TMSDDesignProcessTest.assertDesignCase(TMSDDesignProcessTest.java:141)
	at com.ocean.ontologyframework.TMSDDesignProcessTest.case1(TMSDDesignProcessTest.java:98)
Caused by: java.util.concurrent.ExecutionException: io.grpc.StatusRuntimeException: DEADLINE_EXCEEDED: Time out between gateway and broker: Request command-api-1 to localhost:26501 timed out in PT2M30S
	at java.base/java.util.concurrent.CompletableFuture.wrapInExecutionException(CompletableFuture.java:345)
	at java.base/java.util.concurrent.CompletableFuture.reportGet(CompletableFuture.java:440)
	at java.base/java.util.concurrent.CompletableFuture.get(CompletableFuture.java:2094)
	at io.camunda.zeebe.client.impl.ZeebeClientFutureImpl.join(ZeebeClientFutureImpl.java:59)
	... 3 more
Caused by: io.grpc.StatusRuntimeException: DEADLINE_EXCEEDED: Time out between gateway and broker: Request command-api-1 to localhost:26501 timed out in PT2M30S
	at io.grpc.Status.asRuntimeException(Status.java:532)
	at io.grpc.stub.ClientCalls$StreamObserverToCallListenerAdapter.onClose(ClientCalls.java:581)
	at io.grpc.internal.ClientCallImpl.closeObserver(ClientCallImpl.java:566)
	at io.grpc.internal.ClientCallImpl.access$100(ClientCallImpl.java:72)
	at io.grpc.internal.ClientCallImpl$ClientStreamListenerImpl$1StreamClosed.runInternal(ClientCallImpl.java:734)
	at io.grpc.internal.ClientCallImpl$ClientStreamListenerImpl$1StreamClosed.runInContext(ClientCallImpl.java:715)
	at io.grpc.internal.ContextRunnable.run(ContextRunnable.java:37)
	at io.grpc.internal.SerializingExecutor.run(SerializingExecutor.java:133)
	at java.base/java.util.concurrent.ThreadPoolExecutor.runWorker(ThreadPoolExecutor.java:1090)
	at java.base/java.util.concurrent.ThreadPoolExecutor$Worker.run(ThreadPoolExecutor.java:614)
	at java.base/java.lang.Thread.run(Thread.java:1516)

[ERROR] com.ocean.ontologyframework.TMSDDesignProcessTest.case2 -- Time elapsed: 150.0 s <<< ERROR!
io.camunda.zeebe.client.api.command.ClientStatusException: Time out between gateway and broker: Request command-api-1 to localhost:26501 timed out in PT2M30S
	at io.camunda.zeebe.client.impl.ZeebeClientFutureImpl.transformExecutionException(ZeebeClientFutureImpl.java:129)
	at io.camunda.zeebe.client.impl.ZeebeClientFutureImpl.join(ZeebeClientFutureImpl.java:61)
	at com.ocean.ontologyframework.TMSDDesignProcessTest.run(TMSDDesignProcessTest.java:177)
	at com.ocean.ontologyframework.TMSDDesignProcessTest.assertDesignCase(TMSDDesignProcessTest.java:141)
	at com.ocean.ontologyframework.TMSDDesignProcessTest.case2(TMSDDesignProcessTest.java:105)
Caused by: java.util.concurrent.ExecutionException: io.grpc.StatusRuntimeException: DEADLINE_EXCEEDED: Time out between gateway and broker: Request command-api-1 to localhost:26501 timed out in PT2M30S
	at java.base/java.util.concurrent.CompletableFuture.wrapInExecutionException(CompletableFuture.java:345)
	at java.base/java.util.concurrent.CompletableFuture.reportGet(CompletableFuture.java:440)
	at java.base/java.util.concurrent.CompletableFuture.get(CompletableFuture.java:2094)
	at io.camunda.zeebe.client.impl.ZeebeClientFutureImpl.join(ZeebeClientFutureImpl.java:59)
	... 3 more
Caused by: io.grpc.StatusRuntimeException: DEADLINE_EXCEEDED: Time out between gateway and broker: Request command-api-1 to localhost:26501 timed out in PT2M30S
	at io.grpc.Status.asRuntimeException(Status.java:532)
	at io.grpc.stub.ClientCalls$StreamObserverToCallListenerAdapter.onClose(ClientCalls.java:581)
	at io.grpc.internal.ClientCallImpl.closeObserver(ClientCallImpl.java:566)
	at io.grpc.internal.ClientCallImpl.access$100(ClientCallImpl.java:72)
	at io.grpc.internal.ClientCallImpl$ClientStreamListenerImpl$1StreamClosed.runInternal(ClientCallImpl.java:734)
	at io.grpc.internal.ClientCallImpl$ClientStreamListenerImpl$1StreamClosed.runInContext(ClientCallImpl.java:715)
	at io.grpc.internal.ContextRunnable.run(ContextRunnable.java:37)
	at io.grpc.internal.SerializingExecutor.run(SerializingExecutor.java:133)
	at java.base/java.util.concurrent.ThreadPoolExecutor.runWorker(ThreadPoolExecutor.java:1090)
	at java.base/java.util.concurrent.ThreadPoolExecutor$Worker.run(ThreadPoolExecutor.java:614)
	at java.base/java.lang.Thread.run(Thread.java:1516)

[ERROR] com.ocean.ontologyframework.TMSDDesignProcessTest.case3 -- Time elapsed: 150.0 s <<< ERROR!
io.camunda.zeebe.client.api.command.ClientStatusException: Time out between gateway and broker: Request command-api-1 to localhost:26501 timed out in PT2M30S
	at io.camunda.zeebe.client.impl.ZeebeClientFutureImpl.transformExecutionException(ZeebeClientFutureImpl.java:129)
	at io.camunda.zeebe.client.impl.ZeebeClientFutureImpl.join(ZeebeClientFutureImpl.java:61)
	at com.ocean.ontologyframework.TMSDDesignProcessTest.run(TMSDDesignProcessTest.java:177)
	at com.ocean.ontologyframework.TMSDDesignProcessTest.assertDesignCase(TMSDDesignProcessTest.java:141)
	at com.ocean.ontologyframework.TMSDDesignProcessTest.case3(TMSDDesignProcessTest.java:112)
Caused by: java.util.concurrent.ExecutionException: io.grpc.StatusRuntimeException: DEADLINE_EXCEEDED: Time out between gateway and broker: Request command-api-1 to localhost:26501 timed out in PT2M30S
	at java.base/java.util.concurrent.CompletableFuture.wrapInExecutionException(CompletableFuture.java:345)
	at java.base/java.util.concurrent.CompletableFuture.reportGet(CompletableFuture.java:440)
	at java.base/java.util.concurrent.CompletableFuture.get(CompletableFuture.java:2094)
	at io.camunda.zeebe.client.impl.ZeebeClientFutureImpl.join(ZeebeClientFutureImpl.java:59)
	... 3 more
Caused by: io.grpc.StatusRuntimeException: DEADLINE_EXCEEDED: Time out between gateway and broker: Request command-api-1 to localhost:26501 timed out in PT2M30S
	at io.grpc.Status.asRuntimeException(Status.java:532)
	at io.grpc.stub.ClientCalls$StreamObserverToCallListenerAdapter.onClose(ClientCalls.java:581)
	at io.grpc.internal.ClientCallImpl.closeObserver(ClientCallImpl.java:566)
	at io.grpc.internal.ClientCallImpl.access$100(ClientCallImpl.java:72)
	at io.grpc.internal.ClientCallImpl$ClientStreamListenerImpl$1StreamClosed.runInternal(ClientCallImpl.java:734)
	at io.grpc.internal.ClientCallImpl$ClientStreamListenerImpl$1StreamClosed.runInContext(ClientCallImpl.java:715)
	at io.grpc.internal.ContextRunnable.run(ContextRunnable.java:37)
	at io.grpc.internal.SerializingExecutor.run(SerializingExecutor.java:133)
	at java.base/java.util.concurrent.ThreadPoolExecutor.runWorker(ThreadPoolExecutor.java:1090)
	at java.base/java.util.concurrent.ThreadPoolExecutor$Worker.run(ThreadPoolExecutor.java:614)
	at java.base/java.lang.Thread.run(Thread.java:1516)

[ERROR] com.ocean.ontologyframework.TMSDDesignProcessTest.case4 -- Time elapsed: 150.0 s <<< ERROR!
io.camunda.zeebe.client.api.command.ClientStatusException: Time out between gateway and broker: Request command-api-1 to localhost:26501 timed out in PT2M30S
	at io.camunda.zeebe.client.impl.ZeebeClientFutureImpl.transformExecutionException(ZeebeClientFutureImpl.java:129)
	at io.camunda.zeebe.client.impl.ZeebeClientFutureImpl.join(ZeebeClientFutureImpl.java:61)
	at com.ocean.ontologyframework.TMSDDesignProcessTest.run(TMSDDesignProcessTest.java:177)
	at com.ocean.ontologyframework.TMSDDesignProcessTest.assertDesignCase(TMSDDesignProcessTest.java:141)
	at com.ocean.ontologyframework.TMSDDesignProcessTest.case4(TMSDDesignProcessTest.java:119)
Caused by: java.util.concurrent.ExecutionException: io.grpc.StatusRuntimeException: DEADLINE_EXCEEDED: Time out between gateway and broker: Request command-api-1 to localhost:26501 timed out in PT2M30S
	at java.base/java.util.concurrent.CompletableFuture.wrapInExecutionException(CompletableFuture.java:345)
	at java.base/java.util.concurrent.CompletableFuture.reportGet(CompletableFuture.java:440)
	at java.base/java.util.concurrent.CompletableFuture.get(CompletableFuture.java:2094)
	at io.camunda.zeebe.client.impl.ZeebeClientFutureImpl.join(ZeebeClientFutureImpl.java:59)
	... 3 more
Caused by: io.grpc.StatusRuntimeException: DEADLINE_EXCEEDED: Time out between gateway and broker: Request command-api-1 to localhost:26501 timed out in PT2M30S
	at io.grpc.Status.asRuntimeException(Status.java:532)
	at io.grpc.stub.ClientCalls$StreamObserverToCallListenerAdapter.onClose(ClientCalls.java:581)
	at io.grpc.internal.ClientCallImpl.closeObserver(ClientCallImpl.java:566)
	at io.grpc.internal.ClientCallImpl.access$100(ClientCallImpl.java:72)
	at io.grpc.internal.ClientCallImpl$ClientStreamListenerImpl$1StreamClosed.runInternal(ClientCallImpl.java:734)
	at io.grpc.internal.ClientCallImpl$ClientStreamListenerImpl$1StreamClosed.runInContext(ClientCallImpl.java:715)
	at io.grpc.internal.ContextRunnable.run(ContextRunnable.java:37)
	at io.grpc.internal.SerializingExecutor.run(SerializingExecutor.java:133)
	at java.base/java.util.concurrent.ThreadPoolExecutor.runWorker(ThreadPoolExecutor.java:1090)
	at java.base/java.util.concurrent.ThreadPoolExecutor$Worker.run(ThreadPoolExecutor.java:614)
	at java.base/java.lang.Thread.run(Thread.java:1516)

[ERROR] com.ocean.ontologyframework.TMSDDesignProcessTest.case5 -- Time elapsed: 150.0 s <<< ERROR!
io.camunda.zeebe.client.api.command.ClientStatusException: Time out between gateway and broker: Request command-api-1 to localhost:26501 timed out in PT2M30S
	at io.camunda.zeebe.client.impl.ZeebeClientFutureImpl.transformExecutionException(ZeebeClientFutureImpl.java:129)
	at io.camunda.zeebe.client.impl.ZeebeClientFutureImpl.join(ZeebeClientFutureImpl.java:61)
	at com.ocean.ontologyframework.TMSDDesignProcessTest.run(TMSDDesignProcessTest.java:177)
	at com.ocean.ontologyframework.TMSDDesignProcessTest.assertDesignCase(TMSDDesignProcessTest.java:141)
	at com.ocean.ontologyframework.TMSDDesignProcessTest.case5(TMSDDesignProcessTest.java:126)
Caused by: java.util.concurrent.ExecutionException: io.grpc.StatusRuntimeException: DEADLINE_EXCEEDED: Time out between gateway and broker: Request command-api-1 to localhost:26501 timed out in PT2M30S
	at java.base/java.util.concurrent.CompletableFuture.wrapInExecutionException(CompletableFuture.java:345)
	at java.base/java.util.concurrent.CompletableFuture.reportGet(CompletableFuture.java:440)
	at java.base/java.util.concurrent.CompletableFuture.get(CompletableFuture.java:2094)
	at io.camunda.zeebe.client.impl.ZeebeClientFutureImpl.join(ZeebeClientFutureImpl.java:59)
	... 3 more
Caused by: io.grpc.StatusRuntimeException: DEADLINE_EXCEEDED: Time out between gateway and broker: Request command-api-1 to localhost:26501 timed out in PT2M30S
	at io.grpc.Status.asRuntimeException(Status.java:532)
	at io.grpc.stub.ClientCalls$StreamObserverToCallListenerAdapter.onClose(ClientCalls.java:581)
	at io.grpc.internal.ClientCallImpl.closeObserver(ClientCallImpl.java:566)
	at io.grpc.internal.ClientCallImpl.access$100(ClientCallImpl.java:72)
	at io.grpc.internal.ClientCallImpl$ClientStreamListenerImpl$1StreamClosed.runInternal(ClientCallImpl.java:734)
	at io.grpc.internal.ClientCallImpl$ClientStreamListenerImpl$1StreamClosed.runInContext(ClientCallImpl.java:715)
	at io.grpc.internal.ContextRunnable.run(ContextRunnable.java:37)
	at io.grpc.internal.SerializingExecutor.run(SerializingExecutor.java:133)
	at java.base/java.util.concurrent.ThreadPoolExecutor.runWorker(ThreadPoolExecutor.java:1090)
	at java.base/java.util.concurrent.ThreadPoolExecutor$Worker.run(ThreadPoolExecutor.java:614)
	at java.base/java.lang.Thread.run(Thread.java:1516)

[ERROR] com.ocean.ontologyframework.TMSDDesignProcessTest.case6 -- Time elapsed: 150.0 s <<< ERROR!
io.camunda.zeebe.client.api.command.ClientStatusException: Time out between gateway and broker: Request command-api-1 to localhost:26501 timed out in PT2M30S
	at io.camunda.zeebe.client.impl.ZeebeClientFutureImpl.transformExecutionException(ZeebeClientFutureImpl.java:129)
	at io.camunda.zeebe.client.impl.ZeebeClientFutureImpl.join(ZeebeClientFutureImpl.java:61)
	at com.ocean.ontologyframework.TMSDDesignProcessTest.run(TMSDDesignProcessTest.java:177)
	at com.ocean.ontologyframework.TMSDDesignProcessTest.assertDesignCase(TMSDDesignProcessTest.java:141)
	at com.ocean.ontologyframework.TMSDDesignProcessTest.case6(TMSDDesignProcessTest.java:133)
Caused by: java.util.concurrent.ExecutionException: io.grpc.StatusRuntimeException: DEADLINE_EXCEEDED: Time out between gateway and broker: Request command-api-1 to localhost:26501 timed out in PT2M30S
	at java.base/java.util.concurrent.CompletableFuture.wrapInExecutionException(CompletableFuture.java:345)
	at java.base/java.util.concurrent.CompletableFuture.reportGet(CompletableFuture.java:440)
	at java.base/java.util.concurrent.CompletableFuture.get(CompletableFuture.java:2094)
	at io.camunda.zeebe.client.impl.ZeebeClientFutureImpl.join(ZeebeClientFutureImpl.java:59)
	... 3 more
Caused by: io.grpc.StatusRuntimeException: DEADLINE_EXCEEDED: Time out between gateway and broker: Request command-api-1 to localhost:26501 timed out in PT2M30S
	at io.grpc.Status.asRuntimeException(Status.java:532)
	at io.grpc.stub.ClientCalls$StreamObserverToCallListenerAdapter.onClose(ClientCalls.java:581)
	at io.grpc.internal.ClientCallImpl.closeObserver(ClientCallImpl.java:566)
	at io.grpc.internal.ClientCallImpl.access$100(ClientCallImpl.java:72)
	at io.grpc.internal.ClientCallImpl$ClientStreamListenerImpl$1StreamClosed.runInternal(ClientCallImpl.java:734)
	at io.grpc.internal.ClientCallImpl$ClientStreamListenerImpl$1StreamClosed.runInContext(ClientCallImpl.java:715)
	at io.grpc.internal.ContextRunnable.run(ContextRunnable.java:37)
	at io.grpc.internal.SerializingExecutor.run(SerializingExecutor.java:133)
	at java.base/java.util.concurrent.ThreadPoolExecutor.runWorker(ThreadPoolExecutor.java:1090)
	at java.base/java.util.concurrent.ThreadPoolExecutor$Worker.run(ThreadPoolExecutor.java:614)
	at java.base/java.lang.Thread.run(Thread.java:1516)

[ERROR] Errors: 
[ERROR]   TMSDDesignProcessTest.case0:91->assertDesignCase:141->run:177 ? ClientStatus Time out between gateway and broker: Request command-api-1 to localhost:26501 timed out in PT2M30S
[ERROR]   TMSDDesignProcessTest.case1:98->assertDesignCase:141->run:177 ? ClientStatus Time out between gateway and broker: Request command-api-1 to localhost:26501 timed out in PT2M30S
[ERROR]   TMSDDesignProcessTest.case2:105->assertDesignCase:141->run:177 ? ClientStatus Time out between gateway and broker: Request command-api-1 to localhost:26501 timed out in PT2M30S
[ERROR]   TMSDDesignProcessTest.case3:112->assertDesignCase:141->run:177 ? ClientStatus Time out between gateway and broker: Request command-api-1 to localhost:26501 timed out in PT2M30S
[ERROR]   TMSDDesignProcessTest.case4:119->assertDesignCase:141->run:177 ? ClientStatus Time out between gateway and broker: Request command-api-1 to localhost:26501 timed out in PT2M30S
[ERROR]   TMSDDesignProcessTest.case5:126->assertDesignCase:141->run:177 ? ClientStatus Time out between gateway and broker: Request command-api-1 to localhost:26501 timed out in PT2M30S
[ERROR]   TMSDDesignProcessTest.case6:133->assertDesignCase:141->run:177 ? ClientStatus Time out between gateway and broker: Request command-api-1 to localhost:26501 timed out in PT2M30S
[ERROR] Tests run: 7, Failures: 0, Errors: 7, Skipped: 0
[ERROR] Failed to execute goal org.apache.maven.plugins:maven-surefire-plugin:3.5.6:test (default-test) on project OntologyFramework: 
[ERROR] 
[ERROR] See D:\work\Ontology\GoldenWind\OntologyMachine\OntologyFramework\target\surefire-reports for the individual test results.
[ERROR] See dump files (if any exist) [date].dump, [date]-jvmRun[N].dump and [date].dumpstream.
[ERROR] -> [Help 1]
[ERROR] 
[ERROR] To see the full stack trace of the errors, re-run Maven with the -e switch.
[ERROR] Re-run Maven using the -X switch to enable full debug logging.
[ERROR] 
[ERROR] For more information about the errors and possible solutions, please read the following articles:
[ERROR] [Help 1] http://cwiki.apache.org/confluence/display/MAVEN/MojoFailureException
