SLF4J(W): Class path contains multiple SLF4J providers.
SLF4J(W): Found provider [ch.qos.logback.classic.spi.LogbackServiceProvider@55322aab]
SLF4J(W): Found provider [org.apache.logging.slf4j.SLF4JServiceProvider@2b4c1d96]
SLF4J(W): Found provider [org.slf4j.simple.SimpleServiceProvider@45fd9a4d]
SLF4J(W): See https://www.slf4j.org/codes.html#multiple_bindings for an explanation.
SLF4J(I): Actual provider is of type [ch.qos.logback.classic.spi.LogbackServiceProvider@55322aab]
WARNING: A terminally deprecated method in sun.misc.Unsafe has been called
WARNING: sun.misc.Unsafe::arrayBaseOffset has been called by org.agrona.UnsafeAccess (file:/C:/Users/ocean/.m2/repository/org/agrona/agrona/1.23.1/agrona-1.23.1.jar)
WARNING: Please consider reporting this to the maintainers of class org.agrona.UnsafeAccess
WARNING: sun.misc.Unsafe::arrayBaseOffset will be removed in a future release
23:41:08.663 [main] INFO io.camunda.zeebe.process.test.engine.EngineFactory -- Obtained free port for Zeebe in-memory engine from ephemeral range: 50635
23:41:09.159 [zb-actors-12] INFO io.camunda.zeebe.logstreams -- Recovered state of partition 1 from snapshot at position -1
23:41:09.884 [zb-actors-12] INFO io.camunda.zeebe.processor -- Processor starts replay of events. [snapshot-position: -1, replay-mode: PROCESSING]
23:41:09.886 [zb-actors-12] INFO io.camunda.zeebe.processor -- Processor finished replay, with [lastProcessedPosition: -1, lastWrittenPosition: -1]
23:41:10.171 [main] WARN io.camunda.zeebe.client.impl.ZeebeClientImpl -- ZeebeClient is deprecated and will be removed in version 8.10. Please migrate to io.camunda.client.CamundaClient.
23:41:11.379 [pool-3-thread-1] INFO com.ocean.ontologyframework.tmsd.TowerExcelReader -- 读取塔架几何：6 段 / 7 法兰 / 61 筒节行（TowerGeoInput_10563080_HH130m_6段_中径4.95m_GWH182-7.5_外置_锚栓式__主体434t-20251103-2025-11-06-11-24-50.xlsx）
23:41:11.538 [pool-3-thread-1] INFO com.ocean.ontologyframework.tmsd.TowerExcelReader -- 读取项目布局：中间段 5 列 / 下段 30 项 / 顶段 24 项（项目布局表.xlsx）
23:41:12.183 [main] INFO io.camunda.zeebe.process.test.engine.EngineFactory -- Obtained free port for Zeebe in-memory engine from ephemeral range: 50650
23:41:12.196 [zb-actors-5] INFO io.camunda.zeebe.logstreams -- Recovered state of partition 1 from snapshot at position -1
23:41:12.215 [zb-actors-5] INFO io.camunda.zeebe.processor -- Processor starts replay of events. [snapshot-position: -1, replay-mode: PROCESSING]
23:41:12.215 [zb-actors-5] INFO io.camunda.zeebe.processor -- Processor finished replay, with [lastProcessedPosition: -1, lastWrittenPosition: -1]
23:41:12.410 [pool-5-thread-1] INFO com.ocean.ontologyframework.tmsd.TowerExcelReader -- 读取塔架几何：6 段 / 7 法兰 / 61 筒节行（TowerGeoInput_10563080_HH130m_6段_中径4.95m_GWH182-7.5_外置_锚栓式__主体434t-20251103-2025-11-06-11-24-50.xlsx）
23:41:12.483 [pool-5-thread-1] INFO com.ocean.ontologyframework.tmsd.TowerExcelReader -- 读取项目布局：中间段 5 列 / 下段 30 项 / 顶段 24 项（项目布局表.xlsx）
