SLF4J(W): Class path contains multiple SLF4J providers.
SLF4J(W): Found provider [ch.qos.logback.classic.spi.LogbackServiceProvider@6b5894c8]
SLF4J(W): Found provider [org.apache.logging.slf4j.SLF4JServiceProvider@1433046b]
SLF4J(W): Found provider [org.slf4j.simple.SimpleServiceProvider@3f446bef]
SLF4J(W): See https://www.slf4j.org/codes.html#multiple_bindings for an explanation.
SLF4J(I): Actual provider is of type [ch.qos.logback.classic.spi.LogbackServiceProvider@6b5894c8]
23:39:59.776 [main] INFO com.ocean.ontologyframework.tmsd.TowerExcelReader -- 读取塔架几何：6 段 / 7 法兰 / 61 筒节行（TowerGeoInput_10563080_HH130m_6段_中径4.95m_GWH182-7.5_外置_锚栓式__主体434t-20251103-2025-11-06-11-24-50.xlsx）
23:39:59.913 [main] INFO com.ocean.ontologyframework.tmsd.TowerExcelReader -- 读取项目布局：中间段 5 列 / 下段 30 项 / 顶段 24 项（项目布局表.xlsx）
  第2段 secH=18480.0 platH=17230.0 courses=9 welds=[215, 2800, 5600, 8400, 11200, 14000, 16680, 18305, 18480]
     →1960 n=0 spacing=NaN lastToPlat=NaN minWeld=NaN
     →1680 n=0 spacing=NaN lastToPlat=NaN minWeld=NaN
  第3段 secH=19600.0 platH=18350.0 courses=9 welds=[175, 2800, 5600, 8400, 11200, 14000, 16800, 19455, 19600]
     →1960 n=0 spacing=NaN lastToPlat=NaN minWeld=NaN
     →1680 n=0 spacing=NaN lastToPlat=NaN minWeld=NaN
  第4段 secH=24920.0 platH=23670.0 courses=11 welds=[145, 2800, 5600, 8400, 11200, 14000, 16800, 19600, 22400, 24800, 24920]
     →1960 n=0 spacing=NaN lastToPlat=NaN minWeld=NaN
     →1680 n=0 spacing=NaN lastToPlat=NaN minWeld=NaN
  第5段 secH=24640.0 platH=23390.0 courses=11 welds=[120, 2800, 5600, 8400, 11200, 14000, 16800, 19600, 22400, 24530, 24640]
     →1960 n=0 spacing=NaN lastToPlat=NaN minWeld=NaN
     →1680 n=0 spacing=NaN lastToPlat=NaN minWeld=NaN
23:40:00.079 [main] INFO com.ocean.ontologyframework.tmsd.TowerExcelReader -- 读取塔架几何：6 段 / 7 法兰 / 61 筒节行（TowerGeoInput_10563080_HH130m_6段_中径4.95m_GWH182-7.5_外置_锚栓式__主体434t-20251103-2025-11-06-11-24-50.xlsx）
23:40:00.162 [main] INFO com.ocean.ontologyframework.tmsd.TowerExcelReader -- 读取项目布局：中间段 5 列 / 下段 30 项 / 顶段 24 项（项目布局表.xlsx）
================================================================
用例：正向用例-V12
满足约束方案数：2 / 2
  ? 间距优先·趋近 1960mm 第4段[附件0 间距NaN 扶持7990.0 灯3] 第5段[附件0 间距NaN 扶持12190.0 灯3] 第2段[附件0 间距NaN 扶持10790.0 灯2] 第3段[附件0 间距NaN 扶持11000.0 灯2]
  ? 间距优先·趋近 1680mm 第4段[附件0 间距NaN 扶持7990.0 灯3] 第5段[附件0 间距NaN 扶持12190.0 灯3] 第2段[附件0 间距NaN 扶持10790.0 灯2] 第3段[附件0 间距NaN 扶持11000.0 灯2]
