[INFO] Scanning for projects...
[INFO] 
[INFO] --------------------< com.ocean:OntologyFramework >---------------------
[INFO] Building OntologyFramework 0.0.1-SNAPSHOT
[INFO]   from pom.xml
[INFO] --------------------------------[ jar ]---------------------------------
[WARNING] The artifact io.camunda:spring-boot-starter-camunda-sdk:jar:8.9.6 has been relocated to io.camunda:camunda-spring-boot-starter:jar:8.9.6: The artifact 'spring-boot-starter-camunda-sdk' has been relocated to 'camunda-spring-boot-starter'.
        Note: Relocation for 'spring-boot-starter-camunda-sdk' will be removed starting from the 8.10 release.
        Please update your dependencies to use 'camunda-spring-boot-starter' to avoid build issues.
[INFO] 
[INFO] --- resources:3.5.0:resources (default-resources) @ OntologyFramework ---
[INFO] Copying 2 resources from src\main\resources to target\classes
[INFO] Copying 1 resource from src\main\resources to target\classes
[INFO] 
[INFO] --- compiler:3.15.0:compile (default-compile) @ OntologyFramework ---
[INFO] Nothing to compile - all classes are up to date.
[INFO] 
[INFO] --- resources:3.5.0:testResources (default-testResources) @ OntologyFramework ---
[INFO] Copying 0 resource from src\test\resources to target\test-classes
[INFO] 
[INFO] --- compiler:3.15.0:testCompile (default-testCompile) @ OntologyFramework ---
[INFO] Nothing to compile - all classes are up to date.
[INFO] 
[INFO] --- surefire:3.5.6:test (default-test) @ OntologyFramework ---
[INFO] Using auto detected provider org.apache.maven.surefire.junitplatform.JUnitPlatformProvider
[INFO] 
[INFO] -------------------------------------------------------
[INFO]  T E S T S
[INFO] -------------------------------------------------------
[INFO] Running com.ocean.ontologyframework.AllTmsdSuiteTest
[INFO] Running com.ocean.ontologyframework.TMSDDesignProcessTest
SLF4J(W): Class path contains multiple SLF4J providers.
SLF4J(W): Found provider [ch.qos.logback.classic.spi.LogbackServiceProvider@5339bbad]
SLF4J(W): Found provider [org.apache.logging.slf4j.SLF4JServiceProvider@3935e9a8]
SLF4J(W): Found provider [org.slf4j.simple.SimpleServiceProvider@288a4658]
SLF4J(W): See https://www.slf4j.org/codes.html#multiple_bindings for an explanation.
SLF4J(I): Actual provider is of type [ch.qos.logback.classic.spi.LogbackServiceProvider@5339bbad]
? Deploying TMSD BPMN from: ontology/bpmn/TowerMidDesign.bpmn
20:38:52.301 [main] WARN io.camunda.zeebe.client.impl.ZeebeClientImpl -- ZeebeClient is deprecated and will be removed in version 8.10. Please migrate to io.camunda.client.CamundaClient.
WARNING: A terminally deprecated method in sun.misc.Unsafe has been called
WARNING: sun.misc.Unsafe::arrayBaseOffset has been called by com.google.protobuf.UnsafeUtil (file:/C:/Users/ocean/.m2/repository/com/google/protobuf/protobuf-java/4.34.2/protobuf-java-4.34.2.jar)
WARNING: Please consider reporting this to the maintainers of class com.google.protobuf.UnsafeUtil
WARNING: sun.misc.Unsafe::arrayBaseOffset will be removed in a future release
? 流程已部署，version=4

===== 样例0-正向设计 =====
机型：V12 / 升降机：钢绳导向 / 区域：中国 / 连接：焊接式
中段：[2, 3, 4, 5]
满足方案数：1 / 1，否决：0
推荐方案：间距取大·数量最少
本体一致：true
输出文件数：13
   本体校验：[第4段：注入 328 条 ABox 公理，Openllet 一致性判定=一致（满足全部 Restriction）, 第5段：注入 328 条 ABox 公理，Openllet 一致性判定=一致（满足全部 Restriction）, 第2段：注入 245 条 ABox 公理，Openllet 一致性判定=一致（满足全部 Restriction）, 第3段：注入 255 条 ABox 公理，Openllet 一致性判定=一致（满足全部 Restriction）]

===== 样例1-正向设计 =====
机型：V15 / 升降机：钢绳导向 / 区域：中国 / 连接：焊接式
中段：[2, 3, 4, 5]
满足方案数：1 / 1，否决：0
推荐方案：间距取大·数量最少
本体一致：true
输出文件数：13
   本体校验：[第4段：注入 328 条 ABox 公理，Openllet 一致性判定=一致（满足全部 Restriction）, 第5段：注入 328 条 ABox 公理，Openllet 一致性判定=一致（满足全部 Restriction）, 第2段：注入 245 条 ABox 公理，Openllet 一致性判定=一致（满足全部 Restriction）, 第3段：注入 255 条 ABox 公理，Openllet 一致性判定=一致（满足全部 Restriction）]

===== 样例2-正向设计 =====
机型：V17 / 升降机：钢绳导向 / 区域：中国 / 连接：焊接式
中段：[2, 3, 4, 5]
满足方案数：1 / 1，否决：0
推荐方案：间距取大·数量最少
本体一致：true
输出文件数：13
   本体校验：[第4段：注入 328 条 ABox 公理，Openllet 一致性判定=一致（满足全部 Restriction）, 第5段：注入 328 条 ABox 公理，Openllet 一致性判定=一致（满足全部 Restriction）, 第2段：注入 245 条 ABox 公理，Openllet 一致性判定=一致（满足全部 Restriction）, 第3段：注入 255 条 ABox 公理，Openllet 一致性判定=一致（满足全部 Restriction）]

===== 样例3-正向设计 =====
机型：V19 / 升降机：钢绳导向 / 区域：中国 / 连接：焊接式
中段：[2, 3, 4, 5]
满足方案数：1 / 1，否决：0
推荐方案：间距取大·数量最少
本体一致：true
输出文件数：13
   本体校验：[第4段：注入 328 条 ABox 公理，Openllet 一致性判定=一致（满足全部 Restriction）, 第5段：注入 328 条 ABox 公理，Openllet 一致性判定=一致（满足全部 Restriction）, 第2段：注入 245 条 ABox 公理，Openllet 一致性判定=一致（满足全部 Restriction）, 第3段：注入 255 条 ABox 公理，Openllet 一致性判定=一致（满足全部 Restriction）]

===== 样例4-正向设计 =====
机型：V12 / 升降机：钢绳导向 / 区域：中国 / 连接：焊接式
中段：[2, 3, 4, 5]
满足方案数：1 / 1，否决：0
推荐方案：间距取大·数量最少
本体一致：true
输出文件数：13
   本体校验：[第4段：注入 328 条 ABox 公理，Openllet 一致性判定=一致（满足全部 Restriction）, 第5段：注入 328 条 ABox 公理，Openllet 一致性判定=一致（满足全部 Restriction）, 第2段：注入 245 条 ABox 公理，Openllet 一致性判定=一致（满足全部 Restriction）, 第3段：注入 255 条 ABox 公理，Openllet 一致性判定=一致（满足全部 Restriction）]

===== 样例5-正向设计 =====
机型：V15 / 升降机：钢绳导向 / 区域：中国 / 连接：焊接式
中段：[2, 3, 4, 5]
满足方案数：1 / 1，否决：0
推荐方案：间距取大·数量最少
本体一致：true
输出文件数：13
   本体校验：[第4段：注入 328 条 ABox 公理，Openllet 一致性判定=一致（满足全部 Restriction）, 第5段：注入 328 条 ABox 公理，Openllet 一致性判定=一致（满足全部 Restriction）, 第2段：注入 245 条 ABox 公理，Openllet 一致性判定=一致（满足全部 Restriction）, 第3段：注入 255 条 ABox 公理，Openllet 一致性判定=一致（满足全部 Restriction）]

===== 样例6-正向设计 =====
机型：V17 / 升降机：钢绳导向 / 区域：中国 / 连接：焊接式
中段：[2, 3, 4, 5]
满足方案数：1 / 1，否决：0
推荐方案：间距取大·数量最少
本体一致：true
输出文件数：13
   本体校验：[第4段：注入 328 条 ABox 公理，Openllet 一致性判定=一致（满足全部 Restriction）, 第5段：注入 328 条 ABox 公理，Openllet 一致性判定=一致（满足全部 Restriction）, 第2段：注入 245 条 ABox 公理，Openllet 一致性判定=一致（满足全部 Restriction）, 第3段：注入 255 条 ABox 公理，Openllet 一致性判定=一致（满足全部 Restriction）]
[INFO] Tests run: 7, Failures: 0, Errors: 0, Skipped: 0, Time elapsed: 10.94 s -- in com.ocean.ontologyframework.TMSDDesignProcessTest
[INFO] Running com.ocean.ontologyframework.tmsd.TMSDProcessTest
20:39:02.824 [main] INFO io.camunda.zeebe.process.test.engine.EngineFactory -- Obtained free port for Zeebe in-memory engine from ephemeral range: 54544
20:39:03.118 [zb-actors-4] INFO io.camunda.zeebe.logstreams -- Recovered state of partition 1 from snapshot at position -1
20:39:03.915 [zb-actors-4] INFO io.camunda.zeebe.processor -- Processor starts replay of events. [snapshot-position: -1, replay-mode: PROCESSING]
20:39:03.916 [zb-actors-4] INFO io.camunda.zeebe.processor -- Processor finished replay, with [lastProcessedPosition: -1, lastWrittenPosition: -1]
20:39:05.428 [pool-4-thread-1] INFO com.ocean.ontologyframework.tmsd.TowerExcelReader -- 读取塔架几何：6 段 / 7 法兰 / 61 筒节行（TowerGeoInput_10563080_HH130m_6段_中径4.95m_GWH182-7.5_外置_锚栓式__主体434t-20251103-2025-11-06-11-24-50.xlsx）
20:39:05.593 [pool-4-thread-1] INFO com.ocean.ontologyframework.tmsd.TowerExcelReader -- 读取项目布局：中间段 5 列 / 下段 30 项 / 顶段 24 项（项目布局表.xlsx）
20:39:06.189 [main] INFO io.camunda.zeebe.process.test.engine.EngineFactory -- Obtained free port for Zeebe in-memory engine from ephemeral range: 54557
20:39:06.195 [zb-actors-0] INFO io.camunda.zeebe.logstreams -- Recovered state of partition 1 from snapshot at position -1
20:39:06.216 [zb-actors-0] INFO io.camunda.zeebe.processor -- Processor starts replay of events. [snapshot-position: -1, replay-mode: PROCESSING]
20:39:06.216 [zb-actors-0] INFO io.camunda.zeebe.processor -- Processor finished replay, with [lastProcessedPosition: -1, lastWrittenPosition: -1]
20:39:06.465 [pool-6-thread-1] INFO com.ocean.ontologyframework.tmsd.TowerExcelReader -- 读取塔架几何：6 段 / 7 法兰 / 61 筒节行（TowerGeoInput_10563080_HH130m_6段_中径4.95m_GWH182-7.5_外置_锚栓式__主体434t-20251103-2025-11-06-11-24-50.xlsx）
20:39:06.597 [pool-6-thread-1] INFO com.ocean.ontologyframework.tmsd.TowerExcelReader -- 读取项目布局：中间段 5 列 / 下段 30 项 / 顶段 24 项（项目布局表.xlsx）
[INFO] Tests run: 2, Failures: 0, Errors: 0, Skipped: 0, Time elapsed: 4.684 s -- in com.ocean.ontologyframework.tmsd.TMSDProcessTest
[INFO] Running com.ocean.ontologyframework.tmsd.TMSDDesignPipelineTest
20:39:07.113 [main] INFO com.ocean.ontologyframework.tmsd.TowerExcelReader -- 读取塔架几何：6 段 / 7 法兰 / 61 筒节行（TowerGeoInput_10563080_HH130m_6段_中径4.95m_GWH182-7.5_外置_锚栓式__主体434t-20251103-2025-11-06-11-24-50.xlsx）
20:39:07.194 [main] INFO com.ocean.ontologyframework.tmsd.TowerExcelReader -- 读取项目布局：中间段 5 列 / 下段 30 项 / 顶段 24 项（项目布局表.xlsx）
================================================================
用例：正向用例-V12
满足约束方案数：1 / 1
  ? 间距取大·数量最少 第2段[附件9 间距1820.0 扶持10790.0 灯2] 第5段[附件13 间距1750.0 扶持12190.0 灯3] 第4段[附件13 间距1820.0 扶持7990.0 灯3] 第3段[附件10 间距1835.6 扶持11000.0 灯2]
[INFO] Tests run: 4, Failures: 0, Errors: 0, Skipped: 0, Time elapsed: 0.215 s -- in com.ocean.ontologyframework.tmsd.TMSDDesignPipelineTest
[INFO] Running com.ocean.ontologyframework.tmsd.TmsdOntologyLoadTest
[INFO] Tests run: 7, Failures: 0, Errors: 0, Skipped: 0, Time elapsed: 0.296 s -- in com.ocean.ontologyframework.tmsd.TmsdOntologyLoadTest
[INFO] Running com.ocean.ontologyframework.tmsd.TmsdDebugTest
20:39:07.599 [main] INFO com.ocean.ontologyframework.tmsd.TowerExcelReader -- 读取塔架几何：6 段 / 7 法兰 / 61 筒节行（TowerGeoInput_10563080_HH130m_6段_中径4.95m_GWH182-7.5_外置_锚栓式__主体434t-20251103-2025-11-06-11-24-50.xlsx）
20:39:07.661 [main] INFO com.ocean.ontologyframework.tmsd.TowerExcelReader -- 读取项目布局：中间段 5 列 / 下段 30 项 / 顶段 24 项（项目布局表.xlsx）
  第2段 secH=18480.0 platH=17230.0 courses=9 welds=[215, 2800, 5600, 8400, 11200, 14000, 16680, 18305]
     →贪心取大 n=9 spacing=1820.0 lastToPlat=1690.0 minWeld=377.5 heights=[980.0, 2380.0, 4340.0, 6300.0, 7980.0, 9940.0, 11900.0, 13580.0, 15540.0]
  第3段 secH=19600.0 platH=18350.0 courses=9 welds=[175, 2800, 5600, 8400, 11200, 14000, 16800, 19455]
     →贪心取大 n=10 spacing=1835.6 lastToPlat=850.0 minWeld=377.5 heights=[980.0, 2380.0, 4340.0, 6300.0, 7980.0, 9940.0, 11900.0, 13580.0, 15540.0, 17500.0]
  第4段 secH=24920.0 platH=23670.0 courses=11 welds=[145, 2800, 5600, 8400, 11200, 14000, 16800, 19600, 22400, 24800]
     →贪心取大 n=13 spacing=1820.0 lastToPlat=850.0 minWeld=377.5 heights=[980.0, 2380.0, 4340.0, 6300.0, 7980.0, 9940.0, 11900.0, 13580.0, 15540.0, 17500.0, 19180.0, 21140.0, 22820.0]
  第5段 secH=24640.0 platH=23390.0 courses=11 welds=[120, 2800, 5600, 8400, 11200, 14000, 16800, 19600, 22400, 24530]
     →贪心取大 n=13 spacing=1750.0 lastToPlat=1410.0 minWeld=377.5 heights=[980.0, 2380.0, 4340.0, 6300.0, 7980.0, 9940.0, 11900.0, 13580.0, 15540.0, 17500.0, 19180.0, 20580.0, 21980.0]
[INFO] Tests run: 1, Failures: 0, Errors: 0, Skipped: 0, Time elapsed: 0.152 s -- in com.ocean.ontologyframework.tmsd.TmsdDebugTest
[INFO] Running com.ocean.ontologyframework.tmsd.TmsdRenderDumpTest
20:39:07.750 [main] INFO com.ocean.ontologyframework.tmsd.TowerExcelReader -- 读取塔架几何：6 段 / 7 法兰 / 61 筒节行（TowerGeoInput_10563080_HH130m_6段_中径4.95m_GWH182-7.5_外置_锚栓式__主体434t-20251103-2025-11-06-11-24-50.xlsx）
20:39:07.802 [main] INFO com.ocean.ontologyframework.tmsd.TowerExcelReader -- 读取项目布局：中间段 5 列 / 下段 30 项 / 顶段 24 项（项目布局表.xlsx）
WROTE D:\work\Ontology\GoldenWind\HWCodeArtsDir\tmsd-new2\用例0\项目法兰尺寸_骨架关系式\连接法兰\底法兰关系式.txt
WROTE D:\work\Ontology\GoldenWind\HWCodeArtsDir\tmsd-new2\用例0\项目法兰尺寸_骨架关系式\第1段\第1段筒体信息关系式.txt
WROTE D:\work\Ontology\GoldenWind\HWCodeArtsDir\tmsd-new2\用例0\项目法兰尺寸_骨架关系式\第2段\第2段筒体信息关系式.txt
WROTE D:\work\Ontology\GoldenWind\HWCodeArtsDir\tmsd-new2\用例0\项目法兰尺寸_骨架关系式\第2段\第2段附件信息关系式.txt
WROTE D:\work\Ontology\GoldenWind\HWCodeArtsDir\tmsd-new2\用例0\项目法兰尺寸_骨架关系式\连接法兰\连接法兰1关系式.txt
WROTE D:\work\Ontology\GoldenWind\HWCodeArtsDir\tmsd-new2\用例0\项目法兰尺寸_骨架关系式\第3段\第3段筒体信息关系式.txt
WROTE D:\work\Ontology\GoldenWind\HWCodeArtsDir\tmsd-new2\用例0\项目法兰尺寸_骨架关系式\第3段\第3段附件信息关系式.txt
WROTE D:\work\Ontology\GoldenWind\HWCodeArtsDir\tmsd-new2\用例0\项目法兰尺寸_骨架关系式\连接法兰\连接法兰2关系式.txt
WROTE D:\work\Ontology\GoldenWind\HWCodeArtsDir\tmsd-new2\用例0\项目法兰尺寸_骨架关系式\第4段\第4段筒体信息关系式.txt
WROTE D:\work\Ontology\GoldenWind\HWCodeArtsDir\tmsd-new2\用例0\项目法兰尺寸_骨架关系式\第4段\第4段附件信息关系式.txt
WROTE D:\work\Ontology\GoldenWind\HWCodeArtsDir\tmsd-new2\用例0\项目法兰尺寸_骨架关系式\连接法兰\连接法兰3关系式.txt
WROTE D:\work\Ontology\GoldenWind\HWCodeArtsDir\tmsd-new2\用例0\项目法兰尺寸_骨架关系式\第5段\第5段筒体信息关系式.txt
WROTE D:\work\Ontology\GoldenWind\HWCodeArtsDir\tmsd-new2\用例0\项目法兰尺寸_骨架关系式\第5段\第5段附件信息关系式.txt
WROTE D:\work\Ontology\GoldenWind\HWCodeArtsDir\tmsd-new2\用例0\项目法兰尺寸_骨架关系式\连接法兰\连接法兰4关系式.txt
WROTE D:\work\Ontology\GoldenWind\HWCodeArtsDir\tmsd-new2\用例0\项目法兰尺寸_骨架关系式\顶段\顶段筒体信息关系式.txt
WROTE D:\work\Ontology\GoldenWind\HWCodeArtsDir\tmsd-new2\用例0\项目法兰尺寸_骨架关系式\连接法兰\连接法兰5关系式.txt
WROTE D:\work\Ontology\GoldenWind\HWCodeArtsDir\tmsd-new2\用例0\极限法兰尺寸_骨架关系式\连接法兰\底法兰关系式.txt
WROTE D:\work\Ontology\GoldenWind\HWCodeArtsDir\tmsd-new2\用例0\极限法兰尺寸_骨架关系式\第1段\第1段筒体信息关系式.txt
WROTE D:\work\Ontology\GoldenWind\HWCodeArtsDir\tmsd-new2\用例0\极限法兰尺寸_骨架关系式\第2段\第2段筒体信息关系式.txt
WROTE D:\work\Ontology\GoldenWind\HWCodeArtsDir\tmsd-new2\用例0\极限法兰尺寸_骨架关系式\第2段\第2段附件信息关系式.txt
WROTE D:\work\Ontology\GoldenWind\HWCodeArtsDir\tmsd-new2\用例0\极限法兰尺寸_骨架关系式\连接法兰\连接法兰1关系式.txt
WROTE D:\work\Ontology\GoldenWind\HWCodeArtsDir\tmsd-new2\用例0\极限法兰尺寸_骨架关系式\第3段\第3段筒体信息关系式.txt
WROTE D:\work\Ontology\GoldenWind\HWCodeArtsDir\tmsd-new2\用例0\极限法兰尺寸_骨架关系式\第3段\第3段附件信息关系式.txt
WROTE D:\work\Ontology\GoldenWind\HWCodeArtsDir\tmsd-new2\用例0\极限法兰尺寸_骨架关系式\连接法兰\连接法兰2关系式.txt
WROTE D:\work\Ontology\GoldenWind\HWCodeArtsDir\tmsd-new2\用例0\极限法兰尺寸_骨架关系式\第4段\第4段筒体信息关系式.txt
WROTE D:\work\Ontology\GoldenWind\HWCodeArtsDir\tmsd-new2\用例0\极限法兰尺寸_骨架关系式\第4段\第4段附件信息关系式.txt
WROTE D:\work\Ontology\GoldenWind\HWCodeArtsDir\tmsd-new2\用例0\极限法兰尺寸_骨架关系式\连接法兰\连接法兰3关系式.txt
WROTE D:\work\Ontology\GoldenWind\HWCodeArtsDir\tmsd-new2\用例0\极限法兰尺寸_骨架关系式\第5段\第5段筒体信息关系式.txt
WROTE D:\work\Ontology\GoldenWind\HWCodeArtsDir\tmsd-new2\用例0\极限法兰尺寸_骨架关系式\第5段\第5段附件信息关系式.txt
WROTE D:\work\Ontology\GoldenWind\HWCodeArtsDir\tmsd-new2\用例0\极限法兰尺寸_骨架关系式\连接法兰\连接法兰4关系式.txt
WROTE D:\work\Ontology\GoldenWind\HWCodeArtsDir\tmsd-new2\用例0\极限法兰尺寸_骨架关系式\顶段\顶段筒体信息关系式.txt
WROTE D:\work\Ontology\GoldenWind\HWCodeArtsDir\tmsd-new2\用例0\极限法兰尺寸_骨架关系式\连接法兰\连接法兰5关系式.txt
WROTE D:\work\Ontology\GoldenWind\HWCodeArtsDir\tmsd-new2\用例0\用例0-方案对比报告.md
[INFO] Tests run: 1, Failures: 0, Errors: 0, Skipped: 0, Time elapsed: 0.154 s -- in com.ocean.ontologyframework.tmsd.TmsdRenderDumpTest
[INFO] Running com.ocean.ontologyframework.tmsd.TMSDForwardRulesTest
[INFO] Tests run: 5, Failures: 0, Errors: 0, Skipped: 0, Time elapsed: 0.040 s -- in com.ocean.ontologyframework.tmsd.TMSDForwardRulesTest
[INFO] Tests run: 0, Failures: 0, Errors: 0, Skipped: 0, Time elapsed: 16.57 s -- in com.ocean.ontologyframework.AllTmsdSuiteTest
[INFO] 
[INFO] Results:
[INFO] 
[INFO] Tests run: 27, Failures: 0, Errors: 0, Skipped: 0
[INFO] 
[INFO] ------------------------------------------------------------------------
[INFO] BUILD SUCCESS
[INFO] ------------------------------------------------------------------------
[INFO] Total time:  22.428 s
[INFO] Finished at: 2026-09-30T20:39:08+08:00
[INFO] ------------------------------------------------------------------------
