==================================================
 [START] 开始初始化本体环境服务（按 application.yaml 配置启停 RabbitMQ/Ontop/Camunda） 
==================================================
[INFO] 已加载配置: D:\work\Ontology\GoldenWind\OntologyMachine\OntologyFrameworkTCM\src\main\resources\application.yaml
[INFO] 模块根目录: D:\work\Ontology\GoldenWind\OntologyMachine\OntologyFrameworkTCM
[STOP] Camunda: 执行 c8run.exe stop ...
       [OK] Camunda 停止指令已发送
[STOP] Ontop: 查找并终止进程树 ...
       [INFO] 未发现运行中的 Ontop 进程
[SKIP] RabbitMQ: 未定义 env-prepare.rabbitmq，跳过停止。
[SKIP] RabbitMQ: 未定义 env-prepare.rabbitmq，跳过启动。
       Properties: file:///D:/work/Ontology/GoldenWind/OntologyMachine/OntologyFrameworkTCM/ontology/database/fangji-yaowu.properties
       Mapping:    file:///D:/work/Ontology/GoldenWind/OntologyMachine/OntologyFrameworkTCM/ontology/database/fangji-yaowu.obda
       Ontology:   file:///D:/work/Ontology/GoldenWind/OntologyMachine/OntologyFrameworkTCM/ontology/tcm-all.owl
       Catalog:    D:\work\Ontology\GoldenWind\OntologyMachine\OntologyFrameworkTCM\ontology\catalog-v001.xml
[START] Ontop: D:\work\Ontology\ontop-cli-5.5.0\ontop.bat endpoint --properties file:///D:/work/Ontology/GoldenWind/OntologyMachine/OntologyFrameworkTCM/ontology/database/fangji-yaowu.properties --xml-catalog D:\work\Ontology\GoldenWind\OntologyMachine\OntologyFrameworkTCM\ontology\catalog-v001.xml -m file:///D:/work/Ontology/GoldenWind/OntologyMachine/OntologyFrameworkTCM/ontology/database/fangji-yaowu.obda -t file:///D:/work/Ontology/GoldenWind/OntologyMachine/OntologyFrameworkTCM/ontology/tcm-all.owl
       [OK] Ontop 已启动 (PID=988)
       日志输出: D:\work\Ontology\GoldenWind\OntologyMachine\OntologyFrameworkTCM\logs\ontop.log
[START] Camunda: D:\work\Ontology\c8run-8.9.6\c8run.exe start --port 9080
       [OK] Camunda 已启动 (PID=12180)
       日志输出: D:\work\Ontology\GoldenWind\OntologyMachine\OntologyFrameworkTCM\logs\camunda.log

==================================================
 [OK] 环境服务处理完成（按配置启动的服务已就绪）。
 [INFO] MySQL 请另行运行 EnvPrepare createdb 初始化（含删旧建库建表 + 灌数）。
 [INFO] 统一日志目录: D:\work\Ontology\GoldenWind\OntologyMachine\OntologyFrameworkTCM\logs
 [INFO] 按 Ctrl+C 停止所有服务并退出。
==================================================

