[INFO] Scanning for projects...
[INFO] 
[INFO] ------------------< com.ocean:OntologyFrameworkTMSD >-------------------
[INFO] Building OntologyFrameworkTMSD 0.0.1-SNAPSHOT
[INFO]   from pom.xml
[INFO] --------------------------------[ jar ]---------------------------------
[WARNING] The artifact io.camunda:spring-boot-starter-camunda-sdk:jar:8.9.6 has been relocated to io.camunda:camunda-spring-boot-starter:jar:8.9.6: The artifact 'spring-boot-starter-camunda-sdk' has been relocated to 'camunda-spring-boot-starter'.
        Note: Relocation for 'spring-boot-starter-camunda-sdk' will be removed starting from the 8.10 release.
        Please update your dependencies to use 'camunda-spring-boot-starter' to avoid build issues.
[INFO] 
[INFO] --- resources:3.5.0:resources (default-resources) @ OntologyFrameworkTMSD ---
[INFO] Copying 2 resources from src\main\resources to target\classes
[INFO] Copying 1 resource from src\main\resources to target\classes
[INFO] 
[INFO] --- compiler:3.15.0:compile (default-compile) @ OntologyFrameworkTMSD ---
[INFO] Nothing to compile - all classes are up to date.
[INFO] 
[INFO] --- resources:3.5.0:testResources (default-testResources) @ OntologyFrameworkTMSD ---
[INFO] Copying 0 resource from src\test\resources to target\test-classes
[INFO] 
[INFO] --- compiler:3.15.0:testCompile (default-testCompile) @ OntologyFrameworkTMSD ---
[INFO] Nothing to compile - all classes are up to date.
[INFO] 
[INFO] --- surefire:3.5.6:test (default-test) @ OntologyFrameworkTMSD ---
[INFO] Using auto detected provider org.apache.maven.surefire.junitplatform.JUnitPlatformProvider
[INFO] 
[INFO] -------------------------------------------------------
[INFO]  T E S T S
[INFO] -------------------------------------------------------
[INFO] Running com.ocean.ontologyframework.tmsd.TmsdDebugTest
SLF4J(W): Class path contains multiple SLF4J providers.
SLF4J(W): Found provider [ch.qos.logback.classic.spi.LogbackServiceProvider@5049d8b2]
SLF4J(W): Found provider [org.apache.logging.slf4j.SLF4JServiceProvider@6d0b5baf]
SLF4J(W): Found provider [org.slf4j.simple.SimpleServiceProvider@631e06ab]
SLF4J(W): See https://www.slf4j.org/codes.html#multiple_bindings for an explanation.
SLF4J(I): Actual provider is of type [ch.qos.logback.classic.spi.LogbackServiceProvider@5049d8b2]
23:32:21.624 [main] INFO com.ocean.ontologyframework.tmsd.TowerExcelReader -- 读取塔架几何：6 段 / 7 法兰 / 61 筒节行（TowerGeoInput_10563080_HH130m_6段_中径4.95m_GWH182-7.5_外置_锚栓式__主体434t-20251103-2025-11-06-11-24-50.xlsx）
23:32:21.770 [main] INFO com.ocean.ontologyframework.tmsd.TowerExcelReader -- 读取项目布局：中间段 5 列 / 下段 30 项 / 顶段 24 项（项目布局表.xlsx）
  第2段 secH=18480.0 platH=17230.0 courses=9 welds=[215, 2800, 5600, 8400, 11200, 14000, 16680, 18305]
     →贪心取大 n=9 spacing=1820.0 lastToPlat=1690.0 minWeld=377.5 heights=[980.0, 2380.0, 4340.0, 6300.0, 7980.0, 9940.0, 11900.0, 13580.0, 15540.0]
  第3段 secH=19600.0 platH=18350.0 courses=9 welds=[175, 2800, 5600, 8400, 11200, 14000, 16800, 19455]
     →贪心取大 n=10 spacing=1835.6 lastToPlat=850.0 minWeld=377.5 heights=[980.0, 2380.0, 4340.0, 6300.0, 7980.0, 9940.0, 11900.0, 13580.0, 15540.0, 17500.0]
  第4段 secH=24920.0 platH=23670.0 courses=11 welds=[145, 2800, 5600, 8400, 11200, 14000, 16800, 19600, 22400, 24800]
     →贪心取大 n=13 spacing=1820.0 lastToPlat=850.0 minWeld=377.5 heights=[980.0, 2380.0, 4340.0, 6300.0, 7980.0, 9940.0, 11900.0, 13580.0, 15540.0, 17500.0, 19180.0, 21140.0, 22820.0]
  第5段 secH=24640.0 platH=23390.0 courses=11 welds=[120, 2800, 5600, 8400, 11200, 14000, 16800, 19600, 22400, 24530]
     →贪心取大 n=13 spacing=1750.0 lastToPlat=1410.0 minWeld=377.5 heights=[980.0, 2380.0, 4340.0, 6300.0, 7980.0, 9940.0, 11900.0, 13580.0, 15540.0, 17500.0, 19180.0, 20580.0, 21980.0]
[INFO] Tests run: 1, Failures: 0, Errors: 0, Skipped: 0, Time elapsed: 1.372 s -- in com.ocean.ontologyframework.tmsd.TmsdDebugTest
[INFO] Running com.ocean.ontologyframework.tmsd.TMSDDesignPipelineTest
23:32:21.964 [main] INFO com.ocean.ontologyframework.tmsd.TowerExcelReader -- 读取塔架几何：6 段 / 7 法兰 / 61 筒节行（TowerGeoInput_10563080_HH130m_6段_中径4.95m_GWH182-7.5_外置_锚栓式__主体434t-20251103-2025-11-06-11-24-50.xlsx）
23:32:22.042 [main] INFO com.ocean.ontologyframework.tmsd.TowerExcelReader -- 读取项目布局：中间段 5 列 / 下段 30 项 / 顶段 24 项（项目布局表.xlsx）
================================================================
用例：正向用例-V12
满足约束方案数：1 / 1
  ? 间距取大·数量最少 第3段[附件10 间距1835.6 扶持11000.0 灯2] 第2段[附件9 间距1820.0 扶持10790.0 灯2] 第5段[附件13 间距1750.0 扶持12190.0 灯3] 第4段[附件13 间距1820.0 扶持7990.0 灯3]
[INFO] Tests run: 4, Failures: 0, Errors: 0, Skipped: 0, Time elapsed: 0.311 s -- in com.ocean.ontologyframework.tmsd.TMSDDesignPipelineTest
[INFO] Running com.ocean.ontologyframework.tmsd.TMSDForwardRulesTest
[INFO] Tests run: 5, Failures: 0, Errors: 0, Skipped: 0, Time elapsed: 0.039 s -- in com.ocean.ontologyframework.tmsd.TMSDForwardRulesTest
[INFO] Running com.ocean.ontologyframework.tmsd.TmsdOldProgramComparisonTest
23:32:23.910 [main] INFO com.ocean.ontologyframework.tmsd.TowerExcelReader -- 读取塔架几何：6 段 / 7 法兰 / 61 筒节行（TowerGeoInput_10563080_HH130m_6段_中径4.95m_GWH182-7.5_外置_锚栓式__主体434t-20251103-2025-11-06-11-24-50.xlsx）
23:32:23.970 [main] INFO com.ocean.ontologyframework.tmsd.TowerExcelReader -- 读取项目布局：中间段 5 列 / 下段 30 项 / 顶段 24 项（项目布局表.xlsx）
[INFO] Tests run: 1, Failures: 0, Errors: 0, Skipped: 0, Time elapsed: 1.881 s -- in com.ocean.ontologyframework.tmsd.TmsdOldProgramComparisonTest
[INFO] Running com.ocean.ontologyframework.tmsd.TmsdOntologyLoadTest
[INFO] Tests run: 7, Failures: 0, Errors: 0, Skipped: 0, Time elapsed: 0.274 s -- in com.ocean.ontologyframework.tmsd.TmsdOntologyLoadTest
[INFO] Running com.ocean.ontologyframework.tmsd.TMSDProcessTest
WARNING: A terminally deprecated method in sun.misc.Unsafe has been called
WARNING: sun.misc.Unsafe::arrayBaseOffset has been called by org.agrona.UnsafeAccess (file:/C:/Users/ocean/.m2/repository/org/agrona/agrona/1.23.1/agrona-1.23.1.jar)
WARNING: Please consider reporting this to the maintainers of class org.agrona.UnsafeAccess
WARNING: sun.misc.Unsafe::arrayBaseOffset will be removed in a future release
23:32:24.378 [main] INFO io.camunda.zeebe.process.test.engine.EngineFactory -- Obtained free port for Zeebe in-memory engine from ephemeral range: 55185
23:32:24.887 [zb-actors-9] INFO io.camunda.zeebe.logstreams -- Recovered state of partition 1 from snapshot at position -1
23:32:26.008 [zb-actors-9] INFO io.camunda.zeebe.processor -- Processor starts replay of events. [snapshot-position: -1, replay-mode: PROCESSING]
23:32:26.008 [zb-actors-9] INFO io.camunda.zeebe.processor -- Processor finished replay, with [lastProcessedPosition: -1, lastWrittenPosition: -1]
23:32:26.275 [main] WARN io.camunda.zeebe.client.impl.ZeebeClientImpl -- ZeebeClient is deprecated and will be removed in version 8.10. Please migrate to io.camunda.client.CamundaClient.
23:32:26.948 [pool-3-thread-1] INFO com.ocean.ontologyframework.tmsd.TowerExcelReader -- 读取塔架几何：6 段 / 7 法兰 / 61 筒节行（TowerGeoInput_10563080_HH130m_6段_中径4.95m_GWH182-7.5_外置_锚栓式__主体434t-20251103-2025-11-06-11-24-50.xlsx）
23:32:27.018 [pool-3-thread-1] INFO com.ocean.ontologyframework.tmsd.TowerExcelReader -- 读取项目布局：中间段 5 列 / 下段 30 项 / 顶段 24 项（项目布局表.xlsx）
23:32:27.541 [main] INFO io.camunda.zeebe.process.test.engine.EngineFactory -- Obtained free port for Zeebe in-memory engine from ephemeral range: 55199
23:32:27.547 [zb-actors-1] INFO io.camunda.zeebe.logstreams -- Recovered state of partition 1 from snapshot at position -1
23:32:27.566 [zb-actors-1] INFO io.camunda.zeebe.processor -- Processor starts replay of events. [snapshot-position: -1, replay-mode: PROCESSING]
23:32:27.566 [zb-actors-1] INFO io.camunda.zeebe.processor -- Processor finished replay, with [lastProcessedPosition: -1, lastWrittenPosition: -1]
23:32:27.758 [pool-5-thread-1] INFO com.ocean.ontologyframework.tmsd.TowerExcelReader -- 读取塔架几何：6 段 / 7 法兰 / 61 筒节行（TowerGeoInput_10563080_HH130m_6段_中径4.95m_GWH182-7.5_外置_锚栓式__主体434t-20251103-2025-11-06-11-24-50.xlsx）
23:32:27.803 [pool-5-thread-1] INFO com.ocean.ontologyframework.tmsd.TowerExcelReader -- 读取项目布局：中间段 5 列 / 下段 30 项 / 顶段 24 项（项目布局表.xlsx）
[INFO] Tests run: 2, Failures: 0, Errors: 0, Skipped: 0, Time elapsed: 4.032 s -- in com.ocean.ontologyframework.tmsd.TMSDProcessTest
[INFO] Running com.ocean.ontologyframework.tmsd.TmsdRenderDumpTest
23:32:28.441 [main] INFO com.ocean.ontologyframework.tmsd.TowerExcelReader -- 读取塔架几何：6 段 / 7 法兰 / 61 筒节行（TowerGeoInput_10563080_HH130m_6段_中径4.95m_GWH182-7.5_外置_锚栓式__主体434t-20251103-2025-11-06-11-24-50.xlsx）
23:32:28.486 [main] INFO com.ocean.ontologyframework.tmsd.TowerExcelReader -- 读取项目布局：中间段 5 列 / 下段 30 项 / 顶段 24 项（项目布局表.xlsx）
WROTE D:\work\Ontology\GoldenWind\HWCodeArtsDir\tmsd-new2\用例0\项目法兰尺寸_骨架关系式\连接法兰\底法兰关系式.txt
WROTE D:\work\Ontology\GoldenWind\HWCodeArtsDir\tmsd-new2\用例0\项目法兰尺寸_骨架关系式\第1段\第1段筒体信息关系式.txt
WROTE D:\work\Ontology\GoldenWind\HWCodeArtsDir\tmsd-new2\用例0\项目法兰尺寸_骨架关系式\第2段\第2段筒体信息关系式.txt
WROTE D:\work\Ontology\GoldenWind\HWCodeArtsDir\tmsd-new2\用例0\项目法兰尺寸_骨架关系式\第2段\第2段附件信息关系式.txt
WROTE D:\work\Ontology\GoldenWind\HWCodeArtsDir\tmsd-new2\用例0\项目法兰尺寸_骨架关系式\连接法兰\连接法兰1关系式.txt
WROTE D:\work\Ontology\GoldenWind\HWCodeArtsDir\tmsd-new2\用例0\项目法兰尺寸_骨架关系式\第3段\第3段筒体信息关系式.txt
WROTE D:\work\Ontology\GoldenWind\HWCodeArtsDir\tmsd-new2\用例0\项目法兰尺寸_骨架关系式\第3段\第3段附件信息关系式.txt
WROTE D:\work\Ontology\GoldenWind\HWCodeArtsDir\tmsd-new2\用例0\项目法兰尺寸_骨架关系式\连接法兰\连接法兰2关系式.txt
WROTE D:\work\Ontology\GoldenWind\HWCodeArtsDir\tmsd-new2\用例0\项目法兰尺寸_骨架关系式\第4段\第4段筒体信息关系式.txt
WROTE D:\work\Ontology\GoldenWind\HWCodeArtsDir\tmsd-new2\用例0\项目法兰尺寸_骨架关系式\第4段\第4段附件信息关系式.txt
WROTE D:\work\Ontology\GoldenWind\HWCodeArtsDir\tmsd-new2\用例0\项目法兰尺寸_骨架关系式\连接法兰\连接法兰3关系式.txt
WROTE D:\work\Ontology\GoldenWind\HWCodeArtsDir\tmsd-new2\用例0\项目法兰尺寸_骨架关系式\第5段\第5段筒体信息关系式.txt
WROTE D:\work\Ontology\GoldenWind\HWCodeArtsDir\tmsd-new2\用例0\项目法兰尺寸_骨架关系式\第5段\第5段附件信息关系式.txt
WROTE D:\work\Ontology\GoldenWind\HWCodeArtsDir\tmsd-new2\用例0\项目法兰尺寸_骨架关系式\连接法兰\连接法兰4关系式.txt
WROTE D:\work\Ontology\GoldenWind\HWCodeArtsDir\tmsd-new2\用例0\项目法兰尺寸_骨架关系式\顶段\顶段筒体信息关系式.txt
WROTE D:\work\Ontology\GoldenWind\HWCodeArtsDir\tmsd-new2\用例0\项目法兰尺寸_骨架关系式\连接法兰\连接法兰5关系式.txt
WROTE D:\work\Ontology\GoldenWind\HWCodeArtsDir\tmsd-new2\用例0\极限法兰尺寸_骨架关系式\连接法兰\底法兰关系式.txt
WROTE D:\work\Ontology\GoldenWind\HWCodeArtsDir\tmsd-new2\用例0\极限法兰尺寸_骨架关系式\第1段\第1段筒体信息关系式.txt
WROTE D:\work\Ontology\GoldenWind\HWCodeArtsDir\tmsd-new2\用例0\极限法兰尺寸_骨架关系式\第2段\第2段筒体信息关系式.txt
WROTE D:\work\Ontology\GoldenWind\HWCodeArtsDir\tmsd-new2\用例0\极限法兰尺寸_骨架关系式\第2段\第2段附件信息关系式.txt
WROTE D:\work\Ontology\GoldenWind\HWCodeArtsDir\tmsd-new2\用例0\极限法兰尺寸_骨架关系式\连接法兰\连接法兰1关系式.txt
WROTE D:\work\Ontology\GoldenWind\HWCodeArtsDir\tmsd-new2\用例0\极限法兰尺寸_骨架关系式\第3段\第3段筒体信息关系式.txt
WROTE D:\work\Ontology\GoldenWind\HWCodeArtsDir\tmsd-new2\用例0\极限法兰尺寸_骨架关系式\第3段\第3段附件信息关系式.txt
WROTE D:\work\Ontology\GoldenWind\HWCodeArtsDir\tmsd-new2\用例0\极限法兰尺寸_骨架关系式\连接法兰\连接法兰2关系式.txt
WROTE D:\work\Ontology\GoldenWind\HWCodeArtsDir\tmsd-new2\用例0\极限法兰尺寸_骨架关系式\第4段\第4段筒体信息关系式.txt
WROTE D:\work\Ontology\GoldenWind\HWCodeArtsDir\tmsd-new2\用例0\极限法兰尺寸_骨架关系式\第4段\第4段附件信息关系式.txt
WROTE D:\work\Ontology\GoldenWind\HWCodeArtsDir\tmsd-new2\用例0\极限法兰尺寸_骨架关系式\连接法兰\连接法兰3关系式.txt
WROTE D:\work\Ontology\GoldenWind\HWCodeArtsDir\tmsd-new2\用例0\极限法兰尺寸_骨架关系式\第5段\第5段筒体信息关系式.txt
WROTE D:\work\Ontology\GoldenWind\HWCodeArtsDir\tmsd-new2\用例0\极限法兰尺寸_骨架关系式\第5段\第5段附件信息关系式.txt
WROTE D:\work\Ontology\GoldenWind\HWCodeArtsDir\tmsd-new2\用例0\极限法兰尺寸_骨架关系式\连接法兰\连接法兰4关系式.txt
WROTE D:\work\Ontology\GoldenWind\HWCodeArtsDir\tmsd-new2\用例0\极限法兰尺寸_骨架关系式\顶段\顶段筒体信息关系式.txt
WROTE D:\work\Ontology\GoldenWind\HWCodeArtsDir\tmsd-new2\用例0\极限法兰尺寸_骨架关系式\连接法兰\连接法兰5关系式.txt
WROTE D:\work\Ontology\GoldenWind\HWCodeArtsDir\tmsd-new2\用例0\用例0-方案对比报告.md
[INFO] Tests run: 1, Failures: 0, Errors: 0, Skipped: 0, Time elapsed: 0.150 s -- in com.ocean.ontologyframework.tmsd.TmsdRenderDumpTest
[INFO] Running com.ocean.ontologyframework.TMSDDesignProcessTest
? Deploying TMSD BPMN from: ontology/bpmn/TowerMidDesign.bpmn
? 流程已部署，version=4

===== 样例0-正向设计 =====
机型：V12 / 升降机：钢绳导向 / 区域：中国 / 连接：焊接式
中段：[2, 3, 4, 5]
满足方案数：1 / 1，否决：0
推荐方案：间距取大·数量最少
本体一致：true
输出文件数：33
   本体校验：[第4段：注入 328 条 ABox 公理，Openllet 一致性判定=一致（满足全部 Restriction）, 第5段：注入 328 条 ABox 公理，Openllet 一致性判定=一致（满足全部 Restriction）, 第2段：注入 245 条 ABox 公理，Openllet 一致性判定=一致（满足全部 Restriction）, 第3段：注入 255 条 ABox 公理，Openllet 一致性判定=一致（满足全部 Restriction）]

===== 样例1-正向设计 =====
机型：V15 / 升降机：钢绳导向 / 区域：中国 / 连接：焊接式
中段：[2, 3, 4, 5]
满足方案数：1 / 1，否决：0
推荐方案：间距取大·数量最少
本体一致：true
输出文件数：33
   本体校验：[第4段：注入 328 条 ABox 公理，Openllet 一致性判定=一致（满足全部 Restriction）, 第5段：注入 328 条 ABox 公理，Openllet 一致性判定=一致（满足全部 Restriction）, 第2段：注入 245 条 ABox 公理，Openllet 一致性判定=一致（满足全部 Restriction）, 第3段：注入 255 条 ABox 公理，Openllet 一致性判定=一致（满足全部 Restriction）]

===== 样例2-正向设计 =====
机型：V17 / 升降机：钢绳导向 / 区域：中国 / 连接：焊接式
中段：[2, 3, 4, 5]
满足方案数：1 / 1，否决：0
推荐方案：间距取大·数量最少
本体一致：true
输出文件数：33
   本体校验：[第4段：注入 328 条 ABox 公理，Openllet 一致性判定=一致（满足全部 Restriction）, 第5段：注入 328 条 ABox 公理，Openllet 一致性判定=一致（满足全部 Restriction）, 第2段：注入 245 条 ABox 公理，Openllet 一致性判定=一致（满足全部 Restriction）, 第3段：注入 255 条 ABox 公理，Openllet 一致性判定=一致（满足全部 Restriction）]

===== 样例3-正向设计 =====
机型：V19 / 升降机：钢绳导向 / 区域：中国 / 连接：焊接式
中段：[2, 3, 4, 5]
满足方案数：1 / 1，否决：0
推荐方案：间距取大·数量最少
本体一致：true
输出文件数：33
   本体校验：[第4段：注入 328 条 ABox 公理，Openllet 一致性判定=一致（满足全部 Restriction）, 第5段：注入 328 条 ABox 公理，Openllet 一致性判定=一致（满足全部 Restriction）, 第2段：注入 245 条 ABox 公理，Openllet 一致性判定=一致（满足全部 Restriction）, 第3段：注入 255 条 ABox 公理，Openllet 一致性判定=一致（满足全部 Restriction）]

===== 样例4-正向设计 =====
机型：V12 / 升降机：钢绳导向 / 区域：中国 / 连接：焊接式
中段：[2, 3, 4, 5]
满足方案数：1 / 1，否决：0
推荐方案：间距取大·数量最少
本体一致：true
输出文件数：33
   本体校验：[第4段：注入 328 条 ABox 公理，Openllet 一致性判定=一致（满足全部 Restriction）, 第5段：注入 328 条 ABox 公理，Openllet 一致性判定=一致（满足全部 Restriction）, 第2段：注入 245 条 ABox 公理，Openllet 一致性判定=一致（满足全部 Restriction）, 第3段：注入 255 条 ABox 公理，Openllet 一致性判定=一致（满足全部 Restriction）]

===== 样例5-正向设计 =====
机型：V15 / 升降机：钢绳导向 / 区域：中国 / 连接：焊接式
中段：[2, 3, 4, 5]
满足方案数：1 / 1，否决：0
推荐方案：间距取大·数量最少
本体一致：true
输出文件数：33
   本体校验：[第4段：注入 328 条 ABox 公理，Openllet 一致性判定=一致（满足全部 Restriction）, 第5段：注入 328 条 ABox 公理，Openllet 一致性判定=一致（满足全部 Restriction）, 第2段：注入 245 条 ABox 公理，Openllet 一致性判定=一致（满足全部 Restriction）, 第3段：注入 255 条 ABox 公理，Openllet 一致性判定=一致（满足全部 Restriction）]

===== 样例6-正向设计 =====
机型：V17 / 升降机：钢绳导向 / 区域：中国 / 连接：焊接式
中段：[2, 3, 4, 5]
满足方案数：1 / 1，否决：0
推荐方案：间距取大·数量最少
本体一致：true
输出文件数：33
   本体校验：[第4段：注入 328 条 ABox 公理，Openllet 一致性判定=一致（满足全部 Restriction）, 第5段：注入 328 条 ABox 公理，Openllet 一致性判定=一致（满足全部 Restriction）, 第2段：注入 245 条 ABox 公理，Openllet 一致性判定=一致（满足全部 Restriction）, 第3段：注入 255 条 ABox 公理，Openllet 一致性判定=一致（满足全部 Restriction）]
[INFO] Tests run: 7, Failures: 0, Errors: 0, Skipped: 0, Time elapsed: 3.406 s -- in com.ocean.ontologyframework.TMSDDesignProcessTest
[INFO] 
[INFO] Results:
[INFO] 
[INFO] Tests run: 28, Failures: 0, Errors: 0, Skipped: 0
[INFO] 
[INFO] ------------------------------------------------------------------------
[INFO] BUILD SUCCESS
[INFO] ------------------------------------------------------------------------
[INFO] Total time:  15.875 s
[INFO] Finished at: 2026-09-30T23:32:32+08:00
[INFO] ------------------------------------------------------------------------
